[1m[38;5;36mzea[0m[0m: Using backend 'torch'
-------------------GPU settings-------------------
7/8 GPUs were disabled
     memory
GPU        
0       17892
Selecting 1 GPU based on available memory.
Selected GPU 0 with Free Memory: 17892.00 MiB
--------------------------------------------------
=== beamforming CombinedData.mat -> Z:\raw_data\C000000001\SWE_01_SW_data_21-April-2026_12-12-54\output (backend torch, jit None, save_converted=True) ===
[1m[38;5;36mzea[0m[0m: [38;5;214mWARNING[0m Reading 'Z:\raw_data\C000000001\SWE_01_SW_data_21-April-2026_12-12-54\output\converted\CombinedData_buffer1.hdf5' [2m(/data/raw_data, 1.1 GB)[0m compressed with lzf, which zea cannot decode concurrently — falling back to a serial h5py read (slower). Re-save with the `zea data resave` CLI (or zea.File.create) to read it concurrently, with a progress bar.
    reusing existing converted file CombinedData_buffer1.hdf5
D:\Luuk van Knippenberg\envs\zea_latest\Lib\site-packages\keras\src\backend\torch\numpy.py:230: UserWarning: expandable_segments not supported on this platform (Triggered internally at C:\actions-runner\_work\pytorch\pytorch\c10/cuda/CUDAAllocatorConfig.h:40.)
  return torch.ones(size=shape, dtype=dtype, device=get_device())
    patch budget 6.44e+07 elements (GPU 25.756696576 GB)
[1m[38;5;36mzea[0m[0m: File saved to [33mZ:\raw_data\C000000001\SWE_01_SW_data_21-April-2026_12-12-54\output\CombinedData_buffer1_iq.hdf5[0m
  buffer 1 (bmode_widebeam): 90 frames n_tx=21 patches=6 -> IQ (90, 382, 509, 2) @ 88.2 FPS -> CombinedData_buffer1_iq.hdf5
    reusing existing converted file CombinedData_buffer2.hdf5
  buffer 2 (active_sw): 20 measurement(s), reference 39 + tracking 59 frames @ 3704 Hz [sliding]
[1m[38;5;36mzea[0m[0m: File saved to [33mZ:\raw_data\C000000001\SWE_01_SW_data_21-April-2026_12-12-54\output\CombinedData_buffer2_meas0_iq.hdf5[0m
[1m[38;5;36mzea[0m[0m: File saved to [33mZ:\raw_data\C000000001\SWE_01_SW_data_21-April-2026_12-12-54\output\CombinedData_buffer2_meas1_iq.hdf5[0m
[1m[38;5;36mzea[0m[0m: File saved to [33mZ:\raw_data\C000000001\SWE_01_SW_data_21-April-2026_12-12-54\output\CombinedData_buffer2_meas2_iq.hdf5[0m
[1m[38;5;36mzea[0m[0m: File saved to [33mZ:\raw_data\C000000001\SWE_01_SW_data_21-April-2026_12-12-54\output\CombinedData_buffer2_meas3_iq.hdf5[0m
[1m[38;5;36mzea[0m[0m: File saved to [33mZ:\raw_data\C000000001\SWE_01_SW_data_21-April-2026_12-12-54\output\CombinedData_buffer2_meas4_iq.hdf5[0m
[1m[38;5;36mzea[0m[0m: File saved to [33mZ:\raw_data\C000000001\SWE_01_SW_data_21-April-2026_12-12-54\output\CombinedData_buffer2_meas5_iq.hdf5[0m
[1m[38;5;36mzea[0m[0m: File saved to [33mZ:\raw_data\C000000001\SWE_01_SW_data_21-April-2026_12-12-54\output\CombinedData_buffer2_meas6_iq.hdf5[0m
[1m[38;5;36mzea[0m[0m: File saved to [33mZ:\raw_data\C000000001\SWE_01_SW_data_21-April-2026_12-12-54\output\CombinedData_buffer2_meas7_iq.hdf5[0m
[1m[38;5;36mzea[0m[0m: File saved to [33mZ:\raw_data\C000000001\SWE_01_SW_data_21-April-2026_12-12-54\output\CombinedData_buffer2_meas8_iq.hdf5[0m
[1m[38;5;36mzea[0m[0m: File saved to [33mZ:\raw_data\C000000001\SWE_01_SW_data_21-April-2026_12-12-54\output\CombinedData_buffer2_meas9_iq.hdf5[0m
[1m[38;5;36mzea[0m[0m: File saved to [33mZ:\raw_data\C000000001\SWE_01_SW_data_21-April-2026_12-12-54\output\CombinedData_buffer2_meas10_iq.hdf5[0m
[1m[38;5;36mzea[0m[0m: File saved to [33mZ:\raw_data\C000000001\SWE_01_SW_data_21-April-2026_12-12-54\output\CombinedData_buffer2_meas11_iq.hdf5[0m
[1m[38;5;36mzea[0m[0m: File saved to [33mZ:\raw_data\C000000001\SWE_01_SW_data_21-April-2026_12-12-54\output\CombinedData_buffer2_meas12_iq.hdf5[0m
[1m[38;5;36mzea[0m[0m: File saved to [33mZ:\raw_data\C000000001\SWE_01_SW_data_21-April-2026_12-12-54\output\CombinedData_buffer2_meas13_iq.hdf5[0m
[1m[38;5;36mzea[0m[0m: File saved to [33mZ:\raw_data\C000000001\SWE_01_SW_data_21-April-2026_12-12-54\output\CombinedData_buffer2_meas14_iq.hdf5[0m
[1m[38;5;36mzea[0m[0m: File saved to [33mZ:\raw_data\C000000001\SWE_01_SW_data_21-April-2026_12-12-54\output\CombinedData_buffer2_meas15_iq.hdf5[0m
[1m[38;5;36mzea[0m[0m: File saved to [33mZ:\raw_data\C000000001\SWE_01_SW_data_21-April-2026_12-12-54\output\CombinedData_buffer2_meas16_iq.hdf5[0m
[1m[38;5;36mzea[0m[0m: File saved to [33mZ:\raw_data\C000000001\SWE_01_SW_data_21-April-2026_12-12-54\output\CombinedData_buffer2_meas17_iq.hdf5[0m
[1m[38;5;36mzea[0m[0m: File saved to [33mZ:\raw_data\C000000001\SWE_01_SW_data_21-April-2026_12-12-54\output\CombinedData_buffer2_meas18_iq.hdf5[0m
[1m[38;5;36mzea[0m[0m: File saved to [33mZ:\raw_data\C000000001\SWE_01_SW_data_21-April-2026_12-12-54\output\CombinedData_buffer2_meas19_iq.hdf5[0m
    saved 20 per-measurement file(s), tracking IQ (59, 76, 101, 2), reference IQ (39, 76, 101, 2)
[1m[38;5;36mzea[0m[0m: [38;5;214mWARNING[0m Reading 'Z:\raw_data\C000000001\SWE_01_SW_data_21-April-2026_12-12-54\output\CombinedData_buffer2_meas0_iq.hdf5' [2m(/data/beamformed_data/values, 3.5 MB)[0m compressed with lzf, which zea cannot decode concurrently — falling back to a serial h5py read (slower). Re-save with the `zea data resave` CLI (or zea.File.create) to read it concurrently, with a progress bar.
[1m[38;5;36mzea[0m[0m: [38;5;214mWARNING[0m Reading 'Z:\raw_data\C000000001\SWE_01_SW_data_21-April-2026_12-12-54\output\CombinedData_buffer2_meas0_iq.hdf5' [2m(/data/beamformed_data/coordinates, 90.0 KB)[0m compressed with lzf, which zea cannot decode concurrently — falling back to a serial h5py read (slower). Re-save with the `zea data resave` CLI (or zea.File.create) to read it concurrently, with a progress bar.
[1m[38;5;36mzea[0m[0m: [38;5;214mWARNING[0m Reading 'Z:\raw_data\C000000001\SWE_01_SW_data_21-April-2026_12-12-54\output\CombinedData_buffer2_meas0_iq.hdf5' [2m(/data/beamformed_data/timestamps, 236 B)[0m compressed with lzf, which zea cannot decode concurrently — falling back to a serial h5py read (slower). Re-save with the `zea data resave` CLI (or zea.File.create) to read it concurrently, with a progress bar.
[1m[38;5;36mzea[0m[0m: [38;5;214mWARNING[0m Reading 'Z:\raw_data\C000000001\SWE_01_SW_data_21-April-2026_12-12-54\output\CombinedData_buffer2_meas0_iq.hdf5' [2m(/data/beamformed_data/start_time_offset, 4 B)[0m stored without chunking, which zea cannot read concurrently — falling back to a serial h5py read (slower). Re-save with the `zea data resave` CLI (or zea.File.create) to read it concurrently, with a progress bar.
[1m[38;5;36mzea[0m[0m: File saved to [33mZ:\raw_data\C000000001\SWE_01_SW_data_21-April-2026_12-12-54\output\CombinedData_buffer2_meas0_iq.tmp.hdf5[0m
[1m[38;5;36mzea[0m[0m: File saved to [33mZ:\raw_data\C000000001\SWE_01_SW_data_21-April-2026_12-12-54\output\CombinedData_buffer2_meas1_iq.tmp.hdf5[0m
[1m[38;5;36mzea[0m[0m: File saved to [33mZ:\raw_data\C000000001\SWE_01_SW_data_21-April-2026_12-12-54\output\CombinedData_buffer2_meas2_iq.tmp.hdf5[0m
[1m[38;5;36mzea[0m[0m: File saved to [33mZ:\raw_data\C000000001\SWE_01_SW_data_21-April-2026_12-12-54\output\CombinedData_buffer2_meas3_iq.tmp.hdf5[0m
[1m[38;5;36mzea[0m[0m: File saved to [33mZ:\raw_data\C000000001\SWE_01_SW_data_21-April-2026_12-12-54\output\CombinedData_buffer2_meas4_iq.tmp.hdf5[0m
[1m[38;5;36mzea[0m[0m: File saved to [33mZ:\raw_data\C000000001\SWE_01_SW_data_21-April-2026_12-12-54\output\CombinedData_buffer2_meas5_iq.tmp.hdf5[0m
[1m[38;5;36mzea[0m[0m: File saved to [33mZ:\raw_data\C000000001\SWE_01_SW_data_21-April-2026_12-12-54\output\CombinedData_buffer2_meas6_iq.tmp.hdf5[0m
[1m[38;5;36mzea[0m[0m: File saved to [33mZ:\raw_data\C000000001\SWE_01_SW_data_21-April-2026_12-12-54\output\CombinedData_buffer2_meas7_iq.tmp.hdf5[0m
[1m[38;5;36mzea[0m[0m: File saved to [33mZ:\raw_data\C000000001\SWE_01_SW_data_21-April-2026_12-12-54\output\CombinedData_buffer2_meas8_iq.tmp.hdf5[0m
[1m[38;5;36mzea[0m[0m: File saved to [33mZ:\raw_data\C000000001\SWE_01_SW_data_21-April-2026_12-12-54\output\CombinedData_buffer2_meas9_iq.tmp.hdf5[0m
[1m[38;5;36mzea[0m[0m: File saved to [33mZ:\raw_data\C000000001\SWE_01_SW_data_21-April-2026_12-12-54\output\CombinedData_buffer2_meas10_iq.tmp.hdf5[0m
[1m[38;5;36mzea[0m[0m: File saved to [33mZ:\raw_data\C000000001\SWE_01_SW_data_21-April-2026_12-12-54\output\CombinedData_buffer2_meas11_iq.tmp.hdf5[0m
[1m[38;5;36mzea[0m[0m: File saved to [33mZ:\raw_data\C000000001\SWE_01_SW_data_21-April-2026_12-12-54\output\CombinedData_buffer2_meas12_iq.tmp.hdf5[0m
[1m[38;5;36mzea[0m[0m: File saved to [33mZ:\raw_data\C000000001\SWE_01_SW_data_21-April-2026_12-12-54\output\CombinedData_buffer2_meas13_iq.tmp.hdf5[0m
[1m[38;5;36mzea[0m[0m: File saved to [33mZ:\raw_data\C000000001\SWE_01_SW_data_21-April-2026_12-12-54\output\CombinedData_buffer2_meas14_iq.tmp.hdf5[0m
[1m[38;5;36mzea[0m[0m: File saved to [33mZ:\raw_data\C000000001\SWE_01_SW_data_21-April-2026_12-12-54\output\CombinedData_buffer2_meas15_iq.tmp.hdf5[0m
[1m[38;5;36mzea[0m[0m: File saved to [33mZ:\raw_data\C000000001\SWE_01_SW_data_21-April-2026_12-12-54\output\CombinedData_buffer2_meas16_iq.tmp.hdf5[0m
[1m[38;5;36mzea[0m[0m: File saved to [33mZ:\raw_data\C000000001\SWE_01_SW_data_21-April-2026_12-12-54\output\CombinedData_buffer2_meas17_iq.tmp.hdf5[0m
[1m[38;5;36mzea[0m[0m: File saved to [33mZ:\raw_data\C000000001\SWE_01_SW_data_21-April-2026_12-12-54\output\CombinedData_buffer2_meas18_iq.tmp.hdf5[0m
[1m[38;5;36mzea[0m[0m: File saved to [33mZ:\raw_data\C000000001\SWE_01_SW_data_21-April-2026_12-12-54\output\CombinedData_buffer2_meas19_iq.tmp.hdf5[0m
    reusing existing converted file CombinedData_buffer3.hdf5
[1m[38;5;36mzea[0m[0m: File saved to [33mZ:\raw_data\C000000001\SWE_01_SW_data_21-April-2026_12-12-54\output\CombinedData_buffer3_iq.hdf5[0m
  buffer 3 (bmode_focused): 26 frames n_tx=73 patches=19 -> IQ (26, 382, 529, 2) @ 25.4 FPS -> CombinedData_buffer3_iq.hdf5
    reusing existing converted file CombinedData_buffer4.hdf5
[1m[38;5;36mzea[0m[0m: File saved to [33mZ:\raw_data\C000000001\SWE_01_SW_data_21-April-2026_12-12-54\output\CombinedData_buffer4_iq.hdf5[0m
  buffer 4 (passive_sw): 926 frames n_tx=2 patches=1 -> IQ (926, 382, 495, 2) @ 925.9 FPS -> CombinedData_buffer4_iq.hdf5
[1m[38;5;36mzea[0m[0m: File saved to [33mZ:\raw_data\C000000001\SWE_01_SW_data_21-April-2026_12-12-54\output\CombinedData_buffer4_iq.tmp.hdf5[0m
    reusing existing converted file CombinedData_buffer5.hdf5
[1m[38;5;36mzea[0m[0m: File saved to [33mZ:\raw_data\C000000001\SWE_01_SW_data_21-April-2026_12-12-54\output\CombinedData_buffer5_iq.hdf5[0m
  buffer 5 (bmode_during_sw): 20 frames n_tx=21 patches=6 -> IQ (20, 382, 509, 2) @ 18.2 FPS -> CombinedData_buffer5_iq.hdf5
=== GIFs from 24 IQ file(s) in Z:\raw_data\C000000001\SWE_01_SW_data_21-April-2026_12-12-54\output (real time) ===
[1m[38;5;36mzea[0m[0m: [32mSuccessfully saved GIF to -> [33mZ:\raw_data\C000000001\SWE_01_SW_data_21-April-2026_12-12-54\output\CombinedData_buffer1_iq.gif[0m[0m
  CombinedData_buffer1_iq.hdf5: B-mode GIF, 88.2 Hz, 90 frames = 1.02 s -> 1.02 s GIF (real time); 51 frames @ 50 fps -> CombinedData_buffer1_iq.gif
[1m[38;5;36mzea[0m[0m: [32mSuccessfully saved GIF to -> [33mZ:\raw_data\C000000001\SWE_01_SW_data_21-April-2026_12-12-54\output\CombinedData_buffer2_meas0_iq.gif[0m[0m
  CombinedData_buffer2_meas0_iq.hdf5: tracking GIF 59 frames @ 15 fps (true 15.9 ms @ 3704 Hz = 1/247 x real time) -> CombinedData_buffer2_meas0_iq.gif
[1m[38;5;36mzea[0m[0m: [32mSuccessfully saved GIF to -> [33mZ:\raw_data\C000000001\SWE_01_SW_data_21-April-2026_12-12-54\output\CombinedData_buffer2_meas10_iq.gif[0m[0m
  CombinedData_buffer2_meas10_iq.hdf5: tracking GIF 59 frames @ 15 fps (true 15.9 ms @ 3704 Hz = 1/247 x real time) -> CombinedData_buffer2_meas10_iq.gif
[1m[38;5;36mzea[0m[0m: [32mSuccessfully saved GIF to -> [33mZ:\raw_data\C000000001\SWE_01_SW_data_21-April-2026_12-12-54\output\CombinedData_buffer2_meas11_iq.gif[0m[0m
  CombinedData_buffer2_meas11_iq.hdf5: tracking GIF 59 frames @ 15 fps (true 15.9 ms @ 3704 Hz = 1/247 x real time) -> CombinedData_buffer2_meas11_iq.gif
[1m[38;5;36mzea[0m[0m: [32mSuccessfully saved GIF to -> [33mZ:\raw_data\C000000001\SWE_01_SW_data_21-April-2026_12-12-54\output\CombinedData_buffer2_meas12_iq.gif[0m[0m
  CombinedData_buffer2_meas12_iq.hdf5: tracking GIF 59 frames @ 15 fps (true 15.9 ms @ 3704 Hz = 1/247 x real time) -> CombinedData_buffer2_meas12_iq.gif
[1m[38;5;36mzea[0m[0m: [32mSuccessfully saved GIF to -> [33mZ:\raw_data\C000000001\SWE_01_SW_data_21-April-2026_12-12-54\output\CombinedData_buffer2_meas13_iq.gif[0m[0m
  CombinedData_buffer2_meas13_iq.hdf5: tracking GIF 59 frames @ 15 fps (true 15.9 ms @ 3704 Hz = 1/247 x real time) -> CombinedData_buffer2_meas13_iq.gif
[1m[38;5;36mzea[0m[0m: [32mSuccessfully saved GIF to -> [33mZ:\raw_data\C000000001\SWE_01_SW_data_21-April-2026_12-12-54\output\CombinedData_buffer2_meas14_iq.gif[0m[0m
  CombinedData_buffer2_meas14_iq.hdf5: tracking GIF 59 frames @ 15 fps (true 15.9 ms @ 3704 Hz = 1/247 x real time) -> CombinedData_buffer2_meas14_iq.gif
[1m[38;5;36mzea[0m[0m: [32mSuccessfully saved GIF to -> [33mZ:\raw_data\C000000001\SWE_01_SW_data_21-April-2026_12-12-54\output\CombinedData_buffer2_meas15_iq.gif[0m[0m
  CombinedData_buffer2_meas15_iq.hdf5: tracking GIF 59 frames @ 15 fps (true 15.9 ms @ 3704 Hz = 1/247 x real time) -> CombinedData_buffer2_meas15_iq.gif
[1m[38;5;36mzea[0m[0m: [32mSuccessfully saved GIF to -> [33mZ:\raw_data\C000000001\SWE_01_SW_data_21-April-2026_12-12-54\output\CombinedData_buffer2_meas16_iq.gif[0m[0m
  CombinedData_buffer2_meas16_iq.hdf5: tracking GIF 59 frames @ 15 fps (true 15.9 ms @ 3704 Hz = 1/247 x real time) -> CombinedData_buffer2_meas16_iq.gif
[1m[38;5;36mzea[0m[0m: [32mSuccessfully saved GIF to -> [33mZ:\raw_data\C000000001\SWE_01_SW_data_21-April-2026_12-12-54\output\CombinedData_buffer2_meas17_iq.gif[0m[0m
  CombinedData_buffer2_meas17_iq.hdf5: tracking GIF 59 frames @ 15 fps (true 15.9 ms @ 3704 Hz = 1/247 x real time) -> CombinedData_buffer2_meas17_iq.gif
[1m[38;5;36mzea[0m[0m: [32mSuccessfully saved GIF to -> [33mZ:\raw_data\C000000001\SWE_01_SW_data_21-April-2026_12-12-54\output\CombinedData_buffer2_meas18_iq.gif[0m[0m
  CombinedData_buffer2_meas18_iq.hdf5: tracking GIF 59 frames @ 15 fps (true 15.9 ms @ 3704 Hz = 1/247 x real time) -> CombinedData_buffer2_meas18_iq.gif
[1m[38;5;36mzea[0m[0m: [32mSuccessfully saved GIF to -> [33mZ:\raw_data\C000000001\SWE_01_SW_data_21-April-2026_12-12-54\output\CombinedData_buffer2_meas19_iq.gif[0m[0m
  CombinedData_buffer2_meas19_iq.hdf5: tracking GIF 59 frames @ 15 fps (true 15.9 ms @ 3704 Hz = 1/247 x real time) -> CombinedData_buffer2_meas19_iq.gif
[1m[38;5;36mzea[0m[0m: [32mSuccessfully saved GIF to -> [33mZ:\raw_data\C000000001\SWE_01_SW_data_21-April-2026_12-12-54\output\CombinedData_buffer2_meas1_iq.gif[0m[0m
  CombinedData_buffer2_meas1_iq.hdf5: tracking GIF 59 frames @ 15 fps (true 15.9 ms @ 3704 Hz = 1/247 x real time) -> CombinedData_buffer2_meas1_iq.gif
[1m[38;5;36mzea[0m[0m: [32mSuccessfully saved GIF to -> [33mZ:\raw_data\C000000001\SWE_01_SW_data_21-April-2026_12-12-54\output\CombinedData_buffer2_meas2_iq.gif[0m[0m
  CombinedData_buffer2_meas2_iq.hdf5: tracking GIF 59 frames @ 15 fps (true 15.9 ms @ 3704 Hz = 1/247 x real time) -> CombinedData_buffer2_meas2_iq.gif
[1m[38;5;36mzea[0m[0m: [32mSuccessfully saved GIF to -> [33mZ:\raw_data\C000000001\SWE_01_SW_data_21-April-2026_12-12-54\output\CombinedData_buffer2_meas3_iq.gif[0m[0m
  CombinedData_buffer2_meas3_iq.hdf5: tracking GIF 59 frames @ 15 fps (true 15.9 ms @ 3704 Hz = 1/247 x real time) -> CombinedData_buffer2_meas3_iq.gif
[1m[38;5;36mzea[0m[0m: [32mSuccessfully saved GIF to -> [33mZ:\raw_data\C000000001\SWE_01_SW_data_21-April-2026_12-12-54\output\CombinedData_buffer2_meas4_iq.gif[0m[0m
  CombinedData_buffer2_meas4_iq.hdf5: tracking GIF 59 frames @ 15 fps (true 15.9 ms @ 3704 Hz = 1/247 x real time) -> CombinedData_buffer2_meas4_iq.gif
[1m[38;5;36mzea[0m[0m: [32mSuccessfully saved GIF to -> [33mZ:\raw_data\C000000001\SWE_01_SW_data_21-April-2026_12-12-54\output\CombinedData_buffer2_meas5_iq.gif[0m[0m
  CombinedData_buffer2_meas5_iq.hdf5: tracking GIF 59 frames @ 15 fps (true 15.9 ms @ 3704 Hz = 1/247 x real time) -> CombinedData_buffer2_meas5_iq.gif
[1m[38;5;36mzea[0m[0m: [32mSuccessfully saved GIF to -> [33mZ:\raw_data\C000000001\SWE_01_SW_data_21-April-2026_12-12-54\output\CombinedData_buffer2_meas6_iq.gif[0m[0m
  CombinedData_buffer2_meas6_iq.hdf5: tracking GIF 59 frames @ 15 fps (true 15.9 ms @ 3704 Hz = 1/247 x real time) -> CombinedData_buffer2_meas6_iq.gif
[1m[38;5;36mzea[0m[0m: [32mSuccessfully saved GIF to -> [33mZ:\raw_data\C000000001\SWE_01_SW_data_21-April-2026_12-12-54\output\CombinedData_buffer2_meas7_iq.gif[0m[0m
  CombinedData_buffer2_meas7_iq.hdf5: tracking GIF 59 frames @ 15 fps (true 15.9 ms @ 3704 Hz = 1/247 x real time) -> CombinedData_buffer2_meas7_iq.gif
[1m[38;5;36mzea[0m[0m: [32mSuccessfully saved GIF to -> [33mZ:\raw_data\C000000001\SWE_01_SW_data_21-April-2026_12-12-54\output\CombinedData_buffer2_meas8_iq.gif[0m[0m
  CombinedData_buffer2_meas8_iq.hdf5: tracking GIF 59 frames @ 15 fps (true 15.9 ms @ 3704 Hz = 1/247 x real time) -> CombinedData_buffer2_meas8_iq.gif
[1m[38;5;36mzea[0m[0m: [32mSuccessfully saved GIF to -> [33mZ:\raw_data\C000000001\SWE_01_SW_data_21-April-2026_12-12-54\output\CombinedData_buffer2_meas9_iq.gif[0m[0m
  CombinedData_buffer2_meas9_iq.hdf5: tracking GIF 59 frames @ 15 fps (true 15.9 ms @ 3704 Hz = 1/247 x real time) -> CombinedData_buffer2_meas9_iq.gif
[1m[38;5;36mzea[0m[0m: [32mSuccessfully saved GIF to -> [33mZ:\raw_data\C000000001\SWE_01_SW_data_21-April-2026_12-12-54\output\CombinedData_buffer3_iq.gif[0m[0m
  CombinedData_buffer3_iq.hdf5: B-mode GIF, 25.4 Hz, 26 frames = 1.02 s -> 1.04 s GIF (real time); 26 frames @ 25 fps -> CombinedData_buffer3_iq.gif
[1m[38;5;36mzea[0m[0m: [32mSuccessfully saved GIF to -> [33mZ:\raw_data\C000000001\SWE_01_SW_data_21-April-2026_12-12-54\output\CombinedData_buffer4_iq.gif[0m[0m
  CombinedData_buffer4_iq.hdf5: B-mode GIF, 925.9 Hz, 926 frames = 1.00 s -> 1.00 s GIF (real time); 50 frames @ 50 fps -> CombinedData_buffer4_iq.gif
[1m[38;5;36mzea[0m[0m: [32mSuccessfully saved GIF to -> [33mZ:\raw_data\C000000001\SWE_01_SW_data_21-April-2026_12-12-54\output\CombinedData_buffer5_iq.gif[0m[0m
  CombinedData_buffer5_iq.hdf5: B-mode GIF, 18.2 Hz, 20 frames = 1.10 s -> 1.10 s GIF (real time); 22 frames @ 20 fps -> CombinedData_buffer5_iq.gif
