[1m[38;5;36mzea[0m[0m: Using backend 'torch'
-------------------GPU settings-------------------
7/8 GPUs were disabled
     memory
GPU        
0       17892
Selecting 1 GPU based on available memory.
Selected GPU 0 with Free Memory: 17892.00 MiB
--------------------------------------------------
[1m[38;5;36mzea[0m[0m: [38;5;214mWARNING[0m Reading 'Z:\raw_data\C000000001\SWE_01_SW_data_21-April-2026_12-12-54\output\converted\CombinedData_buffer3.hdf5' [2m(/data/raw_data, 1.1 GB)[0m compressed with lzf, which zea cannot decode concurrently — falling back to a serial h5py read (slower). Re-save with the `zea data resave` CLI (or zea.File.create) to read it concurrently, with a progress bar.
raw (1, 73, 3968, 80, 1)
D:\Luuk van Knippenberg\envs\zea_latest\Lib\site-packages\keras\src\backend\torch\numpy.py:230: UserWarning: expandable_segments not supported on this platform (Triggered internally at C:\actions-runner\_work\pytorch\pytorch\c10/cuda/CUDAAllocatorConfig.h:40.)
  return torch.ones(size=shape, dtype=dtype, device=get_device())
    patch budget 6.44e+07 elements (GPU 25.756696576 GB)
num_patches=19
pfield=False: IQ (1, 382, 529, 2)  env max 2.661e+05
[1m[38;5;36mzea[0m[0m: Running compute_pfield and caching the result to C:\Users\s126497\.cache\zea\cached_funcs\compute_pfield_a03655a6bd92dbb9f1867ce400c4858d.pkl.
[1m[38;5;36mzea[0m[0m: [38;5;214mWARNING[0m JIT compilation not currently supported for backend torch. Supported backends are 'tensorflow' and 'jax'. Initialize zea.Pipeline with jit_options=None to suppress this warning. Falling back to non-compiled mode.
pfield=True: IQ (1, 382, 529, 2)  env max 7816
wrote buf3_pfield_compare.png
EXIT=0
