[1m[38;5;36mzea[0m[0m: Using backend 'torch'
-------------------GPU settings-------------------
7/8 GPUs were disabled
     memory
GPU        
0       17892
Selecting 1 GPU based on available memory.
Selected GPU 0 with Free Memory: 17892.00 MiB
--------------------------------------------------
[1m[38;5;36mzea[0m[0m: [38;5;214mWARNING[0m Reading 'Z:\raw_data\C000000001\SWE_01_SW_data_21-April-2026_12-12-54\output\converted\CombinedData_buffer3.hdf5' [2m(/data/raw_data, 1.1 GB)[0m compressed with lzf, which zea cannot decode concurrently — falling back to a serial h5py read (slower). Re-save with the `zea data resave` CLI (or zea.File.create) to read it concurrently, with a progress bar.
raw (1, 73, 3968, 80, 1)  n_tx=73
D:\Luuk van Knippenberg\envs\zea_latest\Lib\site-packages\keras\src\backend\torch\numpy.py:230: UserWarning: expandable_segments not supported on this platform (Triggered internally at C:\actions-runner\_work\pytorch\pytorch\c10/cuda/CUDAAllocatorConfig.h:40.)
  return torch.ones(size=shape, dtype=dtype, device=get_device())
focused family: 146 tx -> 73 unique angles, -40.0..40.0 deg
  tx 0/73
  tx 12/73
  tx 24/73
  tx 36/73
  tx 48/73
  tx 60/73
  tx 72/73
saved per-transmit IQ (73, 382, 529, 2) -> buf3_per_tx.npy
EXIT=0
