[1m[38;5;36mzea[0m[0m: Using backend 'torch'
[2/44] C000000002/SWE02_SW_data_28-April-2026_10-09-45
  buffer 3: unwrapped - first slot 14, shift -1 (trigger-count; trigger_first 14, buffer1_first 14, buffer1_margin 0.0402)
[1m[38;5;36mzea[0m[0m: [38;5;214mWARNING[0m Reading 'Z:\raw_data\C000000002\SWE02_SW_data_28-April-2026_10-09-45\output\CombinedData_buffer3_iq.hdf5' [2m(/data/beamformed_data/values, 40.1 MB)[0m compressed with lzf, which zea cannot decode concurrently — falling back to a serial h5py read (slower). Re-save with the `zea data resave` CLI (or zea.File.create) to read it concurrently, with a progress bar.
[1m[38;5;36mzea[0m[0m: [38;5;214mWARNING[0m Reading 'Z:\raw_data\C000000002\SWE02_SW_data_28-April-2026_10-09-45\output\CombinedData_buffer3_iq.hdf5' [2m(/data/beamformed_data/timestamps, 104 B)[0m compressed with lzf, which zea cannot decode concurrently — falling back to a serial h5py read (slower). Re-save with the `zea data resave` CLI (or zea.File.create) to read it concurrently, with a progress bar.
[1m[38;5;36mzea[0m[0m: [32mSuccessfully saved GIF to -> [33mZ:\raw_data\C000000002\SWE02_SW_data_28-April-2026_10-09-45\output\CombinedData_buffer3_iq.gif[0m[0m
  CombinedData_buffer3_iq.hdf5: B-mode GIF, 25.4 Hz, 26 frames = 1.02 s -> 1.04 s GIF (real time); 26 frames @ 25 fps -> CombinedData_buffer3_iq.gif
[3/44] C000000003/VIS_03_SW_data_16-June-2026_10-09-42
  buffer 3: unwrapped - first slot 1, shift -1 (trigger-count; trigger_first 1, buffer1_first 1, buffer1_margin 0.0065)
[1m[38;5;36mzea[0m[0m: [32mSuccessfully saved GIF to -> [33mZ:\raw_data\C000000003\VIS_03_SW_data_16-June-2026_10-09-42\output\CombinedData_buffer3_iq.gif[0m[0m
  CombinedData_buffer3_iq.hdf5: B-mode GIF, 25.4 Hz, 26 frames = 1.02 s -> 1.04 s GIF (real time); 26 frames @ 25 fps -> CombinedData_buffer3_iq.gif
[4/44] C000000004/VIS_4_SW_data_16-June-2026_10-58-59
  buffer 3: unwrapped - first slot 10, shift -1 (trigger-count; trigger_first 10, buffer1_first 10, buffer1_margin 0.0075)
[1m[38;5;36mzea[0m[0m: [32mSuccessfully saved GIF to -> [33mZ:\raw_data\C000000004\VIS_4_SW_data_16-June-2026_10-58-59\output\CombinedData_buffer3_iq.gif[0m[0m
  CombinedData_buffer3_iq.hdf5: B-mode GIF, 25.4 Hz, 26 frames = 1.02 s -> 1.04 s GIF (real time); 26 frames @ 25 fps -> CombinedData_buffer3_iq.gif
[5/44] C000000005/VIS-005_SW_data_19-June-2026_09-12-20
  buffer 3: unwrapped - first slot 12, shift -1 (trigger-count; trigger_first 12)
[1m[38;5;36mzea[0m[0m: [32mSuccessfully saved GIF to -> [33mZ:\raw_data\C000000005\VIS-005_SW_data_19-June-2026_09-12-20\output\CombinedData_buffer3_iq.gif[0m[0m
  CombinedData_buffer3_iq.hdf5: B-mode GIF, 25.4 Hz, 26 frames = 1.02 s -> 1.04 s GIF (real time); 26 frames @ 25 fps -> CombinedData_buffer3_iq.gif
[6/44] C000000007/VIS-007_SW_data_30-June-2026_11-45-50
  buffer 3: unwrapped - first slot 20, shift -1 (trigger-count; trigger_first 20)
[1m[38;5;36mzea[0m[0m: [32mSuccessfully saved GIF to -> [33mZ:\raw_data\C000000007\VIS-007_SW_data_30-June-2026_11-45-50\output\CombinedData_buffer3_iq.gif[0m[0m
  CombinedData_buffer3_iq.hdf5: B-mode GIF, 25.4 Hz, 26 frames = 1.02 s -> 1.04 s GIF (real time); 26 frames @ 25 fps -> CombinedData_buffer3_iq.gif
[7/44] C000000008/VIS-010_SW_data_03-July-2026_10-36-33
  buffer 3: unwrapped - first slot 10, shift -1 (trigger-count; trigger_first 10, buffer1_first 10, buffer1_margin 0.0115)
[1m[38;5;36mzea[0m[0m: [32mSuccessfully saved GIF to -> [33mZ:\raw_data\C000000008\VIS-010_SW_data_03-July-2026_10-36-33\output\CombinedData_buffer3_iq.gif[0m[0m
  CombinedData_buffer3_iq.hdf5: B-mode GIF, 25.4 Hz, 26 frames = 1.02 s -> 1.04 s GIF (real time); 26 frames @ 25 fps -> CombinedData_buffer3_iq.gif
[8/44] C000000009/VIS-009_SW_data_03-July-2026_09-43-33
  buffer 3: unwrapped - first slot 10, shift -1 (buffer1; buffer1_first 10, buffer1_margin 0.0111)
[1m[38;5;36mzea[0m[0m: [32mSuccessfully saved GIF to -> [33mZ:\raw_data\C000000009\VIS-009_SW_data_03-July-2026_09-43-33\output\CombinedData_buffer3_iq.gif[0m[0m
  CombinedData_buffer3_iq.hdf5: B-mode GIF, 25.4 Hz, 26 frames = 1.02 s -> 1.04 s GIF (real time); 26 frames @ 25 fps -> CombinedData_buffer3_iq.gif
[9/44] C000000010/vis-006_SW_data_30-June-2026_09-43-28
  buffer 3: unwrapped - first slot 16, shift -1 (trigger-count; trigger_first 16, buffer1_first 16, buffer1_margin 0.0113)
[1m[38;5;36mzea[0m[0m: [32mSuccessfully saved GIF to -> [33mZ:\raw_data\C000000010\vis-006_SW_data_30-June-2026_09-43-28\output\CombinedData_buffer3_iq.gif[0m[0m
  CombinedData_buffer3_iq.hdf5: B-mode GIF, 25.4 Hz, 26 frames = 1.02 s -> 1.04 s GIF (real time); 26 frames @ 25 fps -> CombinedData_buffer3_iq.gif
[10/44] C000000011/VIS-11_SW_data_07-July-2026_08-40-05
  buffer 3: unwrapped - first slot 20, shift -1 (buffer1; buffer1_first 20, buffer1_margin 0.0244)
[1m[38;5;36mzea[0m[0m: [32mSuccessfully saved GIF to -> [33mZ:\raw_data\C000000011\VIS-11_SW_data_07-July-2026_08-40-05\output\CombinedData_buffer3_iq.gif[0m[0m
  CombinedData_buffer3_iq.hdf5: B-mode GIF, 25.4 Hz, 32 frames = 1.26 s -> 1.28 s GIF (real time); 32 frames @ 25 fps -> CombinedData_buffer3_iq.gif
[11/44] C000000012/VIS-014_SW_data_07-July-2026_11-41-37
  buffer 3: chronological - first slot 0, shift -1 (trigger-count; trigger_first 0)
[12/44] C000000013/VIS-016_SW_data_10-July-2026_10-11-11
  buffer 3: unwrapped - first slot 21, shift -1 (buffer1; buffer1_first 21, buffer1_margin 0.0355)
[1m[38;5;36mzea[0m[0m: [32mSuccessfully saved GIF to -> [33mZ:\raw_data\C000000013\VIS-016_SW_data_10-July-2026_10-11-11\output\CombinedData_buffer3_iq.gif[0m[0m
  CombinedData_buffer3_iq.hdf5: B-mode GIF, 25.4 Hz, 32 frames = 1.26 s -> 1.28 s GIF (real time); 32 frames @ 25 fps -> CombinedData_buffer3_iq.gif
[13/44] C000000014/VIS-008_SW_data_10-July-2026_08-36-06
  buffer 3: ambiguous - first slot -1, shift -1 (none; )
[14/44] C000000015/VIS-017_SW_data_10-July-2026_10-53-28
  buffer 3: unwrapped - first slot 24, shift -1 (buffer1; buffer1_first 24, buffer1_margin 0.0484)
[1m[38;5;36mzea[0m[0m: [32mSuccessfully saved GIF to -> [33mZ:\raw_data\C000000015\VIS-017_SW_data_10-July-2026_10-53-28\output\CombinedData_buffer3_iq.gif[0m[0m
  CombinedData_buffer3_iq.hdf5: B-mode GIF, 25.4 Hz, 32 frames = 1.26 s -> 1.28 s GIF (real time); 32 frames @ 25 fps -> CombinedData_buffer3_iq.gif
[15/44] C000000016/VIS-015_SW_data_10-July-2026_09-24-32
  buffer 3: unwrapped - first slot 3, shift -1 (buffer1; buffer1_first 3, buffer1_margin 0.0576)
[1m[38;5;36mzea[0m[0m: [32mSuccessfully saved GIF to -> [33mZ:\raw_data\C000000016\VIS-015_SW_data_10-July-2026_09-24-32\output\CombinedData_buffer3_iq.gif[0m[0m
  CombinedData_buffer3_iq.hdf5: B-mode GIF, 25.4 Hz, 32 frames = 1.26 s -> 1.28 s GIF (real time); 32 frames @ 25 fps -> CombinedData_buffer3_iq.gif
[16/44] C000000017/VIS-013_SW_data_07-July-2026_10-52-55
  buffer 3: ambiguous - first slot -1, shift -1 (none; )
[17/44] C000000018/VIS-012_SW_data_07-July-2026_09-21-31
  buffer 3: unwrapped - first slot 7, shift -1 (buffer1; buffer1_first 7, buffer1_margin 0.0137)
[1m[38;5;36mzea[0m[0m: [32mSuccessfully saved GIF to -> [33mZ:\raw_data\C000000018\VIS-012_SW_data_07-July-2026_09-21-31\output\CombinedData_buffer3_iq.gif[0m[0m
  CombinedData_buffer3_iq.hdf5: B-mode GIF, 25.4 Hz, 32 frames = 1.26 s -> 1.28 s GIF (real time); 32 frames @ 25 fps -> CombinedData_buffer3_iq.gif
[18/44] C000000019/VIS-027_SW_data_21-July-2026_11-19-20
  buffer 3: unwrapped - first slot 27, shift -1 (buffer1; buffer1_first 27, buffer1_margin 0.0566)
[1m[38;5;36mzea[0m[0m: [32mSuccessfully saved GIF to -> [33mZ:\raw_data\C000000019\VIS-027_SW_data_21-July-2026_11-19-20\output\CombinedData_buffer3_iq.gif[0m[0m
  CombinedData_buffer3_iq.hdf5: B-mode GIF, 25.4 Hz, 32 frames = 1.26 s -> 1.28 s GIF (real time); 32 frames @ 25 fps -> CombinedData_buffer3_iq.gif
[19/44] C000000020/VIS-026_SW_data_21-July-2026_10-42-10
  buffer 3: unwrapped - first slot 19, shift -1 (buffer1; buffer1_first 19, buffer1_margin 0.013)
[1m[38;5;36mzea[0m[0m: [32mSuccessfully saved GIF to -> [33mZ:\raw_data\C000000020\VIS-026_SW_data_21-July-2026_10-42-10\output\CombinedData_buffer3_iq.gif[0m[0m
  CombinedData_buffer3_iq.hdf5: B-mode GIF, 25.4 Hz, 32 frames = 1.26 s -> 1.28 s GIF (real time); 32 frames @ 25 fps -> CombinedData_buffer3_iq.gif
[20/44] C000000021/VIS-024_SW_data_17-July-2026_09-35-47
  buffer 3: ambiguous - first slot -1, shift -1 (none; )
[21/44] C000000022/VIS-023_SW_data_17-July-2026_08-48-06
  buffer 3: unwrapped - first slot 17, shift -1 (buffer1; buffer1_first 17, buffer1_margin 0.0286)
[1m[38;5;36mzea[0m[0m: [32mSuccessfully saved GIF to -> [33mZ:\raw_data\C000000022\VIS-023_SW_data_17-July-2026_08-48-06\output\CombinedData_buffer3_iq.gif[0m[0m
  CombinedData_buffer3_iq.hdf5: B-mode GIF, 25.4 Hz, 32 frames = 1.26 s -> 1.28 s GIF (real time); 32 frames @ 25 fps -> CombinedData_buffer3_iq.gif
[22/44] C000000023/VIS-022_SW_data_14-July-2026_11-41-10
  buffer 3: unwrapped - first slot 3, shift -1 (buffer1; buffer1_first 3, buffer1_margin 0.0587)
[1m[38;5;36mzea[0m[0m: [32mSuccessfully saved GIF to -> [33mZ:\raw_data\C000000023\VIS-022_SW_data_14-July-2026_11-41-10\output\CombinedData_buffer3_iq.gif[0m[0m
  CombinedData_buffer3_iq.hdf5: B-mode GIF, 25.4 Hz, 32 frames = 1.26 s -> 1.28 s GIF (real time); 32 frames @ 25 fps -> CombinedData_buffer3_iq.gif
[23/44] C000000024/VIS-021_SW_data_14-July-2026_10-55-16
  buffer 3: unwrapped - first slot 13, shift -1 (trigger-count; trigger_first 13, buffer1_first 13, buffer1_margin 0.0385)
[1m[38;5;36mzea[0m[0m: [32mSuccessfully saved GIF to -> [33mZ:\raw_data\C000000024\VIS-021_SW_data_14-July-2026_10-55-16\output\CombinedData_buffer3_iq.gif[0m[0m
  CombinedData_buffer3_iq.hdf5: B-mode GIF, 25.4 Hz, 32 frames = 1.26 s -> 1.28 s GIF (real time); 32 frames @ 25 fps -> CombinedData_buffer3_iq.gif
[24/44] C000000025/VIS-025_SW_data_21-July-2026_09-53-09
  buffer 3: unwrapped - first slot 11, shift -1 (buffer1; buffer1_first 11, buffer1_margin 0.0465)
[1m[38;5;36mzea[0m[0m: [32mSuccessfully saved GIF to -> [33mZ:\raw_data\C000000025\VIS-025_SW_data_21-July-2026_09-53-09\output\CombinedData_buffer3_iq.gif[0m[0m
  CombinedData_buffer3_iq.hdf5: B-mode GIF, 25.4 Hz, 32 frames = 1.26 s -> 1.28 s GIF (real time); 32 frames @ 25 fps -> CombinedData_buffer3_iq.gif
[25/44] C000000026/VIS-020_SW_data_14-July-2026_10-03-40
  buffer 3: unwrapped - first slot 23, shift -1 (buffer1; buffer1_first 23, buffer1_margin 0.0226)
[1m[38;5;36mzea[0m[0m: [32mSuccessfully saved GIF to -> [33mZ:\raw_data\C000000026\VIS-020_SW_data_14-July-2026_10-03-40\output\CombinedData_buffer3_iq.gif[0m[0m
  CombinedData_buffer3_iq.hdf5: B-mode GIF, 25.4 Hz, 32 frames = 1.26 s -> 1.28 s GIF (real time); 32 frames @ 25 fps -> CombinedData_buffer3_iq.gif
[26/44] C000000027/VIS-019_SW_data_14-July-2026_09-20-26
  buffer 3: unwrapped - first slot 30, shift -1 (buffer1; buffer1_first 30, buffer1_margin 0.0989)
[1m[38;5;36mzea[0m[0m: [32mSuccessfully saved GIF to -> [33mZ:\raw_data\C000000027\VIS-019_SW_data_14-July-2026_09-20-26\output\CombinedData_buffer3_iq.gif[0m[0m
  CombinedData_buffer3_iq.hdf5: B-mode GIF, 25.4 Hz, 32 frames = 1.26 s -> 1.28 s GIF (real time); 32 frames @ 25 fps -> CombinedData_buffer3_iq.gif
[27/44] C000000028/VIS-018_SW_data_14-July-2026_08-30-41
  buffer 3: unwrapped - first slot 17, shift -1 (buffer1; buffer1_first 17, buffer1_margin 0.0721)
[1m[38;5;36mzea[0m[0m: [32mSuccessfully saved GIF to -> [33mZ:\raw_data\C000000028\VIS-018_SW_data_14-July-2026_08-30-41\output\CombinedData_buffer3_iq.gif[0m[0m
  CombinedData_buffer3_iq.hdf5: B-mode GIF, 25.4 Hz, 32 frames = 1.26 s -> 1.28 s GIF (real time); 32 frames @ 25 fps -> CombinedData_buffer3_iq.gif
[28/44] C000000029/VIS-031_SW_data_24-July-2026_11-11-50
  buffer 3: unwrapped - first slot 23, shift -1 (buffer1; buffer1_first 23, buffer1_margin 0.0807)
[1m[38;5;36mzea[0m[0m: [32mSuccessfully saved GIF to -> [33mZ:\raw_data\C000000029\VIS-031_SW_data_24-July-2026_11-11-50\output\CombinedData_buffer3_iq.gif[0m[0m
  CombinedData_buffer3_iq.hdf5: B-mode GIF, 25.4 Hz, 32 frames = 1.26 s -> 1.28 s GIF (real time); 32 frames @ 25 fps -> CombinedData_buffer3_iq.gif
[29/44] C000000030/VIS-029_SW_data_24-July-2026_09-36-27
  buffer 3: ambiguous - first slot -1, shift -1 (none; )
[30/44] C000000031/VIS-032_SW_data_24-July-2026_11-57-06
  buffer 3: unwrapped - first slot 25, shift -1 (buffer1; buffer1_first 25, buffer1_margin 0.0073)
[1m[38;5;36mzea[0m[0m: [32mSuccessfully saved GIF to -> [33mZ:\raw_data\C000000031\VIS-032_SW_data_24-July-2026_11-57-06\output\CombinedData_buffer3_iq.gif[0m[0m
  CombinedData_buffer3_iq.hdf5: B-mode GIF, 25.4 Hz, 32 frames = 1.26 s -> 1.28 s GIF (real time); 32 frames @ 25 fps -> CombinedData_buffer3_iq.gif
[31/44] C000000032/VIS-030_SW_data_24-July-2026_10-24-32
  buffer 3: unwrapped - first slot 16, shift -1 (buffer1; buffer1_first 16, buffer1_margin 0.0102)
[1m[38;5;36mzea[0m[0m: [32mSuccessfully saved GIF to -> [33mZ:\raw_data\C000000032\VIS-030_SW_data_24-July-2026_10-24-32\output\CombinedData_buffer3_iq.gif[0m[0m
  CombinedData_buffer3_iq.hdf5: B-mode GIF, 25.4 Hz, 32 frames = 1.26 s -> 1.28 s GIF (real time); 32 frames @ 25 fps -> CombinedData_buffer3_iq.gif
[32/44] C000000033/VIS-028_SW_data_24-July-2026_08-43-33
  buffer 3: unwrapped - first slot 15, shift -1 (trigger-count; trigger_first 15, buffer1_first 15, buffer1_margin 0.0043)
[1m[38;5;36mzea[0m[0m: [32mSuccessfully saved GIF to -> [33mZ:\raw_data\C000000033\VIS-028_SW_data_24-July-2026_08-43-33\output\CombinedData_buffer3_iq.gif[0m[0m
  CombinedData_buffer3_iq.hdf5: B-mode GIF, 25.4 Hz, 32 frames = 1.26 s -> 1.28 s GIF (real time); 32 frames @ 25 fps -> CombinedData_buffer3_iq.gif
[33/44] C000000034/VIS-045_SW_data_07-August-2026_11-42-13
  buffer 3: unwrapped - first slot 23, shift -1 (buffer1; buffer1_first 23, buffer1_margin 0.0062)
[1m[38;5;36mzea[0m[0m: [32mSuccessfully saved GIF to -> [33mZ:\raw_data\C000000034\VIS-045_SW_data_07-August-2026_11-42-13\output\CombinedData_buffer3_iq.gif[0m[0m
  CombinedData_buffer3_iq.hdf5: B-mode GIF, 25.4 Hz, 32 frames = 1.26 s -> 1.28 s GIF (real time); 32 frames @ 25 fps -> CombinedData_buffer3_iq.gif
[34/44] C000000035/VIS-044_SW_data_07-August-2026_10-54-57
  buffer 3: unwrapped - first slot 24, shift -1 (trigger-count; trigger_first 24, buffer1_first 23, buffer1_margin 0.0036)
[1m[38;5;36mzea[0m[0m: [32mSuccessfully saved GIF to -> [33mZ:\raw_data\C000000035\VIS-044_SW_data_07-August-2026_10-54-57\output\CombinedData_buffer3_iq.gif[0m[0m
  CombinedData_buffer3_iq.hdf5: B-mode GIF, 25.4 Hz, 32 frames = 1.26 s -> 1.28 s GIF (real time); 32 frames @ 25 fps -> CombinedData_buffer3_iq.gif
[35/44] C000000036/VIS-043_SW_data_07-August-2026_10-03-38
  buffer 3: ambiguous - first slot -1, shift -1 (none; buffer1_first 15, buffer1_margin 0.0042)
[36/44] C000000037/VIS-042_SW_data_07-August-2026_08-39-39
  buffer 3: unwrapped - first slot 30, shift -1 (buffer1; buffer1_first 30, buffer1_margin 0.0072)
[1m[38;5;36mzea[0m[0m: [32mSuccessfully saved GIF to -> [33mZ:\raw_data\C000000037\VIS-042_SW_data_07-August-2026_08-39-39\output\CombinedData_buffer3_iq.gif[0m[0m
  CombinedData_buffer3_iq.hdf5: B-mode GIF, 25.4 Hz, 32 frames = 1.26 s -> 1.28 s GIF (real time); 32 frames @ 25 fps -> CombinedData_buffer3_iq.gif
[37/44] C000000038/VIS-041_SW_data_04-August-2026_12-28-28
  buffer 3: unwrapped - first slot 1, shift -1 (buffer1; buffer1_first 1, buffer1_margin 0.0079)
[1m[38;5;36mzea[0m[0m: [32mSuccessfully saved GIF to -> [33mZ:\raw_data\C000000038\VIS-041_SW_data_04-August-2026_12-28-28\output\CombinedData_buffer3_iq.gif[0m[0m
  CombinedData_buffer3_iq.hdf5: B-mode GIF, 25.4 Hz, 32 frames = 1.26 s -> 1.28 s GIF (real time); 32 frames @ 25 fps -> CombinedData_buffer3_iq.gif
[38/44] C000000039/VIS-040_SW_data_04-August-2026_11-46-05
  buffer 3: ambiguous - first slot -1, shift -1 (none; buffer1_first 2, buffer1_margin 0.0022)
[39/44] C000000040/VIS-039_SW_data_04-August-2026_10-57-58
  buffer 3: unwrapped - first slot 17, shift -1 (buffer1; buffer1_first 17, buffer1_margin 0.0128)
[1m[38;5;36mzea[0m[0m: [32mSuccessfully saved GIF to -> [33mZ:\raw_data\C000000040\VIS-039_SW_data_04-August-2026_10-57-58\output\CombinedData_buffer3_iq.gif[0m[0m
  CombinedData_buffer3_iq.hdf5: B-mode GIF, 25.4 Hz, 32 frames = 1.26 s -> 1.28 s GIF (real time); 32 frames @ 25 fps -> CombinedData_buffer3_iq.gif
[40/44] C000000041/VIS-038_SW_data_31-July-2026_09-01-39
  buffer 3: unwrapped - first slot 4, shift -1 (buffer1; buffer1_first 4, buffer1_margin 0.0192)
[1m[38;5;36mzea[0m[0m: [32mSuccessfully saved GIF to -> [33mZ:\raw_data\C000000041\VIS-038_SW_data_31-July-2026_09-01-39\output\CombinedData_buffer3_iq.gif[0m[0m
  CombinedData_buffer3_iq.hdf5: B-mode GIF, 25.4 Hz, 32 frames = 1.26 s -> 1.28 s GIF (real time); 32 frames @ 25 fps -> CombinedData_buffer3_iq.gif
[41/44] C000000042/VIS-036_SW_data_28-July-2026_14-07-08
  buffer 3: unwrapped - first slot 23, shift -1 (buffer1; buffer1_first 23, buffer1_margin 0.042)
[1m[38;5;36mzea[0m[0m: [32mSuccessfully saved GIF to -> [33mZ:\raw_data\C000000042\VIS-036_SW_data_28-July-2026_14-07-08\output\CombinedData_buffer3_iq.gif[0m[0m
  CombinedData_buffer3_iq.hdf5: B-mode GIF, 25.4 Hz, 32 frames = 1.26 s -> 1.28 s GIF (real time); 32 frames @ 25 fps -> CombinedData_buffer3_iq.gif
[42/44] C000000043/VIS-035_SW_data_28-July-2026_12-24-19
  buffer 3: unwrapped - first slot 2, shift -1 (buffer1; buffer1_first 2, buffer1_margin 0.0274)
[1m[38;5;36mzea[0m[0m: [32mSuccessfully saved GIF to -> [33mZ:\raw_data\C000000043\VIS-035_SW_data_28-July-2026_12-24-19\output\CombinedData_buffer3_iq.gif[0m[0m
  CombinedData_buffer3_iq.hdf5: B-mode GIF, 25.4 Hz, 32 frames = 1.26 s -> 1.28 s GIF (real time); 32 frames @ 25 fps -> CombinedData_buffer3_iq.gif
[43/44] C000000044/VIS-034_SW_data_28-July-2026_11-02-22
  buffer 3: unwrapped - first slot 27, shift -1 (buffer1; buffer1_first 27, buffer1_margin 0.0081)
[1m[38;5;36mzea[0m[0m: [32mSuccessfully saved GIF to -> [33mZ:\raw_data\C000000044\VIS-034_SW_data_28-July-2026_11-02-22\output\CombinedData_buffer3_iq.gif[0m[0m
  CombinedData_buffer3_iq.hdf5: B-mode GIF, 25.4 Hz, 32 frames = 1.26 s -> 1.28 s GIF (real time); 32 frames @ 25 fps -> CombinedData_buffer3_iq.gif
[44/44] C000000045/VIS-033_SW_data_28-July-2026_09-25-55
  buffer 3: ambiguous - first slot -1, shift -1 (none; buffer1_first 19, buffer1_margin 0.0039)

24.4 min: already done 1, ambiguous 7, chronological 1, unwrapped 35  -> study\logs\buffer3_unwrap_september_20260925.csv
