[1/40] C000000011/VIS-11_SW_data_07-July-2026 N=30 RR 827 best stop 30 (---) delta -20 score 0.928 | no-rot delta -20 0.928 | current 0.927 | ceiling 0.943 | R-frame fit R+849 b1-match R+835
[2/40] C000000015/VIS-017_SW_data_10-July-202 N=30 RR 665 best stop 30 (---) delta +0 score 0.907 | no-rot delta +0 0.907 | current 0.907 | ceiling 0.935 | R-frame fit R+0 b1-match R+71
[3/40] C000000020/VIS-026_SW_data_21-July-202 N=30 RR 1299 best stop 30 (---) delta +6 score 0.959 | no-rot delta +6 0.959 | current 0.959 | ceiling 0.962 | R-frame fit R+6 b1-match R+68
[4/40] C000000025/VIS-025_SW_data_21-July-202 N=30 RR 792 best stop 30 (---) delta +4 score 0.962 | no-rot delta +4 0.962 | current 0.961 | ceiling 0.964 | R-frame fit R+4 b1-match R+8
[5/40] C000000029/VIS-031_SW_data_24-July-202 N=30 RR 850 best stop 30 (---) delta -6 score 0.950 | no-rot delta -6 0.950 | current 0.950 | ceiling 0.953 | R-frame fit R+865 b1-match R+864
[6/40] C000000033/VIS-028_SW_data_24-July-202 N=30 RR 1182 best stop 28 (---) delta -54 score 0.925 | no-rot delta +26 0.925 | current 0.923 | ceiling 0.952 | R-frame fit R+26 b1-match R+1110
[7/40] C000000039/VIS-040_SW_data_04-August-2 N=30 RR 825 best stop 30 (---) delta -20 score 0.961 | no-rot delta -20 0.961 | current 0.960 | ceiling 0.970 | R-frame fit R+762 b1-match R+91
[8/40] C000000045/VIS-033_SW_data_28-July-202 N=30 RR 1113 best stop 29 (---) delta -44 score 0.940 | no-rot delta +8 0.940 | current 0.939 | ceiling 0.946 | R-frame fit R+1156 b1-match R+6
[9/40] C000000011/VIS-11_SW_data_07-July-2026 N=30 RR 858 best stop 30 (---) delta -28 score 0.955 | no-rot delta -28 0.955 | current 0.952 | ceiling 0.963 | R-frame fit R+809 b1-match R+836
[10/40] C000000011/VIS-11_SW_data_07-July-2026 N=30 RR 844 best stop 30 (---) delta -4 score 0.955 | no-rot delta -4 0.955 | current 0.955 | ceiling 0.961 | R-frame fit R+850 b1-match R+841
[11/40] C000000011/VIS-11_SW_data_07-July-2026 N=30 RR 898 best stop 30 (---) delta -26 score 0.937 | no-rot delta -26 0.937 | current 0.935 | ceiling 0.952 | R-frame fit R+871 b1-match R+885
[12/40] C000000012/VIS-014_SW_data_07-July-202 N=30 RR 241 best stop 30 (---) delta +0 score 0.953 | no-rot delta +0 0.953 | current 0.953 | ceiling 0.968 | R-frame fit R+0 b1-match R+968
[13/40] C000000012/VIS-014_SW_data_07-July-202 N=30 RR 829 best stop  5 (---) delta +26 score 0.957 | no-rot delta -22 0.952 | current 0.949 | ceiling 0.966 | R-frame fit R+1025 b1-match R+626
[14/40] C000000012/VIS-014_SW_data_07-July-202 N=30 RR 708 best stop 30 (---) delta +2 score 0.964 | no-rot delta +2 0.964 | current 0.963 | ceiling 0.967 | R-frame fit R+2 b1-match R+14
[15/40] C000000012/VIS-014_SW_data_07-July-202 N=30 RR 926 best stop 30 (---) delta -2 score 0.966 | no-rot delta -2 0.966 | current 0.966 | ceiling 0.968 | R-frame fit R+931 b1-match R+886
[16/40] C000000013/VIS-016_SW_data_10-July-202 N=30 RR 756 best stop 30 (---) delta -10 score 0.931 | no-rot delta -10 0.931 | current 0.930 | ceiling 0.946 | R-frame fit R+764 b1-match R+87
[17/40] C000000013/VIS-016_SW_data_10-July-202 N=30 RR 719 best stop 30 (---) delta +0 score 0.920 | no-rot delta +0 0.920 | current 0.920 | ceiling 0.940 | R-frame fit R+0 b1-match R+98
[18/40] C000000013/VIS-016_SW_data_10-July-202 N=30 RR 805 best stop 30 (---) delta +16 score 0.932 | no-rot delta +16 0.932 | current 0.930 | ceiling 0.944 | R-frame fit R+16 b1-match R+97
[19/40] C000000014/VIS-008_SW_data_10-July-202 N=30 RR 982 best stop 30 (---) delta +0 score 0.970 | no-rot delta +0 0.970 | current 0.970 | ceiling 0.972 | R-frame fit R+0 b1-match R+6
[20/40] C000000014/VIS-008_SW_data_10-July-202 N=30 RR 983 best stop 30 (---) delta +0 score 0.972 | no-rot delta +0 0.972 | current 0.972 | ceiling 0.973 | R-frame fit R+0 b1-match R+6
[21/40] C000000014/VIS-008_SW_data_10-July-202 N=30 RR 983 best stop 30 (---) delta -4 score 0.968 | no-rot delta -4 0.968 | current 0.968 | ceiling 0.970 | R-frame fit R+1019 b1-match R+1030
[22/40] C000000014/VIS-008_SW_data_10-July-202 N=30 RR 1002 best stop 30 (---) delta +0 score 0.968 | no-rot delta +0 0.968 | current 0.968 | ceiling 0.971 | R-frame fit R+0 b1-match R+1
[23/40] C000000015/VIS-017_SW_data_10-July-202 N=30 RR 703 best stop 30 (---) delta -8 score 0.936 | no-rot delta -8 0.936 | current 0.935 | ceiling 0.952 | R-frame fit R+756 b1-match R+10
[24/40] C000000015/VIS-017_SW_data_10-July-202 N=30 RR 697 best stop 30 (---) delta -4 score 0.954 | no-rot delta -4 0.954 | current 0.954 | ceiling 0.959 | R-frame fit R+725 b1-match R+6
[25/40] C000000015/VIS-017_SW_data_10-July-202 N=30 RR 750 best stop 30 (---) delta +24 score 0.948 | no-rot delta +24 0.948 | current 0.947 | ceiling 0.957 | R-frame fit R+24 b1-match R+128
[26/40] C000000016/VIS-015_SW_data_10-July-202 N=30 RR 868 best stop 30 (---) delta -2 score 0.966 | no-rot delta -2 0.966 | current 0.963 | ceiling 0.968 | R-frame fit R+851 b1-match R+1
[27/40] C000000016/VIS-015_SW_data_10-July-202 N=30 RR 859 best stop 30 (---) delta -2 score 0.896 | no-rot delta -2 0.896 | current 0.894 | ceiling 0.924 | R-frame fit R+937 b1-match R+476
[28/40] C000000016/VIS-015_SW_data_10-July-202 N=30 RR 774 best stop 30 (---) delta -4 score 0.956 | no-rot delta -4 0.956 | current 0.955 | ceiling 0.969 | R-frame fit R+741 b1-match R+58
[29/40] C000000016/VIS-015_SW_data_10-July-202 N=30 RR 730 best stop 30 (---) delta -18 score 0.969 | no-rot delta -18 0.969 | current 0.968 | ceiling 0.975 | R-frame fit R+738 b1-match R+3
[30/40] C000000017/VIS-013_SW_data_07-July-202 N=30 RR 697 best stop 30 (---) delta -4 score 0.977 | no-rot delta -4 0.977 | current 0.977 | ceiling 0.977 | R-frame fit R+704 b1-match R+2
[31/40] C000000017/VIS-013_SW_data_07-July-202 N=30 RR 694 best stop 29 (---) delta -36 score 0.956 | no-rot delta +4 0.955 | current 0.954 | ceiling 0.966 | R-frame fit R+4 b1-match R+33
[32/40] C000000017/VIS-013_SW_data_07-July-202 N=30 RR 684 best stop 30 (---) delta -4 score 0.970 | no-rot delta -4 0.970 | current 0.970 | ceiling 0.971 | R-frame fit R+680 b1-match R+1
[33/40] C000000017/VIS-013_SW_data_07-July-202 N=30 RR 712 best stop 30 (---) delta +2 score 0.976 | no-rot delta +2 0.976 | current 0.976 | ceiling 0.977 | R-frame fit R+2 b1-match R+13
[34/40] C000000018/VIS-012_SW_data_07-July-202 N=30 RR 715 best stop 30 (---) delta +0 score 0.962 | no-rot delta +0 0.962 | current 0.962 | ceiling 0.964 | R-frame fit R+0 b1-match R+-0
[35/40] C000000018/VIS-012_SW_data_07-July-202 N=30 RR 727 best stop 30 (---) delta -28 score 0.947 | no-rot delta -28 0.947 | current 0.947 | ceiling 0.960 | R-frame fit R+658 b1-match R+0
[36/40] C000000018/VIS-012_SW_data_07-July-202 N=30 RR 707 best stop 30 (---) delta -12 score 0.974 | no-rot delta -12 0.974 | current 0.973 | ceiling 0.976 | R-frame fit R+701 b1-match R+714
[37/40] C000000019/VIS-027_SW_data_21-July-202 N=30 RR 1238 best stop 30 (---) delta +0 score 0.971 | no-rot delta +0 0.971 | current 0.971 | ceiling 0.972 | R-frame fit R+0 b1-match R+1344
[38/40] C000000019/VIS-027_SW_data_21-July-202 N=30 RR 1143 best stop 30 (---) delta -4 score 0.966 | no-rot delta -4 0.966 | current 0.965 | ceiling 0.966 | R-frame fit R+1275 b1-match R+2
[39/40] C000000019/VIS-027_SW_data_21-July-202 N=30 RR 1324 best stop 30 (---) delta -10 score 0.973 | no-rot delta -10 0.973 | current 0.972 | ceiling 0.974 | R-frame fit R+1346 b1-match R+1
[40/40] C000000019/VIS-027_SW_data_21-July-202 N=30 RR 1170 best stop 30 (---) delta -2 score 0.978 | no-rot delta -2 0.978 | current 0.978 | ceiling 0.978 | R-frame fit R+1371 b1-match R+1345
-> D:\Luuk van Knippenberg\Github\shearWaveProcessing\study\logs\buffer3_timing_fit_control.csv
