[1m[38;5;36mzea[0m[0m: Using backend 'torch'
[1/12] C000000003/VIS_03_SW_data_16-June-2026_10-10-39
  buffer 3: unwrapped - first slot 14, shift -1 (trigger-count; trigger_first 14, buffer1_first 14, buffer1_margin 0.0016)
[1m[38;5;36mzea[0m[0m: [38;5;214mWARNING[0m Reading 'Z:\raw_data\C000000003\VIS_03_SW_data_16-June-2026_10-10-39\output\CombinedData_buffer3_iq.hdf5' [2m(/data/beamformed_data/values, 40.1 MB)[0m compressed with lzf, which zea cannot decode concurrently — falling back to a serial h5py read (slower). Re-save with the `zea data resave` CLI (or zea.File.create) to read it concurrently, with a progress bar.
[1m[38;5;36mzea[0m[0m: [38;5;214mWARNING[0m Reading 'Z:\raw_data\C000000003\VIS_03_SW_data_16-June-2026_10-10-39\output\CombinedData_buffer3_iq.hdf5' [2m(/data/beamformed_data/timestamps, 104 B)[0m compressed with lzf, which zea cannot decode concurrently — falling back to a serial h5py read (slower). Re-save with the `zea data resave` CLI (or zea.File.create) to read it concurrently, with a progress bar.
[1m[38;5;36mzea[0m[0m: [32mSuccessfully saved GIF to -> [33mZ:\raw_data\C000000003\VIS_03_SW_data_16-June-2026_10-10-39\output\CombinedData_buffer3_iq.gif[0m[0m
  CombinedData_buffer3_iq.hdf5: B-mode GIF, 25.4 Hz, 26 frames = 1.02 s -> 1.04 s GIF (real time); 26 frames @ 25 fps -> CombinedData_buffer3_iq.gif
[2/12] C000000008/VIS-010_SW_data_03-July-2026_10-37-16
  buffer 3: ambiguous - first slot -1, shift -1 (none; buffer1_first 0, buffer1_margin 0.0046)
[3/12] C000000012/VIS-014_SW_data_07-July-2026_11-42-46
  buffer 3: ambiguous - first slot -1, shift -1 (none; )
[4/12] C000000016/VIS-015_SW_data_10-July-2026_09-25-23
  buffer 3: unwrapped - first slot 31, shift -1 (buffer1; buffer1_first 31, buffer1_margin 0.0476)
[1m[38;5;36mzea[0m[0m: [32mSuccessfully saved GIF to -> [33mZ:\raw_data\C000000016\VIS-015_SW_data_10-July-2026_09-25-23\output\CombinedData_buffer3_iq.gif[0m[0m
  CombinedData_buffer3_iq.hdf5: B-mode GIF, 25.4 Hz, 32 frames = 1.26 s -> 1.28 s GIF (real time); 32 frames @ 25 fps -> CombinedData_buffer3_iq.gif
[5/12] C000000020/VIS-026_SW_data_21-July-2026_10-43-19
  buffer 3: unwrapped - first slot 19, shift -1 (buffer1; buffer1_first 19, buffer1_margin 0.0125)
[1m[38;5;36mzea[0m[0m: [32mSuccessfully saved GIF to -> [33mZ:\raw_data\C000000020\VIS-026_SW_data_21-July-2026_10-43-19\output\CombinedData_buffer3_iq.gif[0m[0m
  CombinedData_buffer3_iq.hdf5: B-mode GIF, 25.4 Hz, 32 frames = 1.26 s -> 1.28 s GIF (real time); 32 frames @ 25 fps -> CombinedData_buffer3_iq.gif
[6/12] C000000024/VIS-021_SW_data_14-July-2026_10-56-18
  buffer 3: unwrapped - first slot 31, shift -1 (buffer1; buffer1_first 31, buffer1_margin 0.0285)
[1m[38;5;36mzea[0m[0m: [32mSuccessfully saved GIF to -> [33mZ:\raw_data\C000000024\VIS-021_SW_data_14-July-2026_10-56-18\output\CombinedData_buffer3_iq.gif[0m[0m
  CombinedData_buffer3_iq.hdf5: B-mode GIF, 25.4 Hz, 32 frames = 1.26 s -> 1.28 s GIF (real time); 32 frames @ 25 fps -> CombinedData_buffer3_iq.gif
[7/12] C000000028/VIS-018_SW_data_14-July-2026_08-31-36
  buffer 3: unwrapped - first slot 12, shift -1 (trigger-count; trigger_first 12, buffer1_first 12, buffer1_margin 0.1059)
[1m[38;5;36mzea[0m[0m: [32mSuccessfully saved GIF to -> [33mZ:\raw_data\C000000028\VIS-018_SW_data_14-July-2026_08-31-36\output\CombinedData_buffer3_iq.gif[0m[0m
  CombinedData_buffer3_iq.hdf5: B-mode GIF, 25.4 Hz, 32 frames = 1.26 s -> 1.28 s GIF (real time); 32 frames @ 25 fps -> CombinedData_buffer3_iq.gif
[8/12] C000000032/VIS-030_SW_data_24-July-2026_10-27-00
  buffer 3: unwrapped - first slot 4, shift -1 (buffer1; buffer1_first 4, buffer1_margin 0.0309)
[1m[38;5;36mzea[0m[0m: [32mSuccessfully saved GIF to -> [33mZ:\raw_data\C000000032\VIS-030_SW_data_24-July-2026_10-27-00\output\CombinedData_buffer3_iq.gif[0m[0m
  CombinedData_buffer3_iq.hdf5: B-mode GIF, 25.4 Hz, 32 frames = 1.26 s -> 1.28 s GIF (real time); 32 frames @ 25 fps -> CombinedData_buffer3_iq.gif
[9/12] C000000036/VIS-043_SW_data_07-August-2026_10-04-23
  buffer 3: unwrapped - first slot 18, shift -1 (buffer1; buffer1_first 18, buffer1_margin 0.0122)
[1m[38;5;36mzea[0m[0m: [32mSuccessfully saved GIF to -> [33mZ:\raw_data\C000000036\VIS-043_SW_data_07-August-2026_10-04-23\output\CombinedData_buffer3_iq.gif[0m[0m
  CombinedData_buffer3_iq.hdf5: B-mode GIF, 25.4 Hz, 32 frames = 1.26 s -> 1.28 s GIF (real time); 32 frames @ 25 fps -> CombinedData_buffer3_iq.gif
[10/12] C000000040/VIS-039_SW_data_04-August-2026_10-58-42
  buffer 3: unwrapped - first slot 12, shift -1 (buffer1; buffer1_first 12, buffer1_margin 0.0117)
[1m[38;5;36mzea[0m[0m: [32mSuccessfully saved GIF to -> [33mZ:\raw_data\C000000040\VIS-039_SW_data_04-August-2026_10-58-42\output\CombinedData_buffer3_iq.gif[0m[0m
  CombinedData_buffer3_iq.hdf5: B-mode GIF, 25.4 Hz, 32 frames = 1.26 s -> 1.28 s GIF (real time); 32 frames @ 25 fps -> CombinedData_buffer3_iq.gif
[11/12] C000000044/VIS-034_SW_data_28-July-2026_11-03-14
  buffer 3: unwrapped - first slot 19, shift -1 (buffer1; buffer1_first 19, buffer1_margin 0.0129)
[1m[38;5;36mzea[0m[0m: [32mSuccessfully saved GIF to -> [33mZ:\raw_data\C000000044\VIS-034_SW_data_28-July-2026_11-03-14\output\CombinedData_buffer3_iq.gif[0m[0m
  CombinedData_buffer3_iq.hdf5: B-mode GIF, 25.4 Hz, 32 frames = 1.26 s -> 1.28 s GIF (real time); 32 frames @ 25 fps -> CombinedData_buffer3_iq.gif
[12/12] C000000048/VIS-047_SW_data_28-August-2026_10-13-27
  buffer 3: ambiguous - first slot -1, shift -1 (none; )

8.7 min: ambiguous 3, unwrapped 9  -> study\logs\buffer3_unwrap_second_acq_w2.csv
