[1m[38;5;36mzea[0m[0m: Using backend 'torch'
[1/12] C000000002/SWE02_SW_data_28-April-2026_10-11-53
  buffer 3: unwrapped - first slot 1, shift -1 (trigger-count; trigger_first 1, buffer1_first 1, buffer1_margin 0.0256)
[1m[38;5;36mzea[0m[0m: [38;5;214mWARNING[0m Reading 'Z:\raw_data\C000000002\SWE02_SW_data_28-April-2026_10-11-53\output\CombinedData_buffer3_iq.hdf5' [2m(/data/beamformed_data/values, 40.1 MB)[0m compressed with lzf, which zea cannot decode concurrently — falling back to a serial h5py read (slower). Re-save with the `zea data resave` CLI (or zea.File.create) to read it concurrently, with a progress bar.
[1m[38;5;36mzea[0m[0m: [38;5;214mWARNING[0m Reading 'Z:\raw_data\C000000002\SWE02_SW_data_28-April-2026_10-11-53\output\CombinedData_buffer3_iq.hdf5' [2m(/data/beamformed_data/timestamps, 104 B)[0m compressed with lzf, which zea cannot decode concurrently — falling back to a serial h5py read (slower). Re-save with the `zea data resave` CLI (or zea.File.create) to read it concurrently, with a progress bar.
[1m[38;5;36mzea[0m[0m: [32mSuccessfully saved GIF to -> [33mZ:\raw_data\C000000002\SWE02_SW_data_28-April-2026_10-11-53\output\CombinedData_buffer3_iq.gif[0m[0m
  CombinedData_buffer3_iq.hdf5: B-mode GIF, 25.4 Hz, 26 frames = 1.02 s -> 1.04 s GIF (real time); 26 frames @ 25 fps -> CombinedData_buffer3_iq.gif
[2/12] C000000007/VIS-007_SW_data_30-June-2026_11-47-50
  buffer 3: unwrapped - first slot 24, shift -1 (buffer1; buffer1_first 24, buffer1_margin 0.0067)
[1m[38;5;36mzea[0m[0m: [32mSuccessfully saved GIF to -> [33mZ:\raw_data\C000000007\VIS-007_SW_data_30-June-2026_11-47-50\output\CombinedData_buffer3_iq.gif[0m[0m
  CombinedData_buffer3_iq.hdf5: B-mode GIF, 25.4 Hz, 26 frames = 1.02 s -> 1.04 s GIF (real time); 26 frames @ 25 fps -> CombinedData_buffer3_iq.gif
[3/12] C000000011/VIS-11_SW_data_07-July-2026_08-40-50
  buffer 3: unwrapped - first slot 25, shift -1 (buffer1; buffer1_first 25, buffer1_margin 0.0277)
[1m[38;5;36mzea[0m[0m: [32mSuccessfully saved GIF to -> [33mZ:\raw_data\C000000011\VIS-11_SW_data_07-July-2026_08-40-50\output\CombinedData_buffer3_iq.gif[0m[0m
  CombinedData_buffer3_iq.hdf5: B-mode GIF, 25.4 Hz, 32 frames = 1.26 s -> 1.28 s GIF (real time); 32 frames @ 25 fps -> CombinedData_buffer3_iq.gif
[4/12] C000000015/VIS-017_SW_data_10-July-2026_10-54-09
  buffer 3: ambiguous - first slot -1, shift -1 (none; buffer1_first 12, buffer1_margin 0.0048)
[5/12] C000000019/VIS-027_SW_data_21-July-2026_11-20-11
  buffer 3: unwrapped - first slot 13, shift -1 (buffer1; buffer1_first 13, buffer1_margin 0.0639)
[1m[38;5;36mzea[0m[0m: [32mSuccessfully saved GIF to -> [33mZ:\raw_data\C000000019\VIS-027_SW_data_21-July-2026_11-20-11\output\CombinedData_buffer3_iq.gif[0m[0m
  CombinedData_buffer3_iq.hdf5: B-mode GIF, 25.4 Hz, 32 frames = 1.26 s -> 1.28 s GIF (real time); 32 frames @ 25 fps -> CombinedData_buffer3_iq.gif
[6/12] C000000023/VIS-022_SW_data_14-July-2026_11-41-58
  buffer 3: unwrapped - first slot 2, shift -1 (buffer1; buffer1_first 2, buffer1_margin 0.0317)
[1m[38;5;36mzea[0m[0m: [32mSuccessfully saved GIF to -> [33mZ:\raw_data\C000000023\VIS-022_SW_data_14-July-2026_11-41-58\output\CombinedData_buffer3_iq.gif[0m[0m
  CombinedData_buffer3_iq.hdf5: B-mode GIF, 25.4 Hz, 32 frames = 1.26 s -> 1.28 s GIF (real time); 32 frames @ 25 fps -> CombinedData_buffer3_iq.gif
[7/12] C000000027/VIS-019_SW_data_14-July-2026_09-21-01
  buffer 3: unwrapped - first slot 18, shift -1 (buffer1; buffer1_first 18, buffer1_margin 0.0831)
[1m[38;5;36mzea[0m[0m: [32mSuccessfully saved GIF to -> [33mZ:\raw_data\C000000027\VIS-019_SW_data_14-July-2026_09-21-01\output\CombinedData_buffer3_iq.gif[0m[0m
  CombinedData_buffer3_iq.hdf5: B-mode GIF, 25.4 Hz, 32 frames = 1.26 s -> 1.28 s GIF (real time); 32 frames @ 25 fps -> CombinedData_buffer3_iq.gif
[8/12] C000000031/VIS-032_SW_data_24-July-2026_11-58-23
  buffer 3: unwrapped - first slot 19, shift -1 (trigger-count; trigger_first 19, buffer1_first 19, buffer1_margin 0.0055)
[1m[38;5;36mzea[0m[0m: [32mSuccessfully saved GIF to -> [33mZ:\raw_data\C000000031\VIS-032_SW_data_24-July-2026_11-58-23\output\CombinedData_buffer3_iq.gif[0m[0m
  CombinedData_buffer3_iq.hdf5: B-mode GIF, 25.4 Hz, 32 frames = 1.26 s -> 1.28 s GIF (real time); 32 frames @ 25 fps -> CombinedData_buffer3_iq.gif
[9/12] C000000035/VIS-044_SW_data_07-August-2026_10-55-40
  buffer 3: unwrapped - first slot 7, shift -1 (buffer1; buffer1_first 7, buffer1_margin 0.0098)
[1m[38;5;36mzea[0m[0m: [32mSuccessfully saved GIF to -> [33mZ:\raw_data\C000000035\VIS-044_SW_data_07-August-2026_10-55-40\output\CombinedData_buffer3_iq.gif[0m[0m
  CombinedData_buffer3_iq.hdf5: B-mode GIF, 25.4 Hz, 32 frames = 1.26 s -> 1.28 s GIF (real time); 32 frames @ 25 fps -> CombinedData_buffer3_iq.gif
[10/12] C000000039/VIS-040_SW_data_04-August-2026_11-50-50
  buffer 3: unwrapped - first slot 31, shift -1 (buffer1; buffer1_first 31, buffer1_margin 0.0198)
[1m[38;5;36mzea[0m[0m: [32mSuccessfully saved GIF to -> [33mZ:\raw_data\C000000039\VIS-040_SW_data_04-August-2026_11-50-50\output\CombinedData_buffer3_iq.gif[0m[0m
  CombinedData_buffer3_iq.hdf5: B-mode GIF, 25.4 Hz, 32 frames = 1.26 s -> 1.28 s GIF (real time); 32 frames @ 25 fps -> CombinedData_buffer3_iq.gif
[11/12] C000000043/VIS-035_SW_data_28-July-2026_12-25-18
  buffer 3: unwrapped - first slot 2, shift -1 (buffer1; buffer1_first 2, buffer1_margin 0.0801)
[1m[38;5;36mzea[0m[0m: [32mSuccessfully saved GIF to -> [33mZ:\raw_data\C000000043\VIS-035_SW_data_28-July-2026_12-25-18\output\CombinedData_buffer3_iq.gif[0m[0m
  CombinedData_buffer3_iq.hdf5: B-mode GIF, 25.4 Hz, 32 frames = 1.26 s -> 1.28 s GIF (real time); 32 frames @ 25 fps -> CombinedData_buffer3_iq.gif
[12/12] C000000047/VIS-048_SW_data_04-September-2026_08-52-20
  buffer 3: ambiguous - first slot -1, shift -1 (none; buffer1_first 10, buffer1_margin 0.001)

8.8 min: ambiguous 2, unwrapped 10  -> study\logs\buffer3_unwrap_second_acq_w1.csv
