[1m[38;5;36mzea[0m[0m: Using backend 'torch'
[1] C000000001/SWE_01_SW_data_21-April-2026_ N=26 truth  6 (aborted, local 0.24) | iq  6 (err 0, m 0.14) | b1  6 (err 0, m 0.064) | b1free  6 (err 0)
[2] C000000002/SWE02_SW_data_28-April-2026_1 N=26 truth 14 (aborted, local 0.01) | iq  3 (err 11, m 0.04) | b1 14 (err 0, m 0.040) | b1free 15 (err 1)
[3] C000000003/VIS_03_SW_data_16-June-2026_1 N=26 truth  1 (aborted, local 0.04) | iq  1 (err 0, m 0.02) | b1  1 (err 0, m 0.006) | b1free  1 (err 0)
[4] C000000004/VIS_4_SW_data_16-June-2026_10 N=26 truth 10 (aborted, local 0.03) | iq  1 (err 9, m 0.01) | b1 10 (err 0, m 0.007) | b1free 10 (err 0)
[5] C000000005/VIS-005_SW_data_19-June-2026_ N=26 truth 13 (clean, local 0.01) | iq  3 (err 10, m 0.03) | b1  - (err -, m nan) | b1free  - (err -)
[6] C000000007/VIS-007_SW_data_30-June-2026_ N=26 truth 20 (aborted, local 0.00) | iq 21 (err 1, m 0.01) | b1  - (err -, m nan) | b1free  - (err -)
[7] C000000008/VIS-010_SW_data_03-July-2026_ N=26 truth 10 (aborted, local 0.00) | iq  3 (err 7, m 0.00) | b1 10 (err 0, m 0.011) | b1free 12 (err 2)
[8] C000000010/vis-006_SW_data_30-June-2026_ N=26 truth 16 (aborted, local 0.09) | iq 16 (err 0, m 0.07) | b1 16 (err 0, m 0.011) | b1free 16 (err 0)
[9] C000000012/VIS-014_SW_data_07-July-2026_ N=32 truth  0 (aborted, local 0.07) | iq  0 (err 0, m 0.06) | b1  - (err -, m nan) | b1free  - (err -)
[10] C000000033/VIS-028_SW_data_24-July-2026_ N=32 truth 16 (clean, local 0.05) | iq 14 (err 2, m 0.01) | b1 15 (err 1, m 0.004) | b1free 18 (err 2)
[11] C000000035/VIS-044_SW_data_07-August-202 N=32 truth 25 (clean, local 0.00) | iq 23 (err 2, m 0.05) | b1 23 (err 2, m 0.004) | b1free 23 (err 2)
[12] C000000001/SWE_01_SW_data_21-April-2026_ N=26 truth  4 (aborted, local 0.23) | iq  4 (err 0, m 0.17) | b1  4 (err 0, m 0.154) | b1free  4 (err 0)
[13] C000000001/SWE_01_SW_data_21-April-2026_ N=26 truth  7 (aborted, local 0.10) | iq 17 (err 10, m 0.04) | b1  7 (err 0, m 0.090) | b1free  7 (err 0)
[14] C000000001/SWE_01_SW_data_21-April-2026_ N=26 truth 25 (aborted, local 0.08) | iq  4 (err 5, m 0.01) | b1 25 (err 0, m 0.078) | b1free 25 (err 0)
[15] C000000001/SWE_01_SW_data_21-April-2026_ N=26 truth  3 (aborted, local 0.13) | iq 11 (err 8, m 0.00) | b1  3 (err 0, m 0.108) | b1free  3 (err 0)
[16] C000000001/SWE_01_SW_data_21-April-2026_ N=26 truth 25 (aborted, local 0.01) | iq 24 (err 1, m 0.03) | b1 25 (err 0, m 0.107) | b1free 25 (err 0)
[17] C000000001/SWE_01_SW_data_21-April-2026_ N=26 truth  4 (aborted, local 0.00) | iq 18 (err 12, m 0.03) | b1  4 (err 0, m 0.076) | b1free  4 (err 0)
[18] C000000001/SWE_01_SW_data_21-April-2026_ N=26 truth  2 (clean, local 0.00) | iq  0 (err 2, m 0.03) | b1  1 (err 1, m 0.019) | b1free  1 (err 1)
[19] C000000001/SWE_01_SW_data_21-April-2026_ N=26 truth 15 (aborted, local 0.06) | iq 15 (err 0, m 0.01) | b1 15 (err 0, m 0.047) | b1free 15 (err 0)
[20] C000000001/SWE_01_SW_data_21-April-2026_ N=26 truth 20 (aborted, local 0.06) | iq 10 (err 10, m 0.00) | b1 20 (err 0, m 0.064) | b1free 20 (err 0)
[21] C000000001/SWE_01_SW_data_21-April-2026_ N=26 truth  9 (clean, local 0.01) | iq 16 (err 7, m 0.05) | b1  8 (err 1, m 0.073) | b1free  8 (err 1)
[22] C000000001/SWE_01_SW_data_21-April-2026_ N=26 truth 21 (aborted, local 0.06) | iq 25 (err 4, m 0.01) | b1 21 (err 0, m 0.029) | b1free 21 (err 0)
[23] C000000001/SWE_01_SW_data_21-April-2026_ N=26 truth 24 (clean, local 0.03) | iq 12 (err 12, m 0.01) | b1 23 (err 1, m 0.034) | b1free 23 (err 1)
[24] C000000001/SWE_01_SW_data_21-April-2026_ N=26 truth 21 (aborted, local 0.14) | iq 21 (err 0, m 0.06) | b1 20 (err 1, m 0.002) | b1free 21 (err 0)
[25] C000000002/SWE02_SW_data_28-April-2026_1 N=26 truth  1 (aborted, local 0.16) | iq  1 (err 0, m 0.11) | b1  1 (err 0, m 0.026) | b1free  1 (err 0)
[26] C000000002/SWE02_SW_data_28-April-2026_1 N=26 truth 17 (clean, local 0.00) | iq  9 (err 8, m 0.00) | b1 16 (err 1, m 0.040) | b1free 16 (err 1)
[27] C000000002/SWE02_SW_data_28-April-2026_1 N=26 truth 15 (clean, local 0.00) | iq 13 (err 2, m 0.12) | b1 14 (err 1, m 0.027) | b1free 14 (err 1)
[28] C000000002/SWE02_SW_data_28-April-2026_1 N=26 truth 25 (aborted, local 0.02) | iq 12 (err 13, m 0.01) | b1 25 (err 0, m 0.045) | b1free 25 (err 0)
[29] C000000002/SWE02_SW_data_28-April-2026_1 N=26 truth 17 (aborted, local 0.02) | iq 10 (err 7, m 0.04) | b1 17 (err 0, m 0.041) | b1free 17 (err 0)
[30] C000000002/SWE02_SW_data_28-April-2026_1 N=26 truth 20 (aborted, local 0.01) | iq 19 (err 1, m 0.12) | b1 20 (err 0, m 0.046) | b1free 20 (err 0)
[31] C000000002/SWE02_SW_data_28-April-2026_1 N=26 truth 17 (aborted, local 0.02) | iq  8 (err 9, m 0.00) | b1 17 (err 0, m 0.074) | b1free 17 (err 0)
[32] C000000002/SWE02_SW_data_28-April-2026_1 N=26 truth 22 (aborted, local 0.15) | iq 22 (err 0, m 0.13) | b1 22 (err 0, m 0.029) | b1free 22 (err 0)
[33] C000000002/SWE02_SW_data_28-April-2026_1 N=26 truth 16 (aborted, local 0.06) | iq 16 (err 0, m 0.08) | b1 16 (err 0, m 0.016) | b1free 17 (err 1)
[34] C000000002/SWE02_SW_data_28-April-2026_1 N=26 truth 11 (aborted, local 0.01) | iq 10 (err 1, m 0.13) | b1 11 (err 0, m 0.040) | b1free 11 (err 0)
[35] C000000003/VIS_03_SW_data_16-June-2026_1 N=26 truth 14 (aborted, local 0.03) | iq 14 (err 0, m 0.01) | b1 14 (err 0, m 0.002) | b1free 15 (err 1)
[36] C000000003/VIS_03_SW_data_16-June-2026_1 N=26 truth  8 (aborted, local 0.01) | iq  1 (err 7, m 0.01) | b1  8 (err 0, m 0.008) | b1free 10 (err 2)
[37] C000000003/VIS_03_SW_data_16-June-2026_1 N=26 truth 23 (clean, local 0.00) | iq 11 (err 12, m 0.01) | b1 22 (err 1, m 0.007) | b1free 23 (err 0)
[38] C000000003/VIS_03_SW_data_16-June-2026_1 N=26 truth  8 (aborted, local 0.02) | iq 25 (err 9, m 0.00) | b1  8 (err 0, m 0.007) | b1free  9 (err 1)
[39] C000000003/VIS_03_SW_data_16-June-2026_1 N=26 truth  3 (aborted, local 0.02) | iq  8 (err 5, m 0.00) | b1  3 (err 0, m 0.009) | b1free  3 (err 0)
[40] C000000003/VIS_03_SW_data_16-June-2026_1 N=26 truth 17 (aborted, local 0.00) | iq  9 (err 8, m 0.01) | b1 17 (err 0, m 0.007) | b1free 18 (err 1)
[41] C000000003/VIS_03_SW_data_16-June-2026_1 N=26 truth 15 (aborted, local 0.03) | iq 15 (err 0, m 0.00) | b1 15 (err 0, m 0.007) | b1free 15 (err 0)
[42] C000000003/VIS_03_SW_data_16-June-2026_1 N=26 truth 25 (clean, local 0.00) | iq  1 (err 2, m 0.01) | b1 24 (err 1, m 0.012) | b1free 24 (err 1)
[43] C000000003/VIS_03_SW_data_16-June-2026_1 N=26 truth 17 (aborted, local 0.00) | iq 21 (err 4, m 0.00) | b1 17 (err 0, m 0.003) | b1free 19 (err 2)
[44] C000000003/VIS_03_SW_data_16-June-2026_1 N=26 truth 18 (aborted, local 0.00) | iq 17 (err 1, m 0.02) | b1 19 (err 1, m 0.005) | b1free 19 (err 1)
[45] C000000003/VIS_03_SW_data_16-June-2026_1 N=26 truth 17 (aborted, local 0.02) | iq 20 (err 3, m 0.00) | b1 17 (err 0, m 0.006) | b1free 18 (err 1)
[46] C000000003/VIS_03_SW_data_16-June-2026_1 N=26 truth 20 (aborted, local 0.03) | iq 20 (err 0, m 0.02) | b1 20 (err 0, m 0.002) | b1free 22 (err 2)
[47] C000000003/VIS_03_SW_data_16-June-2026_1 N=26 truth  4 (aborted, local 0.01) | iq 19 (err 11, m 0.00) | b1  4 (err 0, m 0.005) | b1free  6 (err 2)
[48] C000000003/VIS_03_SW_data_16-June-2026_1 N=26 truth  8 (aborted, local 0.02) | iq  1 (err 7, m 0.00) | b1  9 (err 1, m 0.002) | b1free 11 (err 3)
[49] C000000004/VIS_4_SW_data_16-June-2026_11 N=26 truth 15 (aborted, local 0.02) | iq 12 (err 3, m 0.00) | b1 15 (err 0, m 0.015) | b1free 15 (err 0)
[50] C000000004/VIS_4_SW_data_16-June-2026_11 N=26 truth 13 (aborted, local 0.02) | iq 19 (err 6, m 0.01) | b1 13 (err 0, m 0.005) | b1free 13 (err 0)
[51] C000000004/VIS_4_SW_data_16-June-2026_11 N=26 truth 15 (aborted, local 0.03) | iq  7 (err 8, m 0.00) | b1 15 (err 0, m 0.021) | b1free 16 (err 1)
[52] C000000004/VIS_4_SW_data_16-June-2026_11 N=26 truth 20 (aborted, local 0.03) | iq 19 (err 1, m 0.02) | b1 20 (err 0, m 0.007) | b1free 20 (err 0)
[53] C000000004/VIS_4_SW_data_16-June-2026_11 N=26 truth  5 (aborted, local 0.08) | iq  5 (err 0, m 0.05) | b1  5 (err 0, m 0.008) | b1free  5 (err 0)
[54] C000000004/VIS_4_SW_data_16-June-2026_11 N=26 truth 14 (aborted, local 0.09) | iq 14 (err 0, m 0.05) | b1 14 (err 0, m 0.011) | b1free 14 (err 0)
[55] C000000004/VIS_4_SW_data_16-June-2026_11 N=26 truth  8 (aborted, local 0.03) | iq  8 (err 0, m 0.02) | b1  8 (err 0, m 0.002) | b1free  8 (err 0)
[56] C000000004/VIS_4_SW_data_16-June-2026_11 N=26 truth  2 (aborted, local 0.04) | iq  2 (err 0, m 0.01) | b1  1 (err 1, m 0.004) | b1free  2 (err 0)
[57] C000000004/VIS_4_SW_data_16-June-2026_11 N=26 truth  1 (aborted, local 0.02) | iq  9 (err 8, m 0.01) | b1 24 (err 3, m 0.001) | b1free 24 (err 3)
[58] C000000004/VIS_4_SW_data_16-June-2026_11 N=26 truth  8 (aborted, local 0.03) | iq  8 (err 0, m 0.01) | b1  8 (err 0, m 0.005) | b1free  8 (err 0)
[59] C000000004/VIS_4_SW_data_16-June-2026_11 N=26 truth 16 (aborted, local 0.03) | iq 16 (err 0, m 0.01) | b1 16 (err 0, m 0.004) | b1free 16 (err 0)
[60] C000000004/VIS_4_SW_data_16-June-2026_11 N=26 truth 12 (aborted, local 0.05) | iq 12 (err 0, m 0.03) | b1 12 (err 0, m 0.012) | b1free 12 (err 0)
[61] C000000004/VIS_4_SW_data_16-June-2026_11 N=26 truth 22 (aborted, local 0.02) | iq 22 (err 0, m 0.02) | b1 22 (err 0, m 0.004) | b1free 22 (err 0)
[62] C000000005/VIS-005_SW_data_19-June-2026_ N=26 truth 11 (aborted, local 0.00) | iq 15 (err 4, m 0.02) | b1  - (err -, m nan) | b1free  - (err -)
[63] C000000005/VIS-005_SW_data_19-June-2026_ N=26 truth  8 (aborted, local 0.00) | iq  7 (err 1, m 0.00) | b1  - (err -, m nan) | b1free  - (err -)
[64] C000000005/VIS-005_SW_data_19-June-2026_ N=26 truth 20 (aborted, local 0.02) | iq 11 (err 9, m 0.01) | b1  - (err -, m nan) | b1free  - (err -)
[65] C000000005/VIS-005_SW_data_19-June-2026_ N=26 truth 15 (aborted, local 0.03) | iq 15 (err 0, m 0.01) | b1  - (err -, m nan) | b1free  - (err -)
[66] C000000005/VIS-005_SW_data_19-June-2026_ N=26 truth 18 (aborted, local 0.03) | iq  9 (err 9, m 0.02) | b1  - (err -, m nan) | b1free  - (err -)
[67] C000000005/VIS-005_SW_data_19-June-2026_ N=26 truth  5 (aborted, local 0.13) | iq  5 (err 0, m 0.00) | b1  - (err -, m nan) | b1free  - (err -)
[68] C000000005/VIS-005_SW_data_19-June-2026_ N=26 truth  7 (aborted, local 0.01) | iq  6 (err 1, m 0.06) | b1  7 (err 0, m 0.004) | b1free  8 (err 1)
[69] C000000005/VIS-005_SW_data_19-June-2026_ N=26 truth 13 (aborted, local 0.16) | iq 13 (err 0, m 0.04) | b1 13 (err 0, m 0.016) | b1free 13 (err 0)
[70] C000000005/VIS-005_SW_data_19-June-2026_ N=26 truth  8 (aborted, local 0.01) | iq  4 (err 4, m 0.00) | b1  - (err -, m nan) | b1free  - (err -)
[71] C000000005/VIS-005_SW_data_19-June-2026_ N=26 truth 16 (aborted, local 0.02) | iq 15 (err 1, m 0.02) | b1  - (err -, m nan) | b1free  - (err -)
[72] C000000005/VIS-005_SW_data_19-June-2026_ N=26 truth 11 (clean, local 0.02) | iq  9 (err 2, m 0.07) | b1  - (err -, m nan) | b1free  - (err -)
[73] C000000005/VIS-005_SW_data_19-June-2026_ N=26 truth 14 (aborted, local 0.02) | iq  8 (err 6, m 0.01) | b1  - (err -, m nan) | b1free  - (err -)
[74] C000000007/VIS-007_SW_data_30-June-2026_ N=26 truth 20 (aborted, local 0.01) | iq  1 (err 7, m 0.02) | b1  - (err -, m nan) | b1free  - (err -)
[75] C000000007/VIS-007_SW_data_30-June-2026_ N=26 truth  7 (aborted, local 0.00) | iq  6 (err 1, m 0.07) | b1  - (err -, m nan) | b1free  - (err -)
[76] C000000007/VIS-007_SW_data_30-June-2026_ N=26 truth  6 (aborted, local 0.01) | iq  1 (err 5, m 0.02) | b1  - (err -, m nan) | b1free  - (err -)
[77] C000000007/VIS-007_SW_data_30-June-2026_ N=26 truth 10 (aborted, local 0.00) | iq 18 (err 8, m 0.01) | b1 10 (err 0, m 0.007) | b1free 10 (err 0)
[78] C000000007/VIS-007_SW_data_30-June-2026_ N=26 truth 25 (aborted, local 0.01) | iq  2 (err 3, m 0.02) | b1 25 (err 0, m 0.011) | b1free 25 (err 0)
[79] C000000007/VIS-007_SW_data_30-June-2026_ N=26 truth 21 (aborted, local 0.00) | iq 12 (err 9, m 0.01) | b1  - (err -, m nan) | b1free  - (err -)
[80] C000000007/VIS-007_SW_data_30-June-2026_ N=26 truth 10 (aborted, local 0.01) | iq 10 (err 0, m 0.00) | b1  - (err -, m nan) | b1free  - (err -)
[81] C000000008/VIS-010_SW_data_03-July-2026_ N=26 truth 21 (aborted, local 0.03) | iq 21 (err 0, m 0.00) | b1 21 (err 0, m 0.009) | b1free 21 (err 0)
[82] C000000008/VIS-010_SW_data_03-July-2026_ N=26 truth  5 (clean, local 0.01) | iq  3 (err 2, m 0.02) | b1  4 (err 1, m 0.008) | b1free  4 (err 1)
[83] C000000008/VIS-010_SW_data_03-July-2026_ N=26 truth 11 (aborted, local 0.03) | iq 17 (err 6, m 0.01) | b1 11 (err 0, m 0.015) | b1free 11 (err 0)
[84] C000000008/VIS-010_SW_data_03-July-2026_ N=26 truth 10 (aborted, local 0.06) | iq 10 (err 0, m 0.03) | b1 10 (err 0, m 0.020) | b1free 10 (err 0)
[85] C000000008/VIS-010_SW_data_03-July-2026_ N=26 truth  7 (aborted, local 0.07) | iq  7 (err 0, m 0.04) | b1  7 (err 0, m 0.014) | b1free  7 (err 0)
[86] C000000008/VIS-010_SW_data_03-July-2026_ N=26 truth 10 (aborted, local 0.01) | iq 17 (err 7, m 0.01) | b1 10 (err 0, m 0.008) | b1free 10 (err 0)
[87] C000000008/VIS-010_SW_data_03-July-2026_ N=26 truth 21 (aborted, local 0.01) | iq 14 (err 7, m 0.01) | b1 21 (err 0, m 0.006) | b1free 23 (err 2)
[88] C000000008/VIS-010_SW_data_03-July-2026_ N=26 truth 19 (aborted, local 0.04) | iq 19 (err 0, m 0.02) | b1 19 (err 0, m 0.009) | b1free 19 (err 0)
[89] C000000009/VIS-009_SW_data_03-July-2026_ N=26 truth 20 (aborted, local 0.06) | iq 20 (err 0, m 0.00) | b1 20 (err 0, m 0.017) | b1free 20 (err 0)
[90] C000000009/VIS-009_SW_data_03-July-2026_ N=26 truth  4 (aborted, local 0.10) | iq  4 (err 0, m 0.02) | b1  4 (err 0, m 0.022) | b1free  4 (err 0)
[91] C000000009/VIS-009_SW_data_03-July-2026_ N=26 truth 17 (aborted, local 0.01) | iq 19 (err 2, m 0.00) | b1 17 (err 0, m 0.029) | b1free 17 (err 0)
[92] C000000009/VIS-009_SW_data_03-July-2026_ N=26 truth 17 (aborted, local 0.01) | iq 21 (err 4, m 0.02) | b1 17 (err 0, m 0.040) | b1free 18 (err 1)
[93] C000000009/VIS-009_SW_data_03-July-2026_ N=26 truth 15 (clean, local 0.01) | iq 13 (err 2, m 0.00) | b1 14 (err 1, m 0.016) | b1free 14 (err 1)
[94] C000000009/VIS-009_SW_data_03-July-2026_ N=26 truth  5 (aborted, local 0.17) | iq  5 (err 0, m 0.13) | b1  5 (err 0, m 0.011) | b1free  5 (err 0)
[95] C000000009/VIS-009_SW_data_03-July-2026_ N=26 truth 22 (aborted, local 0.01) | iq 10 (err 12, m 0.00) | b1 22 (err 0, m 0.013) | b1free 22 (err 0)
[96] C000000009/VIS-009_SW_data_03-July-2026_ N=26 truth  5 (aborted, local 0.03) | iq  5 (err 0, m 0.00) | b1  5 (err 0, m 0.009) | b1free  5 (err 0)
[97] C000000009/VIS-009_SW_data_03-July-2026_ N=26 truth 25 (clean, local 0.00) | iq 12 (err 13, m 0.01) | b1 24 (err 1, m 0.015) | b1free 24 (err 1)
[98] C000000009/VIS-009_SW_data_03-July-2026_ N=26 truth 21 (clean, local 0.00) | iq 19 (err 2, m 0.03) | b1 20 (err 1, m 0.001) | b1free 21 (err 0)
[99] C000000009/VIS-009_SW_data_03-July-2026_ N=26 truth 15 (aborted, local 0.01) | iq 12 (err 3, m 0.00) | b1 15 (err 0, m 0.011) | b1free 16 (err 1)
[100] C000000010/vis-006_SW_data_30-June-2026_ N=26 truth  6 (clean, local 0.02) | iq  4 (err 2, m 0.02) | b1  5 (err 1, m 0.013) | b1free  5 (err 1)
[101] C000000010/vis-006_SW_data_30-June-2026_ N=26 truth 11 (aborted, local 0.02) | iq 11 (err 0, m 0.00) | b1 11 (err 0, m 0.012) | b1free 11 (err 0)
[102] C000000010/vis-006_SW_data_30-June-2026_ N=26 truth  6 (aborted, local 0.03) | iq  6 (err 0, m 0.01) | b1  - (err -, m nan) | b1free  - (err -)
[103] C000000010/vis-006_SW_data_30-June-2026_ N=26 truth  9 (aborted, local 0.03) | iq  9 (err 0, m 0.00) | b1  9 (err 0, m 0.003) | b1free  9 (err 0)
[104] C000000010/vis-006_SW_data_30-June-2026_ N=26 truth 25 (aborted, local 0.04) | iq 25 (err 0, m 0.01) | b1 25 (err 0, m 0.009) | b1free 25 (err 0)
[105] C000000010/vis-006_SW_data_30-June-2026_ N=26 truth  4 (aborted, local 0.04) | iq  4 (err 0, m 0.01) | b1  - (err -, m nan) | b1free  - (err -)
[106] C000000010/vis-006_SW_data_30-June-2026_ N=26 truth 12 (aborted, local 0.00) | iq 11 (err 1, m 0.03) | b1  - (err -, m nan) | b1free  - (err -)
[107] C000000010/vis-006_SW_data_30-June-2026_ N=26 truth 17 (clean, local 0.00) | iq 15 (err 2, m 0.04) | b1  7 (err 10, m 0.001) | b1free  9 (err 8)
[108] C000000010/vis-006_SW_data_30-June-2026_ N=26 truth 23 (clean, local 0.00) | iq 21 (err 2, m 0.03) | b1  - (err -, m nan) | b1free  - (err -)
[109] C000000011/VIS-11_SW_data_07-July-2026_0 N=32 truth  6 (aborted, local 0.14) | iq  6 (err 0, m 0.06) | b1  6 (err 0, m 0.032) | b1free  6 (err 0)
[110] C000000011/VIS-11_SW_data_07-July-2026_0 N=32 truth 10 (aborted, local 0.00) | iq  9 (err 1, m 0.01) | b1 10 (err 0, m 0.017) | b1free 10 (err 0)
[111] C000000011/VIS-11_SW_data_07-July-2026_0 N=32 truth  4 (aborted, local 0.10) | iq  4 (err 0, m 0.07) | b1  4 (err 0, m 0.010) | b1free  6 (err 2)
[112] C000000011/VIS-11_SW_data_07-July-2026_0 N=32 truth  4 (aborted, local 0.16) | iq  4 (err 0, m 0.13) | b1  4 (err 0, m 0.007) | b1free  6 (err 2)
[113] C000000011/VIS-11_SW_data_07-July-2026_0 N=32 truth 16 (aborted, local 0.10) | iq 16 (err 0, m 0.05) | b1 16 (err 0, m 0.008) | b1free 16 (err 0)
[114] C000000012/VIS-014_SW_data_07-July-2026_ N=32 truth  5 (aborted, local 0.12) | iq  5 (err 0, m 0.09) | b1  - (err -, m nan) | b1free  - (err -)
[115] C000000012/VIS-014_SW_data_07-July-2026_ N=32 truth 28 (aborted, local 0.01) | iq 27 (err 1, m 0.01) | b1 29 (err 1, m 0.013) | b1free 29 (err 1)
[116] C000000012/VIS-014_SW_data_07-July-2026_ N=32 truth 15 (aborted, local 0.05) | iq 15 (err 0, m 0.01) | b1 15 (err 0, m 0.009) | b1free 15 (err 0)
[117] C000000012/VIS-014_SW_data_07-July-2026_ N=32 truth 31 (aborted, local 0.07) | iq 31 (err 0, m 0.02) | b1 31 (err 0, m 0.021) | b1free 31 (err 0)
[118] C000000012/VIS-014_SW_data_07-July-2026_ N=32 truth 21 (aborted, local 0.10) | iq 21 (err 0, m 0.06) | b1  - (err -, m nan) | b1free  - (err -)
[119] C000000013/VIS-016_SW_data_10-July-2026_ N=32 truth  8 (aborted, local 0.19) | iq  8 (err 0, m 0.12) | b1  8 (err 0, m 0.007) | b1free  8 (err 0)
[120] C000000013/VIS-016_SW_data_10-July-2026_ N=32 truth  1 (clean, local 0.03) | iq 31 (err 2, m 0.08) | b1  2 (err 1, m 0.000) | b1free  4 (err 3)
[121] C000000013/VIS-016_SW_data_10-July-2026_ N=32 truth 23 (aborted, local 0.04) | iq 23 (err 0, m 0.03) | b1 23 (err 0, m 0.003) | b1free 23 (err 0)
[122] C000000014/VIS-008_SW_data_10-July-2026_ N=32 truth 17 (aborted, local 0.04) | iq 24 (err 7, m 0.00) | b1 17 (err 0, m 0.023) | b1free 17 (err 0)
[123] C000000014/VIS-008_SW_data_10-July-2026_ N=32 truth 24 (aborted, local 0.03) | iq 17 (err 7, m 0.02) | b1 24 (err 0, m 0.024) | b1free 24 (err 0)
[124] C000000015/VIS-017_SW_data_10-July-2026_ N=32 truth 30 (aborted, local 0.24) | iq 30 (err 0, m 0.01) | b1 30 (err 0, m 0.085) | b1free 30 (err 0)
[125] C000000015/VIS-017_SW_data_10-July-2026_ N=32 truth 10 (aborted, local 0.03) | iq 17 (err 7, m 0.00) | b1 10 (err 0, m 0.007) | b1free 12 (err 2)
[126] C000000015/VIS-017_SW_data_10-July-2026_ N=32 truth 21 (aborted, local 0.01) | iq 20 (err 1, m 0.07) | b1 21 (err 0, m 0.061) | b1free 21 (err 0)
[127] C000000015/VIS-017_SW_data_10-July-2026_ N=32 truth 13 (clean, local 0.08) | iq  1 (err 12, m 0.00) | b1 12 (err 1, m 0.069) | b1free 12 (err 1)
[128] C000000015/VIS-017_SW_data_10-July-2026_ N=32 truth  8 (clean, local 0.04) | iq  2 (err 6, m 0.01) | b1  7 (err 1, m 0.026) | b1free  7 (err 1)
[129] C000000016/VIS-015_SW_data_10-July-2026_ N=32 truth 23 (aborted, local 0.09) | iq 23 (err 0, m 0.02) | b1 23 (err 0, m 0.039) | b1free 23 (err 0)
[130] C000000016/VIS-015_SW_data_10-July-2026_ N=32 truth  1 (aborted, local 0.01) | iq  0 (err 1, m 0.06) | b1  1 (err 0, m 0.001) | b1free  3 (err 2)
[131] C000000016/VIS-015_SW_data_10-July-2026_ N=32 truth 30 (aborted, local 0.04) | iq 30 (err 0, m 0.03) | b1 30 (err 0, m 0.003) | b1free 30 (err 0)
[132] C000000017/VIS-013_SW_data_07-July-2026_ N=32 truth  1 (clean, local 0.02) | iq 31 (err 2, m 0.03) | b1  - (err -, m nan) | b1free  - (err -)
[133] C000000017/VIS-013_SW_data_07-July-2026_ N=32 truth 11 (aborted, local 0.00) | iq 10 (err 1, m 0.07) | b1 11 (err 0, m 0.002) | b1free 11 (err 0)
[134] C000000017/VIS-013_SW_data_07-July-2026_ N=32 truth 27 (aborted, local 0.00) | iq 26 (err 1, m 0.07) | b1  - (err -, m nan) | b1free  - (err -)
[135] C000000018/VIS-012_SW_data_07-July-2026_ N=32 truth 10 (aborted, local 0.04) | iq 10 (err 0, m 0.04) | b1 10 (err 0, m 0.004) | b1free 10 (err 0)
[136] C000000020/VIS-026_SW_data_21-July-2026_ N=32 truth  1 (aborted, local 0.03) | iq  0 (err 1, m 0.09) | b1  3 (err 2, m 0.000) | b1free  2 (err 1)
[137] C000000020/VIS-026_SW_data_21-July-2026_ N=32 truth  2 (aborted, local 0.11) | iq  2 (err 0, m 0.07) | b1  2 (err 0, m 0.009) | b1free  2 (err 0)
[138] C000000020/VIS-026_SW_data_21-July-2026_ N=32 truth 14 (aborted, local 0.01) | iq 18 (err 4, m 0.00) | b1 17 (err 3, m 0.001) | b1free 16 (err 2)
[139] C000000020/VIS-026_SW_data_21-July-2026_ N=32 truth 22 (aborted, local 0.01) | iq 21 (err 1, m 0.05) | b1 23 (err 1, m 0.005) | b1free 24 (err 2)
[140] C000000021/VIS-024_SW_data_17-July-2026_ N=32 truth 21 (aborted, local 0.08) | iq 21 (err 0, m 0.02) | b1 21 (err 0, m 0.015) | b1free 21 (err 0)
[141] C000000021/VIS-024_SW_data_17-July-2026_ N=32 truth 31 (aborted, local 0.11) | iq 31 (err 0, m 0.08) | b1 31 (err 0, m 0.009) | b1free  0 (err 1)
[142] C000000021/VIS-024_SW_data_17-July-2026_ N=32 truth 19 (aborted, local 0.00) | iq 18 (err 1, m 0.12) | b1 13 (err 6, m 0.001) | b1free 15 (err 4)
[143] C000000022/VIS-023_SW_data_17-July-2026_ N=32 truth 11 (aborted, local 0.16) | iq 11 (err 0, m 0.10) | b1 11 (err 0, m 0.007) | b1free 12 (err 1)
[144] C000000022/VIS-023_SW_data_17-July-2026_ N=32 truth 18 (aborted, local 0.16) | iq 18 (err 0, m 0.09) | b1 18 (err 0, m 0.018) | b1free 18 (err 0)
[145] C000000024/VIS-021_SW_data_14-July-2026_ N=32 truth 13 (aborted, local 0.01) | iq 12 (err 1, m 0.03) | b1 13 (err 0, m 0.038) | b1free 13 (err 0)
-> D:\Luuk van Knippenberg\Github\shearWaveProcessing\study\logs\buffer3_unwrap_calibration.csv
