[1/301] C000000001/SWE_01_SW_data_21-April-202 N=26 RR 712 best stop  6 (ret) delta -18 score 0.871 | no-rot delta -26 0.717 | current 0.714 | ceiling 0.869 | R-frame fit R+nan b1-match R+346
[2/301] C000000002/SWE02_SW_data_28-April-2026 N=26 RR 1173 best stop 14 (---) delta -28 score 0.967 | no-rot delta -44 0.869 | current 0.865 | ceiling 0.968 | R-frame fit R+450 b1-match R+453
[3/301] C000000003/VIS_03_SW_data_16-June-2026 N=26 RR 998 best stop  1 (ret) delta -14 score 0.948 | no-rot delta -52 0.948 | current 0.943 | ceiling 0.956 | R-frame fit R+948 b1-match R+932
[4/301] C000000004/VIS_4_SW_data_16-June-2026_ N=26 RR 798 best stop 10 (---) delta -22 score 0.941 | no-rot delta -60 0.922 | current 0.919 | ceiling 0.953 | R-frame fit R+602 b1-match R+654
[5/301] C000000005/VIS-005_SW_data_19-June-202 N=26 RR 240 best stop 10 (---) delta -16 score 0.927 | no-rot delta +64 0.923 | current 0.914 | ceiling 0.956 | R-frame fit R+76 b1-match R+85
[6/301] C000000007/VIS-007_SW_data_30-June-202 N=26 RR 321 best stop 22 (---) delta -50 score 0.951 | no-rot delta +58 0.945 | current 0.939 | ceiling 0.961 | R-frame fit R+102 b1-match R+1131
[7/301] C000000008/VIS-010_SW_data_03-July-202 N=26 RR 793 best stop 12 (---) delta +54 score 0.964 | no-rot delta -60 0.928 | current 0.926 | ceiling 0.968 | R-frame fit R+625 b1-match R+623
[8/301] C000000010/vis-006_SW_data_30-June-202 N=26 RR 723 best stop 16 (ret) delta -46 score 0.938 | no-rot delta +42 0.912 | current 0.910 | ceiling 0.951 | R-frame fit R+347 b1-match R+350
[9/301] C000000011/VIS-11_SW_data_07-July-2026 N=32 RR 827 best stop 20 (---) delta -18 score 0.929 | no-rot delta -26 0.871 | current 0.869 | ceiling 0.936 | R-frame fit R+45 b1-match R+597
[10/301] C000000012/VIS-014_SW_data_07-July-202 N=32 RR 240 best stop  4 (---) delta +58 score 0.898 | no-rot delta +54 0.890 | current 0.880 | ceiling 0.945 | R-frame fit R+202 b1-match R+134
[11/301] C000000013/VIS-016_SW_data_10-July-202 N=32 RR 697 best stop 21 (ret) delta -20 score 0.939 | no-rot delta -60 0.889 | current 0.872 | ceiling 0.947 | R-frame fit R+418 b1-match R+418
[12/301] C000000014/VIS-008_SW_data_10-July-202 N=32 RR 259 best stop 11 (ret) delta +48 score 0.940 | no-rot delta -28 0.861 | current 0.860 | ceiling 0.967 | R-frame fit R+648 b1-match R+646
[13/301] C000000015/VIS-017_SW_data_10-July-202 N=32 RR 665 best stop 24 (---) delta -34 score 0.892 | no-rot delta +76 0.793 | current 0.784 | ceiling 0.934 | R-frame fit R+480 b1-match R+489
[14/301] C000000016/VIS-015_SW_data_10-July-202 N=32 RR 856 best stop  3 (---) delta -26 score 0.954 | no-rot delta -60 0.889 | current 0.857 | ceiling 0.957 | R-frame fit R+725 b1-match R+713
[15/301] C000000018/VIS-012_SW_data_07-July-202 N=32 RR 700 best stop  7 (---) delta -18 score 0.938 | no-rot delta -22 0.890 | current 0.888 | ceiling 0.952 | R-frame fit R+272 b1-match R+268
[16/301] C000000019/VIS-027_SW_data_21-July-202 N=32 RR 1231 best stop 28 (---) delta +20 score 0.954 | no-rot delta +80 0.874 | current 0.828 | ceiling 0.955 | R-frame fit R+163 b1-match R+148
[17/301] C000000020/VIS-026_SW_data_21-July-202 N=32 RR 1299 best stop 21 (ret) delta +40 score 0.946 | no-rot delta +80 0.893 | current 0.888 | ceiling 0.958 | R-frame fit R+468 b1-match R+306
[18/301] C000000021/VIS-024_SW_data_17-July-202 N=32 RR 827 best stop 22 (---) delta -18 score 0.951 | no-rot delta -54 0.895 | current 0.889 | ceiling 0.956 | R-frame fit R+373 b1-match R+295
[19/301] C000000022/VIS-023_SW_data_17-July-202 N=32 RR 904 best stop 17 (---) delta -18 score 0.945 | no-rot delta +80 0.894 | current 0.885 | ceiling 0.955 | R-frame fit R+210 b1-match R+226
[20/301] C000000023/VIS-022_SW_data_14-July-202 N=32 RR 815 best stop  3 (---) delta -26 score 0.939 | no-rot delta -60 0.875 | current 0.848 | ceiling 0.951 | R-frame fit R+673 b1-match R+617
[21/301] C000000025/VIS-025_SW_data_21-July-202 N=32 RR 792 best stop 10 (---) delta -60 score 0.933 | no-rot delta -40 0.866 | current 0.855 | ceiling 0.939 | R-frame fit R+386 b1-match R+398
[22/301] C000000026/VIS-020_SW_data_14-July-202 N=32 RR 834 best stop 23 (---) delta -24 score 0.967 | no-rot delta -48 0.927 | current 0.924 | ceiling 0.968 | R-frame fit R+350 b1-match R+320
[23/301] C000000027/VIS-019_SW_data_14-July-202 N=32 RR 921 best stop 30 (---) delta -24 score 0.950 | no-rot delta +54 0.937 | current 0.876 | ceiling 0.955 | R-frame fit R+49 b1-match R+52
[24/301] C000000028/VIS-018_SW_data_14-July-202 N=32 RR 1092 best stop 17 (---) delta -34 score 0.917 | no-rot delta -50 0.732 | current 0.721 | ceiling 0.926 | R-frame fit R+559 b1-match R+564
[25/301] C000000029/VIS-031_SW_data_24-July-202 N=32 RR 850 best stop 23 (---) delta -22 score 0.959 | no-rot delta -60 0.825 | current 0.804 | ceiling 0.964 | R-frame fit R+343 b1-match R+345
[26/301] C000000030/VIS-029_SW_data_24-July-202 N=32 RR 831 best stop 25 (---) delta -18 score 0.957 | no-rot delta +76 0.907 | current 0.900 | ceiling 0.961 | R-frame fit R+259 b1-match R+271
[27/301] C000000031/VIS-032_SW_data_24-July-202 N=32 RR 889 best stop 27 (---) delta +52 score 0.942 | no-rot delta +78 0.927 | current 0.922 | ceiling 0.954 | R-frame fit R+256 b1-match R+246
[28/301] C000000032/VIS-030_SW_data_24-July-202 N=32 RR 782 best stop 16 (ret) delta -20 score 0.937 | no-rot delta +78 0.916 | current 0.910 | ceiling 0.945 | R-frame fit R+150 b1-match R+187
[29/301] C000000033/VIS-028_SW_data_24-July-202 N=32 RR 1182 best stop 17 (---) delta +46 score 0.863 | no-rot delta +80 0.811 | current 0.805 | ceiling 0.894 | R-frame fit R+632 b1-match R+316
[30/301] C000000035/VIS-044_SW_data_07-August-2 N=32 RR 1151 best stop 24 (---) delta -24 score 0.925 | no-rot delta +76 0.897 | current 0.892 | ceiling 0.947 | R-frame fit R+279 b1-match R+450
[31/301] C000000036/VIS-043_SW_data_07-August-2 N=32 RR 835 best stop 15 (---) delta -12 score 0.917 | no-rot delta +42 0.912 | current 0.911 | ceiling 0.924 | R-frame fit R+203 b1-match R+151
[32/301] C000000037/VIS-042_SW_data_07-August-2 N=32 RR 1056 best stop 30 (---) delta -40 score 0.960 | no-rot delta +40 0.956 | current 0.954 | ceiling 0.967 | R-frame fit R+30 b1-match R+714
[33/301] C000000039/VIS-040_SW_data_04-August-2 N=32 RR 825 best stop  1 (ret) delta -56 score 0.924 | no-rot delta -56 0.920 | current 0.913 | ceiling 0.947 | R-frame fit R+473 b1-match R+204
[34/301] C000000040/VIS-039_SW_data_04-August-2 N=32 RR 950 best stop 19 (---) delta +58 score 0.958 | no-rot delta +74 0.919 | current 0.917 | ceiling 0.961 | R-frame fit R+585 b1-match R+666
[35/301] C000000042/VIS-036_SW_data_28-July-202 N=32 RR 888 best stop 23 (---) delta -22 score 0.963 | no-rot delta +4 0.914 | current 0.912 | ceiling 0.966 | R-frame fit R+336 b1-match R+320
[36/301] C000000044/VIS-034_SW_data_28-July-202 N=32 RR 1011 best stop 27 (---) delta -12 score 0.966 | no-rot delta +74 0.954 | current 0.951 | ceiling 0.970 | R-frame fit R+181 b1-match R+166
[37/301] C000000045/VIS-033_SW_data_28-July-202 N=32 RR 1113 best stop 21 (ret) delta +40 score 0.885 | no-rot delta +54 0.855 | current 0.852 | ceiling 0.899 | R-frame fit R+473 b1-match R+301
[38/301] C000000001/SWE_01_SW_data_21-April-202 N=26 RR 715 best stop  4 (---) delta -18 score 0.950 | no-rot delta -60 0.751 | current 0.714 | ceiling 0.956 | R-frame fit R+530 b1-match R+522
[39/301] C000000001/SWE_01_SW_data_21-April-202 N=26 RR 764 best stop  7 (---) delta -36 score 0.945 | no-rot delta -50 0.789 | current 0.764 | ceiling 0.953 | R-frame fit R+698 b1-match R+689
[40/301] C000000001/SWE_01_SW_data_21-April-202 N=26 RR 766 best stop 25 (---) delta -26 score 0.957 | no-rot delta +14 0.953 | current 0.940 | ceiling 0.962 | R-frame fit R+8 b1-match R+8
[41/301] C000000001/SWE_01_SW_data_21-April-202 N=26 RR 762 best stop  3 (---) delta -28 score 0.958 | no-rot delta -60 0.845 | current 0.822 | ceiling 0.960 | R-frame fit R+596 b1-match R+592
[42/301] C000000001/SWE_01_SW_data_21-April-202 N=26 RR 772 best stop 24 (---) delta -58 score 0.939 | no-rot delta +16 0.929 | current 0.914 | ceiling 0.953 | R-frame fit R+16 b1-match R+10
[43/301] C000000001/SWE_01_SW_data_21-April-202 N=26 RR 789 best stop  3 (---) delta -60 score 0.957 | no-rot delta -60 0.857 | current 0.836 | ceiling 0.960 | R-frame fit R+624 b1-match R+624
[44/301] C000000001/SWE_01_SW_data_21-April-202 N=26 RR 791 best stop 26 (ret) delta -60 score 0.949 | no-rot delta -60 0.949 | current 0.935 | ceiling 0.954 | R-frame fit R+747 b1-match R+733
[45/301] C000000001/SWE_01_SW_data_21-April-202 N=26 RR 765 best stop 15 (---) delta -26 score 0.952 | no-rot delta +72 0.877 | current 0.871 | ceiling 0.956 | R-frame fit R+390 b1-match R+389
[46/301] C000000001/SWE_01_SW_data_21-April-202 N=26 RR 760 best stop 20 (---) delta -30 score 0.958 | no-rot delta +78 0.884 | current 0.872 | ceiling 0.960 | R-frame fit R+212 b1-match R+219
[47/301] C000000001/SWE_01_SW_data_21-April-202 N=26 RR 804 best stop  7 (---) delta -60 score 0.955 | no-rot delta -60 0.854 | current 0.843 | ceiling 0.961 | R-frame fit R+465 b1-match R+462
[48/301] C000000001/SWE_01_SW_data_21-April-202 N=26 RR 844 best stop 21 (ret) delta -28 score 0.958 | no-rot delta +74 0.924 | current 0.918 | ceiling 0.960 | R-frame fit R+179 b1-match R+184
[49/301] C000000001/SWE_01_SW_data_21-April-202 N=26 RR 776 best stop 22 (---) delta -60 score 0.941 | no-rot delta +80 0.931 | current 0.899 | ceiling 0.953 | R-frame fit R+94 b1-match R+49
[50/301] C000000001/SWE_01_SW_data_21-April-202 N=26 RR 805 best stop 21 (ret) delta +80 score 0.884 | no-rot delta +78 0.874 | current 0.868 | ceiling 0.914 | R-frame fit R+268 b1-match R+495
[51/301] C000000002/SWE02_SW_data_28-April-2026 N=26 RR 1158 best stop  1 (ret) delta -24 score 0.971 | no-rot delta -58 0.965 | current 0.948 | ceiling 0.974 | R-frame fit R+1114 b1-match R+1169
[52/301] C000000002/SWE02_SW_data_28-April-2026 N=26 RR 1267 best stop 16 (ret) delta -26 score 0.969 | no-rot delta +74 0.868 | current 0.857 | ceiling 0.968 | R-frame fit R+368 b1-match R+355
[53/301] C000000002/SWE02_SW_data_28-April-2026 N=26 RR 1311 best stop 14 (---) delta -20 score 0.972 | no-rot delta +80 0.915 | current 0.892 | ceiling 0.971 | R-frame fit R+766 b1-match R+787
[54/301] C000000002/SWE02_SW_data_28-April-2026 N=26 RR 1305 best stop 25 (---) delta -26 score 0.969 | no-rot delta +14 0.967 | current 0.962 | ceiling 0.970 | R-frame fit R+45 b1-match R+41
[55/301] C000000002/SWE02_SW_data_28-April-2026 N=26 RR 1191 best stop 18 (---) delta +18 score 0.965 | no-rot delta +80 0.867 | current 0.858 | ceiling 0.966 | R-frame fit R+338 b1-match R+337
[56/301] C000000002/SWE02_SW_data_28-April-2026 N=26 RR 1173 best stop 21 (ret) delta -12 score 0.940 | no-rot delta +80 0.850 | current 0.790 | ceiling 0.937 | R-frame fit R+198 b1-match R+182
[57/301] C000000002/SWE02_SW_data_28-April-2026 N=26 RR 1231 best stop 20 (---) delta -24 score 0.957 | no-rot delta +80 0.876 | current 0.851 | ceiling 0.957 | R-frame fit R+216 b1-match R+212
[58/301] C000000002/SWE02_SW_data_28-April-2026 N=26 RR 1275 best stop 17 (---) delta -30 score 0.928 | no-rot delta +80 0.727 | current 0.703 | ceiling 0.929 | R-frame fit R+338 b1-match R+333
[59/301] C000000002/SWE02_SW_data_28-April-2026 N=26 RR 1237 best stop  8 (---) delta +14 score 0.970 | no-rot delta -60 0.876 | current 0.862 | ceiling 0.971 | R-frame fit R+826 b1-match R+840
[60/301] C000000002/SWE02_SW_data_28-April-2026 N=26 RR 1180 best stop 22 (---) delta -28 score 0.970 | no-rot delta +68 0.944 | current 0.920 | ceiling 0.969 | R-frame fit R+122 b1-match R+125
[61/301] C000000002/SWE02_SW_data_28-April-2026 N=26 RR 1288 best stop 17 (---) delta +14 score 0.944 | no-rot delta +26 0.895 | current 0.891 | ceiling 0.939 | R-frame fit R+599 b1-match R+594
[62/301] C000000002/SWE02_SW_data_28-April-2026 N=26 RR 1217 best stop  8 (---) delta -22 score 0.967 | no-rot delta +78 0.911 | current 0.906 | ceiling 0.970 | R-frame fit R+855 b1-match R+854
[63/301] C000000002/SWE02_SW_data_28-April-2026 N=26 RR 1218 best stop 13 (---) delta -30 score 0.947 | no-rot delta -32 0.847 | current 0.840 | ceiling 0.953 | R-frame fit R+626 b1-match R+629
[64/301] C000000002/SWE02_SW_data_28-April-2026 N=26 RR 1097 best stop 11 (ret) delta -32 score 0.954 | no-rot delta -38 0.857 | current 0.851 | ceiling 0.955 | R-frame fit R+730 b1-match R+781
[65/301] C000000003/VIS_03_SW_data_16-June-2026 N=26 RR 959 best stop 16 (ret) delta +78 score 0.929 | no-rot delta +80 0.917 | current 0.912 | ceiling 0.943 | R-frame fit R+478 b1-match R+505
[66/301] C000000003/VIS_03_SW_data_16-June-2026 N=26 RR 979 best stop 10 (---) delta +42 score 0.943 | no-rot delta -38 0.914 | current 0.911 | ceiling 0.960 | R-frame fit R+656 b1-match R+815
[67/301] C000000003/VIS_03_SW_data_16-June-2026 N=26 RR 983 best stop 24 (---) delta +40 score 0.952 | no-rot delta +80 0.948 | current 0.934 | ceiling 0.958 | R-frame fit R+134 b1-match R+130
[68/301] C000000003/VIS_03_SW_data_16-June-2026 N=26 RR 957 best stop  7 (---) delta -52 score 0.962 | no-rot delta -58 0.934 | current 0.932 | ceiling 0.965 | R-frame fit R+695 b1-match R+670
[69/301] C000000003/VIS_03_SW_data_16-June-2026 N=26 RR 922 best stop  5 (---) delta +58 score 0.959 | no-rot delta -60 0.949 | current 0.940 | ceiling 0.966 | R-frame fit R+759 b1-match R+843
[70/301] C000000003/VIS_03_SW_data_16-June-2026 N=26 RR 969 best stop 19 (---) delta +56 score 0.954 | no-rot delta +78 0.936 | current 0.934 | ceiling 0.959 | R-frame fit R+336 b1-match R+378
[71/301] C000000003/VIS_03_SW_data_16-June-2026 N=26 RR 905 best stop 15 (---) delta -14 score 0.934 | no-rot delta +74 0.901 | current 0.896 | ceiling 0.946 | R-frame fit R+282 b1-match R+342
[72/301] C000000003/VIS_03_SW_data_16-June-2026 N=26 RR 983 best stop 24 (---) delta -18 score 0.958 | no-rot delta +54 0.957 | current 0.950 | ceiling 0.960 | R-frame fit R+43 b1-match R+37
[73/301] C000000003/VIS_03_SW_data_16-June-2026 N=26 RR 1018 best stop 19 (---) delta +66 score 0.935 | no-rot delta +64 0.921 | current 0.919 | ceiling 0.949 | R-frame fit R+338 b1-match R+419
[74/301] C000000003/VIS_03_SW_data_16-June-2026 N=26 RR 985 best stop 20 (---) delta +18 score 0.946 | no-rot delta +80 0.939 | current 0.931 | ceiling 0.960 | R-frame fit R+214 b1-match R+499
[75/301] C000000003/VIS_03_SW_data_16-June-2026 N=26 RR 959 best stop 18 (---) delta +26 score 0.955 | no-rot delta -36 0.927 | current 0.925 | ceiling 0.962 | R-frame fit R+278 b1-match R+270
[76/301] C000000003/VIS_03_SW_data_16-June-2026 N=26 RR 983 best stop 22 (---) delta +52 score 0.935 | no-rot delta +72 0.929 | current 0.925 | ceiling 0.944 | R-frame fit R+228 b1-match R+524
[77/301] C000000003/VIS_03_SW_data_16-June-2026 N=26 RR 977 best stop  5 (---) delta +38 score 0.955 | no-rot delta -60 0.942 | current 0.937 | ceiling 0.966 | R-frame fit R+880 b1-match R+107
[78/301] C000000003/VIS_03_SW_data_16-June-2026 N=26 RR 978 best stop 11 (ret) delta +76 score 0.941 | no-rot delta -42 0.933 | current 0.932 | ceiling 0.959 | R-frame fit R+654 b1-match R+838
[79/301] C000000004/VIS_4_SW_data_16-June-2026_ N=26 RR 809 best stop 15 (---) delta -30 score 0.971 | no-rot delta +80 0.931 | current 0.927 | ceiling 0.974 | R-frame fit R+413 b1-match R+410
[80/301] C000000004/VIS_4_SW_data_16-June-2026_ N=26 RR 793 best stop 12 (---) delta -52 score 0.952 | no-rot delta +80 0.934 | current 0.929 | ceiling 0.960 | R-frame fit R+233 b1-match R+282
[81/301] C000000004/VIS_4_SW_data_16-June-2026_ N=26 RR 810 best stop 15 (---) delta -8 score 0.967 | no-rot delta +76 0.903 | current 0.902 | ceiling 0.971 | R-frame fit R+210 b1-match R+192
[82/301] C000000004/VIS_4_SW_data_16-June-2026_ N=26 RR 812 best stop 20 (---) delta -24 score 0.930 | no-rot delta +50 0.920 | current 0.917 | ceiling 0.939 | R-frame fit R+228 b1-match R+249
[83/301] C000000004/VIS_4_SW_data_16-June-2026_ N=26 RR 798 best stop  5 (---) delta -18 score 0.935 | no-rot delta +58 0.917 | current 0.915 | ceiling 0.948 | R-frame fit R+563 b1-match R+89
[84/301] C000000004/VIS_4_SW_data_16-June-2026_ N=26 RR 800 best stop 14 (---) delta -30 score 0.943 | no-rot delta +52 0.920 | current 0.918 | ceiling 0.949 | R-frame fit R+229 b1-match R+394
[85/301] C000000004/VIS_4_SW_data_16-June-2026_ N=26 RR 781 best stop  9 (---) delta -54 score 0.946 | no-rot delta -50 0.939 | current 0.936 | ceiling 0.957 | R-frame fit R+598 b1-match R+60
[86/301] C000000004/VIS_4_SW_data_16-June-2026_ N=26 RR 786 best stop  2 (---) delta +10 score 0.933 | no-rot delta -56 0.932 | current 0.926 | ceiling 0.943 | R-frame fit R+738 b1-match R+705
[87/301] C000000004/VIS_4_SW_data_16-June-2026_ N=26 RR 780 best stop 26 (ret) delta +70 score 0.929 | no-rot delta +70 0.929 | current 0.928 | ceiling 0.949 | R-frame fit R+77 b1-match R+624
[88/301] C000000004/VIS_4_SW_data_16-June-2026_ N=26 RR 800 best stop  8 (---) delta -34 score 0.956 | no-rot delta -58 0.944 | current 0.941 | ceiling 0.962 | R-frame fit R+465 b1-match R+478
[89/301] C000000004/VIS_4_SW_data_16-June-2026_ N=26 RR 800 best stop 16 (ret) delta -12 score 0.961 | no-rot delta +78 0.953 | current 0.950 | ceiling 0.968 | R-frame fit R+396 b1-match R+233
[90/301] C000000004/VIS_4_SW_data_16-June-2026_ N=26 RR 779 best stop 12 (---) delta -24 score 0.960 | no-rot delta -56 0.940 | current 0.938 | ceiling 0.963 | R-frame fit R+324 b1-match R+334
[91/301] C000000004/VIS_4_SW_data_16-June-2026_ N=26 RR 799 best stop 22 (---) delta -14 score 0.964 | no-rot delta +74 0.959 | current 0.956 | ceiling 0.966 | R-frame fit R+149 b1-match R+136
[92/301] C000000005/VIS-005_SW_data_19-June-202 N=26 RR 241 best stop 23 (---) delta +18 score 0.922 | no-rot delta +74 0.920 | current 0.914 | ceiling 0.948 | R-frame fit R+84 b1-match R+67
[93/301] C000000005/VIS-005_SW_data_19-June-202 N=26 RR 240 best stop 12 (---) delta +24 score 0.936 | no-rot delta +66 0.933 | current 0.926 | ceiling 0.970 | R-frame fit R+89 b1-match R+158
[94/301] C000000005/VIS-005_SW_data_19-June-202 N=26 RR 821 best stop 15 (---) delta +24 score 0.944 | no-rot delta -54 0.943 | current 0.941 | ceiling 0.969 | R-frame fit R+173 b1-match R+262
[95/301] C000000005/VIS-005_SW_data_19-June-202 N=26 RR 798 best stop 22 (---) delta +44 score 0.952 | no-rot delta -38 0.952 | current 0.948 | ceiling 0.971 | R-frame fit R+200 b1-match R+246
[96/301] C000000005/VIS-005_SW_data_19-June-202 N=26 RR 259 best stop  9 (---) delta +50 score 0.952 | no-rot delta -60 0.937 | current 0.933 | ceiling 0.963 | R-frame fit R+188 b1-match R+150
[97/301] C000000005/VIS-005_SW_data_19-June-202 N=26 RR 281 best stop  6 (ret) delta +66 score 0.870 | no-rot delta -58 0.844 | current 0.831 | ceiling 0.913 | R-frame fit R+93 b1-match R+466
[98/301] C000000005/VIS-005_SW_data_19-June-202 N=26 RR 856 best stop  9 (---) delta +36 score 0.871 | no-rot delta -60 0.838 | current 0.831 | ceiling 0.892 | R-frame fit R+537 b1-match R+806
[99/301] C000000005/VIS-005_SW_data_19-June-202 N=26 RR 862 best stop 13 (---) delta -34 score 0.887 | no-rot delta +70 0.846 | current 0.838 | ceiling 0.905 | R-frame fit R+348 b1-match R+1293
[100/301] C000000005/VIS-005_SW_data_19-June-202 N=26 RR 260 best stop 26 (ret) delta -24 score 0.901 | no-rot delta -24 0.901 | current 0.897 | ceiling 0.925 | R-frame fit R+218 b1-match R+31
[101/301] C000000005/VIS-005_SW_data_19-June-202 N=26 RR 241 best stop  5 (---) delta +12 score 0.943 | no-rot delta -44 0.922 | current 0.918 | ceiling 0.961 | R-frame fit R+73 b1-match R+580
[102/301] C000000005/VIS-005_SW_data_19-June-202 N=26 RR 241 best stop  4 (---) delta -58 score 0.966 | no-rot delta +50 0.965 | current 0.960 | ceiling 0.977 | R-frame fit R+248 b1-match R+10
[103/301] C000000005/VIS-005_SW_data_19-June-202 N=26 RR 240 best stop 15 (---) delta +80 score 0.928 | no-rot delta -32 0.926 | current 0.921 | ceiling 0.943 | R-frame fit R+35 b1-match R+235
[104/301] C000000005/VIS-005_SW_data_19-June-202 N=26 RR 240 best stop  7 (---) delta -34 score 0.899 | no-rot delta +12 0.891 | current 0.882 | ceiling 0.966 | R-frame fit R+224 b1-match R+195
[105/301] C000000005/VIS-005_SW_data_19-June-202 N=26 RR 240 best stop 13 (---) delta -40 score 0.875 | no-rot delta +8 0.872 | current 0.868 | ceiling 0.908 | R-frame fit R+223 b1-match R+110
[106/301] C000000005/VIS-005_SW_data_19-June-202 N=26 RR 240 best stop 11 (ret) delta +54 score 0.943 | no-rot delta +76 0.939 | current 0.934 | ceiling 0.966 | R-frame fit R+73 b1-match R+86
[107/301] C000000007/VIS-007_SW_data_30-June-202 N=26 RR 994 best stop 25 (---) delta +0 score 0.959 | no-rot delta +40 0.959 | current 0.957 | ceiling 0.966 | R-frame fit R+28 b1-match R+80
[108/301] C000000007/VIS-007_SW_data_30-June-202 N=26 RR 830 best stop 18 (---) delta +74 score 0.958 | no-rot delta +70 0.944 | current 0.943 | ceiling 0.967 | R-frame fit R+394 b1-match R+468
[109/301] C000000007/VIS-007_SW_data_30-June-202 N=26 RR 1010 best stop 22 (---) delta +50 score 0.959 | no-rot delta +80 0.929 | current 0.915 | ceiling 0.964 | R-frame fit R+210 b1-match R+216
[110/301] C000000007/VIS-007_SW_data_30-June-202 N=26 RR 529 best stop 16 (ret) delta +60 score 0.964 | no-rot delta +70 0.925 | current 0.922 | ceiling 0.974 | R-frame fit R+237 b1-match R+233
[111/301] C000000007/VIS-007_SW_data_30-June-202 N=26 RR 534 best stop  8 (---) delta -16 score 0.948 | no-rot delta +80 0.943 | current 0.928 | ceiling 0.961 | R-frame fit R+128 b1-match R+141
[112/301] C000000007/VIS-007_SW_data_30-June-202 N=26 RR 913 best stop  6 (ret) delta -22 score 0.966 | no-rot delta -32 0.953 | current 0.949 | ceiling 0.976 | R-frame fit R+612 b1-match R+799
[113/301] C000000007/VIS-007_SW_data_30-June-202 N=26 RR 903 best stop 10 (---) delta -30 score 0.976 | no-rot delta -32 0.951 | current 0.950 | ceiling 0.978 | R-frame fit R+619 b1-match R+685
[114/301] C000000007/VIS-007_SW_data_30-June-202 N=26 RR 897 best stop 14 (---) delta -50 score 0.951 | no-rot delta +80 0.933 | current 0.928 | ceiling 0.967 | R-frame fit R+165 b1-match R+109
[115/301] C000000007/VIS-007_SW_data_30-June-202 N=26 RR 913 best stop 25 (---) delta -24 score 0.954 | no-rot delta -2 0.954 | current 0.954 | ceiling 0.963 | R-frame fit R+19 b1-match R+1027
[116/301] C000000007/VIS-007_SW_data_30-June-202 N=26 RR 870 best stop  9 (---) delta -60 score 0.934 | no-rot delta +78 0.916 | current 0.911 | ceiling 0.956 | R-frame fit R+603 b1-match R+243
[117/301] C000000007/VIS-007_SW_data_30-June-202 N=26 RR 743 best stop 13 (---) delta -54 score 0.960 | no-rot delta -60 0.959 | current 0.956 | ceiling 0.970 | R-frame fit R+458 b1-match R+486
[118/301] C000000007/VIS-007_SW_data_30-June-202 N=26 RR 522 best stop 14 (---) delta +22 score 0.968 | no-rot delta +48 0.954 | current 0.952 | ceiling 0.973 | R-frame fit R+514 b1-match R+487
[119/301] C000000007/VIS-007_SW_data_30-June-202 N=26 RR 520 best stop 13 (---) delta -56 score 0.957 | no-rot delta -44 0.930 | current 0.929 | ceiling 0.966 | R-frame fit R+497 b1-match R+494
[120/301] C000000008/VIS-010_SW_data_03-July-202 N=26 RR 760 best stop 26 (ret) delta -10 score 0.950 | no-rot delta -10 0.950 | current 0.949 | ceiling 0.958 | R-frame fit R+745 b1-match R+767
[121/301] C000000008/VIS-010_SW_data_03-July-202 N=26 RR 775 best stop 21 (ret) delta -42 score 0.966 | no-rot delta +78 0.953 | current 0.948 | ceiling 0.969 | R-frame fit R+753 b1-match R+736
[122/301] C000000008/VIS-010_SW_data_03-July-202 N=26 RR 786 best stop  4 (---) delta -26 score 0.959 | no-rot delta -60 0.944 | current 0.938 | ceiling 0.967 | R-frame fit R+619 b1-match R+27
[123/301] C000000008/VIS-010_SW_data_03-July-202 N=26 RR 798 best stop  2 (---) delta -12 score 0.972 | no-rot delta -60 0.968 | current 0.959 | ceiling 0.973 | R-frame fit R+789 b1-match R+805
[124/301] C000000008/VIS-010_SW_data_03-July-202 N=26 RR 888 best stop  9 (---) delta -26 score 0.977 | no-rot delta -60 0.946 | current 0.943 | ceiling 0.978 | R-frame fit R+551 b1-match R+549
[125/301] C000000008/VIS-010_SW_data_03-July-202 N=26 RR 850 best stop 11 (ret) delta -28 score 0.974 | no-rot delta +80 0.931 | current 0.929 | ceiling 0.975 | R-frame fit R+394 b1-match R+392
[126/301] C000000008/VIS-010_SW_data_03-July-202 N=26 RR 845 best stop 22 (---) delta +16 score 0.970 | no-rot delta +80 0.949 | current 0.937 | ceiling 0.971 | R-frame fit R+181 b1-match R+179
[127/301] C000000008/VIS-010_SW_data_03-July-202 N=26 RR 852 best stop 10 (---) delta -18 score 0.963 | no-rot delta -52 0.923 | current 0.920 | ceiling 0.966 | R-frame fit R+632 b1-match R+616
[128/301] C000000008/VIS-010_SW_data_03-July-202 N=26 RR 796 best stop 18 (---) delta -24 score 0.948 | no-rot delta +80 0.922 | current 0.917 | ceiling 0.955 | R-frame fit R+276 b1-match R+257
[129/301] C000000008/VIS-010_SW_data_03-July-202 N=26 RR 809 best stop  7 (---) delta -30 score 0.959 | no-rot delta -58 0.931 | current 0.923 | ceiling 0.964 | R-frame fit R+518 b1-match R+139
[130/301] C000000008/VIS-010_SW_data_03-July-202 N=26 RR 834 best stop 10 (---) delta -20 score 0.969 | no-rot delta -60 0.944 | current 0.942 | ceiling 0.970 | R-frame fit R+383 b1-match R+336
[131/301] C000000008/VIS-010_SW_data_03-July-202 N=26 RR 839 best stop 23 (---) delta +52 score 0.963 | no-rot delta +78 0.956 | current 0.951 | ceiling 0.966 | R-frame fit R+171 b1-match R+166
[132/301] C000000008/VIS-010_SW_data_03-July-202 N=26 RR 855 best stop 19 (---) delta -28 score 0.965 | no-rot delta +66 0.955 | current 0.948 | ceiling 0.968 | R-frame fit R+58 b1-match R+72
[133/301] C000000009/VIS-009_SW_data_03-July-202 N=26 RR 932 best stop 10 (---) delta -28 score 0.958 | no-rot delta -60 0.924 | current 0.921 | ceiling 0.960 | R-frame fit R+557 b1-match R+569
[134/301] C000000009/VIS-009_SW_data_03-July-202 N=26 RR 1006 best stop 20 (---) delta -14 score 0.931 | no-rot delta +80 0.893 | current 0.880 | ceiling 0.936 | R-frame fit R+218 b1-match R+189
[135/301] C000000009/VIS-009_SW_data_03-July-202 N=26 RR 765 best stop  4 (---) delta -22 score 0.926 | no-rot delta -58 0.894 | current 0.884 | ceiling 0.930 | R-frame fit R+587 b1-match R+618
[136/301] C000000009/VIS-009_SW_data_03-July-202 N=26 RR 860 best stop 13 (---) delta -26 score 0.947 | no-rot delta +80 0.900 | current 0.891 | ceiling 0.957 | R-frame fit R+483 b1-match R+276
[137/301] C000000009/VIS-009_SW_data_03-July-202 N=26 RR 856 best stop 17 (---) delta -30 score 0.942 | no-rot delta +72 0.864 | current 0.855 | ceiling 0.947 | R-frame fit R+226 b1-match R+235
[138/301] C000000009/VIS-009_SW_data_03-July-202 N=26 RR 910 best stop 18 (---) delta +16 score 0.952 | no-rot delta +78 0.863 | current 0.857 | ceiling 0.953 | R-frame fit R+328 b1-match R+349
[139/301] C000000009/VIS-009_SW_data_03-July-202 N=26 RR 873 best stop 25 (---) delta -22 score 0.965 | no-rot delta +20 0.964 | current 0.960 | ceiling 0.966 | R-frame fit R+4 b1-match R+970
[140/301] C000000009/VIS-009_SW_data_03-July-202 N=26 RR 815 best stop 13 (---) delta -54 score 0.943 | no-rot delta +48 0.903 | current 0.898 | ceiling 0.951 | R-frame fit R+466 b1-match R+291
[141/301] C000000009/VIS-009_SW_data_03-July-202 N=26 RR 931 best stop  6 (ret) delta +12 score 0.868 | no-rot delta -60 0.815 | current 0.807 | ceiling 0.902 | R-frame fit R+736 b1-match R+116
[142/301] C000000009/VIS-009_SW_data_03-July-202 N=26 RR 973 best stop 21 (ret) delta -60 score 0.975 | no-rot delta +80 0.965 | current 0.951 | ceiling 0.975 | R-frame fit R+123 b1-match R+120
[143/301] C000000009/VIS-009_SW_data_03-July-202 N=26 RR 882 best stop  5 (---) delta -40 score 0.957 | no-rot delta -60 0.932 | current 0.927 | ceiling 0.962 | R-frame fit R+721 b1-match R+691
[144/301] C000000009/VIS-009_SW_data_03-July-202 N=26 RR 861 best stop 24 (---) delta -20 score 0.973 | no-rot delta +56 0.972 | current 0.960 | ceiling 0.974 | R-frame fit R+919 b1-match R+911
[145/301] C000000009/VIS-009_SW_data_03-July-202 N=26 RR 848 best stop  6 (ret) delta -20 score 0.967 | no-rot delta -60 0.952 | current 0.946 | ceiling 0.968 | R-frame fit R+635 b1-match R+611
[146/301] C000000009/VIS-009_SW_data_03-July-202 N=26 RR 924 best stop 21 (ret) delta +4 score 0.935 | no-rot delta +80 0.934 | current 0.932 | ceiling 0.944 | R-frame fit R+117 b1-match R+701
[147/301] C000000009/VIS-009_SW_data_03-July-202 N=26 RR 943 best stop 15 (---) delta -20 score 0.973 | no-rot delta +76 0.937 | current 0.933 | ceiling 0.974 | R-frame fit R+428 b1-match R+434
[148/301] C000000009/VIS-009_SW_data_03-July-202 N=26 RR 853 best stop  3 (---) delta +44 score 0.845 | no-rot delta -56 0.839 | current 0.823 | ceiling 0.909 | R-frame fit R+855 b1-match R+844
[149/301] C000000010/vis-006_SW_data_30-June-202 N=26 RR 699 best stop  4 (---) delta -20 score 0.944 | no-rot delta -60 0.911 | current 0.899 | ceiling 0.954 | R-frame fit R+500 b1-match R+501
[150/301] C000000010/vis-006_SW_data_30-June-202 N=26 RR 686 best stop  5 (---) delta -30 score 0.950 | no-rot delta +58 0.918 | current 0.915 | ceiling 0.961 | R-frame fit R+107 b1-match R+89
[151/301] C000000010/vis-006_SW_data_30-June-202 N=26 RR 680 best stop  7 (---) delta -28 score 0.961 | no-rot delta -58 0.933 | current 0.929 | ceiling 0.968 | R-frame fit R+350 b1-match R+270
[152/301] C000000010/vis-006_SW_data_30-June-202 N=26 RR 690 best stop 11 (ret) delta -20 score 0.960 | no-rot delta -58 0.933 | current 0.929 | ceiling 0.967 | R-frame fit R+242 b1-match R+216
[153] Z:\raw_data\C000000010\vis-006_SW_data_30-June-2026_09-48-33: All-NaN slice encountered
[154] Z:\raw_data\C000000010\vis-006_SW_data_30-June-2026_09-50-42: All-NaN slice encountered
[155/301] C000000010/vis-006_SW_data_30-June-202 N=26 RR 722 best stop  9 (---) delta -28 score 0.928 | no-rot delta +76 0.919 | current 0.916 | ceiling 0.945 | R-frame fit R+1069 b1-match R+582
[156/301] C000000010/vis-006_SW_data_30-June-202 N=26 RR 699 best stop  5 (---) delta -34 score 0.958 | no-rot delta -54 0.941 | current 0.940 | ceiling 0.964 | R-frame fit R+467 b1-match R+489
[157/301] C000000010/vis-006_SW_data_30-June-202 N=26 RR 724 best stop 25 (---) delta -24 score 0.929 | no-rot delta +16 0.928 | current 0.926 | ceiling 0.941 | R-frame fit R+15 b1-match R+666
[158/301] C000000010/vis-006_SW_data_30-June-202 N=26 RR 740 best stop  4 (---) delta -14 score 0.948 | no-rot delta +54 0.939 | current 0.938 | ceiling 0.963 | R-frame fit R+1031 b1-match R+294
[159] Z:\raw_data\C000000010\vis-006_SW_data_30-June-2026_09-55-36: All-NaN slice encountered
[160/301] C000000010/vis-006_SW_data_30-June-202 N=26 RR 702 best stop  9 (---) delta +58 score 0.953 | no-rot delta -58 0.944 | current 0.943 | ceiling 0.960 | R-frame fit R+188 b1-match R+149
[161/301] C000000010/vis-006_SW_data_30-June-202 N=26 RR 693 best stop 21 (ret) delta -60 score 0.954 | no-rot delta +78 0.942 | current 0.934 | ceiling 0.962 | R-frame fit R+143 b1-match R+145
[162/301] C000000011/VIS-11_SW_data_07-July-2026 N=32 RR 837 best stop 25 (---) delta -34 score 0.963 | no-rot delta +80 0.900 | current 0.887 | ceiling 0.971 | R-frame fit R+244 b1-match R+243
[163/301] C000000011/VIS-11_SW_data_07-July-2026 N=32 RR 851 best stop  7 (---) delta -24 score 0.958 | no-rot delta +80 0.897 | current 0.893 | ceiling 0.964 | R-frame fit R+583 b1-match R+586
[164/301] C000000011/VIS-11_SW_data_07-July-2026 N=32 RR 851 best stop 27 (---) delta -16 score 0.960 | no-rot delta +80 0.924 | current 0.904 | ceiling 0.966 | R-frame fit R+196 b1-match R+173
[165/301] C000000011/VIS-11_SW_data_07-July-2026 N=32 RR 858 best stop  6 (ret) delta -36 score 0.945 | no-rot delta -56 0.859 | current 0.854 | ceiling 0.950 | R-frame fit R+610 b1-match R+598
[166/301] C000000011/VIS-11_SW_data_07-July-2026 N=32 RR 868 best stop 10 (---) delta -46 score 0.931 | no-rot delta -60 0.867 | current 0.857 | ceiling 0.942 | R-frame fit R+810 b1-match R+811
[167/301] C000000011/VIS-11_SW_data_07-July-2026 N=32 RR 870 best stop  9 (---) delta -28 score 0.927 | no-rot delta -60 0.896 | current 0.890 | ceiling 0.936 | R-frame fit R+500 b1-match R+515
[168/301] C000000011/VIS-11_SW_data_07-July-2026 N=32 RR 878 best stop 28 (---) delta -58 score 0.914 | no-rot delta +80 0.906 | current 0.897 | ceiling 0.927 | R-frame fit R+113 b1-match R+34
[169/301] C000000011/VIS-11_SW_data_07-July-2026 N=32 RR 844 best stop 26 (ret) delta -18 score 0.959 | no-rot delta +74 0.915 | current 0.906 | ceiling 0.962 | R-frame fit R+215 b1-match R+221
[170/301] C000000011/VIS-11_SW_data_07-July-2026 N=32 RR 880 best stop  5 (---) delta -38 score 0.958 | no-rot delta -60 0.907 | current 0.899 | ceiling 0.963 | R-frame fit R+624 b1-match R+640
[171/301] C000000011/VIS-11_SW_data_07-July-2026 N=32 RR 872 best stop 21 (ret) delta -22 score 0.939 | no-rot delta -22 0.890 | current 0.888 | ceiling 0.949 | R-frame fit R+418 b1-match R+395
[172/301] C000000011/VIS-11_SW_data_07-July-2026 N=32 RR 873 best stop 27 (---) delta -42 score 0.933 | no-rot delta +78 0.915 | current 0.904 | ceiling 0.947 | R-frame fit R+142 b1-match R+137
[173/301] C000000011/VIS-11_SW_data_07-July-2026 N=32 RR 898 best stop  4 (---) delta -32 score 0.931 | no-rot delta -60 0.907 | current 0.897 | ceiling 0.948 | R-frame fit R+702 b1-match R+782
[174/301] C000000011/VIS-11_SW_data_07-July-2026 N=32 RR 889 best stop  4 (---) delta -40 score 0.918 | no-rot delta -46 0.898 | current 0.893 | ceiling 0.944 | R-frame fit R+705 b1-match R+717
[175/301] C000000011/VIS-11_SW_data_07-July-2026 N=32 RR 868 best stop 16 (ret) delta -38 score 0.920 | no-rot delta +68 0.873 | current 0.865 | ceiling 0.941 | R-frame fit R+607 b1-match R+739
[176/301] C000000012/VIS-014_SW_data_07-July-202 N=32 RR 879 best stop 32 (---) delta +28 score 0.920 | no-rot delta +28 0.920 | current 0.917 | ceiling 0.934 | R-frame fit R+32 b1-match R+494
[177/301] C000000012/VIS-014_SW_data_07-July-202 N=32 RR 241 best stop 21 (ret) delta +18 score 0.928 | no-rot delta +14 0.925 | current 0.924 | ceiling 0.957 | R-frame fit R+201 b1-match R+1036
[178/301] C000000012/VIS-014_SW_data_07-July-202 N=32 RR 241 best stop 24 (---) delta -56 score 0.933 | no-rot delta +30 0.923 | current 0.920 | ceiling 0.956 | R-frame fit R+121 b1-match R+691
[179/301] C000000012/VIS-014_SW_data_07-July-202 N=32 RR 895 best stop 26 (ret) delta -26 score 0.956 | no-rot delta +78 0.918 | current 0.910 | ceiling 0.958 | R-frame fit R+230 b1-match R+203
[180/301] C000000012/VIS-014_SW_data_07-July-202 N=32 RR 889 best stop 14 (---) delta -60 score 0.953 | no-rot delta +80 0.900 | current 0.895 | ceiling 0.956 | R-frame fit R+286 b1-match R+286
[181/301] C000000012/VIS-014_SW_data_07-July-202 N=32 RR 829 best stop 18 (---) delta -60 score 0.942 | no-rot delta +72 0.930 | current 0.919 | ceiling 0.956 | R-frame fit R+126 b1-match R+127
[182/301] C000000012/VIS-014_SW_data_07-July-202 N=32 RR 761 best stop 31 (ret) delta +28 score 0.951 | no-rot delta +68 0.951 | current 0.932 | ceiling 0.956 | R-frame fit R+749 b1-match R+816
[183/301] C000000012/VIS-014_SW_data_07-July-202 N=32 RR 744 best stop 24 (---) delta +76 score 0.939 | no-rot delta -60 0.910 | current 0.906 | ceiling 0.958 | R-frame fit R+394 b1-match R+385
[184/301] C000000012/VIS-014_SW_data_07-July-202 N=32 RR 840 best stop 30 (---) delta -54 score 0.939 | no-rot delta +28 0.934 | current 0.930 | ceiling 0.960 | R-frame fit R+23 b1-match R+137
[185/301] C000000012/VIS-014_SW_data_07-July-202 N=32 RR 708 best stop 31 (ret) delta +8 score 0.942 | no-rot delta +48 0.941 | current 0.932 | ceiling 0.957 | R-frame fit R+50 b1-match R+855
[186/301] C000000012/VIS-014_SW_data_07-July-202 N=32 RR 906 best stop 15 (---) delta -36 score 0.952 | no-rot delta +80 0.921 | current 0.915 | ceiling 0.956 | R-frame fit R+630 b1-match R+763
[187/301] C000000012/VIS-014_SW_data_07-July-202 N=32 RR 901 best stop 30 (---) delta -8 score 0.957 | no-rot delta +60 0.955 | current 0.949 | ceiling 0.963 | R-frame fit R+62 b1-match R+826
[188/301] C000000012/VIS-014_SW_data_07-July-202 N=32 RR 930 best stop  9 (---) delta -20 score 0.927 | no-rot delta -58 0.904 | current 0.902 | ceiling 0.933 | R-frame fit R+869 b1-match R+819
[189/301] C000000012/VIS-014_SW_data_07-July-202 N=32 RR 926 best stop 31 (ret) delta -26 score 0.953 | no-rot delta +12 0.953 | current 0.952 | ceiling 0.958 | R-frame fit R+24 b1-match R+886
[190/301] C000000012/VIS-014_SW_data_07-July-202 N=32 RR 573 best stop 11 (ret) delta -18 score 0.935 | no-rot delta +42 0.931 | current 0.923 | ceiling 0.965 | R-frame fit R+272 b1-match R+198
[191/301] C000000013/VIS-016_SW_data_10-July-202 N=32 RR 754 best stop 22 (---) delta -18 score 0.927 | no-rot delta -56 0.856 | current 0.853 | ceiling 0.937 | R-frame fit R+387 b1-match R+324
[192/301] C000000013/VIS-016_SW_data_10-July-202 N=32 RR 789 best stop 26 (ret) delta -30 score 0.940 | no-rot delta +80 0.854 | current 0.839 | ceiling 0.949 | R-frame fit R+187 b1-match R+178
[193/301] C000000013/VIS-016_SW_data_10-July-202 N=32 RR 756 best stop  5 (---) delta +12 score 0.885 | no-rot delta -56 0.838 | current 0.825 | ceiling 0.917 | R-frame fit R+630 b1-match R+620
[194/301] C000000013/VIS-016_SW_data_10-July-202 N=32 RR 785 best stop 12 (---) delta -34 score 0.914 | no-rot delta -56 0.860 | current 0.852 | ceiling 0.932 | R-frame fit R+743 b1-match R+602
[195/301] C000000013/VIS-016_SW_data_10-July-202 N=32 RR 798 best stop  2 (---) delta -60 score 0.939 | no-rot delta -60 0.878 | current 0.845 | ceiling 0.951 | R-frame fit R+678 b1-match R+670
[196/301] C000000013/VIS-016_SW_data_10-July-202 N=32 RR 744 best stop  2 (---) delta -22 score 0.951 | no-rot delta -60 0.913 | current 0.876 | ceiling 0.954 | R-frame fit R+667 b1-match R+656
[197/301] C000000013/VIS-016_SW_data_10-July-202 N=32 RR 719 best stop  5 (---) delta -28 score 0.914 | no-rot delta -60 0.842 | current 0.833 | ceiling 0.929 | R-frame fit R+574 b1-match R+577
[198/301] C000000013/VIS-016_SW_data_10-July-202 N=32 RR 752 best stop  6 (ret) delta +16 score 0.916 | no-rot delta -44 0.878 | current 0.870 | ceiling 0.946 | R-frame fit R+517 b1-match R+681
[199/301] C000000013/VIS-016_SW_data_10-July-202 N=32 RR 767 best stop  8 (---) delta -48 score 0.875 | no-rot delta -48 0.853 | current 0.850 | ceiling 0.930 | R-frame fit R+125 b1-match R+507
[200/301] C000000013/VIS-016_SW_data_10-July-202 N=32 RR 774 best stop 26 (ret) delta -58 score 0.876 | no-rot delta +78 0.868 | current 0.864 | ceiling 0.912 | R-frame fit R+159 b1-match R+508
[201/301] C000000013/VIS-016_SW_data_10-July-202 N=32 RR 805 best stop  3 (---) delta +80 score 0.854 | no-rot delta -38 0.854 | current 0.853 | ceiling 0.875 | R-frame fit R+739 b1-match R+86
[202/301] C000000013/VIS-016_SW_data_10-July-202 N=32 RR 805 best stop 26 (ret) delta -26 score 0.962 | no-rot delta +80 0.920 | current 0.916 | ceiling 0.966 | R-frame fit R+220 b1-match R+215
[203/301] C000000013/VIS-016_SW_data_10-July-202 N=32 RR 753 best stop 23 (---) delta -26 score 0.909 | no-rot delta -60 0.895 | current 0.892 | ceiling 0.935 | R-frame fit R+320 b1-match R+336
[204/301] C000000013/VIS-016_SW_data_10-July-202 N=32 RR 742 best stop 23 (---) delta +48 score 0.889 | no-rot delta -44 0.881 | current 0.878 | ceiling 0.917 | R-frame fit R+386 b1-match R+344
[205/301] C000000014/VIS-008_SW_data_10-July-202 N=32 RR 982 best stop 27 (---) delta -30 score 0.921 | no-rot delta -60 0.912 | current 0.902 | ceiling 0.969 | R-frame fit R+170 b1-match R+165
[206/301] C000000014/VIS-008_SW_data_10-July-202 N=32 RR 985 best stop 25 (---) delta -18 score 0.965 | no-rot delta +80 0.879 | current 0.873 | ceiling 0.968 | R-frame fit R+241 b1-match R+244
[207/301] C000000014/VIS-008_SW_data_10-July-202 N=32 RR 1006 best stop 22 (---) delta -24 score 0.965 | no-rot delta +74 0.874 | current 0.858 | ceiling 0.967 | R-frame fit R+390 b1-match R+381
[208/301] C000000014/VIS-008_SW_data_10-July-202 N=32 RR 977 best stop 24 (---) delta -60 score 0.960 | no-rot delta +80 0.887 | current 0.878 | ceiling 0.963 | R-frame fit R+275 b1-match R+259
[209/301] C000000014/VIS-008_SW_data_10-July-202 N=32 RR 983 best stop  5 (---) delta -26 score 0.963 | no-rot delta -60 0.881 | current 0.878 | ceiling 0.966 | R-frame fit R+780 b1-match R+831
[210/301] C000000014/VIS-008_SW_data_10-July-202 N=32 RR 1033 best stop 13 (---) delta -26 score 0.969 | no-rot delta -26 0.870 | current 0.866 | ceiling 0.969 | R-frame fit R+739 b1-match R+734
[211/301] C000000014/VIS-008_SW_data_10-July-202 N=32 RR 993 best stop 16 (ret) delta -32 score 0.960 | no-rot delta +76 0.840 | current 0.835 | ceiling 0.961 | R-frame fit R+374 b1-match R+364
[212/301] C000000014/VIS-008_SW_data_10-July-202 N=32 RR 981 best stop 20 (---) delta -28 score 0.961 | no-rot delta +80 0.884 | current 0.875 | ceiling 0.962 | R-frame fit R+457 b1-match R+454
[213/301] C000000014/VIS-008_SW_data_10-July-202 N=32 RR 983 best stop 17 (---) delta -28 score 0.965 | no-rot delta +80 0.878 | current 0.871 | ceiling 0.967 | R-frame fit R+327 b1-match R+310
[214/301] C000000014/VIS-008_SW_data_10-July-202 N=32 RR 983 best stop  3 (---) delta -60 score 0.964 | no-rot delta -60 0.915 | current 0.899 | ceiling 0.967 | R-frame fit R+798 b1-match R+808
[215/301] C000000014/VIS-008_SW_data_10-July-202 N=32 RR 1014 best stop  1 (ret) delta -22 score 0.969 | no-rot delta -60 0.964 | current 0.933 | ceiling 0.969 | R-frame fit R+972 b1-match R+973
[216/301] C000000014/VIS-008_SW_data_10-July-202 N=32 RR 1002 best stop 29 (---) delta -28 score 0.963 | no-rot delta +80 0.958 | current 0.929 | ceiling 0.964 | R-frame fit R+83 b1-match R+88
[217/301] C000000014/VIS-008_SW_data_10-July-202 N=32 RR 1002 best stop 24 (---) delta -34 score 0.959 | no-rot delta +52 0.903 | current 0.899 | ceiling 0.966 | R-frame fit R+289 b1-match R+293
[218/301] C000000014/VIS-008_SW_data_10-July-202 N=32 RR 1007 best stop 24 (---) delta -38 score 0.973 | no-rot delta +72 0.942 | current 0.939 | ceiling 0.975 | R-frame fit R+269 b1-match R+265
[219/301] C000000015/VIS-017_SW_data_10-July-202 N=32 RR 661 best stop 12 (---) delta -20 score 0.890 | no-rot delta +80 0.828 | current 0.767 | ceiling 0.916 | R-frame fit R+127 b1-match R+126
[220/301] C000000015/VIS-017_SW_data_10-July-202 N=32 RR 646 best stop  1 (ret) delta -60 score 0.846 | no-rot delta -60 0.807 | current 0.761 | ceiling 0.895 | R-frame fit R+684 b1-match R+540
[221/301] C000000015/VIS-017_SW_data_10-July-202 N=32 RR 703 best stop 32 (---) delta -18 score 0.906 | no-rot delta -18 0.906 | current 0.885 | ceiling 0.931 | R-frame fit R+677 b1-match R+676
[222/301] C000000015/VIS-017_SW_data_10-July-202 N=32 RR 743 best stop 30 (---) delta -22 score 0.918 | no-rot delta +56 0.909 | current 0.844 | ceiling 0.932 | R-frame fit R+249 b1-match R+236
[223/301] C000000015/VIS-017_SW_data_10-July-202 N=32 RR 726 best stop 11 (ret) delta +12 score 0.923 | no-rot delta +80 0.785 | current 0.747 | ceiling 0.937 | R-frame fit R+219 b1-match R+220
[224/301] C000000015/VIS-017_SW_data_10-July-202 N=32 RR 705 best stop 20 (---) delta -58 score 0.893 | no-rot delta -58 0.791 | current 0.781 | ceiling 0.918 | R-frame fit R+406 b1-match R+392
[225/301] C000000015/VIS-017_SW_data_10-July-202 N=32 RR 697 best stop 21 (ret) delta -28 score 0.898 | no-rot delta -58 0.832 | current 0.822 | ceiling 0.913 | R-frame fit R+398 b1-match R+393
[226/301] C000000015/VIS-017_SW_data_10-July-202 N=32 RR 728 best stop 11 (ret) delta -60 score 0.943 | no-rot delta +36 0.870 | current 0.845 | ceiling 0.953 | R-frame fit R+44 b1-match R+41
[227/301] C000000015/VIS-017_SW_data_10-July-202 N=32 RR 750 best stop 11 (ret) delta -28 score 0.869 | no-rot delta -20 0.813 | current 0.813 | ceiling 0.914 | R-frame fit R+27 b1-match R+726
[228/301] C000000015/VIS-017_SW_data_10-July-202 N=32 RR 677 best stop  7 (---) delta -26 score 0.918 | no-rot delta -56 0.818 | current 0.815 | ceiling 0.931 | R-frame fit R+395 b1-match R+275
[229/301] C000000015/VIS-017_SW_data_10-July-202 N=32 RR 750 best stop  5 (---) delta -28 score 0.961 | no-rot delta -60 0.926 | current 0.919 | ceiling 0.964 | R-frame fit R+536 b1-match R+548
[230/301] C000000015/VIS-017_SW_data_10-July-202 N=32 RR 727 best stop  9 (---) delta -6 score 0.886 | no-rot delta +80 0.870 | current 0.862 | ceiling 0.923 | R-frame fit R+138 b1-match R+47
[231/301] C000000016/VIS-015_SW_data_10-July-202 N=32 RR 894 best stop 31 (ret) delta -26 score 0.920 | no-rot delta +14 0.914 | current 0.913 | ceiling 0.924 | R-frame fit R+12 b1-match R+924
[232/301] C000000016/VIS-015_SW_data_10-July-202 N=32 RR 906 best stop 14 (---) delta -22 score 0.955 | no-rot delta -60 0.775 | current 0.763 | ceiling 0.956 | R-frame fit R+339 b1-match R+348
[233/301] C000000016/VIS-015_SW_data_10-July-202 N=32 RR 868 best stop 19 (---) delta -30 score 0.945 | no-rot delta +80 0.816 | current 0.777 | ceiling 0.950 | R-frame fit R+477 b1-match R+475
[234/301] C000000016/VIS-015_SW_data_10-July-202 N=32 RR 848 best stop  7 (---) delta -20 score 0.954 | no-rot delta +12 0.808 | current 0.806 | ceiling 0.955 | R-frame fit R+633 b1-match R+636
[235/301] C000000016/VIS-015_SW_data_10-July-202 N=32 RR 909 best stop 32 (---) delta -22 score 0.902 | no-rot delta -22 0.902 | current 0.897 | ceiling 0.913 | R-frame fit R+895 b1-match R+874
[236/301] C000000016/VIS-015_SW_data_10-July-202 N=32 RR 781 best stop 10 (---) delta -24 score 0.887 | no-rot delta -24 0.867 | current 0.865 | ceiling 0.903 | R-frame fit R+455 b1-match R+299
[237/301] C000000016/VIS-015_SW_data_10-July-202 N=32 RR 859 best stop 23 (---) delta -18 score 0.959 | no-rot delta -26 0.897 | current 0.895 | ceiling 0.963 | R-frame fit R+345 b1-match R+328
[238/301] C000000016/VIS-015_SW_data_10-July-202 N=32 RR 885 best stop 18 (---) delta +46 score 0.922 | no-rot delta +80 0.894 | current 0.889 | ceiling 0.936 | R-frame fit R+602 b1-match R+724
[239/301] C000000016/VIS-015_SW_data_10-July-202 N=32 RR 848 best stop 13 (---) delta -34 score 0.954 | no-rot delta -52 0.928 | current 0.925 | ceiling 0.962 | R-frame fit R+304 b1-match R+302
[240/301] C000000016/VIS-015_SW_data_10-July-202 N=32 RR 786 best stop  3 (---) delta +56 score 0.921 | no-rot delta -54 0.918 | current 0.914 | ceiling 0.939 | R-frame fit R+730 b1-match R+763
[241/301] C000000016/VIS-015_SW_data_10-July-202 N=32 RR 774 best stop 13 (---) delta -28 score 0.925 | no-rot delta -52 0.915 | current 0.912 | ceiling 0.941 | R-frame fit R+270 b1-match R+692
[242/301] C000000016/VIS-015_SW_data_10-July-202 N=32 RR 784 best stop  3 (---) delta -26 score 0.958 | no-rot delta -58 0.945 | current 0.938 | ceiling 0.966 | R-frame fit R+610 b1-match R+619
[243/301] C000000016/VIS-015_SW_data_10-July-202 N=32 RR 794 best stop  7 (---) delta -30 score 0.918 | no-rot delta +80 0.917 | current 0.913 | ceiling 0.940 | R-frame fit R+191 b1-match R+503
[244/301] C000000016/VIS-015_SW_data_10-July-202 N=32 RR 798 best stop  7 (---) delta -58 score 0.960 | no-rot delta +78 0.944 | current 0.942 | ceiling 0.966 | R-frame fit R+127 b1-match R+140
[245/301] C000000016/VIS-015_SW_data_10-July-202 N=32 RR 730 best stop 19 (---) delta -30 score 0.960 | no-rot delta -38 0.952 | current 0.950 | ceiling 0.969 | R-frame fit R+716 b1-match R+737
[246/301] C000000016/VIS-015_SW_data_10-July-202 N=32 RR 773 best stop 30 (---) delta +8 score 0.947 | no-rot delta +78 0.947 | current 0.944 | ceiling 0.958 | R-frame fit R+80 b1-match R+0
[247/301] C000000017/VIS-013_SW_data_07-July-202 N=32 RR 540 best stop 18 (---) delta -56 score 0.966 | no-rot delta -40 0.956 | current 0.952 | ceiling 0.972 | R-frame fit R+492 b1-match R+494
[248/301] C000000017/VIS-013_SW_data_07-July-202 N=32 RR 653 best stop 21 (ret) delta -60 score 0.929 | no-rot delta -48 0.923 | current 0.916 | ceiling 0.952 | R-frame fit R+556 b1-match R+312
[249/301] C000000017/VIS-013_SW_data_07-July-202 N=32 RR 697 best stop  8 (---) delta -18 score 0.973 | no-rot delta -60 0.917 | current 0.916 | ceiling 0.974 | R-frame fit R+367 b1-match R+372
[250/301] C000000017/VIS-013_SW_data_07-July-202 N=32 RR 698 best stop  1 (ret) delta -22 score 0.965 | no-rot delta -60 0.964 | current 0.942 | ceiling 0.968 | R-frame fit R+698 b1-match R+699
[251/301] C000000017/VIS-013_SW_data_07-July-202 N=32 RR 680 best stop 12 (---) delta +26 score 0.907 | no-rot delta +78 0.903 | current 0.901 | ceiling 0.914 | R-frame fit R+236 b1-match R+276
[252/301] C000000017/VIS-013_SW_data_07-July-202 N=32 RR 661 best stop 25 (---) delta -36 score 0.890 | no-rot delta -58 0.874 | current 0.869 | ceiling 0.911 | R-frame fit R+243 b1-match R+410
[253/301] C000000017/VIS-013_SW_data_07-July-202 N=32 RR 694 best stop 29 (---) delta +46 score 0.882 | no-rot delta +80 0.879 | current 0.877 | ceiling 0.915 | R-frame fit R+162 b1-match R+547
[254/301] C000000017/VIS-013_SW_data_07-July-202 N=32 RR 695 best stop  8 (---) delta -24 score 0.961 | no-rot delta +80 0.901 | current 0.898 | ceiling 0.965 | R-frame fit R+363 b1-match R+334
[255/301] C000000017/VIS-013_SW_data_07-July-202 N=32 RR 643 best stop 18 (---) delta -60 score 0.966 | no-rot delta -58 0.930 | current 0.912 | ceiling 0.967 | R-frame fit R+511 b1-match R+502
[256/301] C000000017/VIS-013_SW_data_07-July-202 N=32 RR 695 best stop 19 (---) delta -16 score 0.945 | no-rot delta -46 0.916 | current 0.909 | ceiling 0.950 | R-frame fit R+503 b1-match R+506
[257/301] C000000017/VIS-013_SW_data_07-July-202 N=32 RR 684 best stop 22 (---) delta -26 score 0.967 | no-rot delta -60 0.898 | current 0.893 | ceiling 0.968 | R-frame fit R+359 b1-match R+354
[258/301] C000000017/VIS-013_SW_data_07-July-202 N=32 RR 673 best stop 17 (---) delta +74 score 0.953 | no-rot delta -60 0.949 | current 0.944 | ceiling 0.969 | R-frame fit R+663 b1-match R+696
[259/301] C000000017/VIS-013_SW_data_07-July-202 N=32 RR 720 best stop 22 (---) delta -58 score 0.966 | no-rot delta +72 0.900 | current 0.894 | ceiling 0.969 | R-frame fit R+539 b1-match R+528
[260/301] C000000017/VIS-013_SW_data_07-July-202 N=32 RR 719 best stop 27 (---) delta -60 score 0.967 | no-rot delta +80 0.944 | current 0.930 | ceiling 0.969 | R-frame fit R+156 b1-match R+144
[261/301] C000000017/VIS-013_SW_data_07-July-202 N=32 RR 712 best stop  3 (---) delta -28 score 0.971 | no-rot delta -60 0.944 | current 0.935 | ceiling 0.972 | R-frame fit R+594 b1-match R+610
[262/301] C000000018/VIS-012_SW_data_07-July-202 N=32 RR 661 best stop 17 (---) delta -24 score 0.964 | no-rot delta +36 0.948 | current 0.946 | ceiling 0.967 | R-frame fit R+578 b1-match R+557
[263/301] C000000018/VIS-012_SW_data_07-July-202 N=32 RR 699 best stop  4 (---) delta -60 score 0.957 | no-rot delta -38 0.903 | current 0.899 | ceiling 0.962 | R-frame fit R+343 b1-match R+317
[264/301] C000000018/VIS-012_SW_data_07-July-202 N=32 RR 707 best stop 24 (---) delta -60 score 0.953 | no-rot delta +78 0.810 | current 0.797 | ceiling 0.960 | R-frame fit R+260 b1-match R+266
[265/301] C000000018/VIS-012_SW_data_07-July-202 N=32 RR 715 best stop 23 (---) delta -20 score 0.960 | no-rot delta -60 0.824 | current 0.812 | ceiling 0.962 | R-frame fit R+347 b1-match R+341
[266/301] C000000018/VIS-012_SW_data_07-July-202 N=32 RR 722 best stop 20 (---) delta -24 score 0.961 | no-rot delta -58 0.900 | current 0.878 | ceiling 0.962 | R-frame fit R+434 b1-match R+418
[267/301] C000000018/VIS-012_SW_data_07-July-202 N=32 RR 710 best stop 19 (---) delta -26 score 0.930 | no-rot delta -60 0.886 | current 0.869 | ceiling 0.959 | R-frame fit R+645 b1-match R+636
[268/301] C000000018/VIS-012_SW_data_07-July-202 N=32 RR 701 best stop  9 (---) delta +0 score 0.896 | no-rot delta +24 0.858 | current 0.854 | ceiling 0.936 | R-frame fit R+345 b1-match R+391
[269/301] C000000018/VIS-012_SW_data_07-July-202 N=32 RR 727 best stop  1 (ret) delta -58 score 0.965 | no-rot delta -60 0.954 | current 0.938 | ceiling 0.971 | R-frame fit R+620 b1-match R+614
[270/301] C000000018/VIS-012_SW_data_07-July-202 N=32 RR 720 best stop 12 (---) delta -18 score 0.955 | no-rot delta +80 0.938 | current 0.926 | ceiling 0.969 | R-frame fit R+39 b1-match R+35
[271/301] C000000018/VIS-012_SW_data_07-July-202 N=32 RR 720 best stop 31 (ret) delta +22 score 0.949 | no-rot delta +62 0.949 | current 0.944 | ceiling 0.955 | R-frame fit R+49 b1-match R+647
[272/301] C000000018/VIS-012_SW_data_07-July-202 N=32 RR 710 best stop 10 (---) delta -14 score 0.957 | no-rot delta +78 0.947 | current 0.943 | ceiling 0.962 | R-frame fit R+165 b1-match R+176
[273/301] C000000018/VIS-012_SW_data_07-July-202 N=32 RR 707 best stop 26 (ret) delta -24 score 0.972 | no-rot delta +80 0.943 | current 0.933 | ceiling 0.973 | R-frame fit R+408 b1-match R+408
[274/301] C000000018/VIS-012_SW_data_07-July-202 N=32 RR 719 best stop 20 (---) delta -56 score 0.973 | no-rot delta -60 0.958 | current 0.955 | ceiling 0.975 | R-frame fit R+579 b1-match R+556
[275/301] C000000018/VIS-012_SW_data_07-July-202 N=32 RR 703 best stop  5 (---) delta -48 score 0.954 | no-rot delta -58 0.946 | current 0.945 | ceiling 0.959 | R-frame fit R+435 b1-match R+476
[276/301] C000000019/VIS-027_SW_data_21-July-202 N=32 RR 1280 best stop 13 (---) delta -24 score 0.958 | no-rot delta -40 0.789 | current 0.787 | ceiling 0.960 | R-frame fit R+720 b1-match R+721
[277/301] C000000019/VIS-027_SW_data_21-July-202 N=32 RR 1238 best stop 25 (---) delta +60 score 0.962 | no-rot delta +80 0.859 | current 0.846 | ceiling 0.966 | R-frame fit R+316 b1-match R+312
[278/301] C000000019/VIS-027_SW_data_21-July-202 N=32 RR 1122 best stop 31 (ret) delta -58 score 0.961 | no-rot delta -18 0.961 | current 0.953 | ceiling 0.967 | R-frame fit R+1070 b1-match R+935
[279/301] C000000019/VIS-027_SW_data_21-July-202 N=32 RR 998 best stop 21 (ret) delta -24 score 0.950 | no-rot delta +72 0.844 | current 0.839 | ceiling 0.956 | R-frame fit R+395 b1-match R+386
[280/301] C000000019/VIS-027_SW_data_21-July-202 N=32 RR 1068 best stop 30 (---) delta -24 score 0.886 | no-rot delta +56 0.882 | current 0.867 | ceiling 0.907 | R-frame fit R+44 b1-match R+1118
[281/301] C000000019/VIS-027_SW_data_21-July-202 N=32 RR 1143 best stop  1 (ret) delta -30 score 0.960 | no-rot delta -60 0.958 | current 0.923 | ceiling 0.962 | R-frame fit R+1191 b1-match R+1196
[282/301] C000000019/VIS-027_SW_data_21-July-202 N=32 RR 1102 best stop 28 (---) delta +16 score 0.944 | no-rot delta +80 0.876 | current 0.835 | ceiling 0.949 | R-frame fit R+169 b1-match R+164
[283/301] C000000019/VIS-027_SW_data_21-July-202 N=32 RR 1232 best stop 16 (ret) delta -32 score 0.949 | no-rot delta -32 0.792 | current 0.783 | ceiling 0.953 | R-frame fit R+698 b1-match R+714
[284/301] C000000019/VIS-027_SW_data_21-July-202 N=32 RR 1339 best stop 13 (---) delta -26 score 0.972 | no-rot delta +38 0.890 | current 0.889 | ceiling 0.971 | R-frame fit R+832 b1-match R+834
[285/301] C000000019/VIS-027_SW_data_21-July-202 N=32 RR 1324 best stop 22 (---) delta -26 score 0.970 | no-rot delta +58 0.892 | current 0.886 | ceiling 0.970 | R-frame fit R+349 b1-match R+352
[286/301] C000000019/VIS-027_SW_data_21-July-202 N=32 RR 1312 best stop  3 (---) delta +74 score 0.915 | no-rot delta -20 0.914 | current 0.913 | ceiling 0.945 | R-frame fit R+1162 b1-match R+672
[287/301] C000000019/VIS-027_SW_data_21-July-202 N=32 RR 1322 best stop  2 (---) delta -30 score 0.971 | no-rot delta -60 0.963 | current 0.956 | ceiling 0.973 | R-frame fit R+1286 b1-match R+1006
[288/301] C000000019/VIS-027_SW_data_21-July-202 N=32 RR 1169 best stop 11 (ret) delta -60 score 0.939 | no-rot delta +58 0.905 | current 0.902 | ceiling 0.951 | R-frame fit R+513 b1-match R+477
[289/301] C000000019/VIS-027_SW_data_21-July-202 N=32 RR 1170 best stop 12 (---) delta +16 score 0.975 | no-rot delta -56 0.918 | current 0.916 | ceiling 0.976 | R-frame fit R+804 b1-match R+759
[290/301] C000000020/VIS-026_SW_data_21-July-202 N=32 RR 1284 best stop 20 (---) delta +26 score 0.951 | no-rot delta +70 0.899 | current 0.894 | ceiling 0.956 | R-frame fit R+518 b1-match R+521
[291/301] C000000020/VIS-026_SW_data_21-July-202 N=32 RR 1299 best stop 10 (---) delta -44 score 0.947 | no-rot delta -58 0.903 | current 0.899 | ceiling 0.952 | R-frame fit R+881 b1-match R+708
[292/301] C000000020/VIS-026_SW_data_21-July-202 N=32 RR 1241 best stop 20 (---) delta -48 score 0.940 | no-rot delta +80 0.897 | current 0.888 | ceiling 0.949 | R-frame fit R+410 b1-match R+431
[293/301] C000000020/VIS-026_SW_data_21-July-202 N=32 RR 1271 best stop 21 (ret) delta -36 score 0.953 | no-rot delta +76 0.909 | current 0.906 | ceiling 0.959 | R-frame fit R+413 b1-match R+410
[294/301] C000000020/VIS-026_SW_data_21-July-202 N=32 RR 1305 best stop 28 (---) delta +24 score 0.948 | no-rot delta +76 0.936 | current 0.925 | ceiling 0.957 | R-frame fit R+188 b1-match R+149
[295/301] C000000020/VIS-026_SW_data_21-July-202 N=32 RR 1282 best stop 16 (ret) delta -44 score 0.945 | no-rot delta +74 0.892 | current 0.891 | ceiling 0.952 | R-frame fit R+569 b1-match R+624
[296/301] C000000020/VIS-026_SW_data_21-July-202 N=32 RR 1262 best stop 17 (---) delta +48 score 0.959 | no-rot delta -60 0.894 | current 0.892 | ceiling 0.963 | R-frame fit R+660 b1-match R+654
[297/301] C000000024/VIS-021_SW_data_14-July-202 N=32 RR 725 best stop 12 (---) delta -60 score 0.934 | no-rot delta -60 0.869 | current 0.857 | ceiling 0.940 | R-frame fit R+251 b1-match R+313
[298/301] C000000034/VIS-045_SW_data_07-August-2 N=32 RR 992 best stop 25 (---) delta +46 score 0.957 | no-rot delta +58 0.939 | current 0.935 | ceiling 0.961 | R-frame fit R+320 b1-match R+405
[299/301] C000000038/VIS-041_SW_data_04-August-2 N=32 RR 1078 best stop  1 (ret) delta -44 score 0.967 | no-rot delta -60 0.966 | current 0.958 | ceiling 0.970 | R-frame fit R+988 b1-match R+1023
[300/301] C000000041/VIS-038_SW_data_31-July-202 N=32 RR 1056 best stop  4 (---) delta -28 score 0.961 | no-rot delta -60 0.928 | current 0.918 | ceiling 0.963 | R-frame fit R+866 b1-match R+670
[301/301] C000000043/VIS-035_SW_data_28-July-202 N=32 RR 803 best stop  3 (---) delta +30 score 0.934 | no-rot delta -56 0.920 | current 0.892 | ceiling 0.952 | R-frame fit R+637 b1-match R+559
-> D:\Luuk van Knippenberg\Github\shearWaveProcessing\study\logs\buffer3_timing_fit.csv
