[1m[38;5;36mzea[0m[0m: Using backend 'torch'
[1/181] C000000001/SWE_01_SW_data_21-April-2026_12-12-54
  buffer 3: unwrapped - first slot 6, shift -1 (trigger-count; trigger_first 6, continuity_first 6, continuity_margin 0.1438, combined_first 6, combined_margin 3.401, buffer1_first 6, expected_motion_first 6)  [was v1 unwrapped slot 6]
  CombinedData_buffer3_deconv-g050_iq.hdf5: flagged (unwrapped, head 6)
  CombinedData_buffer3_deconv-g100_iq.hdf5: flagged (unwrapped, head 6)
  CombinedData_buffer3_incoh_iq.hdf5: flagged (unwrapped, head 6)
  CombinedData_buffer3_pfieldnorm_iq.hdf5: flagged (unwrapped, head 6)
  CombinedData_buffer3_refocus-adjoint_iq.hdf5: flagged (unwrapped, head 6)
  CombinedData_buffer3_refocus-tikhonov_iq.hdf5: flagged (unwrapped, head 6)
  CombinedData_buffer3_refocus-tsvd_iq.hdf5: flagged (unwrapped, head 6)
[2/181] C000000001/SWE_01_SW_data_21-April-2026_12-16-46
  buffer 3: unwrapped - first slot 3, shift -1 (trigger-count; trigger_first 3, continuity_first 11, continuity_margin 0.0049, combined_first 3, combined_margin 4.576, buffer1_first 3, expected_motion_first 3)
[1m[38;5;36mzea[0m[0m: [38;5;214mWARNING[0m Reading 'Z:\raw_data\C000000001\SWE_01_SW_data_21-April-2026_12-16-46\output\CombinedData_buffer3_iq.hdf5' [2m(/data/beamformed_data/values, 40.1 MB)[0m compressed with lzf, which zea cannot decode concurrently — falling back to a serial h5py read (slower). Re-save with the `zea data resave` CLI (or zea.File.create) to read it concurrently, with a progress bar.
[1m[38;5;36mzea[0m[0m: [38;5;214mWARNING[0m Reading 'Z:\raw_data\C000000001\SWE_01_SW_data_21-April-2026_12-16-46\output\CombinedData_buffer3_iq.hdf5' [2m(/data/beamformed_data/timestamps, 104 B)[0m compressed with lzf, which zea cannot decode concurrently — falling back to a serial h5py read (slower). Re-save with the `zea data resave` CLI (or zea.File.create) to read it concurrently, with a progress bar.
[1m[38;5;36mzea[0m[0m: [32mSuccessfully saved GIF to -> [33mZ:\raw_data\C000000001\SWE_01_SW_data_21-April-2026_12-16-46\output\CombinedData_buffer3_iq.gif[0m[0m
  CombinedData_buffer3_iq.hdf5: B-mode GIF, 25.4 Hz, 26 frames = 1.02 s -> 1.04 s GIF (real time); 26 frames @ 25 fps -> CombinedData_buffer3_iq.gif
[3/181] C000000001/SWE_01_SW_data_21-April-2026_12-19-36
  buffer 3: unwrapped - first slot 15, shift -1 (trigger-count; trigger_first 15, continuity_first 15, continuity_margin 0.01, combined_first 15, combined_margin 4.307, buffer1_first 15, expected_motion_first 15)
[1m[38;5;36mzea[0m[0m: [32mSuccessfully saved GIF to -> [33mZ:\raw_data\C000000001\SWE_01_SW_data_21-April-2026_12-19-36\output\CombinedData_buffer3_iq.gif[0m[0m
  CombinedData_buffer3_iq.hdf5: B-mode GIF, 25.4 Hz, 26 frames = 1.02 s -> 1.04 s GIF (real time); 26 frames @ 25 fps -> CombinedData_buffer3_iq.gif
[4/181] C000000001/SWE_01_SW_data_21-April-2026_12-23-44
  buffer 3: unwrapped - first slot 22, shift -1 (trigger-count; trigger_first 22, continuity_first 12, continuity_margin 0.0127, combined_first 22, combined_margin 3.279, buffer1_first 22, expected_motion_first 22)
[1m[38;5;36mzea[0m[0m: [32mSuccessfully saved GIF to -> [33mZ:\raw_data\C000000001\SWE_01_SW_data_21-April-2026_12-23-44\output\CombinedData_buffer3_iq.gif[0m[0m
  CombinedData_buffer3_iq.hdf5: B-mode GIF, 25.4 Hz, 26 frames = 1.02 s -> 1.04 s GIF (real time); 26 frames @ 25 fps -> CombinedData_buffer3_iq.gif
[5/181] C000000002/SWE02_SW_data_28-April-2026_10-12-32
  buffer 3: unwrapped - first slot 15, shift -1 (trigger-count; trigger_first 15, continuity_first 9, continuity_margin 0.004, combined_first 15, combined_margin 2.131, buffer1_first 15, expected_motion_first 15)
[1m[38;5;36mzea[0m[0m: [32mSuccessfully saved GIF to -> [33mZ:\raw_data\C000000002\SWE02_SW_data_28-April-2026_10-12-32\output\CombinedData_buffer3_iq.gif[0m[0m
  CombinedData_buffer3_iq.hdf5: B-mode GIF, 25.4 Hz, 26 frames = 1.02 s -> 1.04 s GIF (real time); 26 frames @ 25 fps -> CombinedData_buffer3_iq.gif
[6/181] C000000002/SWE02_SW_data_28-April-2026_10-16-34
  buffer 3: ambiguous - first slot -1, shift -1 (none; continuity_first 4, continuity_margin 0.0089, combined_first 21, combined_margin 1.266, buffer1_first 21, expected_motion_first 21)
[7/181] C000000002/SWE02_SW_data_28-April-2026_10-20-20
  buffer 3: unwrapped - first slot 22, shift -1 (trigger-count; trigger_first 22, continuity_first 22, continuity_margin 0.1278, combined_first 22, combined_margin 4.427, buffer1_first 22, expected_motion_first 22)
[1m[38;5;36mzea[0m[0m: [32mSuccessfully saved GIF to -> [33mZ:\raw_data\C000000002\SWE02_SW_data_28-April-2026_10-20-20\output\CombinedData_buffer3_iq.gif[0m[0m
  CombinedData_buffer3_iq.hdf5: B-mode GIF, 25.4 Hz, 26 frames = 1.02 s -> 1.04 s GIF (real time); 26 frames @ 25 fps -> CombinedData_buffer3_iq.gif
[8/181] C000000002/SWE02_SW_data_28-April-2026_10-24-12
  buffer 3: unwrapped - first slot 10, shift -1 (trigger-count; trigger_first 10, continuity_first 10, continuity_margin 0.1257, combined_first 10, combined_margin 4.01, buffer1_first 10, expected_motion_first 10)
[1m[38;5;36mzea[0m[0m: [32mSuccessfully saved GIF to -> [33mZ:\raw_data\C000000002\SWE02_SW_data_28-April-2026_10-24-12\output\CombinedData_buffer3_iq.gif[0m[0m
  CombinedData_buffer3_iq.hdf5: B-mode GIF, 25.4 Hz, 26 frames = 1.02 s -> 1.04 s GIF (real time); 26 frames @ 25 fps -> CombinedData_buffer3_iq.gif
[9/181] C000000003/VIS_03_SW_data_16-June-2026_10-13-59
  buffer 3: unwrapped - first slot 21, shift -1 (trigger-count; trigger_first 21, continuity_first 11, continuity_margin 0.0056, combined_first 21, combined_margin 1.743, buffer1_first 21, expected_motion_first 21)
[1m[38;5;36mzea[0m[0m: [32mSuccessfully saved GIF to -> [33mZ:\raw_data\C000000003\VIS_03_SW_data_16-June-2026_10-13-59\output\CombinedData_buffer3_iq.gif[0m[0m
  CombinedData_buffer3_iq.hdf5: B-mode GIF, 25.4 Hz, 26 frames = 1.02 s -> 1.04 s GIF (real time); 26 frames @ 25 fps -> CombinedData_buffer3_iq.gif
[10/181] C000000003/VIS_03_SW_data_16-June-2026_10-17-36
  buffer 3: unwrapped - first slot 15, shift -1 (trigger-count; trigger_first 15, continuity_first 15, continuity_margin 0.0022, combined_first 15, combined_margin 2.936, buffer1_first 15, expected_motion_first 15)
[1m[38;5;36mzea[0m[0m: [32mSuccessfully saved GIF to -> [33mZ:\raw_data\C000000003\VIS_03_SW_data_16-June-2026_10-17-36\output\CombinedData_buffer3_iq.gif[0m[0m
  CombinedData_buffer3_iq.hdf5: B-mode GIF, 25.4 Hz, 26 frames = 1.02 s -> 1.04 s GIF (real time); 26 frames @ 25 fps -> CombinedData_buffer3_iq.gif
[11/181] C000000003/VIS_03_SW_data_16-June-2026_10-20-18
  buffer 3: unwrapped - first slot 16, shift -1 (trigger-count; trigger_first 16, continuity_first 20, continuity_margin 0.0015, combined_first 16, combined_margin 1.782, buffer1_first 16, expected_motion_first 16)
[1m[38;5;36mzea[0m[0m: [32mSuccessfully saved GIF to -> [33mZ:\raw_data\C000000003\VIS_03_SW_data_16-June-2026_10-20-18\output\CombinedData_buffer3_iq.gif[0m[0m
  CombinedData_buffer3_iq.hdf5: B-mode GIF, 25.4 Hz, 26 frames = 1.02 s -> 1.04 s GIF (real time); 26 frames @ 25 fps -> CombinedData_buffer3_iq.gif
[12/181] C000000004/VIS_4_SW_data_16-June-2026_10-58-59
  buffer 3: unwrapped - first slot 10, shift -1 (trigger-count; trigger_first 10, continuity_first 1, continuity_margin 0.0062, combined_first 10, combined_margin 2.887, buffer1_first 10, expected_motion_first 10)  [was v1 unwrapped slot 10]
  CombinedData_buffer3_refocus-adjoint_iq.hdf5: flagged (unwrapped, head 10)
[13/181] C000000004/VIS_4_SW_data_16-June-2026_11-01-48
  buffer 3: unwrapped - first slot 19, shift -1 (trigger-count; trigger_first 19, continuity_first 19, continuity_margin 0.0195, combined_first 19, combined_margin 3.237, buffer1_first 19, expected_motion_first 19)
[1m[38;5;36mzea[0m[0m: [32mSuccessfully saved GIF to -> [33mZ:\raw_data\C000000004\VIS_4_SW_data_16-June-2026_11-01-48\output\CombinedData_buffer3_iq.gif[0m[0m
  CombinedData_buffer3_iq.hdf5: B-mode GIF, 25.4 Hz, 26 frames = 1.02 s -> 1.04 s GIF (real time); 26 frames @ 25 fps -> CombinedData_buffer3_iq.gif
[14/181] C000000004/VIS_4_SW_data_16-June-2026_11-04-50
  buffer 3: unwrapped - first slot 2, shift -1 (trigger-count; trigger_first 2, continuity_first 2, continuity_margin 0.0086, combined_first 2, combined_margin 2.956, buffer1_first 1, expected_motion_first 1)
[1m[38;5;36mzea[0m[0m: [32mSuccessfully saved GIF to -> [33mZ:\raw_data\C000000004\VIS_4_SW_data_16-June-2026_11-04-50\output\CombinedData_buffer3_iq.gif[0m[0m
  CombinedData_buffer3_iq.hdf5: B-mode GIF, 25.4 Hz, 26 frames = 1.02 s -> 1.04 s GIF (real time); 26 frames @ 25 fps -> CombinedData_buffer3_iq.gif
[15/181] C000000004/VIS_4_SW_data_16-June-2026_11-08-03
  buffer 3: unwrapped - first slot 12, shift -1 (trigger-count; trigger_first 12, continuity_first 12, continuity_margin 0.0338, combined_first 12, combined_margin 7.177, buffer1_first 12, expected_motion_first 12)
[1m[38;5;36mzea[0m[0m: [32mSuccessfully saved GIF to -> [33mZ:\raw_data\C000000004\VIS_4_SW_data_16-June-2026_11-08-03\output\CombinedData_buffer3_iq.gif[0m[0m
  CombinedData_buffer3_iq.hdf5: B-mode GIF, 25.4 Hz, 26 frames = 1.02 s -> 1.04 s GIF (real time); 26 frames @ 25 fps -> CombinedData_buffer3_iq.gif
[16/181] C000000005/VIS-005_SW_data_19-June-2026_09-14-24
  buffer 3: unwrapped - first slot 7, shift -1 (trigger-count; trigger_first 7, continuity_first 7, continuity_margin 0.0025)
[1m[38;5;36mzea[0m[0m: [32mSuccessfully saved GIF to -> [33mZ:\raw_data\C000000005\VIS-005_SW_data_19-June-2026_09-14-24\output\CombinedData_buffer3_iq.gif[0m[0m
  CombinedData_buffer3_iq.hdf5: B-mode GIF, 25.4 Hz, 26 frames = 1.02 s -> 1.04 s GIF (real time); 26 frames @ 25 fps -> CombinedData_buffer3_iq.gif
[17/181] C000000005/VIS-005_SW_data_19-June-2026_09-18-05
  buffer 3: unwrapped - first slot 5, shift -1 (trigger-count; trigger_first 5, continuity_first 5, continuity_margin 0.0031)
[1m[38;5;36mzea[0m[0m: [32mSuccessfully saved GIF to -> [33mZ:\raw_data\C000000005\VIS-005_SW_data_19-June-2026_09-18-05\output\CombinedData_buffer3_iq.gif[0m[0m
  CombinedData_buffer3_iq.hdf5: B-mode GIF, 25.4 Hz, 26 frames = 1.02 s -> 1.04 s GIF (real time); 26 frames @ 25 fps -> CombinedData_buffer3_iq.gif
[18/181] C000000005/VIS-005_SW_data_19-June-2026_09-21-07
  buffer 3: unwrapped - first slot 8, shift -1 (trigger-count; trigger_first 8, continuity_first 4, continuity_margin 0.0036)
[1m[38;5;36mzea[0m[0m: [32mSuccessfully saved GIF to -> [33mZ:\raw_data\C000000005\VIS-005_SW_data_19-June-2026_09-21-07\output\CombinedData_buffer3_iq.gif[0m[0m
  CombinedData_buffer3_iq.hdf5: B-mode GIF, 25.4 Hz, 26 frames = 1.02 s -> 1.04 s GIF (real time); 26 frames @ 25 fps -> CombinedData_buffer3_iq.gif
[19/181] C000000005/VIS-005_SW_data_19-June-2026_09-29-28
  buffer 3: unwrapped - first slot 9, shift -1 (trigger-count; trigger_first 9, continuity_first 9, continuity_margin 0.074)
[1m[38;5;36mzea[0m[0m: [32mSuccessfully saved GIF to -> [33mZ:\raw_data\C000000005\VIS-005_SW_data_19-June-2026_09-29-28\output\CombinedData_buffer3_iq.gif[0m[0m
  CombinedData_buffer3_iq.hdf5: B-mode GIF, 25.4 Hz, 26 frames = 1.02 s -> 1.04 s GIF (real time); 26 frames @ 25 fps -> CombinedData_buffer3_iq.gif
[20/181] C000000007/VIS-007_SW_data_30-June-2026_11-49-10
  buffer 3: ambiguous - first slot -1, shift -1 (none; continuity_first 15, continuity_margin 0.0065)
[21/181] C000000007/VIS-007_SW_data_30-June-2026_11-53-29
  buffer 3: unwrapped - first slot 6, shift -1 (trigger-count; trigger_first 6, continuity_first 1, continuity_margin 0.0188)
[1m[38;5;36mzea[0m[0m: [32mSuccessfully saved GIF to -> [33mZ:\raw_data\C000000007\VIS-007_SW_data_30-June-2026_11-53-29\output\CombinedData_buffer3_iq.gif[0m[0m
  CombinedData_buffer3_iq.hdf5: B-mode GIF, 25.4 Hz, 26 frames = 1.02 s -> 1.04 s GIF (real time); 26 frames @ 25 fps -> CombinedData_buffer3_iq.gif
[22/181] C000000007/VIS-007_SW_data_30-June-2026_11-58-59
  buffer 3: unwrapped - first slot 20, shift -1 (trigger-count; trigger_first 20, continuity_first 12, continuity_margin 0.0104)
[1m[38;5;36mzea[0m[0m: [32mSuccessfully saved GIF to -> [33mZ:\raw_data\C000000007\VIS-007_SW_data_30-June-2026_11-58-59\output\CombinedData_buffer3_iq.gif[0m[0m
  CombinedData_buffer3_iq.hdf5: B-mode GIF, 25.4 Hz, 26 frames = 1.02 s -> 1.04 s GIF (real time); 26 frames @ 25 fps -> CombinedData_buffer3_iq.gif
[23/181] C000000008/VIS-010_SW_data_03-July-2026_10-36-33
  buffer 3: unwrapped - first slot 9, shift -1 (trigger-count; trigger_first 9, continuity_first 3, continuity_margin 0.0001, combined_first 9, combined_margin 4.003, buffer1_first 9, expected_motion_first 9)  [was v1 unwrapped slot 10]
[1m[38;5;36mzea[0m[0m: [32mSuccessfully saved GIF to -> [33mZ:\raw_data\C000000008\VIS-010_SW_data_03-July-2026_10-36-33\output\CombinedData_buffer3_iq.gif[0m[0m
  CombinedData_buffer3_iq.hdf5: B-mode GIF, 25.4 Hz, 26 frames = 1.02 s -> 1.04 s GIF (real time); 26 frames @ 25 fps -> CombinedData_buffer3_iq.gif
[1m[38;5;36mzea[0m[0m: [32mSuccessfully saved GIF to -> [33mZ:\raw_data\C000000008\VIS-010_SW_data_03-July-2026_10-36-33\output\CombinedData_buffer3_refocus-adjoint_iq.gif[0m[0m
  CombinedData_buffer3_refocus-adjoint_iq.hdf5: B-mode GIF, 25.4 Hz, 26 frames = 1.02 s -> 1.04 s GIF (real time); 26 frames @ 25 fps -> CombinedData_buffer3_refocus-adjoint_iq.gif
  CombinedData_buffer3_refocus-adjoint_iq.hdf5: reordered (unwrapped, head 9)
[24/181] C000000008/VIS-010_SW_data_03-July-2026_10-39-08
  buffer 3: unwrapped - first slot 2, shift -1 (combined; continuity_first 22, continuity_margin 0.0035, combined_first 2, combined_margin 2.042, buffer1_first 2, expected_motion_first 2)
[1m[38;5;36mzea[0m[0m: [32mSuccessfully saved GIF to -> [33mZ:\raw_data\C000000008\VIS-010_SW_data_03-July-2026_10-39-08\output\CombinedData_buffer3_iq.gif[0m[0m
  CombinedData_buffer3_iq.hdf5: B-mode GIF, 25.4 Hz, 26 frames = 1.02 s -> 1.04 s GIF (real time); 26 frames @ 25 fps -> CombinedData_buffer3_iq.gif
[25/181] C000000008/VIS-010_SW_data_03-July-2026_10-41-56
  buffer 3: unwrapped - first slot 10, shift -1 (trigger-count; trigger_first 10, continuity_first 10, continuity_margin 0.0273, combined_first 10, combined_margin 5.731, buffer1_first 10, expected_motion_first 10)
[1m[38;5;36mzea[0m[0m: [32mSuccessfully saved GIF to -> [33mZ:\raw_data\C000000008\VIS-010_SW_data_03-July-2026_10-41-56\output\CombinedData_buffer3_iq.gif[0m[0m
  CombinedData_buffer3_iq.hdf5: B-mode GIF, 25.4 Hz, 26 frames = 1.02 s -> 1.04 s GIF (real time); 26 frames @ 25 fps -> CombinedData_buffer3_iq.gif
[26/181] C000000008/VIS-010_SW_data_03-July-2026_10-44-27
  buffer 3: unwrapped - first slot 20, shift -1 (trigger-count; trigger_first 20, continuity_first 14, continuity_margin 0.0066, combined_first 20, combined_margin 2.601, buffer1_first 20, expected_motion_first 20)
[1m[38;5;36mzea[0m[0m: [32mSuccessfully saved GIF to -> [33mZ:\raw_data\C000000008\VIS-010_SW_data_03-July-2026_10-44-27\output\CombinedData_buffer3_iq.gif[0m[0m
  CombinedData_buffer3_iq.hdf5: B-mode GIF, 25.4 Hz, 26 frames = 1.02 s -> 1.04 s GIF (real time); 26 frames @ 25 fps -> CombinedData_buffer3_iq.gif
[27/181] C000000009/VIS-009_SW_data_03-July-2026_09-45-57
  buffer 3: unwrapped - first slot 4, shift -1 (trigger-count; trigger_first 4, continuity_first 4, continuity_margin 0.0188, combined_first 4, combined_margin 4.062, buffer1_first 4, expected_motion_first 4)
[1m[38;5;36mzea[0m[0m: [32mSuccessfully saved GIF to -> [33mZ:\raw_data\C000000009\VIS-009_SW_data_03-July-2026_09-45-57\output\CombinedData_buffer3_iq.gif[0m[0m
  CombinedData_buffer3_iq.hdf5: B-mode GIF, 25.4 Hz, 26 frames = 1.02 s -> 1.04 s GIF (real time); 26 frames @ 25 fps -> CombinedData_buffer3_iq.gif
[28/181] C000000009/VIS-009_SW_data_03-July-2026_09-49-49
  buffer 3: ambiguous - first slot -1, shift -1 (none; continuity_first 2, continuity_margin 0.0216, combined_first 25, combined_margin 0.564, buffer1_first 25, expected_motion_first 25)
[29/181] C000000009/VIS-009_SW_data_03-July-2026_09-55-35
  buffer 3: unwrapped - first slot 5, shift -1 (trigger-count; trigger_first 5, continuity_first 5, continuity_margin 0.0015, combined_first 5, combined_margin 2.475, buffer1_first 5, expected_motion_first 5)
[1m[38;5;36mzea[0m[0m: [32mSuccessfully saved GIF to -> [33mZ:\raw_data\C000000009\VIS-009_SW_data_03-July-2026_09-55-35\output\CombinedData_buffer3_iq.gif[0m[0m
  CombinedData_buffer3_iq.hdf5: B-mode GIF, 25.4 Hz, 26 frames = 1.02 s -> 1.04 s GIF (real time); 26 frames @ 25 fps -> CombinedData_buffer3_iq.gif
[30/181] C000000009/VIS-009_SW_data_03-July-2026_09-58-21
  buffer 3: unwrapped - first slot 15, shift -1 (trigger-count; trigger_first 15, continuity_first 12, continuity_margin 0.0027, combined_first 15, combined_margin 1.985, buffer1_first 15, expected_motion_first 15)
[1m[38;5;36mzea[0m[0m: [32mSuccessfully saved GIF to -> [33mZ:\raw_data\C000000009\VIS-009_SW_data_03-July-2026_09-58-21\output\CombinedData_buffer3_iq.gif[0m[0m
  CombinedData_buffer3_iq.hdf5: B-mode GIF, 25.4 Hz, 26 frames = 1.02 s -> 1.04 s GIF (real time); 26 frames @ 25 fps -> CombinedData_buffer3_iq.gif
[31/181] C000000010/vis-006_SW_data_30-June-2026_09-44-49
  buffer 3: unwrapped - first slot 4, shift -1 (trigger-count; trigger_first 4, continuity_first 4, continuity_margin 0.0184, combined_first 4, combined_margin 4.067, buffer1_first 4, expected_motion_first 4)
[1m[38;5;36mzea[0m[0m: [32mSuccessfully saved GIF to -> [33mZ:\raw_data\C000000010\vis-006_SW_data_30-June-2026_09-44-49\output\CombinedData_buffer3_iq.gif[0m[0m
  CombinedData_buffer3_iq.hdf5: B-mode GIF, 25.4 Hz, 26 frames = 1.02 s -> 1.04 s GIF (real time); 26 frames @ 25 fps -> CombinedData_buffer3_iq.gif
[32/181] C000000010/vis-006_SW_data_30-June-2026_09-50-42
  buffer 3: unwrapped - first slot 20, shift -1 (combined; continuity_first 20, continuity_margin 0.0584, combined_first 20, combined_margin 1.737, buffer1_first 4, expected_motion_first -1)
[1m[38;5;36mzea[0m[0m: [32mSuccessfully saved GIF to -> [33mZ:\raw_data\C000000010\vis-006_SW_data_30-June-2026_09-50-42\output\CombinedData_buffer3_iq.gif[0m[0m
  CombinedData_buffer3_iq.hdf5: B-mode GIF, 25.4 Hz, 26 frames = 1.02 s -> 1.04 s GIF (real time); 26 frames @ 25 fps -> CombinedData_buffer3_iq.gif
[33/181] C000000010/vis-006_SW_data_30-June-2026_09-55-00
  buffer 3: unwrapped - first slot 4, shift -1 (trigger-count; trigger_first 4, continuity_first 4, continuity_margin 0.0139)
[1m[38;5;36mzea[0m[0m: [32mSuccessfully saved GIF to -> [33mZ:\raw_data\C000000010\vis-006_SW_data_30-June-2026_09-55-00\output\CombinedData_buffer3_iq.gif[0m[0m
  CombinedData_buffer3_iq.hdf5: B-mode GIF, 25.4 Hz, 26 frames = 1.02 s -> 1.04 s GIF (real time); 26 frames @ 25 fps -> CombinedData_buffer3_iq.gif
[34/181] C000000011/VIS-11_SW_data_07-July-2026_08-40-05
  buffer 3: unwrapped - first slot 20, shift -1 (combined; continuity_first 20, continuity_margin 0.099, combined_first 20, combined_margin 6.296, buffer1_first 20, expected_motion_first 20)  [was v1 unwrapped slot 20]
  CombinedData_buffer3_refocus-adjoint_iq.hdf5: flagged (unwrapped, head 20)
[35/181] C000000011/VIS-11_SW_data_07-July-2026_08-43-46
  buffer 3: unwrapped - first slot 6, shift -1 (trigger-count; trigger_first 6, continuity_first 6, continuity_margin 0.0583, combined_first 6, combined_margin 4.537, buffer1_first 6, expected_motion_first 6)
[1m[38;5;36mzea[0m[0m: [32mSuccessfully saved GIF to -> [33mZ:\raw_data\C000000011\VIS-11_SW_data_07-July-2026_08-43-46\output\CombinedData_buffer3_iq.gif[0m[0m
  CombinedData_buffer3_iq.hdf5: B-mode GIF, 25.4 Hz, 32 frames = 1.26 s -> 1.28 s GIF (real time); 32 frames @ 25 fps -> CombinedData_buffer3_iq.gif
[36/181] C000000011/VIS-11_SW_data_07-July-2026_08-48-43
  buffer 3: unwrapped - first slot 26, shift -1 (combined; continuity_first 26, continuity_margin 0.0952, combined_first 26, combined_margin 6.986, buffer1_first 26, expected_motion_first 26)
[1m[38;5;36mzea[0m[0m: [32mSuccessfully saved GIF to -> [33mZ:\raw_data\C000000011\VIS-11_SW_data_07-July-2026_08-48-43\output\CombinedData_buffer3_iq.gif[0m[0m
  CombinedData_buffer3_iq.hdf5: B-mode GIF, 25.4 Hz, 32 frames = 1.26 s -> 1.28 s GIF (real time); 32 frames @ 25 fps -> CombinedData_buffer3_iq.gif
[37/181] C000000011/VIS-11_SW_data_07-July-2026_08-52-16
  buffer 3: unwrapped - first slot 4, shift -1 (trigger-count; trigger_first 4, continuity_first 4, continuity_margin 0.0736, combined_first 4, combined_margin 5.393, buffer1_first 4, expected_motion_first 4)
[1m[38;5;36mzea[0m[0m: [32mSuccessfully saved GIF to -> [33mZ:\raw_data\C000000011\VIS-11_SW_data_07-July-2026_08-52-16\output\CombinedData_buffer3_iq.gif[0m[0m
  CombinedData_buffer3_iq.hdf5: B-mode GIF, 25.4 Hz, 32 frames = 1.26 s -> 1.28 s GIF (real time); 32 frames @ 25 fps -> CombinedData_buffer3_iq.gif
[38/181] C000000012/VIS-014_SW_data_07-July-2026_11-42-46
  buffer 3: ambiguous - first slot -1, shift -1 (none; continuity_first 11, continuity_margin 0.0336)  [was v1 ambiguous slot -1]
[39/181] C000000012/VIS-014_SW_data_07-July-2026_11-52-00
  buffer 3: unwrapped - first slot 14, shift -1 (combined; continuity_first 14, continuity_margin 0.0283, combined_first 14, combined_margin 4.19, buffer1_first 14, expected_motion_first 14)
[1m[38;5;36mzea[0m[0m: [32mSuccessfully saved GIF to -> [33mZ:\raw_data\C000000012\VIS-014_SW_data_07-July-2026_11-52-00\output\CombinedData_buffer3_iq.gif[0m[0m
  CombinedData_buffer3_iq.hdf5: B-mode GIF, 25.4 Hz, 32 frames = 1.26 s -> 1.28 s GIF (real time); 32 frames @ 25 fps -> CombinedData_buffer3_iq.gif
[40/181] C000000012/VIS-014_SW_data_07-July-2026_11-55-56
  buffer 3: ambiguous - first slot -1, shift -1 (none; continuity_first 4, continuity_margin 0.0215, combined_first 26, combined_margin 0.078, buffer1_first 29, expected_motion_first 28)
[41/181] C000000012/VIS-014_SW_data_07-July-2026_12-05-09
  buffer 3: unwrapped - first slot 9, shift -1 (combined; continuity_first 9, continuity_margin 0.0383, combined_first 9, combined_margin 4.443, buffer1_first 9, expected_motion_first 9)
[1m[38;5;36mzea[0m[0m: [32mSuccessfully saved GIF to -> [33mZ:\raw_data\C000000012\VIS-014_SW_data_07-July-2026_12-05-09\output\CombinedData_buffer3_iq.gif[0m[0m
  CombinedData_buffer3_iq.hdf5: B-mode GIF, 25.4 Hz, 32 frames = 1.26 s -> 1.28 s GIF (real time); 32 frames @ 25 fps -> CombinedData_buffer3_iq.gif
[42/181] C000000013/VIS-016_SW_data_10-July-2026_10-11-53
  buffer 3: unwrapped - first slot 22, shift -1 (combined; continuity_first 22, continuity_margin 0.0842, combined_first 22, combined_margin 6.103, buffer1_first 22, expected_motion_first 22)  [was v1 unwrapped slot 22]
[43/181] C000000013/VIS-016_SW_data_10-July-2026_10-14-46
  buffer 3: unwrapped - first slot 2, shift -1 (combined; continuity_first 17, continuity_margin 0.0266, combined_first 2, combined_margin 5.528, buffer1_first 2, expected_motion_first 2)
[1m[38;5;36mzea[0m[0m: [32mSuccessfully saved GIF to -> [33mZ:\raw_data\C000000013\VIS-016_SW_data_10-July-2026_10-14-46\output\CombinedData_buffer3_iq.gif[0m[0m
  CombinedData_buffer3_iq.hdf5: B-mode GIF, 25.4 Hz, 32 frames = 1.26 s -> 1.28 s GIF (real time); 32 frames @ 25 fps -> CombinedData_buffer3_iq.gif
[44/181] C000000013/VIS-016_SW_data_10-July-2026_10-18-26
  buffer 3: unwrapped - first slot 8, shift -1 (trigger-count; trigger_first 8, continuity_first 8, continuity_margin 0.1222, combined_first 8, combined_margin 6.029, buffer1_first 8, expected_motion_first 8)
[1m[38;5;36mzea[0m[0m: [32mSuccessfully saved GIF to -> [33mZ:\raw_data\C000000013\VIS-016_SW_data_10-July-2026_10-18-26\output\CombinedData_buffer3_iq.gif[0m[0m
  CombinedData_buffer3_iq.hdf5: B-mode GIF, 25.4 Hz, 32 frames = 1.26 s -> 1.28 s GIF (real time); 32 frames @ 25 fps -> CombinedData_buffer3_iq.gif
[45/181] C000000013/VIS-016_SW_data_10-July-2026_10-21-05
  buffer 3: unwrapped - first slot 23, shift -1 (trigger-count; trigger_first 23, continuity_first 23, continuity_margin 0.0266, combined_first 23, combined_margin 4.52, buffer1_first 23, expected_motion_first 23)
[1m[38;5;36mzea[0m[0m: [32mSuccessfully saved GIF to -> [33mZ:\raw_data\C000000013\VIS-016_SW_data_10-July-2026_10-21-05\output\CombinedData_buffer3_iq.gif[0m[0m
  CombinedData_buffer3_iq.hdf5: B-mode GIF, 25.4 Hz, 32 frames = 1.26 s -> 1.28 s GIF (real time); 32 frames @ 25 fps -> CombinedData_buffer3_iq.gif
[46/181] C000000014/VIS-008_SW_data_10-July-2026_08-42-17
  buffer 3: unwrapped - first slot 25, shift -1 (combined; continuity_first 18, continuity_margin 0.0091, combined_first 25, combined_margin 3.568, buffer1_first 25, expected_motion_first 25)
[1m[38;5;36mzea[0m[0m: [32mSuccessfully saved GIF to -> [33mZ:\raw_data\C000000014\VIS-008_SW_data_10-July-2026_08-42-17\output\CombinedData_buffer3_iq.gif[0m[0m
  CombinedData_buffer3_iq.hdf5: B-mode GIF, 25.4 Hz, 32 frames = 1.26 s -> 1.28 s GIF (real time); 32 frames @ 25 fps -> CombinedData_buffer3_iq.gif
[47/181] C000000014/VIS-008_SW_data_10-July-2026_08-49-37
  buffer 3: unwrapped - first slot 13, shift -1 (combined; continuity_first 6, continuity_margin 0.0036, combined_first 13, combined_margin 2.931, buffer1_first 13, expected_motion_first 13)
[1m[38;5;36mzea[0m[0m: [32mSuccessfully saved GIF to -> [33mZ:\raw_data\C000000014\VIS-008_SW_data_10-July-2026_08-49-37\output\CombinedData_buffer3_iq.gif[0m[0m
  CombinedData_buffer3_iq.hdf5: B-mode GIF, 25.4 Hz, 32 frames = 1.26 s -> 1.28 s GIF (real time); 32 frames @ 25 fps -> CombinedData_buffer3_iq.gif
[48/181] C000000014/VIS-008_SW_data_10-July-2026_08-52-22
  buffer 3: unwrapped - first slot 3, shift -1 (combined; continuity_first 3, continuity_margin 0.0269, combined_first 3, combined_margin 3.51, buffer1_first 3, expected_motion_first 3)
[1m[38;5;36mzea[0m[0m: [32mSuccessfully saved GIF to -> [33mZ:\raw_data\C000000014\VIS-008_SW_data_10-July-2026_08-52-22\output\CombinedData_buffer3_iq.gif[0m[0m
  CombinedData_buffer3_iq.hdf5: B-mode GIF, 25.4 Hz, 32 frames = 1.26 s -> 1.28 s GIF (real time); 32 frames @ 25 fps -> CombinedData_buffer3_iq.gif
[49/181] C000000014/VIS-008_SW_data_10-July-2026_08-55-26
  buffer 3: unwrapped - first slot 24, shift -1 (combined; continuity_first 30, continuity_margin 0.0099, combined_first 24, combined_margin 3.237, buffer1_first 24, expected_motion_first 24)
[1m[38;5;36mzea[0m[0m: [32mSuccessfully saved GIF to -> [33mZ:\raw_data\C000000014\VIS-008_SW_data_10-July-2026_08-55-26\output\CombinedData_buffer3_iq.gif[0m[0m
  CombinedData_buffer3_iq.hdf5: B-mode GIF, 25.4 Hz, 32 frames = 1.26 s -> 1.28 s GIF (real time); 32 frames @ 25 fps -> CombinedData_buffer3_iq.gif
[50/181] C000000015/VIS-017_SW_data_10-July-2026_10-55-41
  buffer 3: chronological - first slot 0, shift -1 (combined; continuity_first 0, continuity_margin 0.137, combined_first 0, combined_margin 5.254, buffer1_first 0, expected_motion_first 0)
[51/181] C000000015/VIS-017_SW_data_10-July-2026_10-58-33
  buffer 3: unwrapped - first slot 21, shift -1 (combined; continuity_first 21, continuity_margin 0.0848, combined_first 21, combined_margin 5.179, buffer1_first 21, expected_motion_first 21)
[1m[38;5;36mzea[0m[0m: [32mSuccessfully saved GIF to -> [33mZ:\raw_data\C000000015\VIS-017_SW_data_10-July-2026_10-58-33\output\CombinedData_buffer3_iq.gif[0m[0m
  CombinedData_buffer3_iq.hdf5: B-mode GIF, 25.4 Hz, 32 frames = 1.26 s -> 1.28 s GIF (real time); 32 frames @ 25 fps -> CombinedData_buffer3_iq.gif
[52/181] C000000015/VIS-017_SW_data_10-July-2026_11-01-40
  buffer 3: unwrapped - first slot 5, shift -1 (combined; continuity_first 5, continuity_margin 0.042, combined_first 5, combined_margin 6.626, buffer1_first 5, expected_motion_first 5)
[1m[38;5;36mzea[0m[0m: [32mSuccessfully saved GIF to -> [33mZ:\raw_data\C000000015\VIS-017_SW_data_10-July-2026_11-01-40\output\CombinedData_buffer3_iq.gif[0m[0m
  CombinedData_buffer3_iq.hdf5: B-mode GIF, 25.4 Hz, 32 frames = 1.26 s -> 1.28 s GIF (real time); 32 frames @ 25 fps -> CombinedData_buffer3_iq.gif
[53/181] C000000016/VIS-015_SW_data_10-July-2026_09-26-07
  buffer 3: unwrapped - first slot 14, shift -1 (combined; continuity_first 30, continuity_margin 0.0318, combined_first 14, combined_margin 3.298, buffer1_first 14, expected_motion_first 14)
[1m[38;5;36mzea[0m[0m: [32mSuccessfully saved GIF to -> [33mZ:\raw_data\C000000016\VIS-015_SW_data_10-July-2026_09-26-07\output\CombinedData_buffer3_iq.gif[0m[0m
  CombinedData_buffer3_iq.hdf5: B-mode GIF, 25.4 Hz, 32 frames = 1.26 s -> 1.28 s GIF (real time); 32 frames @ 25 fps -> CombinedData_buffer3_iq.gif
[54/181] C000000016/VIS-015_SW_data_10-July-2026_09-29-55
  buffer 3: unwrapped - first slot 10, shift -1 (combined; continuity_first 12, continuity_margin 0.0087, combined_first 10, combined_margin 2.83, buffer1_first 10, expected_motion_first 10)
[1m[38;5;36mzea[0m[0m: [32mSuccessfully saved GIF to -> [33mZ:\raw_data\C000000016\VIS-015_SW_data_10-July-2026_09-29-55\output\CombinedData_buffer3_iq.gif[0m[0m
  CombinedData_buffer3_iq.hdf5: B-mode GIF, 25.4 Hz, 32 frames = 1.26 s -> 1.28 s GIF (real time); 32 frames @ 25 fps -> CombinedData_buffer3_iq.gif
[55/181] C000000016/VIS-015_SW_data_10-July-2026_09-33-05
  buffer 3: chronological - first slot 0, shift -1 (trigger-count; trigger_first 0, continuity_first 0, continuity_margin 0.0622, combined_first 0, combined_margin 4.131, buffer1_first 0, expected_motion_first 8)
[56/181] C000000016/VIS-015_SW_data_10-July-2026_09-36-21
  buffer 3: unwrapped - first slot 7, shift -1 (combined; continuity_first 7, continuity_margin 0.0407, combined_first 7, combined_margin 7.212, buffer1_first 7, expected_motion_first 7)
[1m[38;5;36mzea[0m[0m: [32mSuccessfully saved GIF to -> [33mZ:\raw_data\C000000016\VIS-015_SW_data_10-July-2026_09-36-21\output\CombinedData_buffer3_iq.gif[0m[0m
  CombinedData_buffer3_iq.hdf5: B-mode GIF, 25.4 Hz, 32 frames = 1.26 s -> 1.28 s GIF (real time); 32 frames @ 25 fps -> CombinedData_buffer3_iq.gif
[57/181] C000000017/VIS-013_SW_data_07-July-2026_10-53-54
  buffer 3: unwrapped - first slot 31, shift -1 (trigger-count; trigger_first 31, continuity_first 31, continuity_margin 0.0278)  [was v1 chronological slot 0]
[1m[38;5;36mzea[0m[0m: [32mSuccessfully saved GIF to -> [33mZ:\raw_data\C000000017\VIS-013_SW_data_07-July-2026_10-53-54\output\CombinedData_buffer3_iq.gif[0m[0m
  CombinedData_buffer3_iq.hdf5: B-mode GIF, 25.4 Hz, 32 frames = 1.26 s -> 1.28 s GIF (real time); 32 frames @ 25 fps -> CombinedData_buffer3_iq.gif
[58/181] C000000017/VIS-013_SW_data_07-July-2026_10-57-19
  buffer 3: unwrapped - first slot 25, shift -1 (combined; continuity_first 25, continuity_margin 0.0489, combined_first 25, combined_margin 4.155, buffer1_first 25, expected_motion_first 25)
[1m[38;5;36mzea[0m[0m: [32mSuccessfully saved GIF to -> [33mZ:\raw_data\C000000017\VIS-013_SW_data_07-July-2026_10-57-19\output\CombinedData_buffer3_iq.gif[0m[0m
  CombinedData_buffer3_iq.hdf5: B-mode GIF, 25.4 Hz, 32 frames = 1.26 s -> 1.28 s GIF (real time); 32 frames @ 25 fps -> CombinedData_buffer3_iq.gif
[59/181] C000000017/VIS-013_SW_data_07-July-2026_11-01-20
  buffer 3: unwrapped - first slot 19, shift -1 (combined; continuity_first 29, continuity_margin 0.0083, combined_first 19, combined_margin 3.782, buffer1_first 19, expected_motion_first 19)
[1m[38;5;36mzea[0m[0m: [32mSuccessfully saved GIF to -> [33mZ:\raw_data\C000000017\VIS-013_SW_data_07-July-2026_11-01-20\output\CombinedData_buffer3_iq.gif[0m[0m
  CombinedData_buffer3_iq.hdf5: B-mode GIF, 25.4 Hz, 32 frames = 1.26 s -> 1.28 s GIF (real time); 32 frames @ 25 fps -> CombinedData_buffer3_iq.gif
[60/181] C000000017/VIS-013_SW_data_07-July-2026_11-05-11
  buffer 3: unwrapped - first slot 27, shift -1 (combined; continuity_first 27, continuity_margin 0.0135, combined_first 27, combined_margin 5.421, buffer1_first 27, expected_motion_first 27)
[1m[38;5;36mzea[0m[0m: [32mSuccessfully saved GIF to -> [33mZ:\raw_data\C000000017\VIS-013_SW_data_07-July-2026_11-05-11\output\CombinedData_buffer3_iq.gif[0m[0m
  CombinedData_buffer3_iq.hdf5: B-mode GIF, 25.4 Hz, 32 frames = 1.26 s -> 1.28 s GIF (real time); 32 frames @ 25 fps -> CombinedData_buffer3_iq.gif
[61/181] C000000018/VIS-012_SW_data_07-July-2026_09-23-42
  buffer 3: unwrapped - first slot 4, shift -1 (combined; continuity_first 4, continuity_margin 0.0228, combined_first 4, combined_margin 6.048, buffer1_first 4, expected_motion_first 4)
[1m[38;5;36mzea[0m[0m: [32mSuccessfully saved GIF to -> [33mZ:\raw_data\C000000018\VIS-012_SW_data_07-July-2026_09-23-42\output\CombinedData_buffer3_iq.gif[0m[0m
  CombinedData_buffer3_iq.hdf5: B-mode GIF, 25.4 Hz, 32 frames = 1.26 s -> 1.28 s GIF (real time); 32 frames @ 25 fps -> CombinedData_buffer3_iq.gif
[62/181] C000000018/VIS-012_SW_data_07-July-2026_09-27-30
  buffer 3: unwrapped - first slot 19, shift -1 (combined; continuity_first 19, continuity_margin 0.0254, combined_first 19, combined_margin 4.823, buffer1_first 19, expected_motion_first 19)
[1m[38;5;36mzea[0m[0m: [32mSuccessfully saved GIF to -> [33mZ:\raw_data\C000000018\VIS-012_SW_data_07-July-2026_09-27-30\output\CombinedData_buffer3_iq.gif[0m[0m
  CombinedData_buffer3_iq.hdf5: B-mode GIF, 25.4 Hz, 32 frames = 1.26 s -> 1.28 s GIF (real time); 32 frames @ 25 fps -> CombinedData_buffer3_iq.gif
[63/181] C000000018/VIS-012_SW_data_07-July-2026_09-32-10
  buffer 3: unwrapped - first slot 29, shift -1 (combined; continuity_first 29, continuity_margin 0.0106, combined_first 29, combined_margin 4.076, buffer1_first 29, expected_motion_first 29)
[1m[38;5;36mzea[0m[0m: [32mSuccessfully saved GIF to -> [33mZ:\raw_data\C000000018\VIS-012_SW_data_07-July-2026_09-32-10\output\CombinedData_buffer3_iq.gif[0m[0m
  CombinedData_buffer3_iq.hdf5: B-mode GIF, 25.4 Hz, 32 frames = 1.26 s -> 1.28 s GIF (real time); 32 frames @ 25 fps -> CombinedData_buffer3_iq.gif
[64/181] C000000018/VIS-012_SW_data_07-July-2026_09-35-02
  buffer 3: unwrapped - first slot 5, shift -1 (combined; continuity_first 5, continuity_margin 0.0245, combined_first 5, combined_margin 3.316, buffer1_first 5, expected_motion_first 5)
[1m[38;5;36mzea[0m[0m: [32mSuccessfully saved GIF to -> [33mZ:\raw_data\C000000018\VIS-012_SW_data_07-July-2026_09-35-02\output\CombinedData_buffer3_iq.gif[0m[0m
  CombinedData_buffer3_iq.hdf5: B-mode GIF, 25.4 Hz, 32 frames = 1.26 s -> 1.28 s GIF (real time); 32 frames @ 25 fps -> CombinedData_buffer3_iq.gif
[65/181] C000000019/VIS-027_SW_data_21-July-2026_11-21-41
  buffer 3: unwrapped - first slot 31, shift -1 (combined; continuity_first 19, continuity_margin 0.0189, combined_first 31, combined_margin 2.814, buffer1_first 31, expected_motion_first 31)
[1m[38;5;36mzea[0m[0m: [32mSuccessfully saved GIF to -> [33mZ:\raw_data\C000000019\VIS-027_SW_data_21-July-2026_11-21-41\output\CombinedData_buffer3_iq.gif[0m[0m
  CombinedData_buffer3_iq.hdf5: B-mode GIF, 25.4 Hz, 32 frames = 1.26 s -> 1.28 s GIF (real time); 32 frames @ 25 fps -> CombinedData_buffer3_iq.gif
[66/181] C000000019/VIS-027_SW_data_21-July-2026_11-27-33
  buffer 3: ambiguous - first slot -1, shift -1 (none; continuity_first 8, continuity_margin 0.0125, combined_first 27, combined_margin 1.241, buffer1_first 27, expected_motion_first 27)
[67/181] C000000019/VIS-027_SW_data_21-July-2026_11-30-06
  buffer 3: ambiguous - first slot -1, shift -1 (none; continuity_first 7, continuity_margin 0.0038, combined_first 0, combined_margin 1.165, buffer1_first 0, expected_motion_first 0)
[68/181] C000000020/VIS-026_SW_data_21-July-2026_10-42-10
  buffer 3: unwrapped - first slot 19, shift -1 (combined; continuity_first 4, continuity_margin 0.0345, combined_first 19, combined_margin 2.294, buffer1_first 19, expected_motion_first 19)  [was v1 unwrapped slot 19]
  CombinedData_buffer3_refocus-adjoint_iq.hdf5: flagged (unwrapped, head 19)
[69/181] C000000020/VIS-026_SW_data_21-July-2026_10-45-21
  buffer 3: unwrapped - first slot 20, shift -1 (combined; continuity_first 20, continuity_margin 0.0225, combined_first 20, combined_margin 2.244, buffer1_first 20, expected_motion_first 20)
[1m[38;5;36mzea[0m[0m: [32mSuccessfully saved GIF to -> [33mZ:\raw_data\C000000020\VIS-026_SW_data_21-July-2026_10-45-21\output\CombinedData_buffer3_iq.gif[0m[0m
  CombinedData_buffer3_iq.hdf5: B-mode GIF, 25.4 Hz, 32 frames = 1.26 s -> 1.28 s GIF (real time); 32 frames @ 25 fps -> CombinedData_buffer3_iq.gif
[70/181] C000000020/VIS-026_SW_data_21-July-2026_10-48-19
  buffer 3: unwrapped - first slot 21, shift -1 (combined; continuity_first 27, continuity_margin 0.0082, combined_first 21, combined_margin 1.755, buffer1_first 21, expected_motion_first 22)
[1m[38;5;36mzea[0m[0m: [32mSuccessfully saved GIF to -> [33mZ:\raw_data\C000000020\VIS-026_SW_data_21-July-2026_10-48-19\output\CombinedData_buffer3_iq.gif[0m[0m
  CombinedData_buffer3_iq.hdf5: B-mode GIF, 25.4 Hz, 32 frames = 1.26 s -> 1.28 s GIF (real time); 32 frames @ 25 fps -> CombinedData_buffer3_iq.gif
[71/181] C000000020/VIS-026_SW_data_21-July-2026_10-50-55
  buffer 3: chronological - first slot 0, shift -1 (trigger-count; trigger_first 0, continuity_first 0, continuity_margin 0.0864, combined_first 0, combined_margin 1.882, buffer1_first 0, expected_motion_first 1)
[72/181] C000000020/VIS-026_SW_data_21-July-2026_10-54-19
  buffer 3: unwrapped - first slot 21, shift -1 (trigger-count; trigger_first 21, continuity_first 21, continuity_margin 0.0507, combined_first 21, combined_margin 2.455, buffer1_first 22, expected_motion_first 21)
[1m[38;5;36mzea[0m[0m: [32mSuccessfully saved GIF to -> [33mZ:\raw_data\C000000020\VIS-026_SW_data_21-July-2026_10-54-19\output\CombinedData_buffer3_iq.gif[0m[0m
  CombinedData_buffer3_iq.hdf5: B-mode GIF, 25.4 Hz, 32 frames = 1.26 s -> 1.28 s GIF (real time); 32 frames @ 25 fps -> CombinedData_buffer3_iq.gif
[73/181] C000000021/VIS-024_SW_data_17-July-2026_09-38-05
  buffer 3: unwrapped - first slot 12, shift -1 (combined; continuity_first 12, continuity_margin 0.0031, combined_first 12, combined_margin 2.614, buffer1_first 12, expected_motion_first 24)
[1m[38;5;36mzea[0m[0m: [32mSuccessfully saved GIF to -> [33mZ:\raw_data\C000000021\VIS-024_SW_data_17-July-2026_09-38-05\output\CombinedData_buffer3_iq.gif[0m[0m
  CombinedData_buffer3_iq.hdf5: B-mode GIF, 25.4 Hz, 32 frames = 1.26 s -> 1.28 s GIF (real time); 32 frames @ 25 fps -> CombinedData_buffer3_iq.gif
[74/181] C000000021/VIS-024_SW_data_17-July-2026_09-44-15
  buffer 3: ambiguous - first slot -1, shift -1 (none; continuity_first 19, continuity_margin 0.0194)
[75/181] C000000021/VIS-024_SW_data_17-July-2026_09-47-05
  buffer 3: unwrapped - first slot 6, shift -1 (combined; continuity_first 6, continuity_margin 0.0002, combined_first 6, combined_margin 2.095, buffer1_first 6, expected_motion_first 7)
[1m[38;5;36mzea[0m[0m: [32mSuccessfully saved GIF to -> [33mZ:\raw_data\C000000021\VIS-024_SW_data_17-July-2026_09-47-05\output\CombinedData_buffer3_iq.gif[0m[0m
  CombinedData_buffer3_iq.hdf5: B-mode GIF, 25.4 Hz, 32 frames = 1.26 s -> 1.28 s GIF (real time); 32 frames @ 25 fps -> CombinedData_buffer3_iq.gif
[76/181] C000000021/VIS-024_SW_data_17-July-2026_09-49-14
  buffer 3: unwrapped - first slot 18, shift -1 (trigger-count; trigger_first 18, continuity_first 18, continuity_margin 0.1232, combined_first 18, combined_margin 3.203, buffer1_first 13, expected_motion_first 18)
[1m[38;5;36mzea[0m[0m: [32mSuccessfully saved GIF to -> [33mZ:\raw_data\C000000021\VIS-024_SW_data_17-July-2026_09-49-14\output\CombinedData_buffer3_iq.gif[0m[0m
  CombinedData_buffer3_iq.hdf5: B-mode GIF, 25.4 Hz, 32 frames = 1.26 s -> 1.28 s GIF (real time); 32 frames @ 25 fps -> CombinedData_buffer3_iq.gif
[77/181] C000000022/VIS-023_SW_data_17-July-2026_08-50-35
  buffer 3: unwrapped - first slot 26, shift -1 (combined; continuity_first 26, continuity_margin 0.042, combined_first 26, combined_margin 4.341, buffer1_first 26, expected_motion_first 7)
[1m[38;5;36mzea[0m[0m: [32mSuccessfully saved GIF to -> [33mZ:\raw_data\C000000022\VIS-023_SW_data_17-July-2026_08-50-35\output\CombinedData_buffer3_iq.gif[0m[0m
  CombinedData_buffer3_iq.hdf5: B-mode GIF, 25.4 Hz, 32 frames = 1.26 s -> 1.28 s GIF (real time); 32 frames @ 25 fps -> CombinedData_buffer3_iq.gif
[78/181] C000000022/VIS-023_SW_data_17-July-2026_08-54-08
  buffer 3: unwrapped - first slot 25, shift -1 (combined; continuity_first 25, continuity_margin 0.0211, combined_first 25, combined_margin 5.542, buffer1_first 25, expected_motion_first 25)
[1m[38;5;36mzea[0m[0m: [32mSuccessfully saved GIF to -> [33mZ:\raw_data\C000000022\VIS-023_SW_data_17-July-2026_08-54-08\output\CombinedData_buffer3_iq.gif[0m[0m
  CombinedData_buffer3_iq.hdf5: B-mode GIF, 25.4 Hz, 32 frames = 1.26 s -> 1.28 s GIF (real time); 32 frames @ 25 fps -> CombinedData_buffer3_iq.gif
[79/181] C000000022/VIS-023_SW_data_17-July-2026_08-59-39
  buffer 3: unwrapped - first slot 9, shift -1 (combined; continuity_first 9, continuity_margin 0.0349, combined_first 9, combined_margin 5.627, buffer1_first 9, expected_motion_first 9)
[1m[38;5;36mzea[0m[0m: [32mSuccessfully saved GIF to -> [33mZ:\raw_data\C000000022\VIS-023_SW_data_17-July-2026_08-59-39\output\CombinedData_buffer3_iq.gif[0m[0m
  CombinedData_buffer3_iq.hdf5: B-mode GIF, 25.4 Hz, 32 frames = 1.26 s -> 1.28 s GIF (real time); 32 frames @ 25 fps -> CombinedData_buffer3_iq.gif
[80/181] C000000022/VIS-023_SW_data_17-July-2026_09-06-37
  buffer 3: unwrapped - first slot 26, shift -1 (combined; continuity_first 26, continuity_margin 0.0112, combined_first 26, combined_margin 4.604, buffer1_first 26, expected_motion_first 26)
[1m[38;5;36mzea[0m[0m: [32mSuccessfully saved GIF to -> [33mZ:\raw_data\C000000022\VIS-023_SW_data_17-July-2026_09-06-37\output\CombinedData_buffer3_iq.gif[0m[0m
  CombinedData_buffer3_iq.hdf5: B-mode GIF, 25.4 Hz, 32 frames = 1.26 s -> 1.28 s GIF (real time); 32 frames @ 25 fps -> CombinedData_buffer3_iq.gif
[81/181] C000000023/VIS-022_SW_data_14-July-2026_11-42-34
  buffer 3: unwrapped - first slot 25, shift -1 (continuity; continuity_first 25, continuity_margin 0.1222, combined_first 23, combined_margin 0.701, buffer1_first 22, expected_motion_first 23)
[1m[38;5;36mzea[0m[0m: [32mSuccessfully saved GIF to -> [33mZ:\raw_data\C000000023\VIS-022_SW_data_14-July-2026_11-42-34\output\CombinedData_buffer3_iq.gif[0m[0m
  CombinedData_buffer3_iq.hdf5: B-mode GIF, 25.4 Hz, 32 frames = 1.26 s -> 1.28 s GIF (real time); 32 frames @ 25 fps -> CombinedData_buffer3_iq.gif
[82/181] C000000023/VIS-022_SW_data_14-July-2026_11-46-25
  buffer 3: unwrapped - first slot 28, shift -1 (trigger-count; trigger_first 28, continuity_first 28, continuity_margin 0.0612, combined_first 28, combined_margin 4.528, buffer1_first 28, expected_motion_first 28)
[1m[38;5;36mzea[0m[0m: [32mSuccessfully saved GIF to -> [33mZ:\raw_data\C000000023\VIS-022_SW_data_14-July-2026_11-46-25\output\CombinedData_buffer3_iq.gif[0m[0m
  CombinedData_buffer3_iq.hdf5: B-mode GIF, 25.4 Hz, 32 frames = 1.26 s -> 1.28 s GIF (real time); 32 frames @ 25 fps -> CombinedData_buffer3_iq.gif
[83/181] C000000023/VIS-022_SW_data_14-July-2026_11-48-46
  buffer 3: unwrapped - first slot 26, shift -1 (trigger-count; trigger_first 26, continuity_first 26, continuity_margin 0.1293, combined_first 26, combined_margin 6.566, buffer1_first 26, expected_motion_first 26)
[1m[38;5;36mzea[0m[0m: [32mSuccessfully saved GIF to -> [33mZ:\raw_data\C000000023\VIS-022_SW_data_14-July-2026_11-48-46\output\CombinedData_buffer3_iq.gif[0m[0m
  CombinedData_buffer3_iq.hdf5: B-mode GIF, 25.4 Hz, 32 frames = 1.26 s -> 1.28 s GIF (real time); 32 frames @ 25 fps -> CombinedData_buffer3_iq.gif
[84/181] C000000024/VIS-021_SW_data_14-July-2026_10-55-16
  buffer 3: unwrapped - first slot 12, shift -1 (trigger-count; trigger_first 12, continuity_first 12, continuity_margin 0.0308, combined_first 12, combined_margin 4.467, buffer1_first 12, expected_motion_first 12)  [was v1 unwrapped slot 13]
[1m[38;5;36mzea[0m[0m: [32mSuccessfully saved GIF to -> [33mZ:\raw_data\C000000024\VIS-021_SW_data_14-July-2026_10-55-16\output\CombinedData_buffer3_iq.gif[0m[0m
  CombinedData_buffer3_iq.hdf5: B-mode GIF, 25.4 Hz, 32 frames = 1.26 s -> 1.28 s GIF (real time); 32 frames @ 25 fps -> CombinedData_buffer3_iq.gif
[1m[38;5;36mzea[0m[0m: [32mSuccessfully saved GIF to -> [33mZ:\raw_data\C000000024\VIS-021_SW_data_14-July-2026_10-55-16\output\CombinedData_buffer3_refocus-adjoint_iq.gif[0m[0m
  CombinedData_buffer3_refocus-adjoint_iq.hdf5: B-mode GIF, 25.4 Hz, 32 frames = 1.26 s -> 1.28 s GIF (real time); 32 frames @ 25 fps -> CombinedData_buffer3_refocus-adjoint_iq.gif
  CombinedData_buffer3_refocus-adjoint_iq.hdf5: reordered (unwrapped, head 12)
[85/181] C000000024/VIS-021_SW_data_14-July-2026_10-58-27
  buffer 3: unwrapped - first slot 10, shift -1 (trigger-count; trigger_first 10, continuity_first 10, continuity_margin 0.0798, combined_first 10, combined_margin 6.193, buffer1_first 10, expected_motion_first 10)
[1m[38;5;36mzea[0m[0m: [32mSuccessfully saved GIF to -> [33mZ:\raw_data\C000000024\VIS-021_SW_data_14-July-2026_10-58-27\output\CombinedData_buffer3_iq.gif[0m[0m
  CombinedData_buffer3_iq.hdf5: B-mode GIF, 25.4 Hz, 32 frames = 1.26 s -> 1.28 s GIF (real time); 32 frames @ 25 fps -> CombinedData_buffer3_iq.gif
[86/181] C000000024/VIS-021_SW_data_14-July-2026_11-03-09
  buffer 3: unwrapped - first slot 9, shift -1 (combined; continuity_first 9, continuity_margin 0.0972, combined_first 9, combined_margin 5.357, buffer1_first 9, expected_motion_first 9)
[1m[38;5;36mzea[0m[0m: [32mSuccessfully saved GIF to -> [33mZ:\raw_data\C000000024\VIS-021_SW_data_14-July-2026_11-03-09\output\CombinedData_buffer3_iq.gif[0m[0m
  CombinedData_buffer3_iq.hdf5: B-mode GIF, 25.4 Hz, 32 frames = 1.26 s -> 1.28 s GIF (real time); 32 frames @ 25 fps -> CombinedData_buffer3_iq.gif
[87/181] C000000024/VIS-021_SW_data_14-July-2026_11-09-07
  buffer 3: unwrapped - first slot 16, shift -1 (combined; continuity_first 16, continuity_margin 0.0729, combined_first 16, combined_margin 5.772, buffer1_first 16, expected_motion_first 16)
[1m[38;5;36mzea[0m[0m: [32mSuccessfully saved GIF to -> [33mZ:\raw_data\C000000024\VIS-021_SW_data_14-July-2026_11-09-07\output\CombinedData_buffer3_iq.gif[0m[0m
  CombinedData_buffer3_iq.hdf5: B-mode GIF, 25.4 Hz, 32 frames = 1.26 s -> 1.28 s GIF (real time); 32 frames @ 25 fps -> CombinedData_buffer3_iq.gif
[88/181] C000000025/VIS-025_SW_data_21-July-2026_09-55-24
  buffer 3: chronological - first slot 0, shift -1 (combined; continuity_first 0, continuity_margin 0.0193, combined_first 0, combined_margin 4.96, buffer1_first 0, expected_motion_first 0)
[89/181] C000000025/VIS-025_SW_data_21-July-2026_09-58-27
  buffer 3: unwrapped - first slot 10, shift -1 (trigger-count; trigger_first 10, continuity_first 10, continuity_margin 0.0144, combined_first 10, combined_margin 5.52, buffer1_first 10, expected_motion_first 10)
[1m[38;5;36mzea[0m[0m: [32mSuccessfully saved GIF to -> [33mZ:\raw_data\C000000025\VIS-025_SW_data_21-July-2026_09-58-27\output\CombinedData_buffer3_iq.gif[0m[0m
  CombinedData_buffer3_iq.hdf5: B-mode GIF, 25.4 Hz, 32 frames = 1.26 s -> 1.28 s GIF (real time); 32 frames @ 25 fps -> CombinedData_buffer3_iq.gif
[90/181] C000000025/VIS-025_SW_data_21-July-2026_10-02-24
  buffer 3: unwrapped - first slot 8, shift -1 (combined; continuity_first 8, continuity_margin 0.0175, combined_first 8, combined_margin 5.832, buffer1_first 8, expected_motion_first 8)
[1m[38;5;36mzea[0m[0m: [32mSuccessfully saved GIF to -> [33mZ:\raw_data\C000000025\VIS-025_SW_data_21-July-2026_10-02-24\output\CombinedData_buffer3_iq.gif[0m[0m
  CombinedData_buffer3_iq.hdf5: B-mode GIF, 25.4 Hz, 32 frames = 1.26 s -> 1.28 s GIF (real time); 32 frames @ 25 fps -> CombinedData_buffer3_iq.gif
[91/181] C000000026/VIS-020_SW_data_14-July-2026_10-03-40
  buffer 3: unwrapped - first slot 23, shift -1 (combined; continuity_first 23, continuity_margin 0.0312, combined_first 23, combined_margin 5.929, buffer1_first 23, expected_motion_first 23)  [was v1 unwrapped slot 23]
  CombinedData_buffer3_refocus-adjoint_iq.hdf5: flagged (unwrapped, head 23)
[92/181] C000000026/VIS-020_SW_data_14-July-2026_10-06-51
  buffer 3: unwrapped - first slot 5, shift -1 (combined; continuity_first 19, continuity_margin 0.011, combined_first 5, combined_margin 3.541, buffer1_first 5, expected_motion_first 5)
[1m[38;5;36mzea[0m[0m: [32mSuccessfully saved GIF to -> [33mZ:\raw_data\C000000026\VIS-020_SW_data_14-July-2026_10-06-51\output\CombinedData_buffer3_iq.gif[0m[0m
  CombinedData_buffer3_iq.hdf5: B-mode GIF, 25.4 Hz, 32 frames = 1.26 s -> 1.28 s GIF (real time); 32 frames @ 25 fps -> CombinedData_buffer3_iq.gif
[93/181] C000000026/VIS-020_SW_data_14-July-2026_10-10-10
  buffer 3: unwrapped - first slot 8, shift -1 (combined; continuity_first 8, continuity_margin 0.0145, combined_first 8, combined_margin 4.775, buffer1_first 8, expected_motion_first 8)
[1m[38;5;36mzea[0m[0m: [32mSuccessfully saved GIF to -> [33mZ:\raw_data\C000000026\VIS-020_SW_data_14-July-2026_10-10-10\output\CombinedData_buffer3_iq.gif[0m[0m
  CombinedData_buffer3_iq.hdf5: B-mode GIF, 25.4 Hz, 32 frames = 1.26 s -> 1.28 s GIF (real time); 32 frames @ 25 fps -> CombinedData_buffer3_iq.gif
[94/181] C000000026/VIS-020_SW_data_14-July-2026_10-13-43
  buffer 3: unwrapped - first slot 12, shift -1 (combined; continuity_first 4, continuity_margin 0.0037, combined_first 12, combined_margin 2.511, buffer1_first 12, expected_motion_first 12)
[1m[38;5;36mzea[0m[0m: [32mSuccessfully saved GIF to -> [33mZ:\raw_data\C000000026\VIS-020_SW_data_14-July-2026_10-13-43\output\CombinedData_buffer3_iq.gif[0m[0m
  CombinedData_buffer3_iq.hdf5: B-mode GIF, 25.4 Hz, 32 frames = 1.26 s -> 1.28 s GIF (real time); 32 frames @ 25 fps -> CombinedData_buffer3_iq.gif
[95/181] C000000027/VIS-019_SW_data_14-July-2026_09-21-40
  buffer 3: unwrapped - first slot 29, shift -1 (continuity; continuity_first 29, continuity_margin 0.0885)
[1m[38;5;36mzea[0m[0m: [32mSuccessfully saved GIF to -> [33mZ:\raw_data\C000000027\VIS-019_SW_data_14-July-2026_09-21-40\output\CombinedData_buffer3_iq.gif[0m[0m
  CombinedData_buffer3_iq.hdf5: B-mode GIF, 25.4 Hz, 32 frames = 1.26 s -> 1.28 s GIF (real time); 32 frames @ 25 fps -> CombinedData_buffer3_iq.gif
[96/181] C000000027/VIS-019_SW_data_14-July-2026_09-26-08
  buffer 3: unwrapped - first slot 31, shift -1 (combined; continuity_first 14, continuity_margin 0.0478, combined_first 31, combined_margin 3.877, buffer1_first 31, expected_motion_first 31)
[1m[38;5;36mzea[0m[0m: [32mSuccessfully saved GIF to -> [33mZ:\raw_data\C000000027\VIS-019_SW_data_14-July-2026_09-26-08\output\CombinedData_buffer3_iq.gif[0m[0m
  CombinedData_buffer3_iq.hdf5: B-mode GIF, 25.4 Hz, 32 frames = 1.26 s -> 1.28 s GIF (real time); 32 frames @ 25 fps -> CombinedData_buffer3_iq.gif
[97/181] C000000027/VIS-019_SW_data_14-July-2026_09-29-07
  buffer 3: unwrapped - first slot 26, shift -1 (combined; continuity_first 1, continuity_margin 0.0105, combined_first 26, combined_margin 3.813, buffer1_first 26, expected_motion_first 26)
[1m[38;5;36mzea[0m[0m: [32mSuccessfully saved GIF to -> [33mZ:\raw_data\C000000027\VIS-019_SW_data_14-July-2026_09-29-07\output\CombinedData_buffer3_iq.gif[0m[0m
  CombinedData_buffer3_iq.hdf5: B-mode GIF, 25.4 Hz, 32 frames = 1.26 s -> 1.28 s GIF (real time); 32 frames @ 25 fps -> CombinedData_buffer3_iq.gif
[98/181] C000000028/VIS-018_SW_data_14-July-2026_08-30-41
  buffer 3: unwrapped - first slot 17, shift -1 (combined; continuity_first 17, continuity_margin 0.0318, combined_first 17, combined_margin 4.379, buffer1_first 17, expected_motion_first 17)  [was v1 unwrapped slot 17]
  CombinedData_buffer3_refocus-adjoint_iq.hdf5: flagged (unwrapped, head 17)
[99/181] C000000028/VIS-018_SW_data_14-July-2026_08-36-24
  buffer 3: unwrapped - first slot 29, shift -1 (combined; continuity_first 29, continuity_margin 0.0043, combined_first 29, combined_margin 4.365, buffer1_first 29, expected_motion_first 29)
[1m[38;5;36mzea[0m[0m: [32mSuccessfully saved GIF to -> [33mZ:\raw_data\C000000028\VIS-018_SW_data_14-July-2026_08-36-24\output\CombinedData_buffer3_iq.gif[0m[0m
  CombinedData_buffer3_iq.hdf5: B-mode GIF, 25.4 Hz, 32 frames = 1.26 s -> 1.28 s GIF (real time); 32 frames @ 25 fps -> CombinedData_buffer3_iq.gif
[100/181] C000000028/VIS-018_SW_data_14-July-2026_08-41-28
  buffer 3: unwrapped - first slot 29, shift -1 (combined; continuity_first 25, continuity_margin 0.0095, combined_first 29, combined_margin 4.088, buffer1_first 29, expected_motion_first 29)
[1m[38;5;36mzea[0m[0m: [32mSuccessfully saved GIF to -> [33mZ:\raw_data\C000000028\VIS-018_SW_data_14-July-2026_08-41-28\output\CombinedData_buffer3_iq.gif[0m[0m
  CombinedData_buffer3_iq.hdf5: B-mode GIF, 25.4 Hz, 32 frames = 1.26 s -> 1.28 s GIF (real time); 32 frames @ 25 fps -> CombinedData_buffer3_iq.gif
[101/181] C000000028/VIS-018_SW_data_14-July-2026_08-45-18
  buffer 3: unwrapped - first slot 30, shift -1 (combined; continuity_first 21, continuity_margin 0.0098, combined_first 30, combined_margin 3.126, buffer1_first 30, expected_motion_first 30)
[1m[38;5;36mzea[0m[0m: [32mSuccessfully saved GIF to -> [33mZ:\raw_data\C000000028\VIS-018_SW_data_14-July-2026_08-45-18\output\CombinedData_buffer3_iq.gif[0m[0m
  CombinedData_buffer3_iq.hdf5: B-mode GIF, 25.4 Hz, 32 frames = 1.26 s -> 1.28 s GIF (real time); 32 frames @ 25 fps -> CombinedData_buffer3_iq.gif
[102/181] C000000029/VIS-031_SW_data_24-July-2026_11-11-50
  buffer 3: unwrapped - first slot 23, shift -1 (combined; continuity_first 23, continuity_margin 0.1805, combined_first 23, combined_margin 6.959, buffer1_first 23, expected_motion_first 23)  [was v1 unwrapped slot 23]
  CombinedData_buffer3_refocus-adjoint_iq.hdf5: flagged (unwrapped, head 23)
[103/181] C000000029/VIS-031_SW_data_24-July-2026_11-17-56
  buffer 3: unwrapped - first slot 12, shift -1 (combined; continuity_first 12, continuity_margin 0.0302, combined_first 12, combined_margin 4.954, buffer1_first 12, expected_motion_first 12)
[1m[38;5;36mzea[0m[0m: [32mSuccessfully saved GIF to -> [33mZ:\raw_data\C000000029\VIS-031_SW_data_24-July-2026_11-17-56\output\CombinedData_buffer3_iq.gif[0m[0m
  CombinedData_buffer3_iq.hdf5: B-mode GIF, 25.4 Hz, 32 frames = 1.26 s -> 1.28 s GIF (real time); 32 frames @ 25 fps -> CombinedData_buffer3_iq.gif
[104/181] C000000029/VIS-031_SW_data_24-July-2026_11-21-17
  buffer 3: unwrapped - first slot 17, shift -1 (combined; continuity_first 17, continuity_margin 0.0218, combined_first 17, combined_margin 6.48, buffer1_first 17, expected_motion_first 17)
[1m[38;5;36mzea[0m[0m: [32mSuccessfully saved GIF to -> [33mZ:\raw_data\C000000029\VIS-031_SW_data_24-July-2026_11-21-17\output\CombinedData_buffer3_iq.gif[0m[0m
  CombinedData_buffer3_iq.hdf5: B-mode GIF, 25.4 Hz, 32 frames = 1.26 s -> 1.28 s GIF (real time); 32 frames @ 25 fps -> CombinedData_buffer3_iq.gif
[105/181] C000000029/VIS-031_SW_data_24-July-2026_11-26-20
  buffer 3: unwrapped - first slot 2, shift -1 (combined; continuity_first 2, continuity_margin 0.0415, combined_first 2, combined_margin 5.403, buffer1_first 2, expected_motion_first 2)
[1m[38;5;36mzea[0m[0m: [32mSuccessfully saved GIF to -> [33mZ:\raw_data\C000000029\VIS-031_SW_data_24-July-2026_11-26-20\output\CombinedData_buffer3_iq.gif[0m[0m
  CombinedData_buffer3_iq.hdf5: B-mode GIF, 25.4 Hz, 32 frames = 1.26 s -> 1.28 s GIF (real time); 32 frames @ 25 fps -> CombinedData_buffer3_iq.gif
[106/181] C000000030/VIS-029_SW_data_24-July-2026_09-38-43
  buffer 3: unwrapped - first slot 4, shift -1 (combined; continuity_first 4, continuity_margin 0.041, combined_first 4, combined_margin 4.715, buffer1_first 4, expected_motion_first 4)
[1m[38;5;36mzea[0m[0m: [32mSuccessfully saved GIF to -> [33mZ:\raw_data\C000000030\VIS-029_SW_data_24-July-2026_09-38-43\output\CombinedData_buffer3_iq.gif[0m[0m
  CombinedData_buffer3_iq.hdf5: B-mode GIF, 25.4 Hz, 32 frames = 1.26 s -> 1.28 s GIF (real time); 32 frames @ 25 fps -> CombinedData_buffer3_iq.gif
[107/181] C000000030/VIS-029_SW_data_24-July-2026_09-41-15
  buffer 3: ambiguous - first slot -1, shift -1 (none; continuity_first 8, continuity_margin 0.0499)
[108/181] C000000030/VIS-029_SW_data_24-July-2026_09-49-09
  buffer 3: unwrapped - first slot 2, shift -1 (combined; continuity_first 2, continuity_margin 0.0018, combined_first 2, combined_margin 1.546, buffer1_first 2, expected_motion_first 2)
[1m[38;5;36mzea[0m[0m: [32mSuccessfully saved GIF to -> [33mZ:\raw_data\C000000030\VIS-029_SW_data_24-July-2026_09-49-09\output\CombinedData_buffer3_iq.gif[0m[0m
  CombinedData_buffer3_iq.hdf5: B-mode GIF, 25.4 Hz, 32 frames = 1.26 s -> 1.28 s GIF (real time); 32 frames @ 25 fps -> CombinedData_buffer3_iq.gif
[109/181] C000000030/VIS-029_SW_data_24-July-2026_09-52-03
  buffer 3: unwrapped - first slot 23, shift -1 (combined; continuity_first 23, continuity_margin 0.045, combined_first 23, combined_margin 5.332, buffer1_first 23, expected_motion_first 23)
[1m[38;5;36mzea[0m[0m: [32mSuccessfully saved GIF to -> [33mZ:\raw_data\C000000030\VIS-029_SW_data_24-July-2026_09-52-03\output\CombinedData_buffer3_iq.gif[0m[0m
  CombinedData_buffer3_iq.hdf5: B-mode GIF, 25.4 Hz, 32 frames = 1.26 s -> 1.28 s GIF (real time); 32 frames @ 25 fps -> CombinedData_buffer3_iq.gif
[110/181] C000000031/VIS-032_SW_data_24-July-2026_11-58-23
  buffer 3: unwrapped - first slot 19, shift -1 (trigger-count; trigger_first 19, continuity_first 19, continuity_margin 0.0306, combined_first 19, combined_margin 5.84, buffer1_first 19, expected_motion_first 19)  [was v1 unwrapped slot 19]
[111/181] C000000031/VIS-032_SW_data_24-July-2026_12-04-54
  buffer 3: unwrapped - first slot 11, shift -1 (trigger-count; trigger_first 11, continuity_first 11, continuity_margin 0.0429, combined_first 11, combined_margin 4.855, buffer1_first 11, expected_motion_first 11)
[1m[38;5;36mzea[0m[0m: [32mSuccessfully saved GIF to -> [33mZ:\raw_data\C000000031\VIS-032_SW_data_24-July-2026_12-04-54\output\CombinedData_buffer3_iq.gif[0m[0m
  CombinedData_buffer3_iq.hdf5: B-mode GIF, 25.4 Hz, 32 frames = 1.26 s -> 1.28 s GIF (real time); 32 frames @ 25 fps -> CombinedData_buffer3_iq.gif
[112/181] C000000031/VIS-032_SW_data_24-July-2026_12-08-42
  buffer 3: unwrapped - first slot 18, shift -1 (trigger-count; trigger_first 18, continuity_first 27, continuity_margin 0.0043, combined_first 18, combined_margin 1.316, buffer1_first 21, expected_motion_first 17)
[1m[38;5;36mzea[0m[0m: [32mSuccessfully saved GIF to -> [33mZ:\raw_data\C000000031\VIS-032_SW_data_24-July-2026_12-08-42\output\CombinedData_buffer3_iq.gif[0m[0m
  CombinedData_buffer3_iq.hdf5: B-mode GIF, 25.4 Hz, 32 frames = 1.26 s -> 1.28 s GIF (real time); 32 frames @ 25 fps -> CombinedData_buffer3_iq.gif
[113/181] C000000031/VIS-032_SW_data_24-July-2026_12-11-00
  buffer 3: unwrapped - first slot 11, shift -1 (trigger-count; trigger_first 11, continuity_first 11, continuity_margin 0.0294)
[1m[38;5;36mzea[0m[0m: [32mSuccessfully saved GIF to -> [33mZ:\raw_data\C000000031\VIS-032_SW_data_24-July-2026_12-11-00\output\CombinedData_buffer3_iq.gif[0m[0m
  CombinedData_buffer3_iq.hdf5: B-mode GIF, 25.4 Hz, 32 frames = 1.26 s -> 1.28 s GIF (real time); 32 frames @ 25 fps -> CombinedData_buffer3_iq.gif
[114/181] C000000032/VIS-030_SW_data_24-July-2026_10-29-36
  buffer 3: unwrapped - first slot 19, shift -1 (combined; continuity_first 19, continuity_margin 0.0636, combined_first 19, combined_margin 6.515, buffer1_first 19, expected_motion_first 19)
[1m[38;5;36mzea[0m[0m: [32mSuccessfully saved GIF to -> [33mZ:\raw_data\C000000032\VIS-030_SW_data_24-July-2026_10-29-36\output\CombinedData_buffer3_iq.gif[0m[0m
  CombinedData_buffer3_iq.hdf5: B-mode GIF, 25.4 Hz, 32 frames = 1.26 s -> 1.28 s GIF (real time); 32 frames @ 25 fps -> CombinedData_buffer3_iq.gif
[115/181] C000000032/VIS-030_SW_data_24-July-2026_10-36-31
  buffer 3: unwrapped - first slot 11, shift -1 (combined; continuity_first 11, continuity_margin 0.0236, combined_first 11, combined_margin 6.109, buffer1_first 11, expected_motion_first 11)
[1m[38;5;36mzea[0m[0m: [32mSuccessfully saved GIF to -> [33mZ:\raw_data\C000000032\VIS-030_SW_data_24-July-2026_10-36-31\output\CombinedData_buffer3_iq.gif[0m[0m
  CombinedData_buffer3_iq.hdf5: B-mode GIF, 25.4 Hz, 32 frames = 1.26 s -> 1.28 s GIF (real time); 32 frames @ 25 fps -> CombinedData_buffer3_iq.gif
[116/181] C000000032/VIS-030_SW_data_24-July-2026_10-38-47
  buffer 3: unwrapped - first slot 18, shift -1 (combined; continuity_first 18, continuity_margin 0.0729, combined_first 18, combined_margin 6.324, buffer1_first 18, expected_motion_first 18)
[1m[38;5;36mzea[0m[0m: [32mSuccessfully saved GIF to -> [33mZ:\raw_data\C000000032\VIS-030_SW_data_24-July-2026_10-38-47\output\CombinedData_buffer3_iq.gif[0m[0m
  CombinedData_buffer3_iq.hdf5: B-mode GIF, 25.4 Hz, 32 frames = 1.26 s -> 1.28 s GIF (real time); 32 frames @ 25 fps -> CombinedData_buffer3_iq.gif
[117/181] C000000032/VIS-030_SW_data_24-July-2026_10-41-17
  buffer 3: unwrapped - first slot 14, shift -1 (combined; continuity_first 14, continuity_margin 0.009, combined_first 14, combined_margin 4.064, buffer1_first 14, expected_motion_first 14)
[1m[38;5;36mzea[0m[0m: [32mSuccessfully saved GIF to -> [33mZ:\raw_data\C000000032\VIS-030_SW_data_24-July-2026_10-41-17\output\CombinedData_buffer3_iq.gif[0m[0m
  CombinedData_buffer3_iq.hdf5: B-mode GIF, 25.4 Hz, 32 frames = 1.26 s -> 1.28 s GIF (real time); 32 frames @ 25 fps -> CombinedData_buffer3_iq.gif
[118/181] C000000033/VIS-028_SW_data_24-July-2026_08-45-58
  buffer 3: unwrapped - first slot 1, shift -1 (trigger-count; trigger_first 1, continuity_first 1, continuity_margin 0.1416, combined_first 1, combined_margin 6.518, buffer1_first 1, expected_motion_first 1)
[1m[38;5;36mzea[0m[0m: [32mSuccessfully saved GIF to -> [33mZ:\raw_data\C000000033\VIS-028_SW_data_24-July-2026_08-45-58\output\CombinedData_buffer3_iq.gif[0m[0m
  CombinedData_buffer3_iq.hdf5: B-mode GIF, 25.4 Hz, 32 frames = 1.26 s -> 1.28 s GIF (real time); 32 frames @ 25 fps -> CombinedData_buffer3_iq.gif
[119/181] C000000033/VIS-028_SW_data_24-July-2026_08-48-57
  buffer 3: unwrapped - first slot 15, shift -1 (combined; continuity_first 17, continuity_margin 0.0057, combined_first 15, combined_margin 1.509, buffer1_first 15, expected_motion_first 15)
[1m[38;5;36mzea[0m[0m: [32mSuccessfully saved GIF to -> [33mZ:\raw_data\C000000033\VIS-028_SW_data_24-July-2026_08-48-57\output\CombinedData_buffer3_iq.gif[0m[0m
  CombinedData_buffer3_iq.hdf5: B-mode GIF, 25.4 Hz, 32 frames = 1.26 s -> 1.28 s GIF (real time); 32 frames @ 25 fps -> CombinedData_buffer3_iq.gif
[120/181] C000000033/VIS-028_SW_data_24-July-2026_08-51-37
  buffer 3: unwrapped - first slot 1, shift -1 (trigger-count; trigger_first 1, continuity_first 1, continuity_margin 0.1748, combined_first 1, combined_margin 1.981, buffer1_first 1, expected_motion_first 29)
[1m[38;5;36mzea[0m[0m: [32mSuccessfully saved GIF to -> [33mZ:\raw_data\C000000033\VIS-028_SW_data_24-July-2026_08-51-37\output\CombinedData_buffer3_iq.gif[0m[0m
  CombinedData_buffer3_iq.hdf5: B-mode GIF, 25.4 Hz, 32 frames = 1.26 s -> 1.28 s GIF (real time); 32 frames @ 25 fps -> CombinedData_buffer3_iq.gif
[121/181] C000000033/VIS-028_SW_data_24-July-2026_08-53-58
  buffer 3: unwrapped - first slot 26, shift -1 (combined; continuity_first 26, continuity_margin 0.1717, combined_first 26, combined_margin 3.123, buffer1_first 26, expected_motion_first 26)
[1m[38;5;36mzea[0m[0m: [32mSuccessfully saved GIF to -> [33mZ:\raw_data\C000000033\VIS-028_SW_data_24-July-2026_08-53-58\output\CombinedData_buffer3_iq.gif[0m[0m
  CombinedData_buffer3_iq.hdf5: B-mode GIF, 25.4 Hz, 32 frames = 1.26 s -> 1.28 s GIF (real time); 32 frames @ 25 fps -> CombinedData_buffer3_iq.gif
[122/181] C000000034/VIS-045_SW_data_07-August-2026_11-42-57
  buffer 3: unwrapped - first slot 19, shift -1 (combined; continuity_first 19, continuity_margin 0.0086, combined_first 19, combined_margin 4.085, buffer1_first 19, expected_motion_first 19)  [was v1 ambiguous slot -1]
[1m[38;5;36mzea[0m[0m: [32mSuccessfully saved GIF to -> [33mZ:\raw_data\C000000034\VIS-045_SW_data_07-August-2026_11-42-57\output\CombinedData_buffer3_iq.gif[0m[0m
  CombinedData_buffer3_iq.hdf5: B-mode GIF, 25.4 Hz, 32 frames = 1.26 s -> 1.28 s GIF (real time); 32 frames @ 25 fps -> CombinedData_buffer3_iq.gif
[123/181] C000000034/VIS-045_SW_data_07-August-2026_11-47-02
  buffer 3: unwrapped - first slot 26, shift -1 (trigger-count; trigger_first 26, continuity_first 26, continuity_margin 0.0138)
[1m[38;5;36mzea[0m[0m: [32mSuccessfully saved GIF to -> [33mZ:\raw_data\C000000034\VIS-045_SW_data_07-August-2026_11-47-02\output\CombinedData_buffer3_iq.gif[0m[0m
  CombinedData_buffer3_iq.hdf5: B-mode GIF, 25.4 Hz, 32 frames = 1.26 s -> 1.28 s GIF (real time); 32 frames @ 25 fps -> CombinedData_buffer3_iq.gif
[124/181] C000000034/VIS-045_SW_data_07-August-2026_11-51-08
  buffer 3: unwrapped - first slot 12, shift -1 (combined; continuity_first 12, continuity_margin 0.0023, combined_first 12, combined_margin 4.424, buffer1_first 12, expected_motion_first 12)
[1m[38;5;36mzea[0m[0m: [32mSuccessfully saved GIF to -> [33mZ:\raw_data\C000000034\VIS-045_SW_data_07-August-2026_11-51-08\output\CombinedData_buffer3_iq.gif[0m[0m
  CombinedData_buffer3_iq.hdf5: B-mode GIF, 25.4 Hz, 32 frames = 1.26 s -> 1.28 s GIF (real time); 32 frames @ 25 fps -> CombinedData_buffer3_iq.gif
[125/181] C000000034/VIS-045_SW_data_07-August-2026_11-53-50
  buffer 3: unwrapped - first slot 3, shift -1 (combined; continuity_first 25, continuity_margin 0.0007, combined_first 3, combined_margin 3.56, buffer1_first 3, expected_motion_first 3)
[1m[38;5;36mzea[0m[0m: [32mSuccessfully saved GIF to -> [33mZ:\raw_data\C000000034\VIS-045_SW_data_07-August-2026_11-53-50\output\CombinedData_buffer3_iq.gif[0m[0m
  CombinedData_buffer3_iq.hdf5: B-mode GIF, 25.4 Hz, 32 frames = 1.26 s -> 1.28 s GIF (real time); 32 frames @ 25 fps -> CombinedData_buffer3_iq.gif
[126/181] C000000035/VIS-044_SW_data_07-August-2026_10-57-54
  buffer 3: unwrapped - first slot 24, shift -1 (combined; continuity_first 18, continuity_margin 0.0251, combined_first 24, combined_margin 1.594, buffer1_first 24, expected_motion_first 25)
[1m[38;5;36mzea[0m[0m: [32mSuccessfully saved GIF to -> [33mZ:\raw_data\C000000035\VIS-044_SW_data_07-August-2026_10-57-54\output\CombinedData_buffer3_iq.gif[0m[0m
  CombinedData_buffer3_iq.hdf5: B-mode GIF, 25.4 Hz, 32 frames = 1.26 s -> 1.28 s GIF (real time); 32 frames @ 25 fps -> CombinedData_buffer3_iq.gif
[127/181] C000000035/VIS-044_SW_data_07-August-2026_11-01-12
  buffer 3: ambiguous - first slot -1, shift -1 (none; continuity_first 31, continuity_margin 0.0074, combined_first 12, combined_margin 0.325, buffer1_first 29, expected_motion_first 9)
[128/181] C000000035/VIS-044_SW_data_07-August-2026_11-06-26
  buffer 3: unwrapped - first slot 22, shift -1 (combined; continuity_first 9, continuity_margin 0.0027, combined_first 22, combined_margin 1.784, buffer1_first 23, expected_motion_first 22)
[1m[38;5;36mzea[0m[0m: [32mSuccessfully saved GIF to -> [33mZ:\raw_data\C000000035\VIS-044_SW_data_07-August-2026_11-06-26\output\CombinedData_buffer3_iq.gif[0m[0m
  CombinedData_buffer3_iq.hdf5: B-mode GIF, 25.4 Hz, 32 frames = 1.26 s -> 1.28 s GIF (real time); 32 frames @ 25 fps -> CombinedData_buffer3_iq.gif
[129/181] C000000036/VIS-043_SW_data_07-August-2026_10-04-23
  buffer 3: unwrapped - first slot 18, shift -1 (combined; continuity_first 18, continuity_margin 0.0296, combined_first 18, combined_margin 3.85, buffer1_first 18, expected_motion_first 26)  [was v1 unwrapped slot 18]
[130/181] C000000036/VIS-043_SW_data_07-August-2026_10-09-35
  buffer 3: unwrapped - first slot 16, shift -1 (combined; continuity_first 16, continuity_margin 0.0109, combined_first 16, combined_margin 4.038, buffer1_first 16, expected_motion_first 16)
[1m[38;5;36mzea[0m[0m: [32mSuccessfully saved GIF to -> [33mZ:\raw_data\C000000036\VIS-043_SW_data_07-August-2026_10-09-35\output\CombinedData_buffer3_iq.gif[0m[0m
  CombinedData_buffer3_iq.hdf5: B-mode GIF, 25.4 Hz, 32 frames = 1.26 s -> 1.28 s GIF (real time); 32 frames @ 25 fps -> CombinedData_buffer3_iq.gif
[131/181] C000000036/VIS-043_SW_data_07-August-2026_10-14-49
  buffer 3: unwrapped - first slot 31, shift -1 (combined; continuity_first 30, continuity_margin 0.0173, combined_first 31, combined_margin 3.11, buffer1_first 31, expected_motion_first 31)
[1m[38;5;36mzea[0m[0m: [32mSuccessfully saved GIF to -> [33mZ:\raw_data\C000000036\VIS-043_SW_data_07-August-2026_10-14-49\output\CombinedData_buffer3_iq.gif[0m[0m
  CombinedData_buffer3_iq.hdf5: B-mode GIF, 25.4 Hz, 32 frames = 1.26 s -> 1.28 s GIF (real time); 32 frames @ 25 fps -> CombinedData_buffer3_iq.gif
[132/181] C000000036/VIS-043_SW_data_07-August-2026_10-17-40
  buffer 3: unwrapped - first slot 23, shift -1 (trigger-count; trigger_first 23, continuity_first 23, continuity_margin 0.0657, combined_first 23, combined_margin 4.224, buffer1_first 23, expected_motion_first 3)
[1m[38;5;36mzea[0m[0m: [32mSuccessfully saved GIF to -> [33mZ:\raw_data\C000000036\VIS-043_SW_data_07-August-2026_10-17-40\output\CombinedData_buffer3_iq.gif[0m[0m
  CombinedData_buffer3_iq.hdf5: B-mode GIF, 25.4 Hz, 32 frames = 1.26 s -> 1.28 s GIF (real time); 32 frames @ 25 fps -> CombinedData_buffer3_iq.gif
[133/181] C000000037/VIS-042_SW_data_07-August-2026_08-40-25
  buffer 3: unwrapped - first slot 18, shift -1 (trigger-count; trigger_first 18, continuity_first 18, continuity_margin 0.0062, combined_first 18, combined_margin 3.825, buffer1_first 18, expected_motion_first 18)  [was v1 unwrapped slot 18]
[134/181] C000000037/VIS-042_SW_data_07-August-2026_08-43-07
  buffer 3: unwrapped - first slot 11, shift -1 (trigger-count; trigger_first 11, continuity_first 31, continuity_margin 0.0097, combined_first 11, combined_margin 2.101, buffer1_first 11, expected_motion_first 11)
[1m[38;5;36mzea[0m[0m: [32mSuccessfully saved GIF to -> [33mZ:\raw_data\C000000037\VIS-042_SW_data_07-August-2026_08-43-07\output\CombinedData_buffer3_iq.gif[0m[0m
  CombinedData_buffer3_iq.hdf5: B-mode GIF, 25.4 Hz, 32 frames = 1.26 s -> 1.28 s GIF (real time); 32 frames @ 25 fps -> CombinedData_buffer3_iq.gif
[135/181] C000000037/VIS-042_SW_data_07-August-2026_08-49-49
  buffer 3: unwrapped - first slot 15, shift -1 (combined; continuity_first 5, continuity_margin 0.0094, combined_first 15, combined_margin 1.752, buffer1_first 15, expected_motion_first 15)
[1m[38;5;36mzea[0m[0m: [32mSuccessfully saved GIF to -> [33mZ:\raw_data\C000000037\VIS-042_SW_data_07-August-2026_08-49-49\output\CombinedData_buffer3_iq.gif[0m[0m
  CombinedData_buffer3_iq.hdf5: B-mode GIF, 25.4 Hz, 32 frames = 1.26 s -> 1.28 s GIF (real time); 32 frames @ 25 fps -> CombinedData_buffer3_iq.gif
[136/181] C000000037/VIS-042_SW_data_07-August-2026_08-53-41
  buffer 3: unwrapped - first slot 1, shift -1 (combined; continuity_first 2, continuity_margin 0.0059, combined_first 1, combined_margin 2.264, buffer1_first 1, expected_motion_first 1)
[1m[38;5;36mzea[0m[0m: [32mSuccessfully saved GIF to -> [33mZ:\raw_data\C000000037\VIS-042_SW_data_07-August-2026_08-53-41\output\CombinedData_buffer3_iq.gif[0m[0m
  CombinedData_buffer3_iq.hdf5: B-mode GIF, 25.4 Hz, 32 frames = 1.26 s -> 1.28 s GIF (real time); 32 frames @ 25 fps -> CombinedData_buffer3_iq.gif
[137/181] C000000037/VIS-042_SW_data_07-August-2026_08-58-54
  buffer 3: unwrapped - first slot 30, shift -1 (combined; continuity_first 7, continuity_margin 0.0102, combined_first 30, combined_margin 3.138, buffer1_first 30, expected_motion_first 30)
[1m[38;5;36mzea[0m[0m: [32mSuccessfully saved GIF to -> [33mZ:\raw_data\C000000037\VIS-042_SW_data_07-August-2026_08-58-54\output\CombinedData_buffer3_iq.gif[0m[0m
  CombinedData_buffer3_iq.hdf5: B-mode GIF, 25.4 Hz, 32 frames = 1.26 s -> 1.28 s GIF (real time); 32 frames @ 25 fps -> CombinedData_buffer3_iq.gif
[138/181] C000000038/VIS-041_SW_data_04-August-2026_12-29-03
  buffer 3: unwrapped - first slot 19, shift -1 (combined; continuity_first 19, continuity_margin 0.0107, combined_first 19, combined_margin 4.745, buffer1_first 19, expected_motion_first 19)  [was v1 unwrapped slot 19]
[139/181] C000000038/VIS-041_SW_data_04-August-2026_12-31-47
  buffer 3: unwrapped - first slot 24, shift -1 (combined; continuity_first 24, continuity_margin 0.0188, combined_first 24, combined_margin 3.582, buffer1_first 24, expected_motion_first 24)
[1m[38;5;36mzea[0m[0m: [32mSuccessfully saved GIF to -> [33mZ:\raw_data\C000000038\VIS-041_SW_data_04-August-2026_12-31-47\output\CombinedData_buffer3_iq.gif[0m[0m
  CombinedData_buffer3_iq.hdf5: B-mode GIF, 25.4 Hz, 32 frames = 1.26 s -> 1.28 s GIF (real time); 32 frames @ 25 fps -> CombinedData_buffer3_iq.gif
[140/181] C000000038/VIS-041_SW_data_04-August-2026_12-44-12
  buffer 3: unwrapped - first slot 27, shift -1 (combined; continuity_first 27, continuity_margin 0.006, combined_first 27, combined_margin 3.071, buffer1_first 27, expected_motion_first 28)
[1m[38;5;36mzea[0m[0m: [32mSuccessfully saved GIF to -> [33mZ:\raw_data\C000000038\VIS-041_SW_data_04-August-2026_12-44-12\output\CombinedData_buffer3_iq.gif[0m[0m
  CombinedData_buffer3_iq.hdf5: B-mode GIF, 25.4 Hz, 32 frames = 1.26 s -> 1.28 s GIF (real time); 32 frames @ 25 fps -> CombinedData_buffer3_iq.gif
[141/181] C000000039/VIS-040_SW_data_04-August-2026_11-53-57
  buffer 3: unwrapped - first slot 15, shift -1 (combined; continuity_first 15, continuity_margin 0.0302, combined_first 15, combined_margin 5.362, buffer1_first 15, expected_motion_first 15)
[1m[38;5;36mzea[0m[0m: [32mSuccessfully saved GIF to -> [33mZ:\raw_data\C000000039\VIS-040_SW_data_04-August-2026_11-53-57\output\CombinedData_buffer3_iq.gif[0m[0m
  CombinedData_buffer3_iq.hdf5: B-mode GIF, 25.4 Hz, 32 frames = 1.26 s -> 1.28 s GIF (real time); 32 frames @ 25 fps -> CombinedData_buffer3_iq.gif
[142/181] C000000039/VIS-040_SW_data_04-August-2026_11-57-05
  buffer 3: unwrapped - first slot 13, shift -1 (combined; continuity_first 13, continuity_margin 0.0574, combined_first 13, combined_margin 6.153, buffer1_first 13, expected_motion_first 13)
[1m[38;5;36mzea[0m[0m: [32mSuccessfully saved GIF to -> [33mZ:\raw_data\C000000039\VIS-040_SW_data_04-August-2026_11-57-05\output\CombinedData_buffer3_iq.gif[0m[0m
  CombinedData_buffer3_iq.hdf5: B-mode GIF, 25.4 Hz, 32 frames = 1.26 s -> 1.28 s GIF (real time); 32 frames @ 25 fps -> CombinedData_buffer3_iq.gif
[143/181] C000000039/VIS-040_SW_data_04-August-2026_11-59-50
  buffer 3: unwrapped - first slot 11, shift -1 (trigger-count; trigger_first 11, continuity_first 10, continuity_margin 0.0136)
[1m[38;5;36mzea[0m[0m: [32mSuccessfully saved GIF to -> [33mZ:\raw_data\C000000039\VIS-040_SW_data_04-August-2026_11-59-50\output\CombinedData_buffer3_iq.gif[0m[0m
  CombinedData_buffer3_iq.hdf5: B-mode GIF, 25.4 Hz, 32 frames = 1.26 s -> 1.28 s GIF (real time); 32 frames @ 25 fps -> CombinedData_buffer3_iq.gif
[144/181] C000000040/VIS-039_SW_data_04-August-2026_11-00-43
  buffer 3: unwrapped - first slot 13, shift -1 (combined; continuity_first 13, continuity_margin 0.0149, combined_first 13, combined_margin 3.595, buffer1_first 13, expected_motion_first 13)
[1m[38;5;36mzea[0m[0m: [32mSuccessfully saved GIF to -> [33mZ:\raw_data\C000000040\VIS-039_SW_data_04-August-2026_11-00-43\output\CombinedData_buffer3_iq.gif[0m[0m
  CombinedData_buffer3_iq.hdf5: B-mode GIF, 25.4 Hz, 32 frames = 1.26 s -> 1.28 s GIF (real time); 32 frames @ 25 fps -> CombinedData_buffer3_iq.gif
[145/181] C000000040/VIS-039_SW_data_04-August-2026_11-03-35
  buffer 3: unwrapped - first slot 25, shift -1 (combined; continuity_first 25, continuity_margin 0.0141, combined_first 25, combined_margin 3.329, buffer1_first 25, expected_motion_first 25)
[1m[38;5;36mzea[0m[0m: [32mSuccessfully saved GIF to -> [33mZ:\raw_data\C000000040\VIS-039_SW_data_04-August-2026_11-03-35\output\CombinedData_buffer3_iq.gif[0m[0m
  CombinedData_buffer3_iq.hdf5: B-mode GIF, 25.4 Hz, 32 frames = 1.26 s -> 1.28 s GIF (real time); 32 frames @ 25 fps -> CombinedData_buffer3_iq.gif
[146/181] C000000040/VIS-039_SW_data_04-August-2026_11-07-27
  buffer 3: unwrapped - first slot 30, shift -1 (combined; continuity_first 22, continuity_margin 0.0094, combined_first 30, combined_margin 2.148, buffer1_first 30, expected_motion_first 30)
[1m[38;5;36mzea[0m[0m: [32mSuccessfully saved GIF to -> [33mZ:\raw_data\C000000040\VIS-039_SW_data_04-August-2026_11-07-27\output\CombinedData_buffer3_iq.gif[0m[0m
  CombinedData_buffer3_iq.hdf5: B-mode GIF, 25.4 Hz, 32 frames = 1.26 s -> 1.28 s GIF (real time); 32 frames @ 25 fps -> CombinedData_buffer3_iq.gif
[147/181] C000000040/VIS-039_SW_data_04-August-2026_11-10-36
  buffer 3: unwrapped - first slot 7, shift -1 (combined; continuity_first 7, continuity_margin 0.0014, combined_first 7, combined_margin 3.156, buffer1_first 7, expected_motion_first 7)
[1m[38;5;36mzea[0m[0m: [32mSuccessfully saved GIF to -> [33mZ:\raw_data\C000000040\VIS-039_SW_data_04-August-2026_11-10-36\output\CombinedData_buffer3_iq.gif[0m[0m
  CombinedData_buffer3_iq.hdf5: B-mode GIF, 25.4 Hz, 32 frames = 1.26 s -> 1.28 s GIF (real time); 32 frames @ 25 fps -> CombinedData_buffer3_iq.gif
[148/181] C000000041/VIS-038_SW_data_31-July-2026_09-03-27
  buffer 3: unwrapped - first slot 20, shift -1 (combined; continuity_first 16, continuity_margin 0.011, combined_first 20, combined_margin 2.292, buffer1_first 20, expected_motion_first 20)
[1m[38;5;36mzea[0m[0m: [32mSuccessfully saved GIF to -> [33mZ:\raw_data\C000000041\VIS-038_SW_data_31-July-2026_09-03-27\output\CombinedData_buffer3_iq.gif[0m[0m
  CombinedData_buffer3_iq.hdf5: B-mode GIF, 25.4 Hz, 32 frames = 1.26 s -> 1.28 s GIF (real time); 32 frames @ 25 fps -> CombinedData_buffer3_iq.gif
[149/181] C000000041/VIS-038_SW_data_31-July-2026_09-08-18
  buffer 3: chronological - first slot 0, shift -1 (trigger-count; trigger_first 0, continuity_first 0, continuity_margin 0.0222, combined_first 0, combined_margin 2.421, buffer1_first 0, expected_motion_first 31)
[150/181] C000000041/VIS-038_SW_data_31-July-2026_09-12-12
  buffer 3: unwrapped - first slot 18, shift -1 (combined; continuity_first 18, continuity_margin 0.0015, combined_first 18, combined_margin 1.409, buffer1_first 18, expected_motion_first 18)
[1m[38;5;36mzea[0m[0m: [32mSuccessfully saved GIF to -> [33mZ:\raw_data\C000000041\VIS-038_SW_data_31-July-2026_09-12-12\output\CombinedData_buffer3_iq.gif[0m[0m
  CombinedData_buffer3_iq.hdf5: B-mode GIF, 25.4 Hz, 32 frames = 1.26 s -> 1.28 s GIF (real time); 32 frames @ 25 fps -> CombinedData_buffer3_iq.gif
[151/181] C000000041/VIS-038_SW_data_31-July-2026_09-16-02
  buffer 3: unwrapped - first slot 23, shift -1 (combined; continuity_first 1, continuity_margin 0.0003, combined_first 23, combined_margin 1.418, buffer1_first 24, expected_motion_first 21)
[1m[38;5;36mzea[0m[0m: [32mSuccessfully saved GIF to -> [33mZ:\raw_data\C000000041\VIS-038_SW_data_31-July-2026_09-16-02\output\CombinedData_buffer3_iq.gif[0m[0m
  CombinedData_buffer3_iq.hdf5: B-mode GIF, 25.4 Hz, 32 frames = 1.26 s -> 1.28 s GIF (real time); 32 frames @ 25 fps -> CombinedData_buffer3_iq.gif
[152/181] C000000042/VIS-036_SW_data_28-July-2026_14-11-12
  buffer 3: unwrapped - first slot 11, shift -1 (combined; continuity_first 11, continuity_margin 0.1492, combined_first 11, combined_margin 4.476, buffer1_first 11, expected_motion_first 11)
[1m[38;5;36mzea[0m[0m: [32mSuccessfully saved GIF to -> [33mZ:\raw_data\C000000042\VIS-036_SW_data_28-July-2026_14-11-12\output\CombinedData_buffer3_iq.gif[0m[0m
  CombinedData_buffer3_iq.hdf5: B-mode GIF, 25.4 Hz, 32 frames = 1.26 s -> 1.28 s GIF (real time); 32 frames @ 25 fps -> CombinedData_buffer3_iq.gif
[153/181] C000000042/VIS-036_SW_data_28-July-2026_14-16-15
  buffer 3: unwrapped - first slot 25, shift -1 (combined; continuity_first 25, continuity_margin 0.0357, combined_first 25, combined_margin 6.613, buffer1_first 25, expected_motion_first 25)
[1m[38;5;36mzea[0m[0m: [32mSuccessfully saved GIF to -> [33mZ:\raw_data\C000000042\VIS-036_SW_data_28-July-2026_14-16-15\output\CombinedData_buffer3_iq.gif[0m[0m
  CombinedData_buffer3_iq.hdf5: B-mode GIF, 25.4 Hz, 32 frames = 1.26 s -> 1.28 s GIF (real time); 32 frames @ 25 fps -> CombinedData_buffer3_iq.gif
[154/181] C000000042/VIS-036_SW_data_28-July-2026_14-19-31
  buffer 3: unwrapped - first slot 30, shift -1 (combined; continuity_first 30, continuity_margin 0.0437, combined_first 30, combined_margin 5.899, buffer1_first 30, expected_motion_first 30)
[1m[38;5;36mzea[0m[0m: [32mSuccessfully saved GIF to -> [33mZ:\raw_data\C000000042\VIS-036_SW_data_28-July-2026_14-19-31\output\CombinedData_buffer3_iq.gif[0m[0m
  CombinedData_buffer3_iq.hdf5: B-mode GIF, 25.4 Hz, 32 frames = 1.26 s -> 1.28 s GIF (real time); 32 frames @ 25 fps -> CombinedData_buffer3_iq.gif
[155/181] C000000042/VIS-036_SW_data_28-July-2026_14-22-48
  buffer 3: unwrapped - first slot 16, shift -1 (combined; continuity_first 3, continuity_margin 0.0245, combined_first 16, combined_margin 4.427, buffer1_first 16, expected_motion_first 16)
[1m[38;5;36mzea[0m[0m: [32mSuccessfully saved GIF to -> [33mZ:\raw_data\C000000042\VIS-036_SW_data_28-July-2026_14-22-48\output\CombinedData_buffer3_iq.gif[0m[0m
  CombinedData_buffer3_iq.hdf5: B-mode GIF, 25.4 Hz, 32 frames = 1.26 s -> 1.28 s GIF (real time); 32 frames @ 25 fps -> CombinedData_buffer3_iq.gif
[156/181] C000000043/VIS-035_SW_data_28-July-2026_12-25-18
  buffer 3: unwrapped - first slot 2, shift -1 (combined; continuity_first 2, continuity_margin 0.0074, combined_first 2, combined_margin 5.878, buffer1_first 2, expected_motion_first 2)  [was v1 unwrapped slot 2]
[157/181] C000000043/VIS-035_SW_data_28-July-2026_12-30-03
  buffer 3: unwrapped - first slot 19, shift -1 (combined; continuity_first 5, continuity_margin 0.0132, combined_first 19, combined_margin 4.786, buffer1_first 19, expected_motion_first 19)
[1m[38;5;36mzea[0m[0m: [32mSuccessfully saved GIF to -> [33mZ:\raw_data\C000000043\VIS-035_SW_data_28-July-2026_12-30-03\output\CombinedData_buffer3_iq.gif[0m[0m
  CombinedData_buffer3_iq.hdf5: B-mode GIF, 25.4 Hz, 32 frames = 1.26 s -> 1.28 s GIF (real time); 32 frames @ 25 fps -> CombinedData_buffer3_iq.gif
[158/181] C000000043/VIS-035_SW_data_28-July-2026_12-33-22
  buffer 3: unwrapped - first slot 12, shift -1 (combined; continuity_first 12, continuity_margin 0.0358, combined_first 12, combined_margin 4.578, buffer1_first 12, expected_motion_first 12)
[1m[38;5;36mzea[0m[0m: [32mSuccessfully saved GIF to -> [33mZ:\raw_data\C000000043\VIS-035_SW_data_28-July-2026_12-33-22\output\CombinedData_buffer3_iq.gif[0m[0m
  CombinedData_buffer3_iq.hdf5: B-mode GIF, 25.4 Hz, 32 frames = 1.26 s -> 1.28 s GIF (real time); 32 frames @ 25 fps -> CombinedData_buffer3_iq.gif
[159/181] C000000043/VIS-035_SW_data_28-July-2026_12-37-54
  buffer 3: unwrapped - first slot 14, shift -1 (continuity; continuity_first 14, continuity_margin 0.0683, combined_first 8, combined_margin 0.22, buffer1_first 5, expected_motion_first 12)
[1m[38;5;36mzea[0m[0m: [32mSuccessfully saved GIF to -> [33mZ:\raw_data\C000000043\VIS-035_SW_data_28-July-2026_12-37-54\output\CombinedData_buffer3_iq.gif[0m[0m
  CombinedData_buffer3_iq.hdf5: B-mode GIF, 25.4 Hz, 32 frames = 1.26 s -> 1.28 s GIF (real time); 32 frames @ 25 fps -> CombinedData_buffer3_iq.gif
[160/181] C000000044/VIS-034_SW_data_28-July-2026_11-05-42
  buffer 3: unwrapped - first slot 18, shift -1 (combined; continuity_first 16, continuity_margin 0.0087, combined_first 18, combined_margin 2.645, buffer1_first 18, expected_motion_first 18)
[1m[38;5;36mzea[0m[0m: [32mSuccessfully saved GIF to -> [33mZ:\raw_data\C000000044\VIS-034_SW_data_28-July-2026_11-05-42\output\CombinedData_buffer3_iq.gif[0m[0m
  CombinedData_buffer3_iq.hdf5: B-mode GIF, 25.4 Hz, 32 frames = 1.26 s -> 1.28 s GIF (real time); 32 frames @ 25 fps -> CombinedData_buffer3_iq.gif
[161/181] C000000044/VIS-034_SW_data_28-July-2026_11-09-20
  buffer 3: unwrapped - first slot 1, shift -1 (combined; continuity_first 1, continuity_margin 0.0081, combined_first 1, combined_margin 2.329, buffer1_first 1, expected_motion_first 18)
[1m[38;5;36mzea[0m[0m: [32mSuccessfully saved GIF to -> [33mZ:\raw_data\C000000044\VIS-034_SW_data_28-July-2026_11-09-20\output\CombinedData_buffer3_iq.gif[0m[0m
  CombinedData_buffer3_iq.hdf5: B-mode GIF, 25.4 Hz, 32 frames = 1.26 s -> 1.28 s GIF (real time); 32 frames @ 25 fps -> CombinedData_buffer3_iq.gif
[162/181] C000000044/VIS-034_SW_data_28-July-2026_11-12-23
  buffer 3: unwrapped - first slot 13, shift -1 (combined; continuity_first 5, continuity_margin 0.0007, combined_first 13, combined_margin 1.925, buffer1_first 13, expected_motion_first 13)
[1m[38;5;36mzea[0m[0m: [32mSuccessfully saved GIF to -> [33mZ:\raw_data\C000000044\VIS-034_SW_data_28-July-2026_11-12-23\output\CombinedData_buffer3_iq.gif[0m[0m
  CombinedData_buffer3_iq.hdf5: B-mode GIF, 25.4 Hz, 32 frames = 1.26 s -> 1.28 s GIF (real time); 32 frames @ 25 fps -> CombinedData_buffer3_iq.gif
[163/181] C000000045/VIS-033_SW_data_28-July-2026_09-25-55
  buffer 3: unwrapped - first slot 19, shift -1 (combined; continuity_first 19, continuity_margin 0.0441, combined_first 19, combined_margin 1.411, buffer1_first 19, expected_motion_first 19)  [was v1 ambiguous slot -1]
[1m[38;5;36mzea[0m[0m: [32mSuccessfully saved GIF to -> [33mZ:\raw_data\C000000045\VIS-033_SW_data_28-July-2026_09-25-55\output\CombinedData_buffer3_iq.gif[0m[0m
  CombinedData_buffer3_iq.hdf5: B-mode GIF, 25.4 Hz, 32 frames = 1.26 s -> 1.28 s GIF (real time); 32 frames @ 25 fps -> CombinedData_buffer3_iq.gif
[1m[38;5;36mzea[0m[0m: [32mSuccessfully saved GIF to -> [33mZ:\raw_data\C000000045\VIS-033_SW_data_28-July-2026_09-25-55\output\CombinedData_buffer3_refocus-adjoint_iq.gif[0m[0m
  CombinedData_buffer3_refocus-adjoint_iq.hdf5: B-mode GIF, 25.4 Hz, 32 frames = 1.26 s -> 1.28 s GIF (real time); 32 frames @ 25 fps -> CombinedData_buffer3_refocus-adjoint_iq.gif
  CombinedData_buffer3_refocus-adjoint_iq.hdf5: reordered (unwrapped, head 19)
[164/181] C000000045/VIS-033_SW_data_28-July-2026_09-29-30
  buffer 3: unwrapped - first slot 6, shift -1 (combined; continuity_first 6, continuity_margin 0.0606, combined_first 6, combined_margin 2.536, buffer1_first 7, expected_motion_first 6)
[1m[38;5;36mzea[0m[0m: [32mSuccessfully saved GIF to -> [33mZ:\raw_data\C000000045\VIS-033_SW_data_28-July-2026_09-29-30\output\CombinedData_buffer3_iq.gif[0m[0m
  CombinedData_buffer3_iq.hdf5: B-mode GIF, 25.4 Hz, 32 frames = 1.26 s -> 1.28 s GIF (real time); 32 frames @ 25 fps -> CombinedData_buffer3_iq.gif
[165/181] C000000045/VIS-033_SW_data_28-July-2026_09-34-26
  buffer 3: unwrapped - first slot 11, shift -1 (trigger-count; trigger_first 11, continuity_first 11, continuity_margin 0.0078, combined_first 11, combined_margin 2.975, buffer1_first 11, expected_motion_first 11)
[1m[38;5;36mzea[0m[0m: [32mSuccessfully saved GIF to -> [33mZ:\raw_data\C000000045\VIS-033_SW_data_28-July-2026_09-34-26\output\CombinedData_buffer3_iq.gif[0m[0m
  CombinedData_buffer3_iq.hdf5: B-mode GIF, 25.4 Hz, 32 frames = 1.26 s -> 1.28 s GIF (real time); 32 frames @ 25 fps -> CombinedData_buffer3_iq.gif
[166/181] C000000045/VIS-033_SW_data_28-July-2026_09-37-13
  buffer 3: unwrapped - first slot 10, shift -1 (combined; continuity_first 10, continuity_margin 0.0261, combined_first 10, combined_margin 2.271, buffer1_first 11, expected_motion_first 11)
[1m[38;5;36mzea[0m[0m: [32mSuccessfully saved GIF to -> [33mZ:\raw_data\C000000045\VIS-033_SW_data_28-July-2026_09-37-13\output\CombinedData_buffer3_iq.gif[0m[0m
  CombinedData_buffer3_iq.hdf5: B-mode GIF, 25.4 Hz, 32 frames = 1.26 s -> 1.28 s GIF (real time); 32 frames @ 25 fps -> CombinedData_buffer3_iq.gif
[167/181] C000000046/VIS-049_SW_data_04-September-2026_09-34-47
  buffer 3: unwrapped - first slot 26, shift -1 (combined; continuity_first 26, continuity_margin 0.074, combined_first 26, combined_margin 3.809, buffer1_first 26, expected_motion_first 26)  [was v1 unwrapped slot 26]
[168/181] C000000046/VIS-049_SW_data_04-September-2026_09-37-50
  buffer 3: unwrapped - first slot 6, shift -1 (combined; continuity_first 5, continuity_margin 0.0284, combined_first 6, combined_margin 2.715, buffer1_first 6, expected_motion_first 6)
[1m[38;5;36mzea[0m[0m: [32mSuccessfully saved GIF to -> [33mZ:\raw_data\C000000046\VIS-049_SW_data_04-September-2026_09-37-50\output\CombinedData_buffer3_iq.gif[0m[0m
  CombinedData_buffer3_iq.hdf5: B-mode GIF, 25.4 Hz, 32 frames = 1.26 s -> 1.28 s GIF (real time); 32 frames @ 25 fps -> CombinedData_buffer3_iq.gif
[169/181] C000000046/VIS-049_SW_data_04-September-2026_09-42-55
  buffer 3: unwrapped - first slot 12, shift -1 (trigger-count; trigger_first 12, continuity_first 12, continuity_margin 0.0257, combined_first 12, combined_margin 6.355, buffer1_first 12, expected_motion_first 12)
[1m[38;5;36mzea[0m[0m: [32mSuccessfully saved GIF to -> [33mZ:\raw_data\C000000046\VIS-049_SW_data_04-September-2026_09-42-55\output\CombinedData_buffer3_iq.gif[0m[0m
  CombinedData_buffer3_iq.hdf5: B-mode GIF, 25.4 Hz, 32 frames = 1.26 s -> 1.28 s GIF (real time); 32 frames @ 25 fps -> CombinedData_buffer3_iq.gif
[170/181] C000000046/VIS-049_SW_data_04-September-2026_09-45-15
  buffer 3: unwrapped - first slot 30, shift -1 (combined; continuity_first 30, continuity_margin 0.0023, combined_first 30, combined_margin 4.336, buffer1_first 30, expected_motion_first 30)
[1m[38;5;36mzea[0m[0m: [32mSuccessfully saved GIF to -> [33mZ:\raw_data\C000000046\VIS-049_SW_data_04-September-2026_09-45-15\output\CombinedData_buffer3_iq.gif[0m[0m
  CombinedData_buffer3_iq.hdf5: B-mode GIF, 25.4 Hz, 32 frames = 1.26 s -> 1.28 s GIF (real time); 32 frames @ 25 fps -> CombinedData_buffer3_iq.gif
[171/181] C000000047/VIS-048_SW_data_04-September-2026_08-51-34
  buffer 3: ambiguous - first slot -1, shift -1 (none; continuity_first 25, continuity_margin 0.0288, combined_first 25, combined_margin 0.598, buffer1_first 22, expected_motion_first 22)
[172/181] C000000047/VIS-048_SW_data_04-September-2026_08-54-35
  buffer 3: unwrapped - first slot 31, shift -1 (trigger-count; trigger_first 31, continuity_first 31, continuity_margin 0.0118, combined_first 31, combined_margin 4.386, buffer1_first 31, expected_motion_first 31)
[1m[38;5;36mzea[0m[0m: [32mSuccessfully saved GIF to -> [33mZ:\raw_data\C000000047\VIS-048_SW_data_04-September-2026_08-54-35\output\CombinedData_buffer3_iq.gif[0m[0m
  CombinedData_buffer3_iq.hdf5: B-mode GIF, 25.4 Hz, 32 frames = 1.26 s -> 1.28 s GIF (real time); 32 frames @ 25 fps -> CombinedData_buffer3_iq.gif
[173/181] C000000047/VIS-048_SW_data_04-September-2026_08-58-32
  buffer 3: unwrapped - first slot 16, shift -1 (trigger-count; trigger_first 16, continuity_first 8, continuity_margin 0.0001, combined_first 16, combined_margin 2.52, buffer1_first 16, expected_motion_first 16)
[1m[38;5;36mzea[0m[0m: [32mSuccessfully saved GIF to -> [33mZ:\raw_data\C000000047\VIS-048_SW_data_04-September-2026_08-58-32\output\CombinedData_buffer3_iq.gif[0m[0m
  CombinedData_buffer3_iq.hdf5: B-mode GIF, 25.4 Hz, 32 frames = 1.26 s -> 1.28 s GIF (real time); 32 frames @ 25 fps -> CombinedData_buffer3_iq.gif
[174/181] C000000048/VIS-047_SW_data_28-August-2026_10-12-35
  buffer 3: unwrapped - first slot 22, shift -1 (trigger-count; trigger_first 22, continuity_first 22, continuity_margin 0.0669, combined_first 22, combined_margin 4.508, buffer1_first 22, expected_motion_first 22)
[1m[38;5;36mzea[0m[0m: [32mSuccessfully saved GIF to -> [33mZ:\raw_data\C000000048\VIS-047_SW_data_28-August-2026_10-12-35\output\CombinedData_buffer3_iq.gif[0m[0m
  CombinedData_buffer3_iq.hdf5: B-mode GIF, 25.4 Hz, 32 frames = 1.26 s -> 1.28 s GIF (real time); 32 frames @ 25 fps -> CombinedData_buffer3_iq.gif
[175/181] C000000048/VIS-047_SW_data_28-August-2026_10-15-37
  buffer 3: unwrapped - first slot 11, shift -1 (combined; continuity_first 27, continuity_margin 0.0004, combined_first 11, combined_margin 1.45, buffer1_first 12, expected_motion_first 12)
[1m[38;5;36mzea[0m[0m: [32mSuccessfully saved GIF to -> [33mZ:\raw_data\C000000048\VIS-047_SW_data_28-August-2026_10-15-37\output\CombinedData_buffer3_iq.gif[0m[0m
  CombinedData_buffer3_iq.hdf5: B-mode GIF, 25.4 Hz, 32 frames = 1.26 s -> 1.28 s GIF (real time); 32 frames @ 25 fps -> CombinedData_buffer3_iq.gif
[176/181] C000000048/VIS-047_SW_data_28-August-2026_10-19-24
  buffer 3: unwrapped - first slot 7, shift -1 (combined; continuity_first 7, continuity_margin 0.0221, combined_first 7, combined_margin 1.754, buffer1_first 6, expected_motion_first 8)
[1m[38;5;36mzea[0m[0m: [32mSuccessfully saved GIF to -> [33mZ:\raw_data\C000000048\VIS-047_SW_data_28-August-2026_10-19-24\output\CombinedData_buffer3_iq.gif[0m[0m
  CombinedData_buffer3_iq.hdf5: B-mode GIF, 25.4 Hz, 32 frames = 1.26 s -> 1.28 s GIF (real time); 32 frames @ 25 fps -> CombinedData_buffer3_iq.gif
[177/181] C000000048/VIS-047_SW_data_28-August-2026_10-22-40
  buffer 3: unwrapped - first slot 26, shift -1 (combined; continuity_first 26, continuity_margin 0.0073, combined_first 26, combined_margin 2.954, buffer1_first 26, expected_motion_first 26)
[1m[38;5;36mzea[0m[0m: [32mSuccessfully saved GIF to -> [33mZ:\raw_data\C000000048\VIS-047_SW_data_28-August-2026_10-22-40\output\CombinedData_buffer3_iq.gif[0m[0m
  CombinedData_buffer3_iq.hdf5: B-mode GIF, 25.4 Hz, 32 frames = 1.26 s -> 1.28 s GIF (real time); 32 frames @ 25 fps -> CombinedData_buffer3_iq.gif
[178/181] C000000048/VIS-047_SW_data_28-August-2026_10-25-21
  buffer 3: unwrapped - first slot 20, shift -1 (combined; continuity_first 20, continuity_margin 0.0024, combined_first 20, combined_margin 1.84, buffer1_first 19, expected_motion_first 20)
[1m[38;5;36mzea[0m[0m: [32mSuccessfully saved GIF to -> [33mZ:\raw_data\C000000048\VIS-047_SW_data_28-August-2026_10-25-21\output\CombinedData_buffer3_iq.gif[0m[0m
  CombinedData_buffer3_iq.hdf5: B-mode GIF, 25.4 Hz, 32 frames = 1.26 s -> 1.28 s GIF (real time); 32 frames @ 25 fps -> CombinedData_buffer3_iq.gif
[179/181] C000000049/VIS-046_SW_data_28-August-2026_08-48-41
  buffer 3: unwrapped - first slot 12, shift -1 (combined; continuity_first 12, continuity_margin 0.0601, combined_first 12, combined_margin 5.816, buffer1_first 12, expected_motion_first 12)
[1m[38;5;36mzea[0m[0m: [32mSuccessfully saved GIF to -> [33mZ:\raw_data\C000000049\VIS-046_SW_data_28-August-2026_08-48-41\output\CombinedData_buffer3_iq.gif[0m[0m
  CombinedData_buffer3_iq.hdf5: B-mode GIF, 25.4 Hz, 32 frames = 1.26 s -> 1.28 s GIF (real time); 32 frames @ 25 fps -> CombinedData_buffer3_iq.gif
[180/181] C000000049/VIS-046_SW_data_28-August-2026_08-52-49
  buffer 3: ambiguous - first slot -1, shift -1 (none; continuity_first 26, continuity_margin 0.0056, combined_first 28, combined_margin 0.81, buffer1_first 28, expected_motion_first 28)
[181/181] C000000049/VIS-046_SW_data_28-August-2026_08-56-11
  buffer 3: unwrapped - first slot 27, shift -1 (trigger-count; trigger_first 27, continuity_first 27, continuity_margin 0.0268, combined_first 27, combined_margin 5.138, buffer1_first 27, expected_motion_first 27)
[1m[38;5;36mzea[0m[0m: [32mSuccessfully saved GIF to -> [33mZ:\raw_data\C000000049\VIS-046_SW_data_28-August-2026_08-56-11\output\CombinedData_buffer3_iq.gif[0m[0m
  CombinedData_buffer3_iq.hdf5: B-mode GIF, 25.4 Hz, 32 frames = 1.26 s -> 1.28 s GIF (real time); 32 frames @ 25 fps -> CombinedData_buffer3_iq.gif

136.5 min: ambiguous 12, chronological 5, unwrapped 164  -> study\logs\buffer3_unwrap_v2_w0.csv
