[1m[38;5;36mzea[0m[0m: Using backend 'torch'
[1/15] C000000003 win1 full
[2/15] C000000004 win1 right
[3/15] C000000008 win2 right
[4/15] C000000019 win1 left
[5/15] C000000020 win1 left
[6/15] C000000022 win1 full
[7/15] C000000029 win1 left
[8/15] C000000002 win0 right
[9/15] C000000018 win0 left
[10/15] C000000027 win0 right
[11/15] C000000037 win1 left
[12/15] C000000039 win0 right
[13/15] C000000040 win2 right
[14/15] C000000042 win0 left
[15/15] C000000045 win0 right
wrote D:\Luuk van Knippenberg\Github\shearWaveProcessing\study\logs\cfwi_benchmark.csv

window                       label    CFWI  hand disp  hand vel   confidence d/v
C000000003 w1 full             AVC  -20.00       3.34     17.52   clear/plausible
C000000004 w1 right            AVC   20.00       2.16      0.80   guess/plausible
C000000008 w2 right            AVC   20.00      -0.46     -0.45   none/none
C000000019 w1 left             AVC   20.00       3.42      5.37   clear/clear
C000000020 w1 left             AVC   20.00       3.28      3.52   clear/clear
C000000022 w1 full             AVC    1.22       0.91      0.93   clear/plausible
C000000029 w1 left             AVC  -20.00       2.80      7.09   clear/plausible
C000000002 w0 right            MVC  -20.00       6.09      7.06   plausible/clear
C000000018 w0 left             MVC   20.00       1.98      2.28   guess/clear
C000000027 w0 right            MVC    2.87       2.73      3.06   clear/clear
C000000037 w1 left             MVC   20.00       1.87      5.42   plausible/plausible
C000000039 w0 right            MVC   20.00       3.33      5.16   clear/clear
C000000040 w2 right            MVC  -20.00       2.60      3.94   guess/plausible
C000000042 w0 left             MVC   20.00       1.00      3.92   plausible/plausible
C000000045 w0 right            MVC   20.00       1.13      2.67   none/guess
CFWI vs hand_disp (all   n=15): direction agrees  67%, within 25%   7%, median |c|/hand 7.15, railed 87%
CFWI vs hand_disp (clear n= 7): direction agrees  71%, within 25%  14%, median |c|/hand 5.98, railed 71%
CFWI vs hand_vel  (all   n=15): direction agrees  67%, within 25%   7%, median |c|/hand 3.87, railed 87%
CFWI vs hand_vel  (clear n= 6): direction agrees  83%, within 25%  17%, median |c|/hand 3.80, railed 83%
wrote D:\Luuk van Knippenberg\Github\shearWaveProcessing\study\montages\cfwi_benchmark.png
