=== buffer 1 ===
[1m[38;5;36mzea[0m[0m: Using backend 'torch'
-------------------GPU settings-------------------
     memory
GPU        
0       23848
1       20641
2       20790
3       23812
4       24115
5       23844
6       24115
7        8112
Selecting 1 GPU based on available memory.
Selected GPU 4 with Free Memory: 24115.00 MiB
Hiding GPUs [0, 1, 2, 3, 5, 6, 7] from the system.
--------------------------------------------------
[1m[38;5;36mzea[0m[0m: [38;5;214mWARNING[0m Reading 'Z:\raw_data\C000000001\SWE_01_SW_data_21-April-2026_12-12-54\output\converted\CombinedData_buffer1.hdf5' [2m(/data/raw_data, 1.1 GB)[0m compressed with lzf, which zea cannot decode concurrently — falling back to a serial h5py read (slower). Re-save with the `zea data resave` CLI (or zea.File.create) to read it concurrently, with a progress bar.
D:\Luuk van Knippenberg\envs\zea_latest\Lib\site-packages\keras\src\backend\torch\numpy.py:230: UserWarning: expandable_segments not supported on this platform (Triggered internally at C:\actions-runner\_work\pytorch\pytorch\c10/cuda/CUDAAllocatorConfig.h:40.)
  return torch.ones(size=shape, dtype=dtype, device=get_device())
buffer 1 (bmode_widebeam): raw (90, 21, 3968, 80, 1), 88.2 FPS
    patch budget 6.44e+07 elements (GPU 25.756696576 GB)
    transmit 0/21  (5s)
    transmit 10/21  (51s)
    transmit 20/21  (98s)
    incoherent compound done in 98s
[1m[38;5;36mzea[0m[0m: File saved to [33mZ:\raw_data\C000000001\SWE_01_SW_data_21-April-2026_12-12-54\output\CombinedData_buffer1_incoh_iq.hdf5[0m
  wrote CombinedData_buffer1_incoh_iq.hdf5
[1m[38;5;36mzea[0m[0m: [38;5;214mWARNING[0m Reading 'Z:\raw_data\C000000001\SWE_01_SW_data_21-April-2026_12-12-54\output\CombinedData_buffer1_incoh_iq.hdf5' [2m(/data/beamformed_data/values, 133.5 MB)[0m compressed with lzf, which zea cannot decode concurrently — falling back to a serial h5py read (slower). Re-save with the `zea data resave` CLI (or zea.File.create) to read it concurrently, with a progress bar.
[1m[38;5;36mzea[0m[0m: [38;5;214mWARNING[0m Reading 'Z:\raw_data\C000000001\SWE_01_SW_data_21-April-2026_12-12-54\output\CombinedData_buffer1_incoh_iq.hdf5' [2m(/data/beamformed_data/timestamps, 360 B)[0m compressed with lzf, which zea cannot decode concurrently — falling back to a serial h5py read (slower). Re-save with the `zea data resave` CLI (or zea.File.create) to read it concurrently, with a progress bar.
[1m[38;5;36mzea[0m[0m: [32mSuccessfully saved GIF to -> [33mZ:\raw_data\C000000001\SWE_01_SW_data_21-April-2026_12-12-54\output\CombinedData_buffer1_incoh_iq.gif[0m[0m
  CombinedData_buffer1_incoh_iq.hdf5: B-mode GIF, 88.2 Hz, 90 frames = 1.02 s -> 1.02 s GIF (real time); 51 frames @ 50 fps -> CombinedData_buffer1_incoh_iq.gif

Compare: CombinedData_buffer1_incoh_iq.gif  vs  CombinedData_buffer1_iq.gif
EXIT_1=0
=== buffer 4 ===
[1m[38;5;36mzea[0m[0m: Using backend 'torch'
-------------------GPU settings-------------------
     memory
GPU        
0       23848
1       20641
2       20790
3       23812
4       24115
5       23844
6       24115
7        8112
Selecting 1 GPU based on available memory.
Selected GPU 4 with Free Memory: 24115.00 MiB
Hiding GPUs [0, 1, 2, 3, 5, 6, 7] from the system.
--------------------------------------------------
[1m[38;5;36mzea[0m[0m: [38;5;214mWARNING[0m Reading 'Z:\raw_data\C000000001\SWE_01_SW_data_21-April-2026_12-12-54\output\converted\CombinedData_buffer4.hdf5' [2m(/data/raw_data, 1.1 GB)[0m compressed with lzf, which zea cannot decode concurrently — falling back to a serial h5py read (slower). Re-save with the `zea data resave` CLI (or zea.File.create) to read it concurrently, with a progress bar.
D:\Luuk van Knippenberg\envs\zea_latest\Lib\site-packages\keras\src\backend\torch\numpy.py:230: UserWarning: expandable_segments not supported on this platform (Triggered internally at C:\actions-runner\_work\pytorch\pytorch\c10/cuda/CUDAAllocatorConfig.h:40.)
  return torch.ones(size=shape, dtype=dtype, device=get_device())
buffer 4 (passive_sw): raw (926, 2, 3968, 80, 1), 925.9 FPS
    patch budget 6.44e+07 elements (GPU 25.756696576 GB)
    transmit 0/2  (46s)
    incoherent compound done in 92s
[1m[38;5;36mzea[0m[0m: File saved to [33mZ:\raw_data\C000000001\SWE_01_SW_data_21-April-2026_12-12-54\output\CombinedData_buffer4_incoh_iq.hdf5[0m
  wrote CombinedData_buffer4_incoh_iq.hdf5
[1m[38;5;36mzea[0m[0m: [38;5;214mWARNING[0m Reading 'Z:\raw_data\C000000001\SWE_01_SW_data_21-April-2026_12-12-54\output\CombinedData_buffer4_incoh_iq.hdf5' [2m(/data/beamformed_data/values, 1.3 GB)[0m compressed with lzf, which zea cannot decode concurrently — falling back to a serial h5py read (slower). Re-save with the `zea data resave` CLI (or zea.File.create) to read it concurrently, with a progress bar.
[1m[38;5;36mzea[0m[0m: [38;5;214mWARNING[0m Reading 'Z:\raw_data\C000000001\SWE_01_SW_data_21-April-2026_12-12-54\output\CombinedData_buffer4_incoh_iq.hdf5' [2m(/data/beamformed_data/timestamps, 3.6 KB)[0m compressed with lzf, which zea cannot decode concurrently — falling back to a serial h5py read (slower). Re-save with the `zea data resave` CLI (or zea.File.create) to read it concurrently, with a progress bar.
[1m[38;5;36mzea[0m[0m: [32mSuccessfully saved GIF to -> [33mZ:\raw_data\C000000001\SWE_01_SW_data_21-April-2026_12-12-54\output\CombinedData_buffer4_incoh_iq.gif[0m[0m
  CombinedData_buffer4_incoh_iq.hdf5: B-mode GIF, 925.9 Hz, 926 frames = 1.00 s -> 1.00 s GIF (real time); 50 frames @ 50 fps -> CombinedData_buffer4_incoh_iq.gif

Compare: CombinedData_buffer4_incoh_iq.gif  vs  CombinedData_buffer4_iq.gif
EXIT_4=0
