batch finished; starting incoherent example
[1m[38;5;36mzea[0m[0m: Using backend 'torch'
-------------------GPU settings-------------------
7/8 GPUs were disabled
     memory
GPU        
0       17892
Selecting 1 GPU based on available memory.
Selected GPU 0 with Free Memory: 17892.00 MiB
--------------------------------------------------
[1m[38;5;36mzea[0m[0m: [38;5;214mWARNING[0m Reading 'Z:\raw_data\C000000001\SWE_01_SW_data_21-April-2026_12-12-54\output\converted\CombinedData_buffer3.hdf5' [2m(/data/raw_data, 1.1 GB)[0m compressed with lzf, which zea cannot decode concurrently — falling back to a serial h5py read (slower). Re-save with the `zea data resave` CLI (or zea.File.create) to read it concurrently, with a progress bar.
buffer 3 (bmode_focused): raw (26, 73, 3968, 80, 1), 25.4 FPS
D:\Luuk van Knippenberg\envs\zea_latest\Lib\site-packages\keras\src\backend\torch\numpy.py:230: UserWarning: expandable_segments not supported on this platform (Triggered internally at C:\actions-runner\_work\pytorch\pytorch\c10/cuda/CUDAAllocatorConfig.h:40.)
  return torch.ones(size=shape, dtype=dtype, device=get_device())
    patch budget 6.44e+07 elements (GPU 25.756696576 GB)
    transmit 0/73  (3s)
    transmit 10/73  (25s)
    transmit 20/73  (47s)
    transmit 30/73  (68s)
    transmit 40/73  (86s)
    transmit 50/73  (108s)
    transmit 60/73  (130s)
    transmit 70/73  (151s)
    incoherent compound done in 155s
[1m[38;5;36mzea[0m[0m: File saved to [33mZ:\raw_data\C000000001\SWE_01_SW_data_21-April-2026_12-12-54\output\CombinedData_buffer3_incoh_iq.hdf5[0m
  wrote CombinedData_buffer3_incoh_iq.hdf5
[1m[38;5;36mzea[0m[0m: [38;5;214mWARNING[0m Reading 'Z:\raw_data\C000000001\SWE_01_SW_data_21-April-2026_12-12-54\output\CombinedData_buffer3_incoh_iq.hdf5' [2m(/data/beamformed_data/values, 40.1 MB)[0m compressed with lzf, which zea cannot decode concurrently — falling back to a serial h5py read (slower). Re-save with the `zea data resave` CLI (or zea.File.create) to read it concurrently, with a progress bar.
[1m[38;5;36mzea[0m[0m: [38;5;214mWARNING[0m Reading 'Z:\raw_data\C000000001\SWE_01_SW_data_21-April-2026_12-12-54\output\CombinedData_buffer3_incoh_iq.hdf5' [2m(/data/beamformed_data/timestamps, 104 B)[0m compressed with lzf, which zea cannot decode concurrently — falling back to a serial h5py read (slower). Re-save with the `zea data resave` CLI (or zea.File.create) to read it concurrently, with a progress bar.
[1m[38;5;36mzea[0m[0m: [32mSuccessfully saved GIF to -> [33mZ:\raw_data\C000000001\SWE_01_SW_data_21-April-2026_12-12-54\output\CombinedData_buffer3_incoh_iq.gif[0m[0m
  CombinedData_buffer3_incoh_iq.hdf5: B-mode GIF, 25.4 Hz, 26 frames = 1.02 s -> 1.04 s GIF (real time); 26 frames @ 25 fps -> CombinedData_buffer3_incoh_iq.gif

Compare: CombinedData_buffer3_incoh_iq.gif  vs  CombinedData_buffer3_iq.gif
INCOH_EXIT=0
