[1m[38;5;36mzea[0m[0m: Using backend 'torch'
point targets detected (standard recon): 79
  depths spanned: 30 - 105 mm

reconstruction                 n   lateral -6dB   axial -6dB  target CNR
--------------------------------------------------------------------------
standard (coherent all-73)    79        1.40 mm      0.97 mm     13.8 dB
REFoCUS adjoint               79        1.87 mm      1.03 mm     12.9 dB
REFoCUS tikhonov              79        1.84 mm      1.06 mm     12.6 dB
REFoCUS tsvd                  79        1.78 mm      1.05 mm     12.4 dB
incoherent (envelope)         68        7.48 mm      2.66 mm      6.7 dB

reconstruction                @1.111deg  ripple RMS  actual peak
------------------------------------------------------------------
standard (coherent all-73)        0.96%       20.6%     1.284 deg
REFoCUS adjoint                   0.12%       17.5%     2.835 deg
REFoCUS tikhonov                  0.14%       17.2%     2.835 deg
REFoCUS tsvd                      0.14%       17.1%     2.835 deg
incoherent (envelope)             0.65%        8.1%     2.835 deg

saved phantom_psf_results.npy
[1m[38;5;36mzea[0m[0m: [38;5;214mWARNING[0m Reading 'D:\swp_res\Resolution phantom\DefaultPatient_SW_data_18-June-2026_13-52-51\output\converted\CombinedData_buffer3.hdf5' [2m(/data/raw_data, 88.4 MB)[0m compressed with lzf, which zea cannot decode concurrently — falling back to a serial h5py read (slower). Re-save with the `zea data resave` CLI (or zea.File.create) to read it concurrently, with a progress bar.
D:\Luuk van Knippenberg\envs\zea_latest\Lib\site-packages\keras\src\backend\torch\numpy.py:230: UserWarning: expandable_segments not supported on this platform (Triggered internally at C:\actions-runner\_work\pytorch\pytorch\c10/cuda/CUDAAllocatorConfig.h:40.)
  return torch.ones(size=shape, dtype=dtype, device=get_device())
    patch budget 6.44e+07 elements (GPU 25.756696576 GB)
    transmit 0/73 (1s)
    transmit 20/73 (7s)
    transmit 40/73 (13s)
    transmit 60/73 (20s)
  per-transmit beamform done in 24s -> (73, 382, 529)

stack (73, 382, 529), grid (382, 529), pixel angles -83.4 to 83.4 deg

composite                      ripple      peak   lateral    axial     CNR
--------------------------------------------------------------------------
nearest-1                       0.82%    1.284d     2.05mm    1.02mm   12.0dB
nearest-2                       1.34%    1.284d     1.62mm    0.99mm   13.3dB
nearest-3                       1.68%    1.284d     1.57mm    1.00mm   13.2dB
nearest-6  (= region rule)      1.95%    1.284d     1.44mm    0.99mm   13.6dB
nearest-12                      1.88%    1.284d     1.39mm    0.98mm   13.7dB
nearest-73                      2.08%    1.284d     1.32mm    0.99mm   13.9dB
all-73, no region mask          2.08%    1.284d     1.32mm    0.99mm   13.9dB
all-73 incoherent               0.66%    2.835d     5.68mm    3.11mm    6.6dB
stored standard (reference)     2.02%    1.284d     1.40mm    0.97mm   13.8dB
