[1m[38;5;36mzea[0m[0m: Using backend 'torch'
passive workflow on CombinedData_buffer4_iq.hdf5
  Acquisition[passive/normal] iq(926, 382, 495) refnone x[-97.5,97.5]mm z[0.0,150.3]mm prf=926Hz f_demod=3.906MHz dz=394um dx=395um
  recipe: mode=frame_to_frame filters=['temporal_bandpass', 'spatial_smooth', 'temporal_moving_mean'] directional=False
  [M-line] reuse passive_general_mline.npz
  computing displacement overview for burst detection (5-150 Hz, spatial stride 2) ...
  detected 4 burst window(s) -> passive_bursts.png
  full-window space-time -> passive_full_spacetime.png
    #0: peak 50 ms, window [1, 100] ms
    #1: peak 438 ms, window [388, 488] ms
    #2: peak 608 ms, window [558, 658] ms
    #3: peak 788 ms, window [738, 838] ms
  3 view(s) per window: disp bp10-150 gauss mean3 | disp bp5-150 median NO-temporal | velocity bp15-90 gauss1.0 mean5
  [M-line] reuse passive_win0_mline.npz
    window #0 [disp bp10-150 gauss mean3]: space-time (111, 250) c=3.51 sem=0.858
    window #0 [disp bp5-150 median NO-temporal]: space-time (111, 250) c=1.89 sem=0.889
    window #0 [velocity bp15-90 gauss1.0 mean5]: space-time (110, 250) c=4.32 sem=0.660
  [M-line] reuse passive_win1_mline.npz
    window #1 [disp bp10-150 gauss mean3]: space-time (130, 250) c=-2.25 sem=0.475
    window #1 [disp bp5-150 median NO-temporal]: space-time (130, 250) c=3.38 sem=0.516
    window #1 [velocity bp15-90 gauss1.0 mean5]: space-time (129, 250) c=6.38 sem=0.411
  [M-line] reuse passive_win2_mline.npz
    window #2 [disp bp10-150 gauss mean3]: space-time (130, 250) c=1.89 sem=0.512
    window #2 [disp bp5-150 median NO-temporal]: space-time (130, 250) c=10.79 sem=0.708
    window #2 [velocity bp15-90 gauss1.0 mean5]: space-time (129, 250) c=1.27 sem=0.579
  [M-line] reuse passive_win3_mline.npz
    window #3 [disp bp10-150 gauss mean3]: space-time (130, 250) c=9.67 sem=0.946
    window #3 [disp bp5-150 median NO-temporal]: space-time (130, 250) c=3.16 sem=0.909
    window #3 [velocity bp15-90 gauss1.0 mean5]: space-time (129, 250) c=16.48 sem=0.853
done -> Z:/raw_data/C000000001/SWE_01_SW_data_21-April-2026_12-12-54\output\swp_passive\passive_windows_montage.png
EXIT=0
