
=== worker 1 started Mon Oct  5 10:40:48 2026 ===
worker on 724 folder(s) (watching)
  process Z:\raw_data\C000000007\VIS-007_SW_data_30-June-2026_11-50-12  windows [0]
[1m[38;5;36mzea[0m[0m: Using backend 'torch'
    win0: disp +3.2, velo +4.5, velo +4.5, Keij +6.4, acce -20.0
    29 s
  process Z:\raw_data\C000000007\VIS-007_SW_data_30-June-2026_11-50-12  windows [1]
    win1: disp +4.8, velo +4.5, velo +4.5, Keij +6.4, acce +3.4
    3 s
  detect  Z:\raw_data\C000000007\VIS-007_SW_data_30-June-2026_11-53-29
    3 window(s), 5 s
  detect  Z:\raw_data\C000000007\VIS-007_SW_data_30-June-2026_11-54-10
    2 window(s), 4 s
  detect  Z:\raw_data\C000000008\VIS-010_SW_data_03-July-2026_10-37-44
    3 window(s), 10 s
  detect  Z:\raw_data\C000000008\VIS-010_SW_data_03-July-2026_10-38-22
    3 window(s), 9 s
  detect  Z:\raw_data\C000000008\VIS-010_SW_data_03-July-2026_10-39-08
    3 window(s), 8 s
  detect  Z:\raw_data\C000000008\VIS-010_SW_data_03-July-2026_10-39-52
    3 window(s), 7 s
  detect  Z:\raw_data\C000000009\VIS-009_SW_data_03-July-2026_09-43-33
    2 window(s), 8 s
Traceback (most recent call last):
  File "D:\Luuk van Knippenberg\Github\shearWaveProcessing\scripts\passive_manual.py", line 279, in <module>
    main()
  File "D:\Luuk van Knippenberg\Github\shearWaveProcessing\scripts\passive_manual.py", line 274, in main
    {"session": cmd_session, "worker": cmd_worker, "status": cmd_status, "export": cmd_export,
  File "D:\Luuk van Knippenberg\Github\shearWaveProcessing\scripts\passive_manual.py", line 128, in cmd_worker
    worker.run(folders, watch=a.watch, view_filter=not a.all_views)
  File "D:\Luuk van Knippenberg\Github\shearWaveProcessing\src\swp\manual\worker.py", line 278, in run
    if work_once(f, view_filter):
       ^^^^^^^^^^^^^^^^^^^^^^^^^
  File "D:\Luuk van Knippenberg\Github\shearWaveProcessing\src\swp\manual\worker.py", line 233, in work_once
    s = S.state(folder, view_filter)
        ^^^^^^^^^^^^^^^^^^^^^^^^^^^^
  File "D:\Luuk van Knippenberg\Github\shearWaveProcessing\src\swp\manual\store.py", line 297, in state
    gen = read_json(p.general_json)
          ^^^^^^^^^^^^^^^^^^^^^^^^^
  File "D:\Luuk van Knippenberg\Github\shearWaveProcessing\src\swp\manual\store.py", line 103, in read_json
    if not os.path.exists(path):
           ^^^^^^^^^^^^^^^^^^^^
KeyboardInterrupt

=== worker 1 started Mon Oct  5 11:38:40 2026 ===
worker on 724 folder(s) (watching)
  process Z:\raw_data\C000000007\VIS-007_SW_data_30-June-2026_11-51-26  windows [0]
[1m[38;5;36mzea[0m[0m: Using backend 'torch'
    win0: disp +20.0, velo +2.6, velo +2.6, Keij +3.5, acce +2.0
    28 s
  process Z:\raw_data\C000000007\VIS-007_SW_data_30-June-2026_11-51-26  windows [1, 2]
    win1: disp +20.0, velo +14.0, velo +10.8, Keij +14.0, acce +7.4
    win2: disp -1.1, velo -1.2, velo -1.2, Keij -1.6, acce +8.8
    7 s
  process Z:\raw_data\C000000008\VIS-010_SW_data_03-July-2026_10-37-16  windows [0]
    win0: disp +20.0, velo +7.4, velo +8.8, Keij +8.8, acce +5.6
    6 s
  process Z:\raw_data\C000000008\VIS-010_SW_data_03-July-2026_10-37-44  windows [0]
    win0: disp +20.0, velo +6.0, velo +6.0, Keij +9.7, acce +5.0
    5 s
  process Z:\raw_data\C000000008\VIS-010_SW_data_03-July-2026_10-37-44  windows [1]
    win1: disp +4.3, velo +3.1, velo +4.3, Keij +4.1, acce +2.7
    6 s
  process Z:\raw_data\C000000008\VIS-010_SW_data_03-July-2026_10-37-44  windows [2, 3]
    win2: disp -6.0, velo -20.0, velo -20.0, Keij -20.0, acce +12.2
    win3: disp +6.8, velo +6.0, velo +6.0, Keij +8.8, acce +6.0
    11 s
  process Z:\raw_data\C000000008\VIS-010_SW_data_03-July-2026_10-38-22  windows [0]
    win0: disp -5.6, velo +4.8, velo +4.8, Keij +5.6, acce +4.0
    9 s
  process Z:\raw_data\C000000008\VIS-010_SW_data_03-July-2026_10-38-22  windows [1]
    win1: disp +2.6, velo +3.6, velo +3.5, Keij +3.8, acce +3.6
    6 s
  process Z:\raw_data\C000000008\VIS-010_SW_data_03-July-2026_10-38-22  windows [2]
    win2: disp -6.0, velo -12.2, velo -12.2, Keij -20.0, acce +8.0
    6 s
  process Z:\raw_data\C000000008\VIS-010_SW_data_03-July-2026_10-38-22  windows [3]
    win3: disp +20.0, velo +6.8, velo +8.8, Keij +12.2, acce +5.6
    8 s
  process Z:\raw_data\C000000008\VIS-010_SW_data_03-July-2026_10-39-08  windows [3]
    win3: disp -4.3, velo -4.3, velo -5.0, Keij +20.0, acce -3.3
    7 s
  process Z:\raw_data\C000000008\VIS-010_SW_data_03-July-2026_10-39-52  windows [0]
    win0: disp -3.6, velo -20.0, velo -20.0, Keij +20.0, acce +6.8
    6 s
  process Z:\raw_data\C000000008\VIS-010_SW_data_03-July-2026_10-39-52  windows [1]
    win1: disp +2.9, velo +3.0, velo +3.0, Keij +3.4, acce +2.6
    6 s
  process Z:\raw_data\C000000008\VIS-010_SW_data_03-July-2026_10-39-52  windows [2]
    win2: disp +6.4, velo +9.7, velo +9.7, Keij +16.5, acce +4.0
    6 s
  process Z:\raw_data\C000000008\VIS-010_SW_data_03-July-2026_10-39-52  windows [3]
    win3: disp -3.2, velo +10.8, velo +10.8, Keij +10.8, acce +7.4
    4 s
  process Z:\raw_data\C000000009\VIS-009_SW_data_03-July-2026_09-43-33  windows [0]
    win0: disp +4.0, velo +3.5, velo +3.5, Keij +3.5, acce +3.1
    6 s
  process Z:\raw_data\C000000009\VIS-009_SW_data_03-July-2026_09-43-33  windows [1]
    win1: disp +2.2, velo +2.8, velo +2.9, Keij +2.8, acce +2.9
    4 s
  process Z:\raw_data\C000000009\VIS-009_SW_data_03-July-2026_09-43-33  windows [2]
    win2: disp -1.6, velo -2.6, velo -2.6, Keij +3.1, acce -2.4
    5 s
  detect  Z:\raw_data\C000000009\VIS-009_SW_data_03-July-2026_09-45-57
    3 window(s), 9 s
  detect  Z:\raw_data\C000000009\VIS-009_SW_data_03-July-2026_09-47-50
    2 window(s), 7 s
  detect  Z:\raw_data\C000000009\VIS-009_SW_data_03-July-2026_09-48-24
    2 window(s), 6 s
  process Z:\raw_data\C000000009\VIS-009_SW_data_03-July-2026_09-45-12  windows [1]
    win1: disp -20.0, velo +4.3, velo +5.6, Keij +8.0, acce +4.3
    4 s
  process Z:\raw_data\C000000009\VIS-009_SW_data_03-July-2026_09-45-57  windows [0]
    win0: disp +2.8, velo +2.7, velo +2.9, Keij +2.9, acce +2.7
    5 s
  process Z:\raw_data\C000000009\VIS-009_SW_data_03-July-2026_09-45-12  windows [2]
    win2: disp +2.2, velo +2.7, velo +2.7, Keij +3.2, acce +2.9
    4 s
  process Z:\raw_data\C000000009\VIS-009_SW_data_03-July-2026_09-45-57  windows [1]
    win1: disp +10.8, velo +7.4, velo +7.4, Keij +7.4, acce +5.0
    3 s
  process Z:\raw_data\C000000009\VIS-009_SW_data_03-July-2026_09-47-12  windows [0]
    win0: disp +3.5, velo +3.1, velo +3.1, Keij +3.5, acce +3.2
    4 s
  process Z:\raw_data\C000000009\VIS-009_SW_data_03-July-2026_09-47-50  windows [0, 1, 2]
    win0: disp +3.0, velo +2.6, velo +2.6, Keij +2.6, acce +2.6
    win1: disp +3.8, velo +5.0, velo +6.0, Keij +6.4, acce +6.4
    win2: disp +1.5, velo +2.4, velo +2.4, Keij +2.4, acce +2.4
    12 s
  process Z:\raw_data\C000000009\VIS-009_SW_data_03-July-2026_09-48-24  windows [1]
    win1: disp +4.0, velo +5.0, velo +6.4, Keij +6.0, acce +6.8
    4 s
  detect  Z:\raw_data\C000000010\vis-006_SW_data_30-June-2026_09-44-49
    3 window(s), 6 s
  detect  Z:\raw_data\C000000010\vis-006_SW_data_30-June-2026_09-47-28
    3 window(s), 8 s
  detect  Z:\raw_data\C000000010\vis-006_SW_data_30-June-2026_09-48-33
    3 window(s), 8 s
  detect  Z:\raw_data\C000000011\VIS-11_SW_data_07-July-2026_08-40-50
    3 window(s), 6 s
  detect  Z:\raw_data\C000000011\VIS-11_SW_data_07-July-2026_08-42-55
    3 window(s), 7 s
  detect  Z:\raw_data\C000000011\VIS-11_SW_data_07-July-2026_08-43-46
    3 window(s), 7 s
  process Z:\raw_data\C000000010\vis-006_SW_data_30-June-2026_09-44-49  windows [0]
    win0: disp +3.1, velo +2.4, velo +2.5, Keij +2.4, acce +2.6
    5 s
  process Z:\raw_data\C000000010\vis-006_SW_data_30-June-2026_09-44-49  windows [1]
    win1: disp +2.0, velo +2.4, velo +2.2, Keij +2.2, acce +2.8
    5 s
  process Z:\raw_data\C000000010\vis-006_SW_data_30-June-2026_09-44-49  windows [2]
    win2: disp -4.0, velo -8.8, velo -8.8, Keij -6.0, acce -4.5
    4 s
  process Z:\raw_data\C000000010\vis-006_SW_data_30-June-2026_09-46-57  windows [0, 1, 2]
    win0: disp +7.4, velo +7.4, velo +8.8, Keij +6.8, acce +20.0
    win1: disp +3.0, velo +2.3, velo +2.3, Keij +2.5, acce +2.6
    win2: disp +3.8, velo +10.8, velo +10.8, Keij +8.8, acce +20.0
    18 s
  process Z:\raw_data\C000000010\vis-006_SW_data_30-June-2026_09-47-28  windows [0, 1, 2]
    win0: disp +8.8, velo +3.2, velo +3.8, Keij +6.4, acce +2.7
    win1: disp +3.5, velo +2.6, velo +2.6, Keij +2.8, acce +3.0
    win2: disp -6.8, velo -8.8, velo -14.0, Keij -6.4, acce -14.0
    14 s
  process Z:\raw_data\C000000010\vis-006_SW_data_30-June-2026_09-48-33  windows [0]
    win0: disp +20.0, velo +3.5, velo +4.1, Keij +4.8, acce +2.3
    6 s
  process Z:\raw_data\C000000011\VIS-11_SW_data_07-July-2026_08-40-50  windows [0]
    win0: disp +1.1, velo +1.4, velo +1.4, Keij +1.5, acce +16.5
    4 s
  process Z:\raw_data\C000000011\VIS-11_SW_data_07-July-2026_08-40-50  windows [1, 2, 3]
    win1: disp +9.7, velo +14.0, velo +16.5, Keij +20.0, acce +14.0
    win2: disp -2.3, velo +6.0, velo -8.8, Keij +4.3, acce -4.3
    win3: disp +1.3, velo +1.8, velo +2.0, Keij +2.0, acce +16.5
    11 s
  process Z:\raw_data\C000000011\VIS-11_SW_data_07-July-2026_08-40-50  windows [4]
    win4: disp +2.5, velo +5.0, velo +5.3, Keij +7.4, acce +3.2
    4 s
  process Z:\raw_data\C000000011\VIS-11_SW_data_07-July-2026_08-42-03  windows [0]
    win0: disp +1.0, velo +3.5, velo +3.5, Keij +3.5, acce +3.5
    5 s
  process Z:\raw_data\C000000011\VIS-11_SW_data_07-July-2026_08-42-03  windows [1]
    win1: disp +2.0, velo +3.1, velo +3.6, Keij +5.3, acce +6.0
    5 s
  process Z:\raw_data\C000000011\VIS-11_SW_data_07-July-2026_08-42-03  windows [3]
    win3: disp +1.0, velo +3.8, velo +3.8, Keij +5.0, acce +3.3
    5 s
  process Z:\raw_data\C000000011\VIS-11_SW_data_07-July-2026_08-42-55  windows [1]
    win1: disp +2.4, velo +3.2, velo +3.2, Keij +3.3, acce +3.5
    5 s
  process Z:\raw_data\C000000011\VIS-11_SW_data_07-July-2026_08-42-55  windows [2]
    win2: disp +1.0, velo -9.7, velo -9.7, Keij -8.8, acce -20.0
    5 s
  process Z:\raw_data\C000000011\VIS-11_SW_data_07-July-2026_08-43-46  windows [0]
    win0: disp +1.0, velo +2.6, velo +3.1, Keij +10.8, acce +1.8
    6 s
  process Z:\raw_data\C000000011\VIS-11_SW_data_07-July-2026_08-43-46  windows [1, 2]
    win1: disp +2.0, velo +3.8, velo +3.8, Keij +3.6, acce +4.0
    win2: disp +1.0, velo -1.5, velo -1.5, Keij -2.1, acce +1.8
    8 s
  detect  Z:\raw_data\C000000012\VIS-014_SW_data_07-July-2026_11-52-35
    3 window(s), 8 s
  process Z:\raw_data\C000000011\VIS-11_SW_data_07-July-2026_08-44-19  windows [0]
    win0: disp +1.0, velo +3.1, velo -14.0, Keij -20.0, acce +2.6
    5 s
  process Z:\raw_data\C000000011\VIS-11_SW_data_07-July-2026_08-44-19  windows [1]
    win1: disp +1.8, velo +3.4, velo +3.5, Keij +3.4, acce +3.6
    5 s
  process Z:\raw_data\C000000012\VIS-014_SW_data_07-July-2026_11-42-46  windows [0]
    win0: disp +2.3, velo +3.6, velo +3.6, Keij +3.6, acce +3.1
    6 s
  process Z:\raw_data\C000000012\VIS-014_SW_data_07-July-2026_11-42-46  windows [1]
    win1: disp +14.0, velo +2.2, velo +2.4, Keij +5.0, acce +2.3
    6 s
  process Z:\raw_data\C000000012\VIS-014_SW_data_07-July-2026_11-43-19  windows [1]
    win1: disp +3.8, velo +2.7, velo +3.2, Keij +2.7, acce +3.8
    7 s
  process Z:\raw_data\C000000012\VIS-014_SW_data_07-July-2026_11-43-19  windows [2, 3]
    win2: disp -2.8, velo +1.3, velo +1.2, Keij +1.2, acce +1.2
    win3: disp +4.0, velo +3.2, velo +3.3, Keij +3.2, acce +3.3
    11 s
  process Z:\raw_data\C000000012\VIS-014_SW_data_07-July-2026_11-47-54  windows [3]
    win3: disp +4.0, velo +3.4, velo +3.4, Keij +3.4, acce +3.4
    8 s
  process Z:\raw_data\C000000012\VIS-014_SW_data_07-July-2026_11-52-00  windows [0, 1]
    win0: disp +5.3, velo +4.3, velo +4.3, Keij +4.5, acce +3.8
    win1: disp +3.4, velo +3.8, velo +3.3, Keij +3.8, acce +4.8
    10 s
  process Z:\raw_data\C000000012\VIS-014_SW_data_07-July-2026_11-52-00  windows [2, 3]
    win2: disp -2.4, velo -2.4, velo -2.4, Keij -1.9, acce -1.9
    win3: disp +6.0, velo +4.5, velo +5.3, Keij +5.3, acce +3.8
    9 s
  process Z:\raw_data\C000000012\VIS-014_SW_data_07-July-2026_11-52-35  windows [0, 1]
    win0: disp -2.8, velo -3.2, velo -3.2, Keij -3.0, acce -2.4
    win1: disp +8.8, velo +4.5, velo +4.5, Keij +4.3, acce +4.5
    11 s
  process Z:\raw_data\C000000012\VIS-014_SW_data_07-July-2026_11-52-35  windows [3, 4]
    win3: disp -2.9, velo -3.1, velo -3.3, Keij -2.8, acce -2.2
    win4: disp +12.2, velo +8.8, velo +8.8, Keij +8.0, acce -20.0
    10 s
  detect  Z:\raw_data\C000000012\VIS-014_SW_data_07-July-2026_11-55-12
    3 window(s), 10 s
  detect  Z:\raw_data\C000000012\VIS-014_SW_data_07-July-2026_12-05-40
    3 window(s), 11 s
  process Z:\raw_data\C000000012\VIS-014_SW_data_07-July-2026_11-53-20  windows [0, 1]
    win0: disp +5.3, velo +5.3, velo +5.3, Keij +5.3, acce +3.6
    win1: disp -4.1, velo +4.1, velo +3.5, Keij +3.5, acce +4.0
    13 s
  process Z:\raw_data\C000000012\VIS-014_SW_data_07-July-2026_11-53-20  windows [2, 3]
    win2: disp -2.7, velo -4.1, velo -4.1, Keij -3.5, acce -8.8
    win3: disp +6.0, velo +4.3, velo +4.8, Keij +4.3, acce +4.3
    12 s
  process Z:\raw_data\C000000012\VIS-014_SW_data_07-July-2026_11-55-12  windows [0]
    win0: disp +7.4, velo +5.6, velo +5.6, Keij +5.6, acce +3.8
    7 s
  process Z:\raw_data\C000000012\VIS-014_SW_data_07-July-2026_11-55-12  windows [1]
    win1: disp +1.4, velo +2.1, velo +2.1, Keij +2.1, acce +6.8
    7 s
  process Z:\raw_data\C000000012\VIS-014_SW_data_07-July-2026_11-55-12  windows [2, 3]
    win2: disp -4.5, velo +1.3, velo +1.3, Keij +1.1, acce -2.1
    win3: disp +4.8, velo +3.6, velo +4.1, Keij +4.3, acce +3.6
    15 s
  process Z:\raw_data\C000000012\VIS-014_SW_data_07-July-2026_12-05-40  windows [1]
    win1: disp +1.0, velo -6.4, velo -8.8, Keij +4.8, acce +4.8
    7 s
  process Z:\raw_data\C000000012\VIS-014_SW_data_07-July-2026_12-05-40  windows [2, 3]
    win2: disp -2.7, velo -2.7, velo -2.9, Keij -2.3, acce -3.2
    win3: disp +4.8, velo +3.1, velo +3.2, Keij +3.2, acce +3.2
    11 s
  process Z:\raw_data\C000000012\VIS-014_SW_data_07-July-2026_12-06-10  windows [1]
    win1: disp +2.6, velo +3.5, velo +4.5, Keij +4.5, acce +8.8
    5 s
  process Z:\raw_data\C000000013\VIS-016_SW_data_10-July-2026_10-11-53  windows [0]
    win0: disp +12.2, velo +4.5, velo +4.5, Keij +6.8, acce +3.6
    5 s
  process Z:\raw_data\C000000013\VIS-016_SW_data_10-July-2026_10-11-53  windows [1, 2]
    win1: disp +2.8, velo +3.8, velo +4.0, Keij +3.8, acce +4.0
    win2: disp +2.7, velo +3.6, velo +3.6, Keij +5.6, acce +3.6
    9 s
  process Z:\raw_data\C000000013\VIS-016_SW_data_10-July-2026_10-11-53  windows [3]
    win3: disp +3.0, velo +1.3, velo +1.5, Keij +1.4, acce +4.3
    4 s
  process Z:\raw_data\C000000013\VIS-016_SW_data_10-July-2026_10-12-47  windows [1]
    win1: disp -1.9, velo +2.2, velo +2.3, Keij +3.4, acce +2.1
    6 s
  process Z:\raw_data\C000000013\VIS-016_SW_data_10-July-2026_10-12-47  windows [2, 3]
    win2: disp -1.0, velo +1.0, velo +1.0, Keij +1.0, acce -4.0
    win3: disp +1.4, velo +2.1, velo +2.0, Keij +2.7, acce +2.1
    8 s
  detect  Z:\raw_data\C000000013\VIS-016_SW_data_10-July-2026_10-13-38
    4 window(s), 7 s
  detect  Z:\raw_data\C000000013\VIS-016_SW_data_10-July-2026_10-14-12
    3 window(s), 10 s
  detect  Z:\raw_data\C000000013\VIS-016_SW_data_10-July-2026_10-14-46
    3 window(s), 9 s
  detect  Z:\raw_data\C000000014\VIS-008_SW_data_10-July-2026_08-38-51
    3 window(s), 8 s
  detect  Z:\raw_data\C000000014\VIS-008_SW_data_10-July-2026_08-42-17
    3 window(s), 8 s
  detect  Z:\raw_data\C000000014\VIS-008_SW_data_10-July-2026_08-43-45
    3 window(s), 8 s
  detect  Z:\raw_data\C000000014\VIS-008_SW_data_10-July-2026_08-44-48
    3 window(s), 8 s
  detect  Z:\raw_data\C000000014\VIS-008_SW_data_10-July-2026_08-45-21
    3 window(s), 9 s
  detect  Z:\raw_data\C000000015\VIS-017_SW_data_10-July-2026_10-54-55
    4 window(s), 8 s
  process Z:\raw_data\C000000013\VIS-016_SW_data_10-July-2026_10-13-38  windows [0, 1, 2]
    win0: disp +8.8, velo +3.5, velo +3.8, Keij +4.8, acce +3.6
    win1: disp +3.0, velo +3.5, velo +3.5, Keij +3.8, acce +3.5
    win2: disp +8.8, velo +6.0, velo +6.0, Keij +8.8, acce +3.6
    13 s
  process Z:\raw_data\C000000013\VIS-016_SW_data_10-July-2026_10-13-38  windows [3]
    win3: disp +4.0, velo +4.0, velo +4.0, Keij +4.0, acce +4.5
    5 s
  process Z:\raw_data\C000000013\VIS-016_SW_data_10-July-2026_10-14-12  windows [0]
    win0: disp +20.0, velo +3.2, velo +3.3, Keij +3.6, acce +3.0
    6 s
  process Z:\raw_data\C000000013\VIS-016_SW_data_10-July-2026_10-14-12  windows [1, 2]
    win1: disp +2.6, velo +7.4, velo +6.8, Keij +5.6, acce +8.8
    win2: disp +4.0, velo +4.1, velo +4.1, Keij +4.1, acce +4.1
    9 s
  process Z:\raw_data\C000000014\VIS-008_SW_data_10-July-2026_08-38-51  windows [0]
    win0: disp +4.3, velo +4.3, velo +4.8, Keij +5.0, acce +5.3
    5 s
  process Z:\raw_data\C000000014\VIS-008_SW_data_10-July-2026_08-38-51  windows [1]
    win1: disp +3.2, velo +4.8, velo +4.8, Keij +5.6, acce +3.8
    5 s
  process Z:\raw_data\C000000014\VIS-008_SW_data_10-July-2026_08-38-51  windows [2]
    win2: disp +3.2, velo +4.0, velo +4.1, Keij +4.5, acce +4.3
    5 s
  process Z:\raw_data\C000000014\VIS-008_SW_data_10-July-2026_08-42-17  windows [0]
    win0: disp +20.0, velo +6.0, velo +5.6, Keij +6.0, acce +5.3
    5 s
  process Z:\raw_data\C000000014\VIS-008_SW_data_10-July-2026_08-43-45  windows [0]
    win0: disp +7.4, velo +4.1, velo +4.1, Keij +4.5, acce +3.5
    6 s
  process Z:\raw_data\C000000014\VIS-008_SW_data_10-July-2026_08-43-45  windows [1]
    win1: disp +4.5, velo +7.4, velo +7.4, Keij +5.6, acce +7.4
    6 s
  process Z:\raw_data\C000000014\VIS-008_SW_data_10-July-2026_08-44-48  windows [0]
    win0: disp +8.8, velo +4.3, velo +4.5, Keij +4.8, acce +4.0
    5 s
  process Z:\raw_data\C000000014\VIS-008_SW_data_10-July-2026_08-44-48  windows [1, 2]
    win1: disp +5.6, velo +6.0, velo +6.8, Keij +6.0, acce +6.0
    win2: disp +3.6, velo +4.3, velo +4.3, Keij +4.8, acce +4.0
    8 s
  process Z:\raw_data\C000000014\VIS-008_SW_data_10-July-2026_08-45-21  windows [0]
    win0: disp +5.3, velo +6.8, velo +6.8, Keij +8.8, acce +6.8
    6 s
  process Z:\raw_data\C000000014\VIS-008_SW_data_10-July-2026_08-45-21  windows [1]
    win1: disp +3.3, velo +5.3, velo +5.3, Keij +4.8, acce +5.3
    4 s
  process Z:\raw_data\C000000015\VIS-017_SW_data_10-July-2026_10-54-09  windows [0]
    win0: disp +2.7, velo +16.5, velo +20.0, Keij -20.0, acce +8.8
    4 s
  process Z:\raw_data\C000000014\VIS-008_SW_data_10-July-2026_08-45-21  windows [2]
    win2: disp +2.7, velo +6.4, velo +6.4, Keij +8.8, acce +6.8
    6 s
  process Z:\raw_data\C000000015\VIS-017_SW_data_10-July-2026_10-54-09  windows [2]
    win2: disp +1.9, velo -20.0, velo -16.5, Keij -6.0, acce +20.0
    6 s
  process Z:\raw_data\C000000015\VIS-017_SW_data_10-July-2026_10-54-09  windows [3]
    win3: disp +3.6, velo +6.4, velo +6.4, Keij +5.6, acce +7.4
    4 s
  process Z:\raw_data\C000000015\VIS-017_SW_data_10-July-2026_10-54-55  windows [0]
    win0: disp +1.8, velo +5.0, velo +4.8, Keij +4.3, acce +6.8
    5 s
  process Z:\raw_data\C000000015\VIS-017_SW_data_10-July-2026_10-54-55  windows [1]
    win1: disp +2.4, velo +5.6, velo +5.6, Keij +5.6, acce +6.0
    5 s
  process Z:\raw_data\C000000015\VIS-017_SW_data_10-July-2026_10-54-55  windows [2]
    win2: disp +1.2, velo +4.3, velo +5.3, Keij -16.5, acce +3.5
    5 s
  detect  Z:\raw_data\C000000015\VIS-017_SW_data_10-July-2026_10-56-30
    4 window(s), 8 s
  detect  Z:\raw_data\C000000016\VIS-015_SW_data_10-July-2026_09-25-23
    3 window(s), 6 s
  detect  Z:\raw_data\C000000016\VIS-015_SW_data_10-July-2026_09-26-07
    3 window(s), 6 s
  process Z:\raw_data\C000000015\VIS-017_SW_data_10-July-2026_10-55-41  windows [1]
    win1: disp +2.9, velo +4.3, velo +4.3, Keij +4.1, acce +4.3
    4 s
  process Z:\raw_data\C000000015\VIS-017_SW_data_10-July-2026_10-55-41  windows [2]
    win2: disp +1.7, velo -10.8, velo -10.8, Keij -16.5, acce -10.8
    5 s
  process Z:\raw_data\C000000015\VIS-017_SW_data_10-July-2026_10-56-30  windows [0]
    win0: disp +2.0, velo -20.0, velo -20.0, Keij -20.0, acce -5.3
    5 s
  process Z:\raw_data\C000000015\VIS-017_SW_data_10-July-2026_10-56-30  windows [2, 3]
    win2: disp +1.3, velo -20.0, velo -20.0, Keij -12.2, acce +4.1
    win3: disp +2.1, velo +5.6, velo +5.0, Keij +4.0, acce +5.6
    11 s
  process Z:\raw_data\C000000015\VIS-017_SW_data_10-July-2026_10-57-02  windows [1]
    win1: disp +2.8, velo +4.1, velo +4.1, Keij +4.0, acce +4.8
    4 s
  process Z:\raw_data\C000000015\VIS-017_SW_data_10-July-2026_10-57-02  windows [2]
    win2: disp +1.2, velo +20.0, velo +20.0, Keij -10.8, acce +10.8
    5 s
  process Z:\raw_data\C000000015\VIS-017_SW_data_10-July-2026_10-57-02  windows [3]
    win3: disp +2.2, velo +3.8, velo +4.1, Keij +3.8, acce +4.5
    4 s
  process Z:\raw_data\C000000016\VIS-015_SW_data_10-July-2026_09-25-23  windows [0]
    win0: disp +2.5, velo +2.6, velo +2.6, Keij +2.8, acce +3.0
    4 s
  process Z:\raw_data\C000000016\VIS-015_SW_data_10-July-2026_09-25-23  windows [2, 3]
    win2: disp +1.0, velo +1.1, velo +1.1, Keij +1.3, acce +1.7
    win3: disp +2.2, velo +2.6, velo +2.6, Keij +2.8, acce +2.9
    8 s
  process Z:\raw_data\C000000016\VIS-015_SW_data_10-July-2026_09-26-07  windows [1]
    win1: disp +4.5, velo +6.8, velo +6.8, Keij +6.8, acce +7.4
    4 s
