
=== worker 0 started Tue Sep 29 10:14:05 2026 ===
worker on 724 folder(s) (watching)
  detect  Z:\raw_data\C000000001\SWE_01_SW_data_21-April-2026_12-12-54
[1m[38;5;36mzea[0m[0m: Using backend 'torch'
  computing displacement overview for burst detection (5-150 Hz, spatial stride 2) ...
  [detect] phase-aware: MVC@50ms, AVC@441ms, MVC@787ms, AVC@945ms
  detected 4 burst window(s) -> passive_bursts.png
  full-window space-time -> passive_full_spacetime.png
    #0: peak 50 ms, window [1, 100] ms
    #1: peak 441 ms, window [391, 491] ms
    #2: peak 787 ms, window [737, 837] ms
    #3: peak 945 ms, window [895, 995] ms
    4 window(s), 31 s
  detect  Z:\raw_data\C000000004\VIS_4_SW_data_16-June-2026_10-58-59
  computing displacement overview for burst detection (5-150 Hz, spatial stride 2) ...
  [detect] phase-aware: MVC@69ms, AVC@482ms, MVC@878ms
  detected 3 burst window(s) -> passive_bursts.png
  full-window space-time -> passive_full_spacetime.png
    #0: peak 69 ms, window [19, 119] ms
    #1: peak 482 ms, window [432, 532] ms
    #2: peak 878 ms, window [828, 928] ms
    3 window(s), 7 s
  process Z:\raw_data\C000000001\SWE_01_SW_data_21-April-2026_12-12-54  windows [0]
    win0: disp +3.3, velo +3.3, velo +3.3, Keij +2.7, acce +4.0
    5 s
  process Z:\raw_data\C000000001\SWE_01_SW_data_21-April-2026_12-12-54  windows [1]
    win1: disp -5.6, velo -3.4, velo -6.8, Keij -4.5, acce -2.5
    5 s
  process Z:\raw_data\C000000001\SWE_01_SW_data_21-April-2026_12-12-54  windows [2]
    win2: disp +10.8, velo +8.0, velo +8.0, Keij +8.0, acce +5.6
    7 s
  process Z:\raw_data\C000000001\SWE_01_SW_data_21-April-2026_12-12-54  windows [3]
    win3: disp -20.0, velo -2.3, velo -2.0, Keij -4.5, acce -1.0
    7 s
  process Z:\raw_data\C000000002\SWE02_SW_data_28-April-2026_10-09-45  windows [0]
    win0: disp +16.5, velo +5.6, velo +5.6, Keij +6.4, acce +5.0
    6 s
  process Z:\raw_data\C000000002\SWE02_SW_data_28-April-2026_10-09-45  windows [1]
    win1: disp +4.0, velo +6.4, velo +6.4, Keij +5.3, acce +7.4
    5 s
  process Z:\raw_data\C000000002\SWE02_SW_data_28-April-2026_10-09-45  windows [2]
    win2: disp +5.3, velo +4.0, velo +4.0, Keij +3.4, acce +3.0
    5 s
  process Z:\raw_data\C000000003\VIS_03_SW_data_16-June-2026_10-09-42  windows [0]
    win0: disp +1.9, velo +1.9, velo +2.1, Keij +2.2, acce +3.4
    7 s
  process Z:\raw_data\C000000003\VIS_03_SW_data_16-June-2026_10-09-42  windows [1]
    win1: disp +16.5, velo +4.5, velo +4.5, Keij +4.5, acce +3.1
    6 s
  process Z:\raw_data\C000000003\VIS_03_SW_data_16-June-2026_10-09-42  windows [2]
    win2: disp -1.5, velo +1.0, velo +1.7, Keij +2.1, acce +1.7
    7 s
  process Z:\raw_data\C000000003\VIS_03_SW_data_16-June-2026_10-09-42  windows [3]
    win3: disp -5.0, velo +1.3, velo +1.3, Keij +2.1, acce +1.2
    7 s
  process Z:\raw_data\C000000004\VIS_4_SW_data_16-June-2026_10-58-59  windows [0]
    win0: disp +12.2, velo +9.7, velo +9.7, Keij +8.0, acce +14.0
    7 s
  process Z:\raw_data\C000000004\VIS_4_SW_data_16-June-2026_10-58-59  windows [1]
    win1: disp -1.2, velo +2.7, velo +2.7, Keij +2.7, acce +20.0
    7 s
  process Z:\raw_data\C000000004\VIS_4_SW_data_16-June-2026_10-58-59  windows [2]
    win2: disp +20.0, velo +7.4, velo +7.4, Keij +6.8, acce +5.3
    6 s
  detect  Z:\raw_data\C000000005\VIS-005_SW_data_19-June-2026_09-12-20
  computing displacement overview for burst detection (5-150 Hz, spatial stride 2) ...
  [detect] no usable R-peak record - falling back to energy ranking
  detected 4 burst window(s) -> passive_bursts.png
  full-window space-time -> passive_full_spacetime.png
    #0: peak 161 ms, window [111, 211] ms
    #1: peak 338 ms, window [288, 388] ms
    #2: peak 576 ms, window [526, 626] ms
    #3: peak 757 ms, window [707, 807] ms
    4 window(s), 5 s
  process Z:\raw_data\C000000005\VIS-005_SW_data_19-June-2026_09-12-20  windows [0]
    win0: disp +6.0, velo +9.7, velo +9.7, Keij +6.0, acce +14.0
    5 s
  process Z:\raw_data\C000000005\VIS-005_SW_data_19-June-2026_09-12-20  windows [1]
    win1: disp -1.1, velo -5.6, velo -3.6, Keij -5.3, acce -6.8
    5 s
  process Z:\raw_data\C000000005\VIS-005_SW_data_19-June-2026_09-12-20  windows [2]
    win2: disp -3.3, velo -4.5, velo -4.5, Keij -8.8, acce -4.5
    7 s
  process Z:\raw_data\C000000005\VIS-005_SW_data_19-June-2026_09-12-20  windows [3]
    win3: disp +2.4, velo +20.0, velo +20.0, Keij +6.0, acce +20.0
    6 s
  detect  Z:\raw_data\C000000007\VIS-007_SW_data_30-June-2026_11-45-50
  computing displacement overview for burst detection (5-150 Hz, spatial stride 2) ...
  [detect] no usable R-peak record - falling back to energy ranking
  detected 4 burst window(s) -> passive_bursts.png
  full-window space-time -> passive_full_spacetime.png
    #0: peak 42 ms, window [1, 92] ms
    #1: peak 379 ms, window [329, 429] ms
    #2: peak 605 ms, window [555, 655] ms
    #3: peak 862 ms, window [812, 912] ms
    4 window(s), 6 s
  detect  Z:\raw_data\C000000008\VIS-010_SW_data_03-July-2026_10-36-33
  computing displacement overview for burst detection (5-150 Hz, spatial stride 2) ...
  [detect] phase-aware: MVC@75ms, energy@332ms, AVC@491ms, MVC@864ms
  detected 4 burst window(s) -> passive_bursts.png
  full-window space-time -> passive_full_spacetime.png
    #0: peak 75 ms, window [25, 125] ms
    #1: peak 332 ms, window [282, 382] ms
    #2: peak 491 ms, window [441, 541] ms
    #3: peak 864 ms, window [814, 914] ms
    4 window(s), 6 s
  detect  Z:\raw_data\C000000010\vis-006_SW_data_30-June-2026_09-43-28
  computing displacement overview for burst detection (5-150 Hz, spatial stride 2) ...
  [detect] phase-aware: MVC@33ms, AVC@341ms, MVC@727ms, AVC@978ms
  detected 4 burst window(s) -> passive_bursts.png
  full-window space-time -> passive_full_spacetime.png
    #0: peak 33 ms, window [1, 83] ms
    #1: peak 341 ms, window [291, 391] ms
    #2: peak 727 ms, window [677, 777] ms
    #3: peak 978 ms, window [928, 999] ms
    4 window(s), 7 s
  process Z:\raw_data\C000000007\VIS-007_SW_data_30-June-2026_11-45-50  windows [1]
    win1: disp -20.0, velo -10.8, velo -10.8, Keij -20.0, acce +20.0
    6 s
  process Z:\raw_data\C000000007\VIS-007_SW_data_30-June-2026_11-45-50  windows [2]
    win2: disp -20.0, velo -3.4, velo -3.4, Keij -12.2, acce -3.4
    6 s
  process Z:\raw_data\C000000007\VIS-007_SW_data_30-June-2026_11-45-50  windows [3]
    win3: disp -20.0, velo -20.0, velo -20.0, Keij -20.0, acce -20.0
    6 s
  process Z:\raw_data\C000000008\VIS-010_SW_data_03-July-2026_10-36-33  windows [0]
    win0: disp -1.5, velo -2.6, velo -2.9, Keij -4.0, acce -2.6
    7 s
  process Z:\raw_data\C000000008\VIS-010_SW_data_03-July-2026_10-36-33  windows [2]
    win2: disp +1.0, velo +1.3, velo +1.3, Keij -2.7, acce +1.4
    6 s
  process Z:\raw_data\C000000008\VIS-010_SW_data_03-July-2026_10-36-33  windows [3]
    win3: disp +12.2, velo +5.6, velo +5.6, Keij +7.4, acce +3.8
    6 s
  process Z:\raw_data\C000000010\vis-006_SW_data_30-June-2026_09-43-28  windows [1]
    win1: disp +1.7, velo +2.1, velo +2.1, Keij +2.4, acce +2.4
    7 s
  process Z:\raw_data\C000000010\vis-006_SW_data_30-June-2026_09-43-28  windows [3]
    win3: disp -2.4, velo +1.5, velo +4.8, Keij -2.0, acce +1.4
    6 s
  detect  Z:\raw_data\C000000011\VIS-11_SW_data_07-July-2026_08-40-05
  computing displacement overview for burst detection (5-150 Hz, spatial stride 2) ...
  [detect] phase-aware: MVC@33ms, AVC@340ms, MVC@900ms, AVC@1148ms
  detected 4 burst window(s) -> passive_bursts.png
  full-window space-time -> passive_full_spacetime.png
    #0: peak 33 ms, window [1, 83] ms
    #1: peak 340 ms, window [290, 390] ms
    #2: peak 900 ms, window [850, 950] ms
    #3: peak 1148 ms, window [1098, 1198] ms
    4 window(s), 7 s
  detect  Z:\raw_data\C000000013\VIS-016_SW_data_10-July-2026_10-11-11
  computing displacement overview for burst detection (5-150 Hz, spatial stride 2) ...
  [detect] phase-aware: MVC@37ms, AVC@485ms, MVC@720ms, AVC@1130ms
  detected 4 burst window(s) -> passive_bursts.png
  full-window space-time -> passive_full_spacetime.png
    #0: peak 37 ms, window [1, 87] ms
    #1: peak 485 ms, window [435, 535] ms
    #2: peak 720 ms, window [670, 770] ms
    #3: peak 1130 ms, window [1080, 1180] ms
    4 window(s), 6 s
  process Z:\raw_data\C000000011\VIS-11_SW_data_07-July-2026_08-40-05  windows [1]
    win1: disp +4.5, velo +9.7, velo +8.8, Keij +7.4, acce +10.8
    5 s
  process Z:\raw_data\C000000011\VIS-11_SW_data_07-July-2026_08-40-05  windows [2]
    win2: disp +1.7, velo +3.6, velo +3.8, Keij +3.8, acce +4.8
    6 s
  process Z:\raw_data\C000000011\VIS-11_SW_data_07-July-2026_08-40-05  windows [3]
    win3: disp +20.0, velo +1.2, velo +1.4, Keij +1.5, acce -1.8
    5 s
  process Z:\raw_data\C000000012\VIS-014_SW_data_07-July-2026_11-41-37  windows [0]
    win0: disp +3.5, velo +3.0, velo +3.0, Keij +2.6, acce +3.5
    8 s
  process Z:\raw_data\C000000012\VIS-014_SW_data_07-July-2026_11-41-37  windows [1]
    win1: disp -1.4, velo -1.8, velo -2.1, Keij -2.5, acce +4.8
    6 s
  process Z:\raw_data\C000000012\VIS-014_SW_data_07-July-2026_11-41-37  windows [3]
    win3: disp +14.0, velo -2.3, velo -6.0, Keij +4.0, acce -8.0
    7 s
  process Z:\raw_data\C000000013\VIS-016_SW_data_10-July-2026_10-11-11  windows [0]
    win0: disp +20.0, velo +4.1, velo +4.5, Keij +8.0, acce +3.5
    5 s
  process Z:\raw_data\C000000013\VIS-016_SW_data_10-July-2026_10-11-11  windows [1]
    win1: disp -1.6, velo -1.4, velo -1.4, Keij -4.3, acce -1.4
    6 s
  process Z:\raw_data\C000000013\VIS-016_SW_data_10-July-2026_10-11-11  windows [2]
    win2: disp +2.2, velo +2.6, velo +2.6, Keij +4.0, acce +2.4
    7 s
  detect  Z:\raw_data\C000000016\VIS-015_SW_data_10-July-2026_09-24-32
  computing displacement overview for burst detection (5-150 Hz, spatial stride 2) ...
  [detect] phase-aware: MVC@56ms, AVC@389ms, MVC@951ms, AVC@1175ms
  detected 4 burst window(s) -> passive_bursts.png
  full-window space-time -> passive_full_spacetime.png
    #0: peak 56 ms, window [6, 106] ms
    #1: peak 389 ms, window [339, 439] ms
    #2: peak 951 ms, window [901, 1001] ms
    #3: peak 1175 ms, window [1125, 1200] ms
    4 window(s), 9 s
  process Z:\raw_data\C000000014\VIS-008_SW_data_10-July-2026_08-36-06  windows [0]
    win0: disp +8.8, velo +4.3, velo +4.3, Keij +4.3, acce +4.3
    6 s
  process Z:\raw_data\C000000014\VIS-008_SW_data_10-July-2026_08-36-06  windows [2]
    win2: disp -1.7, velo -1.8, velo -1.8, Keij -1.7, acce -1.8
    7 s
  process Z:\raw_data\C000000015\VIS-017_SW_data_10-July-2026_10-53-28  windows [0]
    win0: disp +4.0, velo +20.0, velo +20.0, Keij +20.0, acce +8.0
    5 s
  process Z:\raw_data\C000000015\VIS-017_SW_data_10-July-2026_10-53-28  windows [1]
    win1: disp -2.8, velo -5.6, velo -10.8, Keij -12.2, acce +16.5
    6 s
  process Z:\raw_data\C000000015\VIS-017_SW_data_10-July-2026_10-53-28  windows [2]
    win2: disp +1.8, velo +5.3, velo +5.3, Keij +6.4, acce +8.0
    6 s
  process Z:\raw_data\C000000016\VIS-015_SW_data_10-July-2026_09-24-32  windows [0]
    win0: disp +4.1, velo +2.5, velo +2.6, Keij +2.6, acce +3.0
    5 s
  process Z:\raw_data\C000000016\VIS-015_SW_data_10-July-2026_09-24-32  windows [1]
    win1: disp +4.3, velo +6.8, velo +6.8, Keij +6.4, acce +7.4
    5 s
  process Z:\raw_data\C000000016\VIS-015_SW_data_10-July-2026_09-24-32  windows [2]
    win2: disp +3.2, velo +2.5, velo +2.6, Keij +2.5, acce +2.8
    6 s
  process Z:\raw_data\C000000016\VIS-015_SW_data_10-July-2026_09-24-32  windows [3]
    win3: disp -5.6, velo -5.6, velo -5.6, Keij -8.8, acce -5.6
    4 s
  detect  Z:\raw_data\C000000019\VIS-027_SW_data_21-July-2026_11-19-20
  computing displacement overview for burst detection (5-150 Hz, spatial stride 2) ...
  [detect] phase-aware: MVC@54ms, energy@226ms, AVC@563ms
  detected 3 burst window(s) -> passive_bursts.png
  full-window space-time -> passive_full_spacetime.png
    #0: peak 54 ms, window [4, 104] ms
    #1: peak 226 ms, window [176, 276] ms
    #2: peak 563 ms, window [513, 613] ms
    3 window(s), 6 s
  process Z:\raw_data\C000000018\VIS-012_SW_data_07-July-2026_09-21-31  windows [1]
    win1: disp -1.0, velo +3.2, velo +3.2, Keij +6.0, acce +2.5
    7 s
  process Z:\raw_data\C000000018\VIS-012_SW_data_07-July-2026_09-21-31  windows [2]
    win2: disp -4.3, velo -5.6, velo -6.4, Keij -8.0, acce -4.3
    9 s
  process Z:\raw_data\C000000019\VIS-027_SW_data_21-July-2026_11-19-20  windows [0]
    win0: disp +3.8, velo +3.4, velo +3.4, Keij +3.4, acce +3.4
    6 s
  process Z:\raw_data\C000000019\VIS-027_SW_data_21-July-2026_11-19-20  windows [1]
    win1: disp +4.5, velo +5.6, velo +5.3, Keij +8.0, acce +4.3
    6 s
  process Z:\raw_data\C000000019\VIS-027_SW_data_21-July-2026_11-19-20  windows [2]
    win2: disp +8.8, velo +3.6, velo +16.5, Keij +2.6, acce -2.5
    5 s
  detect  Z:\raw_data\C000000020\VIS-026_SW_data_21-July-2026_10-42-10
  computing displacement overview for burst detection (5-150 Hz, spatial stride 2) ...
  [detect] phase-aware: MVC@93ms, AVC@417ms, energy@637ms
  detected 3 burst window(s) -> passive_bursts.png
  full-window space-time -> passive_full_spacetime.png
    #0: peak 93 ms, window [43, 143] ms
    #1: peak 417 ms, window [367, 467] ms
    #2: peak 637 ms, window [587, 687] ms
    3 window(s), 8 s
  detect  Z:\raw_data\C000000021\VIS-024_SW_data_17-July-2026_09-35-47
  computing displacement overview for burst detection (5-150 Hz, spatial stride 2) ...
  [detect] phase-aware: MVC@75ms, AVC@393ms, MVC@851ms, AVC@1004ms
  detected 4 burst window(s) -> passive_bursts.png
  full-window space-time -> passive_full_spacetime.png
    #0: peak 75 ms, window [25, 125] ms
    #1: peak 393 ms, window [343, 443] ms
    #2: peak 851 ms, window [801, 901] ms
    #3: peak 1004 ms, window [954, 1054] ms
    4 window(s), 7 s
  process Z:\raw_data\C000000020\VIS-026_SW_data_21-July-2026_10-42-10  windows [0]
    win0: disp +3.4, velo +4.8, velo +5.3, Keij +4.5, acce +4.0
    8 s
  process Z:\raw_data\C000000020\VIS-026_SW_data_21-July-2026_10-42-10  windows [1]
    win1: disp +4.1, velo +6.4, velo +6.4, Keij +6.4, acce +6.4
    5 s
  process Z:\raw_data\C000000021\VIS-024_SW_data_17-July-2026_09-35-47  windows [0]
    win0: disp +2.2, velo +3.3, velo +3.3, Keij +4.0, acce +2.8
    7 s
  process Z:\raw_data\C000000021\VIS-024_SW_data_17-July-2026_09-35-47  windows [2]
    win2: disp +1.3, velo +2.4, velo +2.4, Keij +4.0, acce +2.8
    7 s
  detect  Z:\raw_data\C000000022\VIS-023_SW_data_17-July-2026_08-48-06
  computing displacement overview for burst detection (5-150 Hz, spatial stride 2) ...
  [detect] phase-aware: MVC@135ms, AVC@500ms, energy@796ms, MVC@960ms
  detected 4 burst window(s) -> passive_bursts.png
  full-window space-time -> passive_full_spacetime.png
    #0: peak 135 ms, window [85, 185] ms
    #1: peak 500 ms, window [450, 550] ms
    #2: peak 796 ms, window [746, 846] ms
    #3: peak 960 ms, window [910, 1010] ms
    4 window(s), 6 s
  detect  Z:\raw_data\C000000023\VIS-022_SW_data_14-July-2026_11-41-10
  computing displacement overview for burst detection (5-150 Hz, spatial stride 2) ...
  [detect] phase-aware: MVC@42ms, AVC@451ms, MVC@875ms, AVC@1133ms
  detected 4 burst window(s) -> passive_bursts.png
  full-window space-time -> passive_full_spacetime.png
    #0: peak 42 ms, window [1, 92] ms
    #1: peak 451 ms, window [401, 501] ms
    #2: peak 875 ms, window [825, 925] ms
    #3: peak 1133 ms, window [1083, 1183] ms
    4 window(s), 7 s
  process Z:\raw_data\C000000022\VIS-023_SW_data_17-July-2026_08-48-06  windows [0]
    win0: disp +16.5, velo -1.2, velo -3.5, Keij -8.8, acce +2.2
    7 s
  process Z:\raw_data\C000000022\VIS-023_SW_data_17-July-2026_08-48-06  windows [3]
    win3: disp +7.4, velo +8.8, velo +8.8, Keij +12.2, acce +4.5
    6 s
  process Z:\raw_data\C000000023\VIS-022_SW_data_14-July-2026_11-41-10  windows [1]
    win1: disp +4.1, velo +6.4, velo +6.4, Keij +6.0, acce +6.0
    6 s
  process Z:\raw_data\C000000023\VIS-022_SW_data_14-July-2026_11-41-10  windows [3]
    win3: disp +1.7, velo +16.5, velo +16.5, Keij -8.8, acce -16.5
    6 s
  detect  Z:\raw_data\C000000025\VIS-025_SW_data_21-July-2026_09-53-09
  computing displacement overview for burst detection (5-150 Hz, spatial stride 2) ...
  [detect] phase-aware: MVC@57ms, AVC@355ms, MVC@874ms, AVC@1146ms
  detected 4 burst window(s) -> passive_bursts.png
  full-window space-time -> passive_full_spacetime.png
    #0: peak 57 ms, window [7, 107] ms
    #1: peak 355 ms, window [305, 405] ms
    #2: peak 874 ms, window [824, 924] ms
    #3: peak 1146 ms, window [1096, 1196] ms
    4 window(s), 6 s
  detect  Z:\raw_data\C000000029\VIS-031_SW_data_24-July-2026_11-11-50
  computing displacement overview for burst detection (5-150 Hz, spatial stride 2) ...
  [detect] phase-aware: MVC@99ms, AVC@349ms, MVC@928ms, AVC@1159ms
  detected 4 burst window(s) -> passive_bursts.png
  full-window space-time -> passive_full_spacetime.png
    #0: peak 99 ms, window [49, 149] ms
    #1: peak 349 ms, window [299, 399] ms
    #2: peak 928 ms, window [878, 978] ms
    #3: peak 1159 ms, window [1109, 1200] ms
    4 window(s), 6 s
  detect  Z:\raw_data\C000000031\VIS-032_SW_data_24-July-2026_11-57-06
  computing displacement overview for burst detection (5-150 Hz, spatial stride 2) ...
  [detect] phase-aware: MVC@130ms, AVC@433ms, energy@677ms, MVC@915ms
  detected 4 burst window(s) -> passive_bursts.png
  full-window space-time -> passive_full_spacetime.png
    #0: peak 130 ms, window [80, 180] ms
    #1: peak 433 ms, window [383, 483] ms
    #2: peak 677 ms, window [627, 727] ms
    #3: peak 915 ms, window [865, 965] ms
    4 window(s), 7 s
  process Z:\raw_data\C000000025\VIS-025_SW_data_21-July-2026_09-53-09  windows [0]
    win0: disp +5.6, velo +3.8, velo +4.0, Keij +4.0, acce +4.1
    7 s
  process Z:\raw_data\C000000025\VIS-025_SW_data_21-July-2026_09-53-09  windows [1]
    win1: disp +3.2, velo +3.4, velo +3.4, Keij +4.0, acce +4.0
    6 s
  process Z:\raw_data\C000000025\VIS-025_SW_data_21-July-2026_09-53-09  windows [2]
    win2: disp +3.0, velo +3.3, velo +3.8, Keij +4.1, acce +4.3
    7 s
  process Z:\raw_data\C000000025\VIS-025_SW_data_21-July-2026_09-53-09  windows [3]
    win3: disp +2.3, velo +2.4, velo +2.4, Keij +2.8, acce +4.8
    7 s
  process Z:\raw_data\C000000026\VIS-020_SW_data_14-July-2026_10-03-40  windows [0]
    win0: disp -2.3, velo -4.5, velo -6.8, Keij -9.7, acce -8.8
    6 s
  process Z:\raw_data\C000000026\VIS-020_SW_data_14-July-2026_10-03-40  windows [1]
    win1: disp -12.2, velo +7.4, velo +7.4, Keij -5.3, acce -1.7
    7 s
  process Z:\raw_data\C000000026\VIS-020_SW_data_14-July-2026_10-03-40  windows [2]
    win2: disp +1.5, velo +2.4, velo +2.7, Keij +2.7, acce +2.9
    7 s
  process Z:\raw_data\C000000026\VIS-020_SW_data_14-July-2026_10-03-40  windows [3]
    win3: disp -16.5, velo +4.8, velo +4.3, Keij +6.0, acce +4.5
    5 s
  process Z:\raw_data\C000000027\VIS-019_SW_data_14-July-2026_09-20-26  windows [0, 1]
    win0: disp +2.8, velo +3.2, velo +3.2, Keij +3.0, acce +3.3
    win1: disp +3.5, velo +2.9, velo +2.9, Keij +4.3, acce +12.2
    15 s
  process Z:\raw_data\C000000027\VIS-019_SW_data_14-July-2026_09-20-26  windows [2]
    win2: disp +2.3, velo +3.2, velo +3.2, Keij +2.9, acce +3.3
    7 s
  process Z:\raw_data\C000000027\VIS-019_SW_data_14-July-2026_09-20-26  windows [3]
    win3: disp -1.0, velo -1.9, velo +1.0, Keij -1.6, acce +1.0
    9 s
  process Z:\raw_data\C000000028\VIS-018_SW_data_14-July-2026_08-30-41  windows [0]
    win0: disp +4.8, velo +8.8, velo +8.8, Keij +5.6, acce +4.5
    6 s
  process Z:\raw_data\C000000028\VIS-018_SW_data_14-July-2026_08-30-41  windows [2]
    win2: disp -1.9, velo -1.4, velo -1.7, Keij +5.6, acce -1.0
    9 s
  process Z:\raw_data\C000000029\VIS-031_SW_data_24-July-2026_11-11-50  windows [0]
    win0: disp +3.6, velo +6.4, velo +6.8, Keij +7.4, acce +3.6
    7 s
  process Z:\raw_data\C000000029\VIS-031_SW_data_24-July-2026_11-11-50  windows [1]
    win1: disp +4.1, velo +9.7, velo +12.2, Keij +14.0, acce +6.4
    5 s
  process Z:\raw_data\C000000029\VIS-031_SW_data_24-July-2026_11-11-50  windows [2]
    win2: disp +5.0, velo -2.4, velo -2.8, Keij -2.4, acce -2.8
    6 s
  process Z:\raw_data\C000000029\VIS-031_SW_data_24-July-2026_11-11-50  windows [3]
    win3: disp -1.3, velo -1.4, velo -1.4, Keij -12.2, acce +1.8
    6 s
  process Z:\raw_data\C000000030\VIS-029_SW_data_24-July-2026_09-36-27  windows [0]
    win0: disp -20.0, velo -8.8, velo -8.8, Keij -9.7, acce -9.7
    6 s
