
=== worker 1 started Tue Sep 29 10:14:05 2026 ===
worker on 724 folder(s) (watching)
  detect  Z:\raw_data\C000000002\SWE02_SW_data_28-April-2026_10-09-45
[1m[38;5;36mzea[0m[0m: Using backend 'torch'
  computing displacement overview for burst detection (5-150 Hz, spatial stride 2) ...
  [detect] phase-aware: MVC@65ms, AVC@401ms, energy@620ms
  detected 3 burst window(s) -> passive_bursts.png
  full-window space-time -> passive_full_spacetime.png
    #0: peak 65 ms, window [15, 115] ms
    #1: peak 401 ms, window [351, 451] ms
    #2: peak 620 ms, window [570, 670] ms
    3 window(s), 36 s
  detect  Z:\raw_data\C000000003\VIS_03_SW_data_16-June-2026_10-09-42
  computing displacement overview for burst detection (5-150 Hz, spatial stride 2) ...
  [detect] phase-aware: MVC@72ms, AVC@408ms, energy@586ms, energy@895ms
  detected 4 burst window(s) -> passive_bursts.png
  full-window space-time -> passive_full_spacetime.png
    #0: peak 72 ms, window [22, 122] ms
    #1: peak 408 ms, window [358, 458] ms
    #2: peak 586 ms, window [536, 636] ms
    #3: peak 895 ms, window [845, 945] ms
    4 window(s), 8 s
  process Z:\raw_data\C000000007\VIS-007_SW_data_30-June-2026_11-45-50  windows [0]
    win0: disp +20.0, velo +2.3, velo +2.3, Keij +6.0, acce -16.5
    6 s
  process Z:\raw_data\C000000008\VIS-010_SW_data_03-July-2026_10-36-33  windows [1]
    win1: disp +3.8, velo +3.6, velo +3.6, Keij +3.6, acce +5.6
    7 s
  process Z:\raw_data\C000000010\vis-006_SW_data_30-June-2026_09-43-28  windows [0]
    win0: disp +4.1, velo +3.0, velo +3.0, Keij +3.5, acce +3.8
    7 s
  process Z:\raw_data\C000000010\vis-006_SW_data_30-June-2026_09-43-28  windows [2]
    win2: disp -7.4, velo +5.0, velo +5.0, Keij +8.8, acce +5.0
    8 s
  detect  Z:\raw_data\C000000012\VIS-014_SW_data_07-July-2026_11-41-37
  computing displacement overview for burst detection (5-150 Hz, spatial stride 2) ...
  [detect] no usable R-peak record - falling back to energy ranking
  detected 4 burst window(s) -> passive_bursts.png
  full-window space-time -> passive_full_spacetime.png
    #0: peak 62 ms, window [12, 112] ms
    #1: peak 474 ms, window [424, 524] ms
    #2: peak 765 ms, window [715, 815] ms
    #3: peak 1029 ms, window [979, 1079] ms
    4 window(s), 7 s
  process Z:\raw_data\C000000011\VIS-11_SW_data_07-July-2026_08-40-05  windows [0]
    win0: disp +1.5, velo +2.5, velo +2.5, Keij +2.2, acce +3.3
    6 s
  process Z:\raw_data\C000000012\VIS-014_SW_data_07-July-2026_11-41-37  windows [2]
    win2: disp -6.8, velo +1.3, velo +1.3, Keij +1.1, acce +1.3
    8 s
  process Z:\raw_data\C000000013\VIS-016_SW_data_10-July-2026_10-11-11  windows [3]
    win3: disp -2.2, velo -1.8, velo -2.9, Keij -2.8, acce -1.6
    6 s
  detect  Z:\raw_data\C000000014\VIS-008_SW_data_10-July-2026_08-36-06
  computing displacement overview for burst detection (5-150 Hz, spatial stride 2) ...
  [detect] no usable R-peak record - falling back to energy ranking
  detected 4 burst window(s) -> passive_bursts.png
  full-window space-time -> passive_full_spacetime.png
    #0: peak 54 ms, window [4, 104] ms
    #1: peak 623 ms, window [573, 673] ms
    #2: peak 937 ms, window [887, 987] ms
    #3: peak 1094 ms, window [1044, 1144] ms
    4 window(s), 8 s
  detect  Z:\raw_data\C000000015\VIS-017_SW_data_10-July-2026_10-53-28
  computing displacement overview for burst detection (5-150 Hz, spatial stride 2) ...
  [detect] phase-aware: MVC@48ms, AVC@457ms, MVC@690ms, AVC@1088ms
  detected 4 burst window(s) -> passive_bursts.png
  full-window space-time -> passive_full_spacetime.png
    #0: peak 48 ms, window [1, 98] ms
    #1: peak 457 ms, window [407, 507] ms
    #2: peak 690 ms, window [640, 740] ms
    #3: peak 1088 ms, window [1038, 1138] ms
    4 window(s), 7 s
  process Z:\raw_data\C000000014\VIS-008_SW_data_10-July-2026_08-36-06  windows [1]
    win1: disp -2.1, velo -2.1, velo -2.1, Keij +9.7, acce -1.2
    8 s
  process Z:\raw_data\C000000014\VIS-008_SW_data_10-July-2026_08-36-06  windows [3]
    win3: disp +4.5, velo +2.7, velo +2.7, Keij +3.3, acce +3.4
    7 s
  process Z:\raw_data\C000000015\VIS-017_SW_data_10-July-2026_10-53-28  windows [3]
    win3: disp +1.0, velo +1.1, velo +1.2, Keij -20.0, acce +1.2
    7 s
  detect  Z:\raw_data\C000000018\VIS-012_SW_data_07-July-2026_09-21-31
  computing displacement overview for burst detection (5-150 Hz, spatial stride 2) ...
  [detect] phase-aware: MVC@55ms, AVC@443ms, MVC@761ms, AVC@1056ms
  detected 4 burst window(s) -> passive_bursts.png
  full-window space-time -> passive_full_spacetime.png
    #0: peak 55 ms, window [5, 105] ms
    #1: peak 443 ms, window [393, 493] ms
    #2: peak 761 ms, window [711, 811] ms
    #3: peak 1056 ms, window [1006, 1106] ms
    4 window(s), 9 s
  process Z:\raw_data\C000000018\VIS-012_SW_data_07-July-2026_09-21-31  windows [0]
    win0: disp -5.6, velo -16.5, velo -16.5, Keij -20.0, acce -16.5
    8 s
  process Z:\raw_data\C000000018\VIS-012_SW_data_07-July-2026_09-21-31  windows [3]
    win3: disp +1.5, velo +3.1, velo +3.1, Keij +3.1, acce +2.4
    8 s
  process Z:\raw_data\C000000020\VIS-026_SW_data_21-July-2026_10-42-10  windows [2]
    win2: disp +1.5, velo +1.6, velo +1.7, Keij +1.7, acce +2.1
    7 s
  process Z:\raw_data\C000000021\VIS-024_SW_data_17-July-2026_09-35-47  windows [1]
    win1: disp +3.6, velo +3.0, velo +3.2, Keij +3.0, acce +2.6
    6 s
  process Z:\raw_data\C000000021\VIS-024_SW_data_17-July-2026_09-35-47  windows [3]
    win3: disp -8.0, velo +5.0, velo +5.0, Keij -7.4, acce +5.3
    7 s
  process Z:\raw_data\C000000022\VIS-023_SW_data_17-July-2026_08-48-06  windows [1]
    win1: disp +1.3, velo +1.2, velo +1.3, Keij +3.3, acce +1.3
    5 s
  process Z:\raw_data\C000000022\VIS-023_SW_data_17-July-2026_08-48-06  windows [2]
    win2: disp +1.9, velo +1.8, velo +1.8, Keij +1.7, acce +1.9
    6 s
  process Z:\raw_data\C000000023\VIS-022_SW_data_14-July-2026_11-41-10  windows [0]
    win0: disp +4.1, velo +2.1, velo +2.3, Keij +2.1, acce +2.4
    5 s
  process Z:\raw_data\C000000023\VIS-022_SW_data_14-July-2026_11-41-10  windows [2]
    win2: disp +3.2, velo +2.4, velo +2.6, Keij +2.4, acce +2.4
    8 s
  detect  Z:\raw_data\C000000026\VIS-020_SW_data_14-July-2026_10-03-40
  computing displacement overview for burst detection (5-150 Hz, spatial stride 2) ...
  [detect] phase-aware: MVC@132ms, AVC@503ms, MVC@908ms, AVC@1171ms
  detected 4 burst window(s) -> passive_bursts.png
  full-window space-time -> passive_full_spacetime.png
    #0: peak 132 ms, window [82, 182] ms
    #1: peak 503 ms, window [453, 553] ms
    #2: peak 908 ms, window [858, 958] ms
    #3: peak 1171 ms, window [1121, 1200] ms
    4 window(s), 7 s
  detect  Z:\raw_data\C000000027\VIS-019_SW_data_14-July-2026_09-20-26
  computing displacement overview for burst detection (5-150 Hz, spatial stride 2) ...
  [detect] phase-aware: MVC@56ms, AVC@465ms, MVC@950ms, AVC@1185ms
  detected 4 burst window(s) -> passive_bursts.png
  full-window space-time -> passive_full_spacetime.png
    #0: peak 56 ms, window [6, 106] ms
    #1: peak 465 ms, window [415, 515] ms
    #2: peak 950 ms, window [900, 1000] ms
    #3: peak 1185 ms, window [1135, 1200] ms
    4 window(s), 8 s
  detect  Z:\raw_data\C000000028\VIS-018_SW_data_14-July-2026_08-30-41
  computing displacement overview for burst detection (5-150 Hz, spatial stride 2) ...
  [detect] phase-aware: MVC@49ms, energy@359ms, AVC@529ms, MVC@1158ms
  detected 4 burst window(s) -> passive_bursts.png
  full-window space-time -> passive_full_spacetime.png
    #0: peak 49 ms, window [1, 99] ms
    #1: peak 359 ms, window [309, 409] ms
    #2: peak 529 ms, window [479, 579] ms
    #3: peak 1158 ms, window [1108, 1200] ms
    4 window(s), 6 s
  detect  Z:\raw_data\C000000030\VIS-029_SW_data_24-July-2026_09-36-27
  computing displacement overview for burst detection (5-150 Hz, spatial stride 2) ...
  [detect] phase-aware: MVC@46ms, AVC@423ms, MVC@873ms, AVC@1134ms
  detected 4 burst window(s) -> passive_bursts.png
  full-window space-time -> passive_full_spacetime.png
    #0: peak 46 ms, window [1, 96] ms
    #1: peak 423 ms, window [373, 473] ms
    #2: peak 873 ms, window [823, 923] ms
    #3: peak 1134 ms, window [1084, 1184] ms
    4 window(s), 7 s
  process Z:\raw_data\C000000028\VIS-018_SW_data_14-July-2026_08-30-41  windows [1]
    win1: disp +4.1, velo +4.0, velo +4.0, Keij +4.1, acce +3.8
    5 s
  process Z:\raw_data\C000000028\VIS-018_SW_data_14-July-2026_08-30-41  windows [3]
    win3: disp +3.2, velo +3.6, velo +3.8, Keij +4.0, acce +4.0
    8 s
  process Z:\raw_data\C000000030\VIS-029_SW_data_24-July-2026_09-36-27  windows [1]
    win1: disp +3.3, velo +4.8, velo +4.8, Keij +5.6, acce +6.8
    8 s
