
=== worker 0 started Fri Oct  2 11:28:18 2026 ===
worker on 724 folder(s) (watching)
  process Z:\raw_data\C000000036\VIS-043_SW_data_07-August-2026_10-03-38  windows [1]
[1m[38;5;36mzea[0m[0m: Using backend 'torch'
    win1: disp +1.1, velo +2.3, velo +2.5, Keij -8.0, acce -3.2
    57 s
  process Z:\raw_data\C000000036\VIS-043_SW_data_07-August-2026_10-03-38  windows [2]
    win2: disp +1.0, velo +3.1, velo +3.0, Keij +3.1, acce +3.1
    8 s
  process Z:\raw_data\C000000039\VIS-040_SW_data_04-August-2026_11-46-05  windows [0]
    win0: disp +16.5, velo +4.3, velo +6.0, Keij +4.1, acce +2.6
    11 s
  process Z:\raw_data\C000000039\VIS-040_SW_data_04-August-2026_11-46-05  windows [1]
    win1: disp +3.4, velo +4.3, velo +5.6, Keij +5.6, acce +6.8
    8 s
  process Z:\raw_data\C000000040\VIS-039_SW_data_04-August-2026_10-57-58  windows [0]
    win0: disp +7.4, velo +3.8, velo +3.8, Keij +4.0, acce +3.8
    9 s
  process Z:\raw_data\C000000040\VIS-039_SW_data_04-August-2026_10-57-58  windows [2]
    win2: disp +3.0, velo +3.0, velo +3.0, Keij +3.3, acce +3.0
    10 s
  process Z:\raw_data\C000000042\VIS-036_SW_data_28-July-2026_14-07-08  windows [1]
    win1: disp +2.4, velo +3.4, velo +3.5, Keij +3.2, acce +2.9
    11 s
  process Z:\raw_data\C000000042\VIS-036_SW_data_28-July-2026_14-07-08  windows [2]
    win2: disp +1.1, velo +2.0, velo +2.3, Keij +2.3, acce +2.3
    15 s
  process Z:\raw_data\C000000044\VIS-034_SW_data_28-July-2026_11-02-22  windows [0]
    win0: disp +4.1, velo +2.8, velo +3.4, Keij +2.8, acce +3.4
    15 s
  process Z:\raw_data\C000000044\VIS-034_SW_data_28-July-2026_11-02-22  windows [1]
    win1: disp +1.4, velo +1.4, velo +1.6, Keij +20.0, acce -10.8
    14 s
  process Z:\raw_data\C000000044\VIS-034_SW_data_28-July-2026_11-02-22  windows [2]
    win2: disp +2.5, velo +2.4, velo +2.4, Keij +2.8, acce +2.4
    15 s
  detect  Z:\raw_data\C000000045\VIS-033_SW_data_28-July-2026_09-25-55
    2 window(s), 13 s
  detect  Z:\raw_data\C000000001\SWE_01_SW_data_21-April-2026_12-14-11
    3 window(s), 10 s
  process Z:\raw_data\C000000045\VIS-033_SW_data_28-July-2026_09-25-55  windows [0]
    win0: disp -16.5, velo -8.8, velo -14.0, Keij -10.8, acce -6.0
    15 s
  process Z:\raw_data\C000000001\SWE_01_SW_data_21-April-2026_12-14-11  windows [0]
    win0: disp +5.6, velo +5.6, velo +5.3, Keij +3.2, acce +6.0
    8 s
  process Z:\raw_data\C000000001\SWE_01_SW_data_21-April-2026_12-14-11  windows [2]
    win2: disp +5.0, velo +5.3, velo +5.3, Keij +2.8, acce +6.4
    8 s
  detect  Z:\raw_data\C000000001\SWE_01_SW_data_21-April-2026_12-14-53
    3 window(s), 11 s
  detect  Z:\raw_data\C000000001\SWE_01_SW_data_21-April-2026_12-15-49
    3 window(s), 12 s
  detect  Z:\raw_data\C000000001\SWE_01_SW_data_21-April-2026_12-18-31
    3 window(s), 13 s
  process Z:\raw_data\C000000001\SWE_01_SW_data_21-April-2026_12-14-53  windows [1]
    win1: disp +20.0, velo +20.0, velo +20.0, Keij -20.0, acce +16.5
    7 s
  process Z:\raw_data\C000000001\SWE_01_SW_data_21-April-2026_12-14-53  windows [2]
    win2: disp +2.8, velo +2.3, velo +2.4, Keij +2.2, acce +2.8
    5 s
  process Z:\raw_data\C000000001\SWE_01_SW_data_21-April-2026_12-15-49  windows [0]
    win0: disp +2.5, velo +2.1, velo +2.2, Keij +2.4, acce +2.7
    8 s
  process Z:\raw_data\C000000001\SWE_01_SW_data_21-April-2026_12-15-49  windows [2]
    win2: disp +1.9, velo +2.2, velo +2.2, Keij +2.3, acce +2.6
    11 s
  process Z:\raw_data\C000000001\SWE_01_SW_data_21-April-2026_12-16-46  windows [1]
    win1: disp +4.0, velo +3.5, velo +3.5, Keij +3.8, acce +3.5
    6 s
  process Z:\raw_data\C000000001\SWE_01_SW_data_21-April-2026_12-16-46  windows [2]
    win2: disp +2.1, velo +2.3, velo +2.4, Keij +2.1, acce +2.8
    7 s
  process Z:\raw_data\C000000001\SWE_01_SW_data_21-April-2026_12-18-31  windows [0, 1, 2]
    win0: disp -16.5, velo -20.0, velo -20.0, Keij -20.0, acce -20.0
    win1: disp -16.5, velo -20.0, velo -20.0, Keij -20.0, acce +20.0
    win2: disp -16.5, velo -20.0, velo -20.0, Keij -20.0, acce -20.0
    22 s
  detect  Z:\raw_data\C000000001\SWE_01_SW_data_21-April-2026_12-19-03
    3 window(s), 16 s
  detect  Z:\raw_data\C000000001\SWE_01_SW_data_21-April-2026_12-20-24
    3 window(s), 14 s

=== worker 0 started Fri Oct  2 17:02:42 2026 ===
worker on 724 folder(s) (watching)
  detect  Z:\raw_data\C000000002\SWE02_SW_data_28-April-2026_10-11-53
[1m[38;5;36mzea[0m[0m: Using backend 'torch'
    2 window(s), 41 s
  detect  Z:\raw_data\C000000002\SWE02_SW_data_28-April-2026_10-13-12
    2 window(s), 11 s
  detect  Z:\raw_data\C000000003\VIS_03_SW_data_16-June-2026_10-10-39
    2 window(s), 17 s
