[1m[38;5;36mzea[0m[0m: Using backend 'torch'

===== variant: full =====
  3 view(s) per window: disp bp10-150 gauss mean3 | disp bp5-150 median NO-temporal | velocity bp15-90 gauss1.0 mean5
    window #0 [disp bp10-150 gauss mean3]: space-time (111, 250) c=3.65 sem=0.811
    window #0 [disp bp5-150 median NO-temporal]: space-time (111, 250) c=2.14 sem=0.888
    window #0 [velocity bp15-90 gauss1.0 mean5]: space-time (110, 250) c=5.01 sem=0.592
    window #1 [disp bp10-150 gauss mean3]: space-time (130, 250) c=-3.65 sem=0.562
    window #1 [disp bp5-150 median NO-temporal]: space-time (130, 250) c=-2.25 sem=0.647
    window #1 [velocity bp15-90 gauss1.0 mean5]: space-time (129, 250) c=-2.63 sem=0.485
    window #2 [disp bp10-150 gauss mean3]: space-time (130, 250) c=1.12 sem=0.506
    window #2 [disp bp5-150 median NO-temporal]: space-time (130, 250) c=1.02 sem=0.561
    window #2 [velocity bp15-90 gauss1.0 mean5]: space-time (129, 250) c=1.16 sem=0.608
    window #3 [disp bp10-150 gauss mean3]: space-time (130, 250) c=8.02 sem=0.877
    window #3 [disp bp5-150 median NO-temporal]: space-time (130, 250) c=3.16 sem=0.863
    window #3 [velocity bp15-90 gauss1.0 mean5]: space-time (129, 250) c=20.00 sem=0.722
done -> Z:/raw_data/C000000001/SWE_01_SW_data_21-April-2026_12-12-54\output\swp_passive\split_full\passive_windows_montage.png

===== variant: left =====
  3 view(s) per window: disp bp10-150 gauss mean3 | disp bp5-150 median NO-temporal | velocity bp15-90 gauss1.0 mean5
    window #0 [disp bp10-150 gauss mean3]: space-time (111, 250) c=3.51 sem=0.951
    window #0 [disp bp5-150 median NO-temporal]: space-time (111, 250) c=2.55 sem=0.938
    window #0 [velocity bp15-90 gauss1.0 mean5]: space-time (110, 250) c=3.38 sem=0.812
    window #1 [disp bp10-150 gauss mean3]: space-time (130, 250) c=10.79 sem=0.908
    window #1 [disp bp5-150 median NO-temporal]: space-time (130, 250) c=-5.62 sem=0.932
    window #1 [velocity bp15-90 gauss1.0 mean5]: space-time (129, 250) c=-2.19 sem=0.820
    window #2 [disp bp10-150 gauss mean3]: space-time (130, 250) c=1.00 sem=0.517
    window #2 [disp bp5-150 median NO-temporal]: space-time (130, 250) c=1.02 sem=0.547
    window #2 [velocity bp15-90 gauss1.0 mean5]: space-time (129, 250) c=1.01 sem=0.771
    window #3 [disp bp10-150 gauss mean3]: space-time (130, 250) c=6.38 sem=0.896
    window #3 [disp bp5-150 median NO-temporal]: space-time (130, 250) c=8.77 sem=0.857
    window #3 [velocity bp15-90 gauss1.0 mean5]: space-time (129, 250) c=6.38 sem=0.874
done -> Z:/raw_data/C000000001/SWE_01_SW_data_21-April-2026_12-12-54\output\swp_passive\split_left\passive_windows_montage.png

===== variant: right =====
  3 view(s) per window: disp bp10-150 gauss mean3 | disp bp5-150 median NO-temporal | velocity bp15-90 gauss1.0 mean5
    window #0 [disp bp10-150 gauss mean3]: space-time (111, 250) c=16.48 sem=0.785
    window #0 [disp bp5-150 median NO-temporal]: space-time (111, 250) c=2.63 sem=0.875
    window #0 [velocity bp15-90 gauss1.0 mean5]: space-time (110, 250) c=-16.48 sem=0.761
    window #1 [disp bp10-150 gauss mean3]: space-time (130, 250) c=-1.00 sem=0.533
    window #1 [disp bp5-150 median NO-temporal]: space-time (130, 250) c=-1.01 sem=0.718
    window #1 [velocity bp15-90 gauss1.0 mean5]: space-time (129, 250) c=-1.60 sem=0.304
    window #2 [disp bp10-150 gauss mean3]: space-time (130, 250) c=12.19 sem=0.740
    window #2 [disp bp5-150 median NO-temporal]: space-time (130, 250) c=-5.97 sem=0.842
    window #2 [velocity bp15-90 gauss1.0 mean5]: space-time (129, 250) c=3.05 sem=0.652
    window #3 [disp bp10-150 gauss mean3]: space-time (130, 250) c=6.38 sem=0.908
    window #3 [disp bp5-150 median NO-temporal]: space-time (130, 250) c=1.81 sem=0.934
    window #3 [velocity bp15-90 gauss1.0 mean5]: space-time (129, 250) c=-9.67 sem=0.850
done -> Z:/raw_data/C000000001/SWE_01_SW_data_21-April-2026_12-12-54\output\swp_passive\split_right\passive_windows_montage.png
[1m[38;5;36mzea[0m[0m: [38;5;214mWARNING[0m Reading 'Z:/raw_data/C000000001/SWE_01_SW_data_21-April-2026_12-12-54\output\CombinedData_buffer1_iq.hdf5' [2m(/data/beamformed_data/values, 133.5 MB)[0m compressed with lzf, which zea cannot decode concurrently — falling back to a serial h5py read (slower). Re-save with the `zea data resave` CLI (or zea.File.create) to read it concurrently, with a progress bar.
[1m[38;5;36mzea[0m[0m: [38;5;214mWARNING[0m Reading 'Z:/raw_data/C000000001/SWE_01_SW_data_21-April-2026_12-12-54\output\CombinedData_buffer1_iq.hdf5' [2m(/data/beamformed_data/coordinates, 2.2 MB)[0m compressed with lzf, which zea cannot decode concurrently — falling back to a serial h5py read (slower). Re-save with the `zea data resave` CLI (or zea.File.create) to read it concurrently, with a progress bar.

speed m/s (semblance)
window  view                                                full              left             right
win0    disp bp10-150 gauss mean3                +3.65 (0.81)   +3.51 (0.95)  +16.48 (0.78)
win0    disp bp5-150 median NO-temporal          +2.14 (0.89)   +2.55 (0.94)   +2.63 (0.87)
win0    velocity bp15-90 gauss1.0 mean5          +5.01 (0.59)   +3.38 (0.81)  -16.48 (0.76)
win1    disp bp10-150 gauss mean3                -3.65 (0.56)  +10.79 (0.91)   -1.00 (0.53)
win1    disp bp5-150 median NO-temporal          -2.25 (0.65)   -5.62 (0.93)   -1.01 (0.72)
win1    velocity bp15-90 gauss1.0 mean5          -2.63 (0.48)   -2.19 (0.82)   -1.60 (0.30)
win2    disp bp10-150 gauss mean3                +1.12 (0.51)   +1.00 (0.52)  +12.19 (0.74)
win2    disp bp5-150 median NO-temporal          +1.02 (0.56)   +1.02 (0.55)   -5.97 (0.84)
win2    velocity bp15-90 gauss1.0 mean5          +1.16 (0.61)   +1.01 (0.77)   +3.05 (0.65)
win3    disp bp10-150 gauss mean3                +8.02 (0.88)   +6.38 (0.90)   +6.38 (0.91)
win3    disp bp5-150 median NO-temporal          +3.16 (0.86)   +8.77 (0.86)   +1.81 (0.93)
win3    velocity bp15-90 gauss1.0 mean5         +20.00 (0.72)   +6.38 (0.87)   -9.67 (0.85)

-> Z:/raw_data/C000000001/SWE_01_SW_data_21-April-2026_12-12-54\output\swp_passive\split_lines.png
EXIT=0
