[1m[38;5;36mzea[0m[0m: Using backend 'torch'
-------------------GPU settings-------------------
7/8 GPUs were disabled
     memory
GPU        
0       17892
Selecting 1 GPU based on available memory.
Selected GPU 0 with Free Memory: 17892.00 MiB
--------------------------------------------------
[1m[38;5;36mzea[0m[0m: [38;5;214mWARNING[0m Reading 'Z:\raw_data\C000000001\SWE_01_SW_data_21-April-2026_12-12-54\output\converted\CombinedData_buffer1.hdf5' [2m(/data/raw_data, 1.1 GB)[0m compressed with lzf, which zea cannot decode concurrently — falling back to a serial h5py read (slower). Re-save with the `zea data resave` CLI (or zea.File.create) to read it concurrently, with a progress bar.
D:\Luuk van Knippenberg\envs\zea_latest\Lib\site-packages\keras\src\backend\torch\numpy.py:230: UserWarning: expandable_segments not supported on this platform (Triggered internally at C:\actions-runner\_work\pytorch\pytorch\c10/cuda/CUDAAllocatorConfig.h:40.)
  return torch.ones(size=shape, dtype=dtype, device=get_device())
    patch budget 6.44e+07 elements (GPU 25.756696576 GB)

buffer 1 (widebeam): raw (3, 21, 3968, 80, 1), num_patches=6
  pfield=False  prepare    0.05s   per-frame  0.783s   -> whole buffer (90 fr)    70.5s
[1m[38;5;36mzea[0m[0m: Running compute_pfield and caching the result to C:\Users\s126497\.cache\zea\cached_funcs\compute_pfield_b2d889a84cea875fc42ed36d19e555de.pkl.
[1m[38;5;36mzea[0m[0m: [38;5;214mWARNING[0m JIT compilation not currently supported for backend torch. Supported backends are 'tensorflow' and 'jax'. Initialize zea.Pipeline with jit_options=None to suppress this warning. Falling back to non-compiled mode.
  pfield=True   prepare    0.99s   per-frame  0.637s   -> whole buffer (90 fr)    58.3s

buffer 3 (focused): raw (3, 73, 3968, 80, 1), num_patches=19
  pfield=False  prepare    0.07s   per-frame  2.406s   -> whole buffer (26 fr)    62.6s
[1m[38;5;36mzea[0m[0m: Loading cached result for compute_pfield.
  pfield=True   prepare    0.38s   per-frame  2.431s   -> whole buffer (26 fr)    63.6s

buffer 4 (diverging): raw (3, 2, 3968, 80, 1), num_patches=1
  pfield=False  prepare    0.07s   per-frame  0.088s   -> whole buffer (926 fr)    81.7s
[1m[38;5;36mzea[0m[0m: Running compute_pfield and caching the result to C:\Users\s126497\.cache\zea\cached_funcs\compute_pfield_9b3438024923fd661de7f942a92da640.pkl.
  pfield=True   prepare    0.23s   per-frame  0.065s   -> whole buffer (926 fr)    60.0s

============================================================================================
 buffer role        pfield   prepare  per-frame  frames  buffer total
============================================================================================
      1 widebeam     False     0.05s     0.783s      90         70.5s
      1 widebeam      True     0.99s     0.637s      90         58.3s
      3 focused      False     0.07s     2.406s      26         62.6s
      3 focused       True     0.38s     2.431s      26         63.6s
      4 diverging    False     0.07s     0.088s     926         81.7s
      4 diverging     True     0.23s     0.065s     926         60.0s
--------------------------------------------------------------------------------------------
        ALL THREE      OFF                                     214.8s
                        ON                                     181.8s   (0.85x)

wrote pfield_montage.png
EXIT=0
