[1m[38;5;36mzea[0m[0m: Using backend 'torch'
-------------------GPU settings-------------------
7/8 GPUs were disabled
     memory
GPU        
0       24115
Selecting 1 GPU based on available memory.
Selected GPU 0 with Free Memory: 24115.00 MiB
--------------------------------------------------
[1m[38;5;36mzea[0m[0m: [38;5;214mWARNING[0m Reading 'Z:\raw_data\C000000001\SWE_01_SW_data_21-April-2026_12-12-54\output\converted\CombinedData_buffer1.hdf5' [2m(/data/raw_data, 1.1 GB)[0m compressed with lzf, which zea cannot decode concurrently — falling back to a serial h5py read (slower). Re-save with the `zea data resave` CLI (or zea.File.create) to read it concurrently, with a progress bar.
buffer 1 (bmode_widebeam): raw (90, 21, 3968, 80, 1)  88.2 FPS
  encoding matrix H is (21 tx x 80 el)  -- UNDER-DETERMINED, inversion is rank-deficient
D:\Luuk van Knippenberg\envs\zea_latest\Lib\site-packages\keras\src\backend\torch\numpy.py:230: UserWarning: expandable_segments not supported on this platform (Triggered internally at C:\actions-runner\_work\pytorch\pytorch\c10/cuda/CUDAAllocatorConfig.h:40.)
  return torch.ones(size=shape, dtype=dtype, device=get_device())
    patch budget 6.44e+07 elements (GPU 25.756696576 GB)
    frame 0/90  (2s)
    frame 5/90  (10s)
    frame 10/90  (18s)
    frame 15/90  (26s)
    frame 20/90  (33s)
    frame 25/90  (41s)
    frame 30/90  (49s)
    frame 35/90  (57s)
    frame 40/90  (65s)
    frame 45/90  (73s)
    frame 50/90  (80s)
    frame 55/90  (88s)
    frame 60/90  (173s)
    frame 65/90  (365s)
    frame 70/90  (482s)
    frame 75/90  (547s)
    frame 80/90  (615s)
    frame 85/90  (687s)
  REFoCUS[adjoint] + beamform: 90 frames in 746s -> IQ (90, 382, 509, 2)
[1m[38;5;36mzea[0m[0m: File saved to [33mZ:\raw_data\C000000001\SWE_01_SW_data_21-April-2026_12-12-54\output\CombinedData_buffer1_refocus-adjoint_iq.hdf5[0m
  ripple power at the 4.000 deg transmit spacing: 4.88%   total ripple RMS 20.5%
  (coherent all-73 ~5%, incoherent ~0.08% - see docs/focused_bmode_striations.md)
[1m[38;5;36mzea[0m[0m: [38;5;214mWARNING[0m Reading 'Z:\raw_data\C000000001\SWE_01_SW_data_21-April-2026_12-12-54\output\CombinedData_buffer1_refocus-adjoint_iq.hdf5' [2m(/data/beamformed_data/values, 133.5 MB)[0m compressed with lzf, which zea cannot decode concurrently — falling back to a serial h5py read (slower). Re-save with the `zea data resave` CLI (or zea.File.create) to read it concurrently, with a progress bar.
[1m[38;5;36mzea[0m[0m: [38;5;214mWARNING[0m Reading 'Z:\raw_data\C000000001\SWE_01_SW_data_21-April-2026_12-12-54\output\CombinedData_buffer1_refocus-adjoint_iq.hdf5' [2m(/data/beamformed_data/timestamps, 360 B)[0m compressed with lzf, which zea cannot decode concurrently — falling back to a serial h5py read (slower). Re-save with the `zea data resave` CLI (or zea.File.create) to read it concurrently, with a progress bar.
[1m[38;5;36mzea[0m[0m: [32mSuccessfully saved GIF to -> [33mZ:\raw_data\C000000001\SWE_01_SW_data_21-April-2026_12-12-54\output\CombinedData_buffer1_refocus-adjoint_iq.gif[0m[0m
  CombinedData_buffer1_refocus-adjoint_iq.hdf5: B-mode GIF, 88.2 Hz, 90 frames = 1.02 s -> 1.02 s GIF (real time); 51 frames @ 50 fps -> CombinedData_buffer1_refocus-adjoint_iq.gif
  wrote CombinedData_buffer1_refocus-adjoint_iq.hdf5 + .gif
