buffer-1 job clear; starting buffer-3 REFoCUS sweep

########## [1] Z:/raw_data/C000000001/SWE_01_SW_data_21-April-2026_12-12-54/ ##########
buffer 3 (bmode_focused): raw (26, 73, 3968, 80, 1)  25.4 FPS
  encoding matrix H is (73 tx x 80 el)  -- UNDER-DETERMINED, inversion is rank-deficient
  REFoCUS[adjoint] + beamform: 26 frames in 44s -> IQ (26, 382, 529, 2)
  ripple power at the 1.111 deg transmit spacing: 0.16%   total ripple RMS 19.4%
  wrote CombinedData_buffer3_refocus-adjoint_iq.hdf5 + .gif

########## [2] Z:/raw_data/C000000002/SWE02_SW_data_28-April-2026_10-09-45/ ##########
buffer 3 (bmode_focused): raw (26, 73, 3968, 80, 1)  25.4 FPS
  encoding matrix H is (73 tx x 80 el)  -- UNDER-DETERMINED, inversion is rank-deficient
  REFoCUS[adjoint] + beamform: 26 frames in 44s -> IQ (26, 382, 529, 2)
  ripple power at the 1.111 deg transmit spacing: 0.35%   total ripple RMS 10.7%
  wrote CombinedData_buffer3_refocus-adjoint_iq.hdf5 + .gif

########## [3] Z:/raw_data/C000000003/VIS_03_SW_data_16-June-2026_10-09-42/ ##########
buffer 3 (bmode_focused): raw (26, 73, 3968, 80, 1)  25.4 FPS
  encoding matrix H is (73 tx x 80 el)  -- UNDER-DETERMINED, inversion is rank-deficient
  REFoCUS[adjoint] + beamform: 26 frames in 44s -> IQ (26, 382, 529, 2)
  ripple power at the 1.111 deg transmit spacing: 0.12%   total ripple RMS 15.9%
  wrote CombinedData_buffer3_refocus-adjoint_iq.hdf5 + .gif

########## [4] Z:/raw_data/C000000004/VIS_4_SW_data_16-June-2026_10-58-59/ ##########
buffer 3 (bmode_focused): raw (26, 73, 3968, 80, 1)  25.4 FPS
  encoding matrix H is (73 tx x 80 el)  -- UNDER-DETERMINED, inversion is rank-deficient
  REFoCUS[adjoint] + beamform: 26 frames in 44s -> IQ (26, 382, 529, 2)
  ripple power at the 1.111 deg transmit spacing: 0.39%   total ripple RMS 22.2%
  wrote CombinedData_buffer3_refocus-adjoint_iq.hdf5 + .gif

########## [5] Z:/raw_data/C000000005/VIS-005_SW_data_19-June-2026_09-12-20/ ##########
buffer 3 (bmode_focused): raw (26, 73, 3968, 80, 1)  25.4 FPS
  encoding matrix H is (73 tx x 80 el)  -- UNDER-DETERMINED, inversion is rank-deficient
  REFoCUS[adjoint] + beamform: 26 frames in 44s -> IQ (26, 382, 529, 2)
  ripple power at the 1.111 deg transmit spacing: 0.61%   total ripple RMS 12.3%
  wrote CombinedData_buffer3_refocus-adjoint_iq.hdf5 + .gif

########## [6] Z:/raw_data/C000000007/VIS-007_SW_data_30-June-2026_11-45-50/ ##########
buffer 3 (bmode_focused): raw (26, 73, 3968, 80, 1)  25.4 FPS
  encoding matrix H is (73 tx x 80 el)  -- UNDER-DETERMINED, inversion is rank-deficient
  REFoCUS[adjoint] + beamform: 26 frames in 46s -> IQ (26, 382, 529, 2)
  ripple power at the 1.111 deg transmit spacing: 0.42%   total ripple RMS 13.9%
  wrote CombinedData_buffer3_refocus-adjoint_iq.hdf5 + .gif

########## [7] Z:/raw_data/C000000008/VIS-010_SW_data_03-July-2026_10-36-33/ ##########
buffer 3 (bmode_focused): raw (26, 73, 3968, 80, 1)  25.4 FPS
  encoding matrix H is (73 tx x 80 el)  -- UNDER-DETERMINED, inversion is rank-deficient
  REFoCUS[adjoint] + beamform: 26 frames in 45s -> IQ (26, 382, 529, 2)
  ripple power at the 1.111 deg transmit spacing: 0.15%   total ripple RMS 14.9%
  wrote CombinedData_buffer3_refocus-adjoint_iq.hdf5 + .gif

########## [8] Z:/raw_data/C000000009/VIS-009_SW_data_03-July-2026_09-43-33/ ##########
buffer 3 (bmode_focused): raw (26, 73, 3968, 80, 1)  25.4 FPS
  encoding matrix H is (73 tx x 80 el)  -- UNDER-DETERMINED, inversion is rank-deficient
  REFoCUS[adjoint] + beamform: 26 frames in 48s -> IQ (26, 382, 529, 2)
  ripple power at the 1.111 deg transmit spacing: 0.53%   total ripple RMS 15.3%
  wrote CombinedData_buffer3_refocus-adjoint_iq.hdf5 + .gif

########## [9] Z:/raw_data/C000000010/vis-006_SW_data_30-June-2026_09-43-28/ ##########
buffer 3 (bmode_focused): raw (26, 73, 3968, 80, 1)  25.4 FPS
  encoding matrix H is (73 tx x 80 el)  -- UNDER-DETERMINED, inversion is rank-deficient
  REFoCUS[adjoint] + beamform: 26 frames in 45s -> IQ (26, 382, 529, 2)
  ripple power at the 1.111 deg transmit spacing: 0.33%   total ripple RMS 11.2%
  wrote CombinedData_buffer3_refocus-adjoint_iq.hdf5 + .gif

########## [10] Z:/raw_data/C000000011/VIS-11_SW_data_07-July-2026_08-40-05/ ##########
buffer 3 (bmode_focused): raw (32, 73, 3968, 80, 1)  25.4 FPS
  encoding matrix H is (73 tx x 80 el)  -- UNDER-DETERMINED, inversion is rank-deficient
  REFoCUS[adjoint] + beamform: 32 frames in 55s -> IQ (32, 382, 529, 2)
  ripple power at the 1.111 deg transmit spacing: 0.14%   total ripple RMS 13.8%
  wrote CombinedData_buffer3_refocus-adjoint_iq.hdf5 + .gif

########## [11] Z:/raw_data/C000000012/VIS-014_SW_data_07-July-2026_11-41-37/ ##########
buffer 3 (bmode_focused): raw (32, 73, 3968, 80, 1)  25.4 FPS
  encoding matrix H is (73 tx x 80 el)  -- UNDER-DETERMINED, inversion is rank-deficient
  REFoCUS[adjoint] + beamform: 32 frames in 55s -> IQ (32, 382, 529, 2)
  ripple power at the 1.111 deg transmit spacing: 0.21%   total ripple RMS 14.5%
  wrote CombinedData_buffer3_refocus-adjoint_iq.hdf5 + .gif

########## [12] Z:/raw_data/C000000013/VIS-016_SW_data_10-July-2026_10-11-11/ ##########
buffer 3 (bmode_focused): raw (32, 73, 3968, 80, 1)  25.4 FPS
  encoding matrix H is (73 tx x 80 el)  -- UNDER-DETERMINED, inversion is rank-deficient
  REFoCUS[adjoint] + beamform: 32 frames in 61s -> IQ (32, 382, 529, 2)
  ripple power at the 1.111 deg transmit spacing: 0.31%   total ripple RMS 13.3%
  wrote CombinedData_buffer3_refocus-adjoint_iq.hdf5 + .gif

########## [13] Z:/raw_data/C000000014/VIS-008_SW_data_10-July-2026_08-36-06/ ##########
buffer 3 (bmode_focused): raw (32, 73, 3968, 80, 1)  25.4 FPS
  encoding matrix H is (73 tx x 80 el)  -- UNDER-DETERMINED, inversion is rank-deficient
  REFoCUS[adjoint] + beamform: 32 frames in 62s -> IQ (32, 382, 529, 2)
  ripple power at the 1.111 deg transmit spacing: 0.07%   total ripple RMS 14.4%
  wrote CombinedData_buffer3_refocus-adjoint_iq.hdf5 + .gif

########## [14] Z:/raw_data/C000000015/VIS-017_SW_data_10-July-2026_10-53-28/ ##########
buffer 3 (bmode_focused): raw (32, 73, 3968, 80, 1)  25.4 FPS
  encoding matrix H is (73 tx x 80 el)  -- UNDER-DETERMINED, inversion is rank-deficient
  REFoCUS[adjoint] + beamform: 32 frames in 59s -> IQ (32, 382, 529, 2)
  ripple power at the 1.111 deg transmit spacing: 0.51%   total ripple RMS 15.7%
  wrote CombinedData_buffer3_refocus-adjoint_iq.hdf5 + .gif

########## [15] Z:/raw_data/C000000016/VIS-015_SW_data_10-July-2026_09-24-32/ ##########
buffer 3 (bmode_focused): raw (32, 73, 3968, 80, 1)  25.4 FPS
  encoding matrix H is (73 tx x 80 el)  -- UNDER-DETERMINED, inversion is rank-deficient
  REFoCUS[adjoint] + beamform: 32 frames in 56s -> IQ (32, 382, 529, 2)
  ripple power at the 1.111 deg transmit spacing: 0.64%   total ripple RMS 14.5%
  wrote CombinedData_buffer3_refocus-adjoint_iq.hdf5 + .gif

########## [16] Z:/raw_data/C000000017/VIS-013_SW_data_07-July-2026_10-52-55/ ##########
buffer 3 (bmode_focused): raw (32, 73, 3968, 80, 1)  25.4 FPS
  encoding matrix H is (73 tx x 80 el)  -- UNDER-DETERMINED, inversion is rank-deficient
  REFoCUS[adjoint] + beamform: 32 frames in 56s -> IQ (32, 382, 529, 2)
  ripple power at the 1.111 deg transmit spacing: 0.29%   total ripple RMS 14.1%
  wrote CombinedData_buffer3_refocus-adjoint_iq.hdf5 + .gif

########## [17] Z:/raw_data/C000000018/VIS-012_SW_data_07-July-2026_09-21-31/ ##########
buffer 3 (bmode_focused): raw (32, 73, 3968, 80, 1)  25.4 FPS
  encoding matrix H is (73 tx x 80 el)  -- UNDER-DETERMINED, inversion is rank-deficient
  REFoCUS[adjoint] + beamform: 32 frames in 56s -> IQ (32, 382, 529, 2)
  ripple power at the 1.111 deg transmit spacing: 0.16%   total ripple RMS 16.9%
  wrote CombinedData_buffer3_refocus-adjoint_iq.hdf5 + .gif

########## [18] Z:/raw_data/C000000019/VIS-027_SW_data_21-July-2026_11-19-20/ ##########
buffer 3 (bmode_focused): raw (32, 73, 3968, 80, 1)  25.4 FPS
  encoding matrix H is (73 tx x 80 el)  -- UNDER-DETERMINED, inversion is rank-deficient
  REFoCUS[adjoint] + beamform: 32 frames in 56s -> IQ (32, 382, 529, 2)
  ripple power at the 1.111 deg transmit spacing: 0.21%   total ripple RMS 12.4%
  wrote CombinedData_buffer3_refocus-adjoint_iq.hdf5 + .gif

########## [19] Z:/raw_data/C000000020/VIS-026_SW_data_21-July-2026_10-42-10/ ##########
buffer 3 (bmode_focused): raw (32, 73, 3968, 80, 1)  25.4 FPS
  encoding matrix H is (73 tx x 80 el)  -- UNDER-DETERMINED, inversion is rank-deficient
  REFoCUS[adjoint] + beamform: 32 frames in 60s -> IQ (32, 382, 529, 2)
  ripple power at the 1.111 deg transmit spacing: 0.24%   total ripple RMS 12.5%
  wrote CombinedData_buffer3_refocus-adjoint_iq.hdf5 + .gif

########## [20] Z:/raw_data/C000000021/VIS-024_SW_data_17-July-2026_09-35-47/ ##########
buffer 3 (bmode_focused): raw (32, 73, 3968, 80, 1)  25.4 FPS
  encoding matrix H is (73 tx x 80 el)  -- UNDER-DETERMINED, inversion is rank-deficient
  REFoCUS[adjoint] + beamform: 32 frames in 55s -> IQ (32, 382, 529, 2)
  ripple power at the 1.111 deg transmit spacing: 0.55%   total ripple RMS 11.4%
  wrote CombinedData_buffer3_refocus-adjoint_iq.hdf5 + .gif

########## [21] Z:/raw_data/C000000022/VIS-023_SW_data_17-July-2026_08-48-06/ ##########
buffer 3 (bmode_focused): raw (32, 73, 3968, 80, 1)  25.4 FPS
  encoding matrix H is (73 tx x 80 el)  -- UNDER-DETERMINED, inversion is rank-deficient
  REFoCUS[adjoint] + beamform: 32 frames in 55s -> IQ (32, 382, 529, 2)
  ripple power at the 1.111 deg transmit spacing: 0.58%   total ripple RMS 15.6%
  wrote CombinedData_buffer3_refocus-adjoint_iq.hdf5 + .gif

########## [22] Z:/raw_data/C000000023/VIS-022_SW_data_14-July-2026_11-41-10/ ##########
buffer 3 (bmode_focused): raw (32, 73, 3968, 80, 1)  25.4 FPS
  encoding matrix H is (73 tx x 80 el)  -- UNDER-DETERMINED, inversion is rank-deficient
  REFoCUS[adjoint] + beamform: 32 frames in 59s -> IQ (32, 382, 529, 2)
  ripple power at the 1.111 deg transmit spacing: 0.87%   total ripple RMS 15.3%
  wrote CombinedData_buffer3_refocus-adjoint_iq.hdf5 + .gif

########## [23] Z:/raw_data/C000000024/VIS-021_SW_data_14-July-2026_10-55-16/ ##########
buffer 3 (bmode_focused): raw (32, 73, 3968, 80, 1)  25.4 FPS
  encoding matrix H is (73 tx x 80 el)  -- UNDER-DETERMINED, inversion is rank-deficient
  REFoCUS[adjoint] + beamform: 32 frames in 60s -> IQ (32, 382, 529, 2)
  ripple power at the 1.111 deg transmit spacing: 0.27%   total ripple RMS 15.4%
  wrote CombinedData_buffer3_refocus-adjoint_iq.hdf5 + .gif

########## [24] Z:/raw_data/C000000025/VIS-025_SW_data_21-July-2026_09-53-09/ ##########
buffer 3 (bmode_focused): raw (32, 73, 3968, 80, 1)  25.4 FPS
  encoding matrix H is (73 tx x 80 el)  -- UNDER-DETERMINED, inversion is rank-deficient
  REFoCUS[adjoint] + beamform: 32 frames in 55s -> IQ (32, 382, 529, 2)
  ripple power at the 1.111 deg transmit spacing: 0.07%   total ripple RMS 11.8%
  wrote CombinedData_buffer3_refocus-adjoint_iq.hdf5 + .gif

########## [25] Z:/raw_data/C000000026/VIS-020_SW_data_14-July-2026_10-03-40/ ##########
buffer 3 (bmode_focused): raw (32, 73, 3968, 80, 1)  25.4 FPS
  encoding matrix H is (73 tx x 80 el)  -- UNDER-DETERMINED, inversion is rank-deficient
  REFoCUS[adjoint] + beamform: 32 frames in 55s -> IQ (32, 382, 529, 2)
  ripple power at the 1.111 deg transmit spacing: 0.65%   total ripple RMS 14.2%
  wrote CombinedData_buffer3_refocus-adjoint_iq.hdf5 + .gif

########## [26] Z:/raw_data/C000000027/VIS-019_SW_data_14-July-2026_09-20-26/ ##########
buffer 3 (bmode_focused): raw (32, 73, 3968, 80, 1)  25.4 FPS
  encoding matrix H is (73 tx x 80 el)  -- UNDER-DETERMINED, inversion is rank-deficient
  REFoCUS[adjoint] + beamform: 32 frames in 57s -> IQ (32, 382, 529, 2)
  ripple power at the 1.111 deg transmit spacing: 0.24%   total ripple RMS 17.1%
  wrote CombinedData_buffer3_refocus-adjoint_iq.hdf5 + .gif

########## [27] Z:/raw_data/C000000028/VIS-018_SW_data_14-July-2026_08-30-41/ ##########
buffer 3 (bmode_focused): raw (32, 73, 3968, 80, 1)  25.4 FPS
  encoding matrix H is (73 tx x 80 el)  -- UNDER-DETERMINED, inversion is rank-deficient
  REFoCUS[adjoint] + beamform: 32 frames in 54s -> IQ (32, 382, 529, 2)
  ripple power at the 1.111 deg transmit spacing: 0.14%   total ripple RMS 17.7%
  wrote CombinedData_buffer3_refocus-adjoint_iq.hdf5 + .gif

########## [28] Z:/raw_data/C000000029/VIS-031_SW_data_24-July-2026_11-11-50/ ##########
buffer 3 (bmode_focused): raw (32, 73, 3968, 80, 1)  25.4 FPS
  encoding matrix H is (73 tx x 80 el)  -- UNDER-DETERMINED, inversion is rank-deficient
  REFoCUS[adjoint] + beamform: 32 frames in 56s -> IQ (32, 382, 529, 2)
  ripple power at the 1.111 deg transmit spacing: 0.15%   total ripple RMS 14.3%
  wrote CombinedData_buffer3_refocus-adjoint_iq.hdf5 + .gif

########## [29] Z:/raw_data/C000000030/VIS-029_SW_data_24-July-2026_09-36-27/ ##########
buffer 3 (bmode_focused): raw (32, 73, 3968, 80, 1)  25.4 FPS
  encoding matrix H is (73 tx x 80 el)  -- UNDER-DETERMINED, inversion is rank-deficient
  REFoCUS[adjoint] + beamform: 32 frames in 54s -> IQ (32, 382, 529, 2)
  ripple power at the 1.111 deg transmit spacing: 0.26%   total ripple RMS 16.2%
  wrote CombinedData_buffer3_refocus-adjoint_iq.hdf5 + .gif

########## [30] Z:/raw_data/C000000031/VIS-032_SW_data_24-July-2026_11-57-06/ ##########
buffer 3 (bmode_focused): raw (32, 73, 3968, 80, 1)  25.4 FPS
  encoding matrix H is (73 tx x 80 el)  -- UNDER-DETERMINED, inversion is rank-deficient
  REFoCUS[adjoint] + beamform: 32 frames in 57s -> IQ (32, 382, 529, 2)
  ripple power at the 1.111 deg transmit spacing: 0.32%   total ripple RMS 13.2%
  wrote CombinedData_buffer3_refocus-adjoint_iq.hdf5 + .gif

########## [31] Z:/raw_data/C000000032/VIS-030_SW_data_24-July-2026_10-24-32/ ##########
buffer 3 (bmode_focused): raw (32, 73, 3968, 80, 1)  25.4 FPS
  encoding matrix H is (73 tx x 80 el)  -- UNDER-DETERMINED, inversion is rank-deficient
  REFoCUS[adjoint] + beamform: 32 frames in 54s -> IQ (32, 382, 529, 2)
  ripple power at the 1.111 deg transmit spacing: 0.63%   total ripple RMS 15.1%
  wrote CombinedData_buffer3_refocus-adjoint_iq.hdf5 + .gif

########## [32] Z:/raw_data/C000000033/VIS-028_SW_data_24-July-2026_08-43-33/ ##########
buffer 3 (bmode_focused): raw (32, 73, 3968, 80, 1)  25.4 FPS
  encoding matrix H is (73 tx x 80 el)  -- UNDER-DETERMINED, inversion is rank-deficient
  REFoCUS[adjoint] + beamform: 32 frames in 56s -> IQ (32, 382, 529, 2)
  ripple power at the 1.111 deg transmit spacing: 0.17%   total ripple RMS 22.6%
  wrote CombinedData_buffer3_refocus-adjoint_iq.hdf5 + .gif

########## [33] Z:/raw_data/C000000034/VIS-045_SW_data_07-August-2026_11-42-13/ ##########
buffer 3 (bmode_focused): raw (32, 73, 3968, 80, 1)  25.4 FPS
  encoding matrix H is (73 tx x 80 el)  -- UNDER-DETERMINED, inversion is rank-deficient
  REFoCUS[adjoint] + beamform: 32 frames in 57s -> IQ (32, 382, 529, 2)
  ripple power at the 1.111 deg transmit spacing: 0.58%   total ripple RMS 18.5%
  wrote CombinedData_buffer3_refocus-adjoint_iq.hdf5 + .gif

########## [34] Z:/raw_data/C000000035/VIS-044_SW_data_07-August-2026_10-54-57/ ##########
buffer 3 (bmode_focused): raw (32, 73, 3968, 80, 1)  25.4 FPS
  encoding matrix H is (73 tx x 80 el)  -- UNDER-DETERMINED, inversion is rank-deficient
  REFoCUS[adjoint] + beamform: 32 frames in 56s -> IQ (32, 382, 529, 2)
  ripple power at the 1.111 deg transmit spacing: 0.36%   total ripple RMS 14.2%
  wrote CombinedData_buffer3_refocus-adjoint_iq.hdf5 + .gif

########## [35] Z:/raw_data/C000000036/VIS-043_SW_data_07-August-2026_10-03-38/ ##########
buffer 3 (bmode_focused): raw (32, 73, 3968, 80, 1)  25.4 FPS
  encoding matrix H is (73 tx x 80 el)  -- UNDER-DETERMINED, inversion is rank-deficient
  REFoCUS[adjoint] + beamform: 32 frames in 54s -> IQ (32, 382, 529, 2)
  ripple power at the 1.111 deg transmit spacing: 0.28%   total ripple RMS 14.7%
  wrote CombinedData_buffer3_refocus-adjoint_iq.hdf5 + .gif

########## [36] Z:/raw_data/C000000037/VIS-042_SW_data_07-August-2026_08-39-39/ ##########
buffer 3 (bmode_focused): raw (32, 73, 3968, 80, 1)  25.4 FPS
  encoding matrix H is (73 tx x 80 el)  -- UNDER-DETERMINED, inversion is rank-deficient
  REFoCUS[adjoint] + beamform: 32 frames in 54s -> IQ (32, 382, 529, 2)
  ripple power at the 1.111 deg transmit spacing: 1.84%   total ripple RMS 14.4%
  wrote CombinedData_buffer3_refocus-adjoint_iq.hdf5 + .gif

########## [37] Z:/raw_data/C000000038/VIS-041_SW_data_04-August-2026_12-28-28/ ##########
buffer 3 (bmode_focused): raw (32, 73, 3968, 80, 1)  25.4 FPS
  encoding matrix H is (73 tx x 80 el)  -- UNDER-DETERMINED, inversion is rank-deficient
  REFoCUS[adjoint] + beamform: 32 frames in 56s -> IQ (32, 382, 529, 2)
  ripple power at the 1.111 deg transmit spacing: 0.15%   total ripple RMS 15.9%
  wrote CombinedData_buffer3_refocus-adjoint_iq.hdf5 + .gif

########## [38] Z:/raw_data/C000000039/VIS-040_SW_data_04-August-2026_11-46-05/ ##########
buffer 3 (bmode_focused): raw (32, 73, 3968, 80, 1)  25.4 FPS
  encoding matrix H is (73 tx x 80 el)  -- UNDER-DETERMINED, inversion is rank-deficient
  REFoCUS[adjoint] + beamform: 32 frames in 54s -> IQ (32, 382, 529, 2)
  ripple power at the 1.111 deg transmit spacing: 0.94%   total ripple RMS 17.8%
  wrote CombinedData_buffer3_refocus-adjoint_iq.hdf5 + .gif

########## [39] Z:/raw_data/C000000040/VIS-039_SW_data_04-August-2026_10-57-58/ ##########
buffer 3 (bmode_focused): raw (32, 73, 3968, 80, 1)  25.4 FPS
  encoding matrix H is (73 tx x 80 el)  -- UNDER-DETERMINED, inversion is rank-deficient
  REFoCUS[adjoint] + beamform: 32 frames in 54s -> IQ (32, 382, 529, 2)
  ripple power at the 1.111 deg transmit spacing: 0.17%   total ripple RMS 17.6%
  wrote CombinedData_buffer3_refocus-adjoint_iq.hdf5 + .gif

########## [40] Z:/raw_data/C000000041/VIS-038_SW_data_31-July-2026_09-01-39/ ##########
buffer 3 (bmode_focused): raw (32, 73, 3968, 80, 1)  25.4 FPS
  encoding matrix H is (73 tx x 80 el)  -- UNDER-DETERMINED, inversion is rank-deficient
  REFoCUS[adjoint] + beamform: 32 frames in 54s -> IQ (32, 382, 529, 2)
  ripple power at the 1.111 deg transmit spacing: 0.63%   total ripple RMS 17.0%
  wrote CombinedData_buffer3_refocus-adjoint_iq.hdf5 + .gif

########## [41] Z:/raw_data/C000000042/VIS-036_SW_data_28-July-2026_14-07-08/ ##########
buffer 3 (bmode_focused): raw (32, 73, 3968, 80, 1)  25.4 FPS
  encoding matrix H is (73 tx x 80 el)  -- UNDER-DETERMINED, inversion is rank-deficient
  REFoCUS[adjoint] + beamform: 32 frames in 56s -> IQ (32, 382, 529, 2)
  ripple power at the 1.111 deg transmit spacing: 0.21%   total ripple RMS 14.6%
  wrote CombinedData_buffer3_refocus-adjoint_iq.hdf5 + .gif

########## [42] Z:/raw_data/C000000043/VIS-035_SW_data_28-July-2026_12-24-19/ ##########
buffer 3 (bmode_focused): raw (32, 73, 3968, 80, 1)  25.4 FPS
  encoding matrix H is (73 tx x 80 el)  -- UNDER-DETERMINED, inversion is rank-deficient
  REFoCUS[adjoint] + beamform: 32 frames in 56s -> IQ (32, 382, 529, 2)
  ripple power at the 1.111 deg transmit spacing: 0.35%   total ripple RMS 13.3%
  wrote CombinedData_buffer3_refocus-adjoint_iq.hdf5 + .gif

########## [43] Z:/raw_data/C000000044/VIS-034_SW_data_28-July-2026_11-02-22/ ##########
buffer 3 (bmode_focused): raw (32, 73, 3968, 80, 1)  25.4 FPS
  encoding matrix H is (73 tx x 80 el)  -- UNDER-DETERMINED, inversion is rank-deficient
  REFoCUS[adjoint] + beamform: 32 frames in 54s -> IQ (32, 382, 529, 2)
  ripple power at the 1.111 deg transmit spacing: 0.83%   total ripple RMS 13.1%
  wrote CombinedData_buffer3_refocus-adjoint_iq.hdf5 + .gif

########## [44] Z:/raw_data/C000000045/VIS-033_SW_data_28-July-2026_09-25-55/ ##########
buffer 3 (bmode_focused): raw (32, 73, 3968, 80, 1)  25.4 FPS
  encoding matrix H is (73 tx x 80 el)  -- UNDER-DETERMINED, inversion is rank-deficient
  REFoCUS[adjoint] + beamform: 32 frames in 56s -> IQ (32, 382, 529, 2)
  ripple power at the 1.111 deg transmit spacing: 0.18%   total ripple RMS 13.3%
  wrote CombinedData_buffer3_refocus-adjoint_iq.hdf5 + .gif

SWEEP DONE: 44 ok, 0 failed, 44 folders
REFOCUS3_EXIT=0
