########## [1] Z:/raw_data/C000000001/SWE_01_SW_data_21-April-2026_12-12-54/output/
  CombinedData_buffer3_iq.hdf5: B-mode GIF, 25.4 Hz, 26 frames = 1.02 s -> 1.04 s GIF (real time); 26 frames @ 25 fps -> CombinedData_buffer3_iq.gif
  CombinedData_buffer3_refocus-adjoint_iq.hdf5: B-mode GIF, 25.4 Hz, 26 frames = 1.02 s -> 1.04 s GIF (real time); 26 frames @ 25 fps -> CombinedData_buffer3_refocus-adjoint_iq.gif
  CombinedData_buffer3_refocus-tikhonov_iq.hdf5: B-mode GIF, 25.4 Hz, 26 frames = 1.02 s -> 1.04 s GIF (real time); 26 frames @ 25 fps -> CombinedData_buffer3_refocus-tikhonov_iq.gif
  CombinedData_buffer3_refocus-tsvd_iq.hdf5: B-mode GIF, 25.4 Hz, 26 frames = 1.02 s -> 1.04 s GIF (real time); 26 frames @ 25 fps -> CombinedData_buffer3_refocus-tsvd_iq.gif
  CombinedData_buffer4_iq.hdf5: B-mode GIF, 925.9 Hz, 926 frames = 1.00 s -> 1.00 s GIF (real time); 50 frames @ 50 fps -> CombinedData_buffer4_iq.gif
  CombinedData_buffer5_iq.hdf5: B-mode GIF, 18.2 Hz, 20 frames = 1.10 s -> 1.10 s GIF (real time); 22 frames @ 20 fps -> CombinedData_buffer5_iq.gif
########## [2] Z:/raw_data/C000000002/SWE02_SW_data_28-April-2026_10-09-45/output/
=== GIFs from 25 IQ file(s) in Z:\raw_data\C000000002\SWE02_SW_data_28-April-2026_10-09-45\output (real time; adaptive levels, curve gamma2) ===
  CombinedData_buffer1_iq.hdf5: B-mode GIF, 88.2 Hz, 90 frames = 1.02 s -> 1.02 s GIF (real time); 51 frames @ 50 fps -> CombinedData_buffer1_iq.gif
  CombinedData_buffer3_iq.hdf5: B-mode GIF, 25.4 Hz, 26 frames = 1.02 s -> 1.04 s GIF (real time); 26 frames @ 25 fps -> CombinedData_buffer3_iq.gif
  CombinedData_buffer3_refocus-adjoint_iq.hdf5: B-mode GIF, 25.4 Hz, 26 frames = 1.02 s -> 1.04 s GIF (real time); 26 frames @ 25 fps -> CombinedData_buffer3_refocus-adjoint_iq.gif
  CombinedData_buffer4_iq.hdf5: B-mode GIF, 925.9 Hz, 926 frames = 1.00 s -> 1.00 s GIF (real time); 50 frames @ 50 fps -> CombinedData_buffer4_iq.gif
  CombinedData_buffer5_iq.hdf5: B-mode GIF, 18.2 Hz, 20 frames = 1.10 s -> 1.10 s GIF (real time); 22 frames @ 20 fps -> CombinedData_buffer5_iq.gif
########## [3] Z:/raw_data/C000000003/VIS_03_SW_data_16-June-2026_10-09-42/output/
=== GIFs from 25 IQ file(s) in Z:\raw_data\C000000003\VIS_03_SW_data_16-June-2026_10-09-42\output (real time; adaptive levels, curve gamma2) ===
  CombinedData_buffer1_iq.hdf5: B-mode GIF, 88.2 Hz, 90 frames = 1.02 s -> 1.02 s GIF (real time); 51 frames @ 50 fps -> CombinedData_buffer1_iq.gif
  CombinedData_buffer3_iq.hdf5: B-mode GIF, 25.4 Hz, 26 frames = 1.02 s -> 1.04 s GIF (real time); 26 frames @ 25 fps -> CombinedData_buffer3_iq.gif
  CombinedData_buffer3_refocus-adjoint_iq.hdf5: B-mode GIF, 25.4 Hz, 26 frames = 1.02 s -> 1.04 s GIF (real time); 26 frames @ 25 fps -> CombinedData_buffer3_refocus-adjoint_iq.gif
  CombinedData_buffer4_iq.hdf5: B-mode GIF, 925.9 Hz, 926 frames = 1.00 s -> 1.00 s GIF (real time); 50 frames @ 50 fps -> CombinedData_buffer4_iq.gif
  CombinedData_buffer5_iq.hdf5: B-mode GIF, 18.2 Hz, 20 frames = 1.10 s -> 1.10 s GIF (real time); 22 frames @ 20 fps -> CombinedData_buffer5_iq.gif
########## [4] Z:/raw_data/C000000004/VIS_4_SW_data_16-June-2026_10-58-59/output/
=== GIFs from 25 IQ file(s) in Z:\raw_data\C000000004\VIS_4_SW_data_16-June-2026_10-58-59\output (real time; adaptive levels, curve gamma2) ===
  CombinedData_buffer1_iq.hdf5: B-mode GIF, 88.2 Hz, 90 frames = 1.02 s -> 1.02 s GIF (real time); 51 frames @ 50 fps -> CombinedData_buffer1_iq.gif
  CombinedData_buffer3_iq.hdf5: B-mode GIF, 25.4 Hz, 26 frames = 1.02 s -> 1.04 s GIF (real time); 26 frames @ 25 fps -> CombinedData_buffer3_iq.gif
  CombinedData_buffer3_refocus-adjoint_iq.hdf5: B-mode GIF, 25.4 Hz, 26 frames = 1.02 s -> 1.04 s GIF (real time); 26 frames @ 25 fps -> CombinedData_buffer3_refocus-adjoint_iq.gif
  CombinedData_buffer4_iq.hdf5: B-mode GIF, 925.9 Hz, 926 frames = 1.00 s -> 1.00 s GIF (real time); 50 frames @ 50 fps -> CombinedData_buffer4_iq.gif
  CombinedData_buffer5_iq.hdf5: B-mode GIF, 18.2 Hz, 20 frames = 1.10 s -> 1.10 s GIF (real time); 22 frames @ 20 fps -> CombinedData_buffer5_iq.gif
########## [5] Z:/raw_data/C000000005/VIS-005_SW_data_19-June-2026_09-12-20/output/
=== GIFs from 25 IQ file(s) in Z:\raw_data\C000000005\VIS-005_SW_data_19-June-2026_09-12-20\output (real time; adaptive levels, curve gamma2) ===
  CombinedData_buffer1_iq.hdf5: B-mode GIF, 88.2 Hz, 90 frames = 1.02 s -> 1.02 s GIF (real time); 51 frames @ 50 fps -> CombinedData_buffer1_iq.gif
  CombinedData_buffer3_iq.hdf5: B-mode GIF, 25.4 Hz, 26 frames = 1.02 s -> 1.04 s GIF (real time); 26 frames @ 25 fps -> CombinedData_buffer3_iq.gif
  CombinedData_buffer3_refocus-adjoint_iq.hdf5: B-mode GIF, 25.4 Hz, 26 frames = 1.02 s -> 1.04 s GIF (real time); 26 frames @ 25 fps -> CombinedData_buffer3_refocus-adjoint_iq.gif
  CombinedData_buffer4_iq.hdf5: B-mode GIF, 925.9 Hz, 926 frames = 1.00 s -> 1.00 s GIF (real time); 50 frames @ 50 fps -> CombinedData_buffer4_iq.gif
  CombinedData_buffer5_iq.hdf5: B-mode GIF, 18.2 Hz, 20 frames = 1.10 s -> 1.10 s GIF (real time); 22 frames @ 20 fps -> CombinedData_buffer5_iq.gif
########## [6] Z:/raw_data/C000000007/VIS-007_SW_data_30-June-2026_11-45-50/output/
=== GIFs from 25 IQ file(s) in Z:\raw_data\C000000007\VIS-007_SW_data_30-June-2026_11-45-50\output (real time; adaptive levels, curve gamma2) ===
  CombinedData_buffer1_iq.hdf5: B-mode GIF, 88.2 Hz, 90 frames = 1.02 s -> 1.02 s GIF (real time); 51 frames @ 50 fps -> CombinedData_buffer1_iq.gif
  CombinedData_buffer3_iq.hdf5: B-mode GIF, 25.4 Hz, 26 frames = 1.02 s -> 1.04 s GIF (real time); 26 frames @ 25 fps -> CombinedData_buffer3_iq.gif
  CombinedData_buffer3_refocus-adjoint_iq.hdf5: B-mode GIF, 25.4 Hz, 26 frames = 1.02 s -> 1.04 s GIF (real time); 26 frames @ 25 fps -> CombinedData_buffer3_refocus-adjoint_iq.gif
  CombinedData_buffer4_iq.hdf5: B-mode GIF, 925.9 Hz, 926 frames = 1.00 s -> 1.00 s GIF (real time); 50 frames @ 50 fps -> CombinedData_buffer4_iq.gif
  CombinedData_buffer5_iq.hdf5: B-mode GIF, 18.2 Hz, 20 frames = 1.10 s -> 1.10 s GIF (real time); 22 frames @ 20 fps -> CombinedData_buffer5_iq.gif
########## [7] Z:/raw_data/C000000008/VIS-010_SW_data_03-July-2026_10-36-33/output/
=== GIFs from 25 IQ file(s) in Z:\raw_data\C000000008\VIS-010_SW_data_03-July-2026_10-36-33\output (real time; adaptive levels, curve gamma2) ===
  CombinedData_buffer1_iq.hdf5: B-mode GIF, 88.2 Hz, 90 frames = 1.02 s -> 1.02 s GIF (real time); 51 frames @ 50 fps -> CombinedData_buffer1_iq.gif
  CombinedData_buffer3_iq.hdf5: B-mode GIF, 25.4 Hz, 26 frames = 1.02 s -> 1.04 s GIF (real time); 26 frames @ 25 fps -> CombinedData_buffer3_iq.gif
  CombinedData_buffer3_refocus-adjoint_iq.hdf5: B-mode GIF, 25.4 Hz, 26 frames = 1.02 s -> 1.04 s GIF (real time); 26 frames @ 25 fps -> CombinedData_buffer3_refocus-adjoint_iq.gif
  CombinedData_buffer4_iq.hdf5: B-mode GIF, 925.9 Hz, 926 frames = 1.00 s -> 1.00 s GIF (real time); 50 frames @ 50 fps -> CombinedData_buffer4_iq.gif
  CombinedData_buffer5_iq.hdf5: B-mode GIF, 18.2 Hz, 20 frames = 1.10 s -> 1.10 s GIF (real time); 22 frames @ 20 fps -> CombinedData_buffer5_iq.gif
########## [8] Z:/raw_data/C000000009/VIS-009_SW_data_03-July-2026_09-43-33/output/
=== GIFs from 25 IQ file(s) in Z:\raw_data\C000000009\VIS-009_SW_data_03-July-2026_09-43-33\output (real time; adaptive levels, curve gamma2) ===
  CombinedData_buffer1_iq.hdf5: B-mode GIF, 88.2 Hz, 90 frames = 1.02 s -> 1.02 s GIF (real time); 51 frames @ 50 fps -> CombinedData_buffer1_iq.gif
  CombinedData_buffer3_iq.hdf5: B-mode GIF, 25.4 Hz, 26 frames = 1.02 s -> 1.04 s GIF (real time); 26 frames @ 25 fps -> CombinedData_buffer3_iq.gif
  CombinedData_buffer3_refocus-adjoint_iq.hdf5: B-mode GIF, 25.4 Hz, 26 frames = 1.02 s -> 1.04 s GIF (real time); 26 frames @ 25 fps -> CombinedData_buffer3_refocus-adjoint_iq.gif
  CombinedData_buffer4_iq.hdf5: B-mode GIF, 925.9 Hz, 926 frames = 1.00 s -> 1.00 s GIF (real time); 50 frames @ 50 fps -> CombinedData_buffer4_iq.gif
  CombinedData_buffer5_iq.hdf5: B-mode GIF, 18.2 Hz, 20 frames = 1.10 s -> 1.10 s GIF (real time); 22 frames @ 20 fps -> CombinedData_buffer5_iq.gif
########## [9] Z:/raw_data/C000000010/vis-006_SW_data_30-June-2026_09-43-28/output/
=== GIFs from 25 IQ file(s) in Z:\raw_data\C000000010\vis-006_SW_data_30-June-2026_09-43-28\output (real time; adaptive levels, curve gamma2) ===
  CombinedData_buffer1_iq.hdf5: B-mode GIF, 88.2 Hz, 90 frames = 1.02 s -> 1.02 s GIF (real time); 51 frames @ 50 fps -> CombinedData_buffer1_iq.gif
  CombinedData_buffer3_iq.hdf5: B-mode GIF, 25.4 Hz, 26 frames = 1.02 s -> 1.04 s GIF (real time); 26 frames @ 25 fps -> CombinedData_buffer3_iq.gif
  CombinedData_buffer3_refocus-adjoint_iq.hdf5: B-mode GIF, 25.4 Hz, 26 frames = 1.02 s -> 1.04 s GIF (real time); 26 frames @ 25 fps -> CombinedData_buffer3_refocus-adjoint_iq.gif
  CombinedData_buffer4_iq.hdf5: B-mode GIF, 925.9 Hz, 926 frames = 1.00 s -> 1.00 s GIF (real time); 50 frames @ 50 fps -> CombinedData_buffer4_iq.gif
  CombinedData_buffer5_iq.hdf5: B-mode GIF, 18.2 Hz, 20 frames = 1.10 s -> 1.10 s GIF (real time); 22 frames @ 20 fps -> CombinedData_buffer5_iq.gif
########## [10] Z:/raw_data/C000000011/VIS-11_SW_data_07-July-2026_08-40-05/output/
=== GIFs from 27 IQ file(s) in Z:\raw_data\C000000011\VIS-11_SW_data_07-July-2026_08-40-05\output (real time; adaptive levels, curve gamma2) ===
  CombinedData_buffer1_iq.hdf5: B-mode GIF, 88.2 Hz, 106 frames = 1.20 s -> 1.20 s GIF (real time); 60 frames @ 50 fps -> CombinedData_buffer1_iq.gif
  CombinedData_buffer3_iq.hdf5: B-mode GIF, 25.4 Hz, 32 frames = 1.26 s -> 1.28 s GIF (real time); 32 frames @ 25 fps -> CombinedData_buffer3_iq.gif
  CombinedData_buffer3_refocus-adjoint_iq.hdf5: B-mode GIF, 25.4 Hz, 32 frames = 1.26 s -> 1.28 s GIF (real time); 32 frames @ 25 fps -> CombinedData_buffer3_refocus-adjoint_iq.gif
  CombinedData_buffer4_iq.hdf5: B-mode GIF, 925.9 Hz, 1112 frames = 1.20 s -> 1.20 s GIF (real time); 60 frames @ 50 fps -> CombinedData_buffer4_iq.gif
  CombinedData_buffer5_iq.hdf5: B-mode GIF, 18.2 Hz, 22 frames = 1.21 s -> 1.20 s GIF (real time); 24 frames @ 20 fps -> CombinedData_buffer5_iq.gif
########## [11] Z:/raw_data/C000000012/VIS-014_SW_data_07-July-2026_11-41-37/output/
=== GIFs from 27 IQ file(s) in Z:\raw_data\C000000012\VIS-014_SW_data_07-July-2026_11-41-37\output (real time; adaptive levels, curve gamma2) ===
  CombinedData_buffer1_iq.hdf5: B-mode GIF, 88.2 Hz, 106 frames = 1.20 s -> 1.20 s GIF (real time); 60 frames @ 50 fps -> CombinedData_buffer1_iq.gif
  CombinedData_buffer3_iq.hdf5: B-mode GIF, 25.4 Hz, 32 frames = 1.26 s -> 1.28 s GIF (real time); 32 frames @ 25 fps -> CombinedData_buffer3_iq.gif
  CombinedData_buffer3_refocus-adjoint_iq.hdf5: B-mode GIF, 25.4 Hz, 32 frames = 1.26 s -> 1.28 s GIF (real time); 32 frames @ 25 fps -> CombinedData_buffer3_refocus-adjoint_iq.gif
  CombinedData_buffer4_iq.hdf5: B-mode GIF, 925.9 Hz, 1112 frames = 1.20 s -> 1.20 s GIF (real time); 60 frames @ 50 fps -> CombinedData_buffer4_iq.gif
  CombinedData_buffer5_iq.hdf5: B-mode GIF, 18.2 Hz, 22 frames = 1.21 s -> 1.20 s GIF (real time); 24 frames @ 20 fps -> CombinedData_buffer5_iq.gif
########## [12] Z:/raw_data/C000000013/VIS-016_SW_data_10-July-2026_10-11-11/output/
=== GIFs from 29 IQ file(s) in Z:\raw_data\C000000013\VIS-016_SW_data_10-July-2026_10-11-11\output (real time; adaptive levels, curve gamma2) ===
  CombinedData_buffer1_iq.hdf5: B-mode GIF, 88.2 Hz, 106 frames = 1.20 s -> 1.20 s GIF (real time); 60 frames @ 50 fps -> CombinedData_buffer1_iq.gif
  CombinedData_buffer3_iq.hdf5: B-mode GIF, 25.4 Hz, 32 frames = 1.26 s -> 1.28 s GIF (real time); 32 frames @ 25 fps -> CombinedData_buffer3_iq.gif
  CombinedData_buffer3_refocus-adjoint_iq.hdf5: B-mode GIF, 25.4 Hz, 32 frames = 1.26 s -> 1.28 s GIF (real time); 32 frames @ 25 fps -> CombinedData_buffer3_refocus-adjoint_iq.gif
  CombinedData_buffer4_iq.hdf5: B-mode GIF, 925.9 Hz, 1112 frames = 1.20 s -> 1.20 s GIF (real time); 60 frames @ 50 fps -> CombinedData_buffer4_iq.gif
  CombinedData_buffer5_iq.hdf5: B-mode GIF, 20.0 Hz, 24 frames = 1.20 s -> 1.20 s GIF (real time); 24 frames @ 20 fps -> CombinedData_buffer5_iq.gif
########## [13] Z:/raw_data/C000000014/VIS-008_SW_data_10-July-2026_08-36-06/output/
=== GIFs from 29 IQ file(s) in Z:\raw_data\C000000014\VIS-008_SW_data_10-July-2026_08-36-06\output (real time; adaptive levels, curve gamma2) ===
  CombinedData_buffer1_iq.hdf5: B-mode GIF, 88.2 Hz, 106 frames = 1.20 s -> 1.20 s GIF (real time); 60 frames @ 50 fps -> CombinedData_buffer1_iq.gif
  CombinedData_buffer3_iq.hdf5: B-mode GIF, 25.4 Hz, 32 frames = 1.26 s -> 1.28 s GIF (real time); 32 frames @ 25 fps -> CombinedData_buffer3_iq.gif
  CombinedData_buffer3_refocus-adjoint_iq.hdf5: B-mode GIF, 25.4 Hz, 32 frames = 1.26 s -> 1.28 s GIF (real time); 32 frames @ 25 fps -> CombinedData_buffer3_refocus-adjoint_iq.gif
  CombinedData_buffer4_iq.hdf5: B-mode GIF, 925.9 Hz, 1112 frames = 1.20 s -> 1.20 s GIF (real time); 60 frames @ 50 fps -> CombinedData_buffer4_iq.gif
  CombinedData_buffer5_iq.hdf5: B-mode GIF, 20.0 Hz, 24 frames = 1.20 s -> 1.20 s GIF (real time); 24 frames @ 20 fps -> CombinedData_buffer5_iq.gif
########## [14] Z:/raw_data/C000000015/VIS-017_SW_data_10-July-2026_10-53-28/output/
=== GIFs from 29 IQ file(s) in Z:\raw_data\C000000015\VIS-017_SW_data_10-July-2026_10-53-28\output (real time; adaptive levels, curve gamma2) ===
  CombinedData_buffer1_iq.hdf5: B-mode GIF, 88.2 Hz, 106 frames = 1.20 s -> 1.20 s GIF (real time); 60 frames @ 50 fps -> CombinedData_buffer1_iq.gif
  CombinedData_buffer3_iq.hdf5: B-mode GIF, 25.4 Hz, 32 frames = 1.26 s -> 1.28 s GIF (real time); 32 frames @ 25 fps -> CombinedData_buffer3_iq.gif
  CombinedData_buffer3_refocus-adjoint_iq.hdf5: B-mode GIF, 25.4 Hz, 32 frames = 1.26 s -> 1.28 s GIF (real time); 32 frames @ 25 fps -> CombinedData_buffer3_refocus-adjoint_iq.gif
  CombinedData_buffer4_iq.hdf5: B-mode GIF, 925.9 Hz, 1112 frames = 1.20 s -> 1.20 s GIF (real time); 60 frames @ 50 fps -> CombinedData_buffer4_iq.gif
  CombinedData_buffer5_iq.hdf5: B-mode GIF, 20.0 Hz, 24 frames = 1.20 s -> 1.20 s GIF (real time); 24 frames @ 20 fps -> CombinedData_buffer5_iq.gif
########## [15] Z:/raw_data/C000000016/VIS-015_SW_data_10-July-2026_09-24-32/output/
=== GIFs from 29 IQ file(s) in Z:\raw_data\C000000016\VIS-015_SW_data_10-July-2026_09-24-32\output (real time; adaptive levels, curve gamma2) ===
  CombinedData_buffer1_iq.hdf5: B-mode GIF, 88.2 Hz, 106 frames = 1.20 s -> 1.20 s GIF (real time); 60 frames @ 50 fps -> CombinedData_buffer1_iq.gif
  CombinedData_buffer3_iq.hdf5: B-mode GIF, 25.4 Hz, 32 frames = 1.26 s -> 1.28 s GIF (real time); 32 frames @ 25 fps -> CombinedData_buffer3_iq.gif
  CombinedData_buffer3_refocus-adjoint_iq.hdf5: B-mode GIF, 25.4 Hz, 32 frames = 1.26 s -> 1.28 s GIF (real time); 32 frames @ 25 fps -> CombinedData_buffer3_refocus-adjoint_iq.gif
  CombinedData_buffer4_iq.hdf5: B-mode GIF, 925.9 Hz, 1112 frames = 1.20 s -> 1.20 s GIF (real time); 60 frames @ 50 fps -> CombinedData_buffer4_iq.gif
  CombinedData_buffer5_iq.hdf5: B-mode GIF, 20.0 Hz, 24 frames = 1.20 s -> 1.20 s GIF (real time); 24 frames @ 20 fps -> CombinedData_buffer5_iq.gif
########## [16] Z:/raw_data/C000000017/VIS-013_SW_data_07-July-2026_10-52-55/output/
=== GIFs from 27 IQ file(s) in Z:\raw_data\C000000017\VIS-013_SW_data_07-July-2026_10-52-55\output (real time; adaptive levels, curve gamma2) ===
  CombinedData_buffer1_iq.hdf5: B-mode GIF, 88.2 Hz, 106 frames = 1.20 s -> 1.20 s GIF (real time); 60 frames @ 50 fps -> CombinedData_buffer1_iq.gif
  CombinedData_buffer3_iq.hdf5: B-mode GIF, 25.4 Hz, 32 frames = 1.26 s -> 1.28 s GIF (real time); 32 frames @ 25 fps -> CombinedData_buffer3_iq.gif
  CombinedData_buffer3_refocus-adjoint_iq.hdf5: B-mode GIF, 25.4 Hz, 32 frames = 1.26 s -> 1.28 s GIF (real time); 32 frames @ 25 fps -> CombinedData_buffer3_refocus-adjoint_iq.gif
  CombinedData_buffer4_iq.hdf5: B-mode GIF, 925.9 Hz, 1112 frames = 1.20 s -> 1.20 s GIF (real time); 60 frames @ 50 fps -> CombinedData_buffer4_iq.gif
  CombinedData_buffer5_iq.hdf5: B-mode GIF, 18.2 Hz, 22 frames = 1.21 s -> 1.20 s GIF (real time); 24 frames @ 20 fps -> CombinedData_buffer5_iq.gif
########## [17] Z:/raw_data/C000000018/VIS-012_SW_data_07-July-2026_09-21-31/output/
=== GIFs from 27 IQ file(s) in Z:\raw_data\C000000018\VIS-012_SW_data_07-July-2026_09-21-31\output (real time; adaptive levels, curve gamma2) ===
  CombinedData_buffer1_iq.hdf5: B-mode GIF, 88.2 Hz, 106 frames = 1.20 s -> 1.20 s GIF (real time); 60 frames @ 50 fps -> CombinedData_buffer1_iq.gif
  CombinedData_buffer3_iq.hdf5: B-mode GIF, 25.4 Hz, 32 frames = 1.26 s -> 1.28 s GIF (real time); 32 frames @ 25 fps -> CombinedData_buffer3_iq.gif
  CombinedData_buffer3_refocus-adjoint_iq.hdf5: B-mode GIF, 25.4 Hz, 32 frames = 1.26 s -> 1.28 s GIF (real time); 32 frames @ 25 fps -> CombinedData_buffer3_refocus-adjoint_iq.gif
  CombinedData_buffer4_iq.hdf5: B-mode GIF, 925.9 Hz, 1112 frames = 1.20 s -> 1.20 s GIF (real time); 60 frames @ 50 fps -> CombinedData_buffer4_iq.gif
  CombinedData_buffer5_iq.hdf5: B-mode GIF, 18.2 Hz, 22 frames = 1.21 s -> 1.20 s GIF (real time); 24 frames @ 20 fps -> CombinedData_buffer5_iq.gif
########## [18] Z:/raw_data/C000000019/VIS-027_SW_data_21-July-2026_11-19-20/output/
=== GIFs from 29 IQ file(s) in Z:\raw_data\C000000019\VIS-027_SW_data_21-July-2026_11-19-20\output (real time; adaptive levels, curve gamma2) ===
  CombinedData_buffer1_iq.hdf5: B-mode GIF, 88.2 Hz, 106 frames = 1.20 s -> 1.20 s GIF (real time); 60 frames @ 50 fps -> CombinedData_buffer1_iq.gif
  CombinedData_buffer3_iq.hdf5: B-mode GIF, 25.4 Hz, 32 frames = 1.26 s -> 1.28 s GIF (real time); 32 frames @ 25 fps -> CombinedData_buffer3_iq.gif
  CombinedData_buffer3_refocus-adjoint_iq.hdf5: B-mode GIF, 25.4 Hz, 32 frames = 1.26 s -> 1.28 s GIF (real time); 32 frames @ 25 fps -> CombinedData_buffer3_refocus-adjoint_iq.gif
  CombinedData_buffer4_iq.hdf5: B-mode GIF, 925.9 Hz, 1112 frames = 1.20 s -> 1.20 s GIF (real time); 60 frames @ 50 fps -> CombinedData_buffer4_iq.gif
  CombinedData_buffer5_iq.hdf5: B-mode GIF, 20.0 Hz, 24 frames = 1.20 s -> 1.20 s GIF (real time); 24 frames @ 20 fps -> CombinedData_buffer5_iq.gif
########## [19] Z:/raw_data/C000000020/VIS-026_SW_data_21-July-2026_10-42-10/output/
=== GIFs from 29 IQ file(s) in Z:\raw_data\C000000020\VIS-026_SW_data_21-July-2026_10-42-10\output (real time; adaptive levels, curve gamma2) ===
  CombinedData_buffer1_iq.hdf5: B-mode GIF, 88.2 Hz, 106 frames = 1.20 s -> 1.20 s GIF (real time); 60 frames @ 50 fps -> CombinedData_buffer1_iq.gif
  CombinedData_buffer3_iq.hdf5: B-mode GIF, 25.4 Hz, 32 frames = 1.26 s -> 1.28 s GIF (real time); 32 frames @ 25 fps -> CombinedData_buffer3_iq.gif
  CombinedData_buffer3_refocus-adjoint_iq.hdf5: B-mode GIF, 25.4 Hz, 32 frames = 1.26 s -> 1.28 s GIF (real time); 32 frames @ 25 fps -> CombinedData_buffer3_refocus-adjoint_iq.gif
  CombinedData_buffer4_iq.hdf5: B-mode GIF, 925.9 Hz, 1112 frames = 1.20 s -> 1.20 s GIF (real time); 60 frames @ 50 fps -> CombinedData_buffer4_iq.gif
  CombinedData_buffer5_iq.hdf5: B-mode GIF, 20.0 Hz, 24 frames = 1.20 s -> 1.20 s GIF (real time); 24 frames @ 20 fps -> CombinedData_buffer5_iq.gif
########## [20] Z:/raw_data/C000000021/VIS-024_SW_data_17-July-2026_09-35-47/output/
=== GIFs from 29 IQ file(s) in Z:\raw_data\C000000021\VIS-024_SW_data_17-July-2026_09-35-47\output (real time; adaptive levels, curve gamma2) ===
  CombinedData_buffer1_iq.hdf5: B-mode GIF, 88.2 Hz, 106 frames = 1.20 s -> 1.20 s GIF (real time); 60 frames @ 50 fps -> CombinedData_buffer1_iq.gif
  CombinedData_buffer3_iq.hdf5: B-mode GIF, 25.4 Hz, 32 frames = 1.26 s -> 1.28 s GIF (real time); 32 frames @ 25 fps -> CombinedData_buffer3_iq.gif
  CombinedData_buffer3_refocus-adjoint_iq.hdf5: B-mode GIF, 25.4 Hz, 32 frames = 1.26 s -> 1.28 s GIF (real time); 32 frames @ 25 fps -> CombinedData_buffer3_refocus-adjoint_iq.gif
  CombinedData_buffer4_iq.hdf5: B-mode GIF, 925.9 Hz, 1112 frames = 1.20 s -> 1.20 s GIF (real time); 60 frames @ 50 fps -> CombinedData_buffer4_iq.gif
  CombinedData_buffer5_iq.hdf5: B-mode GIF, 20.0 Hz, 24 frames = 1.20 s -> 1.20 s GIF (real time); 24 frames @ 20 fps -> CombinedData_buffer5_iq.gif
########## [21] Z:/raw_data/C000000022/VIS-023_SW_data_17-July-2026_08-48-06/output/
=== GIFs from 29 IQ file(s) in Z:\raw_data\C000000022\VIS-023_SW_data_17-July-2026_08-48-06\output (real time; adaptive levels, curve gamma2) ===
  CombinedData_buffer1_iq.hdf5: B-mode GIF, 88.2 Hz, 106 frames = 1.20 s -> 1.20 s GIF (real time); 60 frames @ 50 fps -> CombinedData_buffer1_iq.gif
  CombinedData_buffer3_iq.hdf5: B-mode GIF, 25.4 Hz, 32 frames = 1.26 s -> 1.28 s GIF (real time); 32 frames @ 25 fps -> CombinedData_buffer3_iq.gif
  CombinedData_buffer3_refocus-adjoint_iq.hdf5: B-mode GIF, 25.4 Hz, 32 frames = 1.26 s -> 1.28 s GIF (real time); 32 frames @ 25 fps -> CombinedData_buffer3_refocus-adjoint_iq.gif
  CombinedData_buffer4_iq.hdf5: B-mode GIF, 925.9 Hz, 1112 frames = 1.20 s -> 1.20 s GIF (real time); 60 frames @ 50 fps -> CombinedData_buffer4_iq.gif
  CombinedData_buffer5_iq.hdf5: B-mode GIF, 20.0 Hz, 24 frames = 1.20 s -> 1.20 s GIF (real time); 24 frames @ 20 fps -> CombinedData_buffer5_iq.gif
########## [22] Z:/raw_data/C000000023/VIS-022_SW_data_14-July-2026_11-41-10/output/
=== GIFs from 29 IQ file(s) in Z:\raw_data\C000000023\VIS-022_SW_data_14-July-2026_11-41-10\output (real time; adaptive levels, curve gamma2) ===
  CombinedData_buffer1_iq.hdf5: B-mode GIF, 88.2 Hz, 106 frames = 1.20 s -> 1.20 s GIF (real time); 60 frames @ 50 fps -> CombinedData_buffer1_iq.gif
  CombinedData_buffer3_iq.hdf5: B-mode GIF, 25.4 Hz, 32 frames = 1.26 s -> 1.28 s GIF (real time); 32 frames @ 25 fps -> CombinedData_buffer3_iq.gif
  CombinedData_buffer3_refocus-adjoint_iq.hdf5: B-mode GIF, 25.4 Hz, 32 frames = 1.26 s -> 1.28 s GIF (real time); 32 frames @ 25 fps -> CombinedData_buffer3_refocus-adjoint_iq.gif
  CombinedData_buffer4_iq.hdf5: B-mode GIF, 925.9 Hz, 1112 frames = 1.20 s -> 1.20 s GIF (real time); 60 frames @ 50 fps -> CombinedData_buffer4_iq.gif
  CombinedData_buffer5_iq.hdf5: B-mode GIF, 20.0 Hz, 24 frames = 1.20 s -> 1.20 s GIF (real time); 24 frames @ 20 fps -> CombinedData_buffer5_iq.gif
########## [23] Z:/raw_data/C000000024/VIS-021_SW_data_14-July-2026_10-55-16/output/
=== GIFs from 29 IQ file(s) in Z:\raw_data\C000000024\VIS-021_SW_data_14-July-2026_10-55-16\output (real time; adaptive levels, curve gamma2) ===
  CombinedData_buffer1_iq.hdf5: B-mode GIF, 88.2 Hz, 106 frames = 1.20 s -> 1.20 s GIF (real time); 60 frames @ 50 fps -> CombinedData_buffer1_iq.gif
  CombinedData_buffer3_iq.hdf5: B-mode GIF, 25.4 Hz, 32 frames = 1.26 s -> 1.28 s GIF (real time); 32 frames @ 25 fps -> CombinedData_buffer3_iq.gif
  CombinedData_buffer3_refocus-adjoint_iq.hdf5: B-mode GIF, 25.4 Hz, 32 frames = 1.26 s -> 1.28 s GIF (real time); 32 frames @ 25 fps -> CombinedData_buffer3_refocus-adjoint_iq.gif
  CombinedData_buffer4_iq.hdf5: B-mode GIF, 925.9 Hz, 1112 frames = 1.20 s -> 1.20 s GIF (real time); 60 frames @ 50 fps -> CombinedData_buffer4_iq.gif
  CombinedData_buffer5_iq.hdf5: B-mode GIF, 20.0 Hz, 24 frames = 1.20 s -> 1.20 s GIF (real time); 24 frames @ 20 fps -> CombinedData_buffer5_iq.gif
########## [24] Z:/raw_data/C000000025/VIS-025_SW_data_21-July-2026_09-53-09/output/
=== GIFs from 29 IQ file(s) in Z:\raw_data\C000000025\VIS-025_SW_data_21-July-2026_09-53-09\output (real time; adaptive levels, curve gamma2) ===
  CombinedData_buffer1_iq.hdf5: B-mode GIF, 88.2 Hz, 106 frames = 1.20 s -> 1.20 s GIF (real time); 60 frames @ 50 fps -> CombinedData_buffer1_iq.gif
  CombinedData_buffer3_iq.hdf5: B-mode GIF, 25.4 Hz, 32 frames = 1.26 s -> 1.28 s GIF (real time); 32 frames @ 25 fps -> CombinedData_buffer3_iq.gif
  CombinedData_buffer3_refocus-adjoint_iq.hdf5: B-mode GIF, 25.4 Hz, 32 frames = 1.26 s -> 1.28 s GIF (real time); 32 frames @ 25 fps -> CombinedData_buffer3_refocus-adjoint_iq.gif
  CombinedData_buffer4_iq.hdf5: B-mode GIF, 925.9 Hz, 1112 frames = 1.20 s -> 1.20 s GIF (real time); 60 frames @ 50 fps -> CombinedData_buffer4_iq.gif
  CombinedData_buffer5_iq.hdf5: B-mode GIF, 20.0 Hz, 24 frames = 1.20 s -> 1.20 s GIF (real time); 24 frames @ 20 fps -> CombinedData_buffer5_iq.gif
########## [25] Z:/raw_data/C000000026/VIS-020_SW_data_14-July-2026_10-03-40/output/
=== GIFs from 29 IQ file(s) in Z:\raw_data\C000000026\VIS-020_SW_data_14-July-2026_10-03-40\output (real time; adaptive levels, curve gamma2) ===
  CombinedData_buffer1_iq.hdf5: B-mode GIF, 88.2 Hz, 106 frames = 1.20 s -> 1.20 s GIF (real time); 60 frames @ 50 fps -> CombinedData_buffer1_iq.gif
  CombinedData_buffer3_iq.hdf5: B-mode GIF, 25.4 Hz, 32 frames = 1.26 s -> 1.28 s GIF (real time); 32 frames @ 25 fps -> CombinedData_buffer3_iq.gif
  CombinedData_buffer3_refocus-adjoint_iq.hdf5: B-mode GIF, 25.4 Hz, 32 frames = 1.26 s -> 1.28 s GIF (real time); 32 frames @ 25 fps -> CombinedData_buffer3_refocus-adjoint_iq.gif
  CombinedData_buffer4_iq.hdf5: B-mode GIF, 925.9 Hz, 1112 frames = 1.20 s -> 1.20 s GIF (real time); 60 frames @ 50 fps -> CombinedData_buffer4_iq.gif
  CombinedData_buffer5_iq.hdf5: B-mode GIF, 20.0 Hz, 24 frames = 1.20 s -> 1.20 s GIF (real time); 24 frames @ 20 fps -> CombinedData_buffer5_iq.gif
########## [26] Z:/raw_data/C000000027/VIS-019_SW_data_14-July-2026_09-20-26/output/
=== GIFs from 29 IQ file(s) in Z:\raw_data\C000000027\VIS-019_SW_data_14-July-2026_09-20-26\output (real time; adaptive levels, curve gamma2) ===
  CombinedData_buffer1_iq.hdf5: B-mode GIF, 88.2 Hz, 106 frames = 1.20 s -> 1.20 s GIF (real time); 60 frames @ 50 fps -> CombinedData_buffer1_iq.gif
  CombinedData_buffer3_iq.hdf5: B-mode GIF, 25.4 Hz, 32 frames = 1.26 s -> 1.28 s GIF (real time); 32 frames @ 25 fps -> CombinedData_buffer3_iq.gif
  CombinedData_buffer3_refocus-adjoint_iq.hdf5: B-mode GIF, 25.4 Hz, 32 frames = 1.26 s -> 1.28 s GIF (real time); 32 frames @ 25 fps -> CombinedData_buffer3_refocus-adjoint_iq.gif
  CombinedData_buffer4_iq.hdf5: B-mode GIF, 925.9 Hz, 1112 frames = 1.20 s -> 1.20 s GIF (real time); 60 frames @ 50 fps -> CombinedData_buffer4_iq.gif
  CombinedData_buffer5_iq.hdf5: B-mode GIF, 20.0 Hz, 24 frames = 1.20 s -> 1.20 s GIF (real time); 24 frames @ 20 fps -> CombinedData_buffer5_iq.gif
########## [27] Z:/raw_data/C000000028/VIS-018_SW_data_14-July-2026_08-30-41/output/
=== GIFs from 29 IQ file(s) in Z:\raw_data\C000000028\VIS-018_SW_data_14-July-2026_08-30-41\output (real time; adaptive levels, curve gamma2) ===
  CombinedData_buffer1_iq.hdf5: B-mode GIF, 88.2 Hz, 106 frames = 1.20 s -> 1.20 s GIF (real time); 60 frames @ 50 fps -> CombinedData_buffer1_iq.gif
  CombinedData_buffer3_iq.hdf5: B-mode GIF, 25.4 Hz, 32 frames = 1.26 s -> 1.28 s GIF (real time); 32 frames @ 25 fps -> CombinedData_buffer3_iq.gif
  CombinedData_buffer3_refocus-adjoint_iq.hdf5: B-mode GIF, 25.4 Hz, 32 frames = 1.26 s -> 1.28 s GIF (real time); 32 frames @ 25 fps -> CombinedData_buffer3_refocus-adjoint_iq.gif
  CombinedData_buffer4_iq.hdf5: B-mode GIF, 925.9 Hz, 1112 frames = 1.20 s -> 1.20 s GIF (real time); 60 frames @ 50 fps -> CombinedData_buffer4_iq.gif
  CombinedData_buffer5_iq.hdf5: B-mode GIF, 20.0 Hz, 24 frames = 1.20 s -> 1.20 s GIF (real time); 24 frames @ 20 fps -> CombinedData_buffer5_iq.gif
########## [28] Z:/raw_data/C000000029/VIS-031_SW_data_24-July-2026_11-11-50/output/
=== GIFs from 29 IQ file(s) in Z:\raw_data\C000000029\VIS-031_SW_data_24-July-2026_11-11-50\output (real time; adaptive levels, curve gamma2) ===
  CombinedData_buffer1_iq.hdf5: B-mode GIF, 88.2 Hz, 106 frames = 1.20 s -> 1.20 s GIF (real time); 60 frames @ 50 fps -> CombinedData_buffer1_iq.gif
  CombinedData_buffer3_iq.hdf5: B-mode GIF, 25.4 Hz, 32 frames = 1.26 s -> 1.28 s GIF (real time); 32 frames @ 25 fps -> CombinedData_buffer3_iq.gif
  CombinedData_buffer3_refocus-adjoint_iq.hdf5: B-mode GIF, 25.4 Hz, 32 frames = 1.26 s -> 1.28 s GIF (real time); 32 frames @ 25 fps -> CombinedData_buffer3_refocus-adjoint_iq.gif
  CombinedData_buffer4_iq.hdf5: B-mode GIF, 925.9 Hz, 1112 frames = 1.20 s -> 1.20 s GIF (real time); 60 frames @ 50 fps -> CombinedData_buffer4_iq.gif
  CombinedData_buffer5_iq.hdf5: B-mode GIF, 20.0 Hz, 24 frames = 1.20 s -> 1.20 s GIF (real time); 24 frames @ 20 fps -> CombinedData_buffer5_iq.gif
########## [29] Z:/raw_data/C000000030/VIS-029_SW_data_24-July-2026_09-36-27/output/
=== GIFs from 29 IQ file(s) in Z:\raw_data\C000000030\VIS-029_SW_data_24-July-2026_09-36-27\output (real time; adaptive levels, curve gamma2) ===
  CombinedData_buffer1_iq.hdf5: B-mode GIF, 88.2 Hz, 106 frames = 1.20 s -> 1.20 s GIF (real time); 60 frames @ 50 fps -> CombinedData_buffer1_iq.gif
  CombinedData_buffer3_iq.hdf5: B-mode GIF, 25.4 Hz, 32 frames = 1.26 s -> 1.28 s GIF (real time); 32 frames @ 25 fps -> CombinedData_buffer3_iq.gif
  CombinedData_buffer3_refocus-adjoint_iq.hdf5: B-mode GIF, 25.4 Hz, 32 frames = 1.26 s -> 1.28 s GIF (real time); 32 frames @ 25 fps -> CombinedData_buffer3_refocus-adjoint_iq.gif
  CombinedData_buffer4_iq.hdf5: B-mode GIF, 925.9 Hz, 1112 frames = 1.20 s -> 1.20 s GIF (real time); 60 frames @ 50 fps -> CombinedData_buffer4_iq.gif
  CombinedData_buffer5_iq.hdf5: B-mode GIF, 20.0 Hz, 24 frames = 1.20 s -> 1.20 s GIF (real time); 24 frames @ 20 fps -> CombinedData_buffer5_iq.gif
########## [30] Z:/raw_data/C000000031/VIS-032_SW_data_24-July-2026_11-57-06/output/
=== GIFs from 29 IQ file(s) in Z:\raw_data\C000000031\VIS-032_SW_data_24-July-2026_11-57-06\output (real time; adaptive levels, curve gamma2) ===
  CombinedData_buffer1_iq.hdf5: B-mode GIF, 88.2 Hz, 106 frames = 1.20 s -> 1.20 s GIF (real time); 60 frames @ 50 fps -> CombinedData_buffer1_iq.gif
  CombinedData_buffer3_iq.hdf5: B-mode GIF, 25.4 Hz, 32 frames = 1.26 s -> 1.28 s GIF (real time); 32 frames @ 25 fps -> CombinedData_buffer3_iq.gif
  CombinedData_buffer3_refocus-adjoint_iq.hdf5: B-mode GIF, 25.4 Hz, 32 frames = 1.26 s -> 1.28 s GIF (real time); 32 frames @ 25 fps -> CombinedData_buffer3_refocus-adjoint_iq.gif
  CombinedData_buffer4_iq.hdf5: B-mode GIF, 925.9 Hz, 1112 frames = 1.20 s -> 1.20 s GIF (real time); 60 frames @ 50 fps -> CombinedData_buffer4_iq.gif
  CombinedData_buffer5_iq.hdf5: B-mode GIF, 20.0 Hz, 24 frames = 1.20 s -> 1.20 s GIF (real time); 24 frames @ 20 fps -> CombinedData_buffer5_iq.gif
########## [31] Z:/raw_data/C000000032/VIS-030_SW_data_24-July-2026_10-24-32/output/
=== GIFs from 29 IQ file(s) in Z:\raw_data\C000000032\VIS-030_SW_data_24-July-2026_10-24-32\output (real time; adaptive levels, curve gamma2) ===
  CombinedData_buffer1_iq.hdf5: B-mode GIF, 88.2 Hz, 106 frames = 1.20 s -> 1.20 s GIF (real time); 60 frames @ 50 fps -> CombinedData_buffer1_iq.gif
  CombinedData_buffer3_iq.hdf5: B-mode GIF, 25.4 Hz, 32 frames = 1.26 s -> 1.28 s GIF (real time); 32 frames @ 25 fps -> CombinedData_buffer3_iq.gif
  CombinedData_buffer3_refocus-adjoint_iq.hdf5: B-mode GIF, 25.4 Hz, 32 frames = 1.26 s -> 1.28 s GIF (real time); 32 frames @ 25 fps -> CombinedData_buffer3_refocus-adjoint_iq.gif
  CombinedData_buffer4_iq.hdf5: B-mode GIF, 925.9 Hz, 1112 frames = 1.20 s -> 1.20 s GIF (real time); 60 frames @ 50 fps -> CombinedData_buffer4_iq.gif
  CombinedData_buffer5_iq.hdf5: B-mode GIF, 20.0 Hz, 24 frames = 1.20 s -> 1.20 s GIF (real time); 24 frames @ 20 fps -> CombinedData_buffer5_iq.gif
########## [32] Z:/raw_data/C000000033/VIS-028_SW_data_24-July-2026_08-43-33/output/
=== GIFs from 29 IQ file(s) in Z:\raw_data\C000000033\VIS-028_SW_data_24-July-2026_08-43-33\output (real time; adaptive levels, curve gamma2) ===
  CombinedData_buffer1_iq.hdf5: B-mode GIF, 88.2 Hz, 106 frames = 1.20 s -> 1.20 s GIF (real time); 60 frames @ 50 fps -> CombinedData_buffer1_iq.gif
  CombinedData_buffer3_iq.hdf5: B-mode GIF, 25.4 Hz, 32 frames = 1.26 s -> 1.28 s GIF (real time); 32 frames @ 25 fps -> CombinedData_buffer3_iq.gif
  CombinedData_buffer3_refocus-adjoint_iq.hdf5: B-mode GIF, 25.4 Hz, 32 frames = 1.26 s -> 1.28 s GIF (real time); 32 frames @ 25 fps -> CombinedData_buffer3_refocus-adjoint_iq.gif
  CombinedData_buffer4_iq.hdf5: B-mode GIF, 925.9 Hz, 1112 frames = 1.20 s -> 1.20 s GIF (real time); 60 frames @ 50 fps -> CombinedData_buffer4_iq.gif
  CombinedData_buffer5_iq.hdf5: B-mode GIF, 20.0 Hz, 24 frames = 1.20 s -> 1.20 s GIF (real time); 24 frames @ 20 fps -> CombinedData_buffer5_iq.gif
########## [33] Z:/raw_data/C000000034/VIS-045_SW_data_07-August-2026_11-42-13/output/
=== GIFs from 29 IQ file(s) in Z:\raw_data\C000000034\VIS-045_SW_data_07-August-2026_11-42-13\output (real time; adaptive levels, curve gamma2) ===
  CombinedData_buffer1_iq.hdf5: B-mode GIF, 88.2 Hz, 106 frames = 1.20 s -> 1.20 s GIF (real time); 60 frames @ 50 fps -> CombinedData_buffer1_iq.gif
  CombinedData_buffer3_iq.hdf5: B-mode GIF, 25.4 Hz, 32 frames = 1.26 s -> 1.28 s GIF (real time); 32 frames @ 25 fps -> CombinedData_buffer3_iq.gif
  CombinedData_buffer3_refocus-adjoint_iq.hdf5: B-mode GIF, 25.4 Hz, 32 frames = 1.26 s -> 1.28 s GIF (real time); 32 frames @ 25 fps -> CombinedData_buffer3_refocus-adjoint_iq.gif
  CombinedData_buffer4_iq.hdf5: B-mode GIF, 925.9 Hz, 1112 frames = 1.20 s -> 1.20 s GIF (real time); 60 frames @ 50 fps -> CombinedData_buffer4_iq.gif
  CombinedData_buffer5_iq.hdf5: B-mode GIF, 20.0 Hz, 24 frames = 1.20 s -> 1.20 s GIF (real time); 24 frames @ 20 fps -> CombinedData_buffer5_iq.gif
########## [34] Z:/raw_data/C000000035/VIS-044_SW_data_07-August-2026_10-54-57/output/
=== GIFs from 29 IQ file(s) in Z:\raw_data\C000000035\VIS-044_SW_data_07-August-2026_10-54-57\output (real time; adaptive levels, curve gamma2) ===
  CombinedData_buffer1_iq.hdf5: B-mode GIF, 88.2 Hz, 106 frames = 1.20 s -> 1.20 s GIF (real time); 60 frames @ 50 fps -> CombinedData_buffer1_iq.gif
  CombinedData_buffer3_iq.hdf5: B-mode GIF, 25.4 Hz, 32 frames = 1.26 s -> 1.28 s GIF (real time); 32 frames @ 25 fps -> CombinedData_buffer3_iq.gif
  CombinedData_buffer3_refocus-adjoint_iq.hdf5: B-mode GIF, 25.4 Hz, 32 frames = 1.26 s -> 1.28 s GIF (real time); 32 frames @ 25 fps -> CombinedData_buffer3_refocus-adjoint_iq.gif
  CombinedData_buffer4_iq.hdf5: B-mode GIF, 925.9 Hz, 1112 frames = 1.20 s -> 1.20 s GIF (real time); 60 frames @ 50 fps -> CombinedData_buffer4_iq.gif
  CombinedData_buffer5_iq.hdf5: B-mode GIF, 20.0 Hz, 24 frames = 1.20 s -> 1.20 s GIF (real time); 24 frames @ 20 fps -> CombinedData_buffer5_iq.gif
########## [35] Z:/raw_data/C000000036/VIS-043_SW_data_07-August-2026_10-03-38/output/
=== GIFs from 29 IQ file(s) in Z:\raw_data\C000000036\VIS-043_SW_data_07-August-2026_10-03-38\output (real time; adaptive levels, curve gamma2) ===
  CombinedData_buffer1_iq.hdf5: B-mode GIF, 88.2 Hz, 106 frames = 1.20 s -> 1.20 s GIF (real time); 60 frames @ 50 fps -> CombinedData_buffer1_iq.gif
  CombinedData_buffer3_iq.hdf5: B-mode GIF, 25.4 Hz, 32 frames = 1.26 s -> 1.28 s GIF (real time); 32 frames @ 25 fps -> CombinedData_buffer3_iq.gif
  CombinedData_buffer3_refocus-adjoint_iq.hdf5: B-mode GIF, 25.4 Hz, 32 frames = 1.26 s -> 1.28 s GIF (real time); 32 frames @ 25 fps -> CombinedData_buffer3_refocus-adjoint_iq.gif
  CombinedData_buffer4_iq.hdf5: B-mode GIF, 925.9 Hz, 1112 frames = 1.20 s -> 1.20 s GIF (real time); 60 frames @ 50 fps -> CombinedData_buffer4_iq.gif
  CombinedData_buffer5_iq.hdf5: B-mode GIF, 20.0 Hz, 24 frames = 1.20 s -> 1.20 s GIF (real time); 24 frames @ 20 fps -> CombinedData_buffer5_iq.gif
########## [36] Z:/raw_data/C000000037/VIS-042_SW_data_07-August-2026_08-39-39/output/
=== GIFs from 29 IQ file(s) in Z:\raw_data\C000000037\VIS-042_SW_data_07-August-2026_08-39-39\output (real time; adaptive levels, curve gamma2) ===
  CombinedData_buffer1_iq.hdf5: B-mode GIF, 88.2 Hz, 106 frames = 1.20 s -> 1.20 s GIF (real time); 60 frames @ 50 fps -> CombinedData_buffer1_iq.gif
  CombinedData_buffer3_iq.hdf5: B-mode GIF, 25.4 Hz, 32 frames = 1.26 s -> 1.28 s GIF (real time); 32 frames @ 25 fps -> CombinedData_buffer3_iq.gif
  CombinedData_buffer3_refocus-adjoint_iq.hdf5: B-mode GIF, 25.4 Hz, 32 frames = 1.26 s -> 1.28 s GIF (real time); 32 frames @ 25 fps -> CombinedData_buffer3_refocus-adjoint_iq.gif
  CombinedData_buffer4_iq.hdf5: B-mode GIF, 925.9 Hz, 1112 frames = 1.20 s -> 1.20 s GIF (real time); 60 frames @ 50 fps -> CombinedData_buffer4_iq.gif
  CombinedData_buffer5_iq.hdf5: B-mode GIF, 20.0 Hz, 24 frames = 1.20 s -> 1.20 s GIF (real time); 24 frames @ 20 fps -> CombinedData_buffer5_iq.gif
########## [37] Z:/raw_data/C000000038/VIS-041_SW_data_04-August-2026_12-28-28/output/
=== GIFs from 29 IQ file(s) in Z:\raw_data\C000000038\VIS-041_SW_data_04-August-2026_12-28-28\output (real time; adaptive levels, curve gamma2) ===
  CombinedData_buffer1_iq.hdf5: B-mode GIF, 88.2 Hz, 106 frames = 1.20 s -> 1.20 s GIF (real time); 60 frames @ 50 fps -> CombinedData_buffer1_iq.gif
  CombinedData_buffer3_iq.hdf5: B-mode GIF, 25.4 Hz, 32 frames = 1.26 s -> 1.28 s GIF (real time); 32 frames @ 25 fps -> CombinedData_buffer3_iq.gif
  CombinedData_buffer3_refocus-adjoint_iq.hdf5: B-mode GIF, 25.4 Hz, 32 frames = 1.26 s -> 1.28 s GIF (real time); 32 frames @ 25 fps -> CombinedData_buffer3_refocus-adjoint_iq.gif
  CombinedData_buffer4_iq.hdf5: B-mode GIF, 925.9 Hz, 1112 frames = 1.20 s -> 1.20 s GIF (real time); 60 frames @ 50 fps -> CombinedData_buffer4_iq.gif
  CombinedData_buffer5_iq.hdf5: B-mode GIF, 20.0 Hz, 24 frames = 1.20 s -> 1.20 s GIF (real time); 24 frames @ 20 fps -> CombinedData_buffer5_iq.gif
########## [38] Z:/raw_data/C000000039/VIS-040_SW_data_04-August-2026_11-46-05/output/
=== GIFs from 29 IQ file(s) in Z:\raw_data\C000000039\VIS-040_SW_data_04-August-2026_11-46-05\output (real time; adaptive levels, curve gamma2) ===
  CombinedData_buffer1_iq.hdf5: B-mode GIF, 88.2 Hz, 106 frames = 1.20 s -> 1.20 s GIF (real time); 60 frames @ 50 fps -> CombinedData_buffer1_iq.gif
  CombinedData_buffer3_iq.hdf5: B-mode GIF, 25.4 Hz, 32 frames = 1.26 s -> 1.28 s GIF (real time); 32 frames @ 25 fps -> CombinedData_buffer3_iq.gif
  CombinedData_buffer3_refocus-adjoint_iq.hdf5: B-mode GIF, 25.4 Hz, 32 frames = 1.26 s -> 1.28 s GIF (real time); 32 frames @ 25 fps -> CombinedData_buffer3_refocus-adjoint_iq.gif
  CombinedData_buffer4_iq.hdf5: B-mode GIF, 925.9 Hz, 1112 frames = 1.20 s -> 1.20 s GIF (real time); 60 frames @ 50 fps -> CombinedData_buffer4_iq.gif
  CombinedData_buffer5_iq.hdf5: B-mode GIF, 20.0 Hz, 24 frames = 1.20 s -> 1.20 s GIF (real time); 24 frames @ 20 fps -> CombinedData_buffer5_iq.gif
########## [39] Z:/raw_data/C000000040/VIS-039_SW_data_04-August-2026_10-57-58/output/
=== GIFs from 29 IQ file(s) in Z:\raw_data\C000000040\VIS-039_SW_data_04-August-2026_10-57-58\output (real time; adaptive levels, curve gamma2) ===
  CombinedData_buffer1_iq.hdf5: B-mode GIF, 88.2 Hz, 106 frames = 1.20 s -> 1.20 s GIF (real time); 60 frames @ 50 fps -> CombinedData_buffer1_iq.gif
  CombinedData_buffer3_iq.hdf5: B-mode GIF, 25.4 Hz, 32 frames = 1.26 s -> 1.28 s GIF (real time); 32 frames @ 25 fps -> CombinedData_buffer3_iq.gif
  CombinedData_buffer3_refocus-adjoint_iq.hdf5: B-mode GIF, 25.4 Hz, 32 frames = 1.26 s -> 1.28 s GIF (real time); 32 frames @ 25 fps -> CombinedData_buffer3_refocus-adjoint_iq.gif
  CombinedData_buffer4_iq.hdf5: B-mode GIF, 925.9 Hz, 1112 frames = 1.20 s -> 1.20 s GIF (real time); 60 frames @ 50 fps -> CombinedData_buffer4_iq.gif
  CombinedData_buffer5_iq.hdf5: B-mode GIF, 20.0 Hz, 24 frames = 1.20 s -> 1.20 s GIF (real time); 24 frames @ 20 fps -> CombinedData_buffer5_iq.gif
########## [40] Z:/raw_data/C000000041/VIS-038_SW_data_31-July-2026_09-01-39/output/
=== GIFs from 29 IQ file(s) in Z:\raw_data\C000000041\VIS-038_SW_data_31-July-2026_09-01-39\output (real time; adaptive levels, curve gamma2) ===
  CombinedData_buffer1_iq.hdf5: B-mode GIF, 88.2 Hz, 106 frames = 1.20 s -> 1.20 s GIF (real time); 60 frames @ 50 fps -> CombinedData_buffer1_iq.gif
  CombinedData_buffer3_iq.hdf5: B-mode GIF, 25.4 Hz, 32 frames = 1.26 s -> 1.28 s GIF (real time); 32 frames @ 25 fps -> CombinedData_buffer3_iq.gif
  CombinedData_buffer3_refocus-adjoint_iq.hdf5: B-mode GIF, 25.4 Hz, 32 frames = 1.26 s -> 1.28 s GIF (real time); 32 frames @ 25 fps -> CombinedData_buffer3_refocus-adjoint_iq.gif
  CombinedData_buffer4_iq.hdf5: B-mode GIF, 925.9 Hz, 1112 frames = 1.20 s -> 1.20 s GIF (real time); 60 frames @ 50 fps -> CombinedData_buffer4_iq.gif
  CombinedData_buffer5_iq.hdf5: B-mode GIF, 20.0 Hz, 24 frames = 1.20 s -> 1.20 s GIF (real time); 24 frames @ 20 fps -> CombinedData_buffer5_iq.gif
########## [41] Z:/raw_data/C000000042/VIS-036_SW_data_28-July-2026_14-07-08/output/
=== GIFs from 29 IQ file(s) in Z:\raw_data\C000000042\VIS-036_SW_data_28-July-2026_14-07-08\output (real time; adaptive levels, curve gamma2) ===
  CombinedData_buffer1_iq.hdf5: B-mode GIF, 88.2 Hz, 106 frames = 1.20 s -> 1.20 s GIF (real time); 60 frames @ 50 fps -> CombinedData_buffer1_iq.gif
  CombinedData_buffer3_iq.hdf5: B-mode GIF, 25.4 Hz, 32 frames = 1.26 s -> 1.28 s GIF (real time); 32 frames @ 25 fps -> CombinedData_buffer3_iq.gif
  CombinedData_buffer3_refocus-adjoint_iq.hdf5: B-mode GIF, 25.4 Hz, 32 frames = 1.26 s -> 1.28 s GIF (real time); 32 frames @ 25 fps -> CombinedData_buffer3_refocus-adjoint_iq.gif
  CombinedData_buffer4_iq.hdf5: B-mode GIF, 925.9 Hz, 1112 frames = 1.20 s -> 1.20 s GIF (real time); 60 frames @ 50 fps -> CombinedData_buffer4_iq.gif
  CombinedData_buffer5_iq.hdf5: B-mode GIF, 20.0 Hz, 24 frames = 1.20 s -> 1.20 s GIF (real time); 24 frames @ 20 fps -> CombinedData_buffer5_iq.gif
########## [42] Z:/raw_data/C000000043/VIS-035_SW_data_28-July-2026_12-24-19/output/
=== GIFs from 29 IQ file(s) in Z:\raw_data\C000000043\VIS-035_SW_data_28-July-2026_12-24-19\output (real time; adaptive levels, curve gamma2) ===
  CombinedData_buffer1_iq.hdf5: B-mode GIF, 88.2 Hz, 106 frames = 1.20 s -> 1.20 s GIF (real time); 60 frames @ 50 fps -> CombinedData_buffer1_iq.gif
  CombinedData_buffer3_iq.hdf5: B-mode GIF, 25.4 Hz, 32 frames = 1.26 s -> 1.28 s GIF (real time); 32 frames @ 25 fps -> CombinedData_buffer3_iq.gif
  CombinedData_buffer3_refocus-adjoint_iq.hdf5: B-mode GIF, 25.4 Hz, 32 frames = 1.26 s -> 1.28 s GIF (real time); 32 frames @ 25 fps -> CombinedData_buffer3_refocus-adjoint_iq.gif
  CombinedData_buffer4_iq.hdf5: B-mode GIF, 925.9 Hz, 1112 frames = 1.20 s -> 1.20 s GIF (real time); 60 frames @ 50 fps -> CombinedData_buffer4_iq.gif
  CombinedData_buffer5_iq.hdf5: B-mode GIF, 20.0 Hz, 24 frames = 1.20 s -> 1.20 s GIF (real time); 24 frames @ 20 fps -> CombinedData_buffer5_iq.gif
########## [43] Z:/raw_data/C000000044/VIS-034_SW_data_28-July-2026_11-02-22/output/
=== GIFs from 29 IQ file(s) in Z:\raw_data\C000000044\VIS-034_SW_data_28-July-2026_11-02-22\output (real time; adaptive levels, curve gamma2) ===
  CombinedData_buffer1_iq.hdf5: B-mode GIF, 88.2 Hz, 106 frames = 1.20 s -> 1.20 s GIF (real time); 60 frames @ 50 fps -> CombinedData_buffer1_iq.gif
  CombinedData_buffer3_iq.hdf5: B-mode GIF, 25.4 Hz, 32 frames = 1.26 s -> 1.28 s GIF (real time); 32 frames @ 25 fps -> CombinedData_buffer3_iq.gif
  CombinedData_buffer3_refocus-adjoint_iq.hdf5: B-mode GIF, 25.4 Hz, 32 frames = 1.26 s -> 1.28 s GIF (real time); 32 frames @ 25 fps -> CombinedData_buffer3_refocus-adjoint_iq.gif
  CombinedData_buffer4_iq.hdf5: B-mode GIF, 925.9 Hz, 1112 frames = 1.20 s -> 1.20 s GIF (real time); 60 frames @ 50 fps -> CombinedData_buffer4_iq.gif
  CombinedData_buffer5_iq.hdf5: B-mode GIF, 20.0 Hz, 24 frames = 1.20 s -> 1.20 s GIF (real time); 24 frames @ 20 fps -> CombinedData_buffer5_iq.gif
########## [44] Z:/raw_data/C000000045/VIS-033_SW_data_28-July-2026_09-25-55/output/
=== GIFs from 29 IQ file(s) in Z:\raw_data\C000000045\VIS-033_SW_data_28-July-2026_09-25-55\output (real time; adaptive levels, curve gamma2) ===
  CombinedData_buffer1_iq.hdf5: B-mode GIF, 88.2 Hz, 106 frames = 1.20 s -> 1.20 s GIF (real time); 60 frames @ 50 fps -> CombinedData_buffer1_iq.gif
  CombinedData_buffer3_iq.hdf5: B-mode GIF, 25.4 Hz, 32 frames = 1.26 s -> 1.28 s GIF (real time); 32 frames @ 25 fps -> CombinedData_buffer3_iq.gif
  CombinedData_buffer3_refocus-adjoint_iq.hdf5: B-mode GIF, 25.4 Hz, 32 frames = 1.26 s -> 1.28 s GIF (real time); 32 frames @ 25 fps -> CombinedData_buffer3_refocus-adjoint_iq.gif
  CombinedData_buffer4_iq.hdf5: B-mode GIF, 925.9 Hz, 1112 frames = 1.20 s -> 1.20 s GIF (real time); 60 frames @ 50 fps -> CombinedData_buffer4_iq.gif
  CombinedData_buffer5_iq.hdf5: B-mode GIF, 20.0 Hz, 24 frames = 1.20 s -> 1.20 s GIF (real time); 24 frames @ 20 fps -> CombinedData_buffer5_iq.gif
RERENDER DONE: 44 folder(s)
RERENDER_EXIT=0
