=== swp batch: 44 measurement folder(s) found, 44 to process, 0 already done ===
  queued       Z:\raw_data\C000000001\SWE_01_SW_data_21-April-2026_12-12-54
  queued       Z:\raw_data\C000000002\SWE02_SW_data_28-April-2026_10-09-45
  queued       Z:\raw_data\C000000003\VIS_03_SW_data_16-June-2026_10-09-42
  queued       Z:\raw_data\C000000004\VIS_4_SW_data_16-June-2026_10-58-59
  queued       Z:\raw_data\C000000005\VIS-005_SW_data_19-June-2026_09-12-20
  queued       Z:\raw_data\C000000007\VIS-007_SW_data_30-June-2026_11-45-50
  queued       Z:\raw_data\C000000008\VIS-010_SW_data_03-July-2026_10-36-33
  queued       Z:\raw_data\C000000009\VIS-009_SW_data_03-July-2026_09-43-33
  queued       Z:\raw_data\C000000010\vis-006_SW_data_30-June-2026_09-43-28
  queued       Z:\raw_data\C000000011\VIS-11_SW_data_07-July-2026_08-40-05
  queued       Z:\raw_data\C000000012\VIS-014_SW_data_07-July-2026_11-41-37
  queued       Z:\raw_data\C000000013\VIS-016_SW_data_10-July-2026_10-11-11
  queued       Z:\raw_data\C000000014\VIS-008_SW_data_10-July-2026_08-36-06
  queued       Z:\raw_data\C000000015\VIS-017_SW_data_10-July-2026_10-53-28
  queued       Z:\raw_data\C000000016\VIS-015_SW_data_10-July-2026_09-24-32
  queued       Z:\raw_data\C000000017\VIS-013_SW_data_07-July-2026_10-52-55
  queued       Z:\raw_data\C000000018\VIS-012_SW_data_07-July-2026_09-21-31
  queued       Z:\raw_data\C000000019\VIS-027_SW_data_21-July-2026_11-19-20
  queued       Z:\raw_data\C000000020\VIS-026_SW_data_21-July-2026_10-42-10
  queued       Z:\raw_data\C000000021\VIS-024_SW_data_17-July-2026_09-35-47
  queued       Z:\raw_data\C000000022\VIS-023_SW_data_17-July-2026_08-48-06
  queued       Z:\raw_data\C000000023\VIS-022_SW_data_14-July-2026_11-41-10
  queued       Z:\raw_data\C000000024\VIS-021_SW_data_14-July-2026_10-55-16
  queued       Z:\raw_data\C000000025\VIS-025_SW_data_21-July-2026_09-53-09
  queued       Z:\raw_data\C000000026\VIS-020_SW_data_14-July-2026_10-03-40
  queued       Z:\raw_data\C000000027\VIS-019_SW_data_14-July-2026_09-20-26
  queued       Z:\raw_data\C000000028\VIS-018_SW_data_14-July-2026_08-30-41
  queued       Z:\raw_data\C000000029\VIS-031_SW_data_24-July-2026_11-11-50
  queued       Z:\raw_data\C000000030\VIS-029_SW_data_24-July-2026_09-36-27
  queued       Z:\raw_data\C000000031\VIS-032_SW_data_24-July-2026_11-57-06
  queued       Z:\raw_data\C000000032\VIS-030_SW_data_24-July-2026_10-24-32
  queued       Z:\raw_data\C000000033\VIS-028_SW_data_24-July-2026_08-43-33
  queued       Z:\raw_data\C000000034\VIS-045_SW_data_07-August-2026_11-42-13
  queued       Z:\raw_data\C000000035\VIS-044_SW_data_07-August-2026_10-54-57
  queued       Z:\raw_data\C000000036\VIS-043_SW_data_07-August-2026_10-03-38
  queued       Z:\raw_data\C000000037\VIS-042_SW_data_07-August-2026_08-39-39
  queued       Z:\raw_data\C000000038\VIS-041_SW_data_04-August-2026_12-28-28
  queued       Z:\raw_data\C000000039\VIS-040_SW_data_04-August-2026_11-46-05
  queued       Z:\raw_data\C000000040\VIS-039_SW_data_04-August-2026_10-57-58
  queued       Z:\raw_data\C000000041\VIS-038_SW_data_31-July-2026_09-01-39
  queued       Z:\raw_data\C000000042\VIS-036_SW_data_28-July-2026_14-07-08
  queued       Z:\raw_data\C000000043\VIS-035_SW_data_28-July-2026_12-24-19
  queued       Z:\raw_data\C000000044\VIS-034_SW_data_28-July-2026_11-02-22
  queued       Z:\raw_data\C000000045\VIS-033_SW_data_28-July-2026_09-25-55

==========================================================================================
[1/44] Z:\raw_data\C000000001\SWE_01_SW_data_21-April-2026_12-12-54
==========================================================================================
[1m[38;5;36mzea[0m[0m: Using backend 'torch'
-------------------GPU settings-------------------
     memory
GPU        
0       23848
1       24096
2       24115
3       23812
4       24115
5       24115
6       24115
7        8112
Selecting 1 GPU based on available memory.
Selected GPU 2 with Free Memory: 24115.00 MiB
Hiding GPUs [0, 1, 3, 4, 5, 6, 7] from the system.
--------------------------------------------------
=== beamforming CombinedData.mat -> Z:\raw_data\C000000001\SWE_01_SW_data_21-April-2026_12-12-54\output (backend torch, jit None, save_converted=True) ===
[1m[38;5;36mzea[0m[0m: [38;5;214mWARNING[0m Reading 'Z:\raw_data\C000000001\SWE_01_SW_data_21-April-2026_12-12-54\output\converted\CombinedData_buffer3.hdf5' [2m(/data/raw_data, 1.1 GB)[0m compressed with lzf, which zea cannot decode concurrently — falling back to a serial h5py read (slower). Re-save with the `zea data resave` CLI (or zea.File.create) to read it concurrently, with a progress bar.
D:\Luuk van Knippenberg\envs\zea_latest\Lib\site-packages\keras\src\backend\torch\numpy.py:230: UserWarning: expandable_segments not supported on this platform (Triggered internally at C:\actions-runner\_work\pytorch\pytorch\c10/cuda/CUDAAllocatorConfig.h:40.)
  return torch.ones(size=shape, dtype=dtype, device=get_device())
    reusing existing converted file CombinedData_buffer3.hdf5
    patch budget 6.44e+07 elements (GPU 25.756696576 GB)
[1m[38;5;36mzea[0m[0m: File saved to [33mZ:\raw_data\C000000001\SWE_01_SW_data_21-April-2026_12-12-54\output\CombinedData_buffer3_iq.hdf5[0m
  buffer 3 (bmode_focused): 26 frames n_tx=73 patches=21 REFoCUS adjoint -> IQ (26, 382, 529, 2) @ 25.4 FPS -> CombinedData_buffer3_iq.hdf5
=== GIFs from 8 IQ file(s) in Z:\raw_data\C000000001\SWE_01_SW_data_21-April-2026_12-12-54\output (real time; adaptive levels, curve gamma2) ===
[1m[38;5;36mzea[0m[0m: [38;5;214mWARNING[0m Reading 'Z:\raw_data\C000000001\SWE_01_SW_data_21-April-2026_12-12-54\output\CombinedData_buffer3_deconv-g050_iq.hdf5' [2m(/data/beamformed_data/values, 40.1 MB)[0m compressed with lzf, which zea cannot decode concurrently — falling back to a serial h5py read (slower). Re-save with the `zea data resave` CLI (or zea.File.create) to read it concurrently, with a progress bar.
[1m[38;5;36mzea[0m[0m: [38;5;214mWARNING[0m Reading 'Z:\raw_data\C000000001\SWE_01_SW_data_21-April-2026_12-12-54\output\CombinedData_buffer3_deconv-g050_iq.hdf5' [2m(/data/beamformed_data/timestamps, 104 B)[0m compressed with lzf, which zea cannot decode concurrently — falling back to a serial h5py read (slower). Re-save with the `zea data resave` CLI (or zea.File.create) to read it concurrently, with a progress bar.
[1m[38;5;36mzea[0m[0m: [32mSuccessfully saved GIF to -> [33mZ:\raw_data\C000000001\SWE_01_SW_data_21-April-2026_12-12-54\output\CombinedData_buffer3_deconv-g050_iq.gif[0m[0m
  CombinedData_buffer3_deconv-g050_iq.hdf5: B-mode GIF, 25.4 Hz, 26 frames = 1.02 s -> 1.04 s GIF (real time); 26 frames @ 25 fps -> CombinedData_buffer3_deconv-g050_iq.gif
[1m[38;5;36mzea[0m[0m: [32mSuccessfully saved GIF to -> [33mZ:\raw_data\C000000001\SWE_01_SW_data_21-April-2026_12-12-54\output\CombinedData_buffer3_deconv-g100_iq.gif[0m[0m
  CombinedData_buffer3_deconv-g100_iq.hdf5: B-mode GIF, 25.4 Hz, 26 frames = 1.02 s -> 1.04 s GIF (real time); 26 frames @ 25 fps -> CombinedData_buffer3_deconv-g100_iq.gif
[1m[38;5;36mzea[0m[0m: [32mSuccessfully saved GIF to -> [33mZ:\raw_data\C000000001\SWE_01_SW_data_21-April-2026_12-12-54\output\CombinedData_buffer3_incoh_iq.gif[0m[0m
  CombinedData_buffer3_incoh_iq.hdf5: B-mode GIF, 25.4 Hz, 26 frames = 1.02 s -> 1.04 s GIF (real time); 26 frames @ 25 fps -> CombinedData_buffer3_incoh_iq.gif
[1m[38;5;36mzea[0m[0m: [32mSuccessfully saved GIF to -> [33mZ:\raw_data\C000000001\SWE_01_SW_data_21-April-2026_12-12-54\output\CombinedData_buffer3_iq.gif[0m[0m
  CombinedData_buffer3_iq.hdf5: B-mode GIF, 25.4 Hz, 26 frames = 1.02 s -> 1.04 s GIF (real time); 26 frames @ 25 fps -> CombinedData_buffer3_iq.gif
[1m[38;5;36mzea[0m[0m: [32mSuccessfully saved GIF to -> [33mZ:\raw_data\C000000001\SWE_01_SW_data_21-April-2026_12-12-54\output\CombinedData_buffer3_pfieldnorm_iq.gif[0m[0m
  CombinedData_buffer3_pfieldnorm_iq.hdf5: B-mode GIF, 25.4 Hz, 26 frames = 1.02 s -> 1.04 s GIF (real time); 26 frames @ 25 fps -> CombinedData_buffer3_pfieldnorm_iq.gif
[1m[38;5;36mzea[0m[0m: [32mSuccessfully saved GIF to -> [33mZ:\raw_data\C000000001\SWE_01_SW_data_21-April-2026_12-12-54\output\CombinedData_buffer3_refocus-adjoint_iq.gif[0m[0m
  CombinedData_buffer3_refocus-adjoint_iq.hdf5: B-mode GIF, 25.4 Hz, 26 frames = 1.02 s -> 1.04 s GIF (real time); 26 frames @ 25 fps -> CombinedData_buffer3_refocus-adjoint_iq.gif
[1m[38;5;36mzea[0m[0m: [32mSuccessfully saved GIF to -> [33mZ:\raw_data\C000000001\SWE_01_SW_data_21-April-2026_12-12-54\output\CombinedData_buffer3_refocus-tikhonov_iq.gif[0m[0m
  CombinedData_buffer3_refocus-tikhonov_iq.hdf5: B-mode GIF, 25.4 Hz, 26 frames = 1.02 s -> 1.04 s GIF (real time); 26 frames @ 25 fps -> CombinedData_buffer3_refocus-tikhonov_iq.gif
[1m[38;5;36mzea[0m[0m: [32mSuccessfully saved GIF to -> [33mZ:\raw_data\C000000001\SWE_01_SW_data_21-April-2026_12-12-54\output\CombinedData_buffer3_refocus-tsvd_iq.gif[0m[0m
  CombinedData_buffer3_refocus-tsvd_iq.hdf5: B-mode GIF, 25.4 Hz, 26 frames = 1.02 s -> 1.04 s GIF (real time); 26 frames @ 25 fps -> CombinedData_buffer3_refocus-tsvd_iq.gif

==========================================================================================
[2/44] Z:\raw_data\C000000002\SWE02_SW_data_28-April-2026_10-09-45
==========================================================================================
-------------------GPU settings-------------------
7/8 GPUs were disabled
     memory
GPU        
0       24115
Selecting 1 GPU based on available memory.
Selected GPU 0 with Free Memory: 24115.00 MiB
--------------------------------------------------
=== beamforming CombinedData.mat -> Z:\raw_data\C000000002\SWE02_SW_data_28-April-2026_10-09-45\output (backend torch, jit None, save_converted=True) ===
    reusing existing converted file CombinedData_buffer3.hdf5
[1m[38;5;36mzea[0m[0m: File saved to [33mZ:\raw_data\C000000002\SWE02_SW_data_28-April-2026_10-09-45\output\CombinedData_buffer3_iq.hdf5[0m
  buffer 3 (bmode_focused): 26 frames n_tx=73 patches=21 REFoCUS adjoint -> IQ (26, 382, 529, 2) @ 25.4 FPS -> CombinedData_buffer3_iq.hdf5
=== GIFs from 2 IQ file(s) in Z:\raw_data\C000000002\SWE02_SW_data_28-April-2026_10-09-45\output (real time; adaptive levels, curve gamma2) ===
[1m[38;5;36mzea[0m[0m: [32mSuccessfully saved GIF to -> [33mZ:\raw_data\C000000002\SWE02_SW_data_28-April-2026_10-09-45\output\CombinedData_buffer3_iq.gif[0m[0m
  CombinedData_buffer3_iq.hdf5: B-mode GIF, 25.4 Hz, 26 frames = 1.02 s -> 1.04 s GIF (real time); 26 frames @ 25 fps -> CombinedData_buffer3_iq.gif
[1m[38;5;36mzea[0m[0m: [32mSuccessfully saved GIF to -> [33mZ:\raw_data\C000000002\SWE02_SW_data_28-April-2026_10-09-45\output\CombinedData_buffer3_refocus-adjoint_iq.gif[0m[0m
  CombinedData_buffer3_refocus-adjoint_iq.hdf5: B-mode GIF, 25.4 Hz, 26 frames = 1.02 s -> 1.04 s GIF (real time); 26 frames @ 25 fps -> CombinedData_buffer3_refocus-adjoint_iq.gif

==========================================================================================
[3/44] Z:\raw_data\C000000003\VIS_03_SW_data_16-June-2026_10-09-42
==========================================================================================
-------------------GPU settings-------------------
7/8 GPUs were disabled
     memory
GPU        
0       23592
Selecting 1 GPU based on available memory.
Selected GPU 0 with Free Memory: 23592.00 MiB
--------------------------------------------------
=== beamforming CombinedData.mat -> Z:\raw_data\C000000003\VIS_03_SW_data_16-June-2026_10-09-42\output (backend torch, jit None, save_converted=True) ===
    reusing existing converted file CombinedData_buffer3.hdf5
[1m[38;5;36mzea[0m[0m: File saved to [33mZ:\raw_data\C000000003\VIS_03_SW_data_16-June-2026_10-09-42\output\CombinedData_buffer3_iq.hdf5[0m
  buffer 3 (bmode_focused): 26 frames n_tx=73 patches=21 REFoCUS adjoint -> IQ (26, 382, 529, 2) @ 25.4 FPS -> CombinedData_buffer3_iq.hdf5
=== GIFs from 2 IQ file(s) in Z:\raw_data\C000000003\VIS_03_SW_data_16-June-2026_10-09-42\output (real time; adaptive levels, curve gamma2) ===
[1m[38;5;36mzea[0m[0m: [32mSuccessfully saved GIF to -> [33mZ:\raw_data\C000000003\VIS_03_SW_data_16-June-2026_10-09-42\output\CombinedData_buffer3_iq.gif[0m[0m
  CombinedData_buffer3_iq.hdf5: B-mode GIF, 25.4 Hz, 26 frames = 1.02 s -> 1.04 s GIF (real time); 26 frames @ 25 fps -> CombinedData_buffer3_iq.gif
[1m[38;5;36mzea[0m[0m: [32mSuccessfully saved GIF to -> [33mZ:\raw_data\C000000003\VIS_03_SW_data_16-June-2026_10-09-42\output\CombinedData_buffer3_refocus-adjoint_iq.gif[0m[0m
Traceback (most recent call last):
  File "D:\Luuk van Knippenberg\Github\shearWaveProcessing\scripts\process_raw_data.py", line 186, in main
    process_one(folder, make_gifs=not a.no_gifs, gif_stretch=a.gif_stretch,
  File "D:\Luuk van Knippenberg\Github\shearWaveProcessing\scripts\process_raw_data.py", line 115, in process_one
    return process_folder(folder, make_gifs=make_gifs, gif_stretch=gif_stretch,
           ^^^^^^^^^^^^^^^^^^^^^^^^^^^^^^^^^^^^^^^^^^^^^^^^^^^^^^^^^^^^^^^^^^^^
  File "D:\Luuk van Knippenberg\Github\shearWaveProcessing\src\swp\acquisition\beamform.py", line 688, in process_folder
    written = run(mat_path, output_dir=output_dir, buffers_matlab=buffers_matlab,
              ^^^^^^^^^^^^^^^^^^^^^^^^^^^^^^^^^^^^^^^^^^^^^^^^^^^^^^^^^^^^^^^^^^^
  File "D:\Luuk van Knippenberg\Github\shearWaveProcessing\src\swp\acquisition\beamform.py", line 571, in run
    res = process_bmode_buffer(vf, spec, output_dir, grid, fps, stem, compression,
          ^^^^^^^^^^^^^^^^^^^^^^^^^^^^^^^^^^^^^^^^^^^^^^^^^^^^^^^^^^^^^^^^^^^^^^^^
  File "D:\Luuk van Knippenberg\Github\shearWaveProcessing\src\swp\acquisition\beamform.py", line 438, in process_bmode_buffer
    _save_beamformed(out_path, iq, coords, fps=fps,
  File "D:\Luuk van Knippenberg\Github\shearWaveProcessing\src\swp\acquisition\beamform.py", line 406, in _save_beamformed
    File.create(
  File "D:\Luuk van Knippenberg\Github\zea\zea\data\file.py", line 1611, in create
    spec.save(
  File "D:\Luuk van Knippenberg\Github\zea\zea\data\spec.py", line 2779, in save
    os.replace(tmp_path, _path)
PermissionError: [WinError 32] The process cannot access the file because it is being used by another process: 'Z:\\raw_data\\C000000004\\VIS_4_SW_data_16-June-2026_10-58-59\\output\\.CombinedData_buffer3_iq.tmp-oopcbstp.hdf5' -> 'Z:\\raw_data\\C000000004\\VIS_4_SW_data_16-June-2026_10-58-59\\output\\CombinedData_buffer3_iq.hdf5'
  CombinedData_buffer3_refocus-adjoint_iq.hdf5: B-mode GIF, 25.4 Hz, 26 frames = 1.02 s -> 1.04 s GIF (real time); 26 frames @ 25 fps -> CombinedData_buffer3_refocus-adjoint_iq.gif

==========================================================================================
[4/44] Z:\raw_data\C000000004\VIS_4_SW_data_16-June-2026_10-58-59
==========================================================================================
-------------------GPU settings-------------------
7/8 GPUs were disabled
     memory
GPU        
0       23592
Selecting 1 GPU based on available memory.
Selected GPU 0 with Free Memory: 23592.00 MiB
--------------------------------------------------
=== beamforming CombinedData.mat -> Z:\raw_data\C000000004\VIS_4_SW_data_16-June-2026_10-58-59\output (backend torch, jit None, save_converted=True) ===
    reusing existing converted file CombinedData_buffer3.hdf5

==========================================================================================
[5/44] Z:\raw_data\C000000005\VIS-005_SW_data_19-June-2026_09-12-20
==========================================================================================
-------------------GPU settings-------------------
7/8 GPUs were disabled
     memory
GPU        
0       23590
Selecting 1 GPU based on available memory.
Selected GPU 0 with Free Memory: 23590.00 MiB
--------------------------------------------------
=== beamforming CombinedData.mat -> Z:\raw_data\C000000005\VIS-005_SW_data_19-June-2026_09-12-20\output (backend torch, jit None, save_converted=True) ===
    reusing existing converted file CombinedData_buffer3.hdf5
[1m[38;5;36mzea[0m[0m: File saved to [33mZ:\raw_data\C000000005\VIS-005_SW_data_19-June-2026_09-12-20\output\CombinedData_buffer3_iq.hdf5[0m
  buffer 3 (bmode_focused): 26 frames n_tx=73 patches=21 REFoCUS adjoint -> IQ (26, 382, 529, 2) @ 25.4 FPS -> CombinedData_buffer3_iq.hdf5
=== GIFs from 2 IQ file(s) in Z:\raw_data\C000000005\VIS-005_SW_data_19-June-2026_09-12-20\output (real time; adaptive levels, curve gamma2) ===
[1m[38;5;36mzea[0m[0m: [32mSuccessfully saved GIF to -> [33mZ:\raw_data\C000000005\VIS-005_SW_data_19-June-2026_09-12-20\output\CombinedData_buffer3_iq.gif[0m[0m
  CombinedData_buffer3_iq.hdf5: B-mode GIF, 25.4 Hz, 26 frames = 1.02 s -> 1.04 s GIF (real time); 26 frames @ 25 fps -> CombinedData_buffer3_iq.gif
[1m[38;5;36mzea[0m[0m: [32mSuccessfully saved GIF to -> [33mZ:\raw_data\C000000005\VIS-005_SW_data_19-June-2026_09-12-20\output\CombinedData_buffer3_refocus-adjoint_iq.gif[0m[0m
  CombinedData_buffer3_refocus-adjoint_iq.hdf5: B-mode GIF, 25.4 Hz, 26 frames = 1.02 s -> 1.04 s GIF (real time); 26 frames @ 25 fps -> CombinedData_buffer3_refocus-adjoint_iq.gif

==========================================================================================
[6/44] Z:\raw_data\C000000007\VIS-007_SW_data_30-June-2026_11-45-50
==========================================================================================
-------------------GPU settings-------------------
7/8 GPUs were disabled
     memory
GPU        
0       23592
Selecting 1 GPU based on available memory.
Selected GPU 0 with Free Memory: 23592.00 MiB
--------------------------------------------------
=== beamforming CombinedData.mat -> Z:\raw_data\C000000007\VIS-007_SW_data_30-June-2026_11-45-50\output (backend torch, jit None, save_converted=True) ===
    reusing existing converted file CombinedData_buffer3.hdf5
[1m[38;5;36mzea[0m[0m: File saved to [33mZ:\raw_data\C000000007\VIS-007_SW_data_30-June-2026_11-45-50\output\CombinedData_buffer3_iq.hdf5[0m
  buffer 3 (bmode_focused): 26 frames n_tx=73 patches=21 REFoCUS adjoint -> IQ (26, 382, 529, 2) @ 25.4 FPS -> CombinedData_buffer3_iq.hdf5
=== GIFs from 2 IQ file(s) in Z:\raw_data\C000000007\VIS-007_SW_data_30-June-2026_11-45-50\output (real time; adaptive levels, curve gamma2) ===
[1m[38;5;36mzea[0m[0m: [32mSuccessfully saved GIF to -> [33mZ:\raw_data\C000000007\VIS-007_SW_data_30-June-2026_11-45-50\output\CombinedData_buffer3_iq.gif[0m[0m
  CombinedData_buffer3_iq.hdf5: B-mode GIF, 25.4 Hz, 26 frames = 1.02 s -> 1.04 s GIF (real time); 26 frames @ 25 fps -> CombinedData_buffer3_iq.gif
[1m[38;5;36mzea[0m[0m: [32mSuccessfully saved GIF to -> [33mZ:\raw_data\C000000007\VIS-007_SW_data_30-June-2026_11-45-50\output\CombinedData_buffer3_refocus-adjoint_iq.gif[0m[0m
  CombinedData_buffer3_refocus-adjoint_iq.hdf5: B-mode GIF, 25.4 Hz, 26 frames = 1.02 s -> 1.04 s GIF (real time); 26 frames @ 25 fps -> CombinedData_buffer3_refocus-adjoint_iq.gif

==========================================================================================
[7/44] Z:\raw_data\C000000008\VIS-010_SW_data_03-July-2026_10-36-33
==========================================================================================
-------------------GPU settings-------------------
7/8 GPUs were disabled
     memory
GPU        
0       23592
Selecting 1 GPU based on available memory.
Selected GPU 0 with Free Memory: 23592.00 MiB
--------------------------------------------------
=== beamforming CombinedData.mat -> Z:\raw_data\C000000008\VIS-010_SW_data_03-July-2026_10-36-33\output (backend torch, jit None, save_converted=True) ===
    reusing existing converted file CombinedData_buffer3.hdf5
[1m[38;5;36mzea[0m[0m: File saved to [33mZ:\raw_data\C000000008\VIS-010_SW_data_03-July-2026_10-36-33\output\CombinedData_buffer3_iq.hdf5[0m
  buffer 3 (bmode_focused): 26 frames n_tx=73 patches=21 REFoCUS adjoint -> IQ (26, 382, 529, 2) @ 25.4 FPS -> CombinedData_buffer3_iq.hdf5
=== GIFs from 2 IQ file(s) in Z:\raw_data\C000000008\VIS-010_SW_data_03-July-2026_10-36-33\output (real time; adaptive levels, curve gamma2) ===
[1m[38;5;36mzea[0m[0m: [32mSuccessfully saved GIF to -> [33mZ:\raw_data\C000000008\VIS-010_SW_data_03-July-2026_10-36-33\output\CombinedData_buffer3_iq.gif[0m[0m
  CombinedData_buffer3_iq.hdf5: B-mode GIF, 25.4 Hz, 26 frames = 1.02 s -> 1.04 s GIF (real time); 26 frames @ 25 fps -> CombinedData_buffer3_iq.gif
[1m[38;5;36mzea[0m[0m: [32mSuccessfully saved GIF to -> [33mZ:\raw_data\C000000008\VIS-010_SW_data_03-July-2026_10-36-33\output\CombinedData_buffer3_refocus-adjoint_iq.gif[0m[0m
  CombinedData_buffer3_refocus-adjoint_iq.hdf5: B-mode GIF, 25.4 Hz, 26 frames = 1.02 s -> 1.04 s GIF (real time); 26 frames @ 25 fps -> CombinedData_buffer3_refocus-adjoint_iq.gif

==========================================================================================
[8/44] Z:\raw_data\C000000009\VIS-009_SW_data_03-July-2026_09-43-33
==========================================================================================
-------------------GPU settings-------------------
7/8 GPUs were disabled
     memory
GPU        
0       23592
Selecting 1 GPU based on available memory.
Selected GPU 0 with Free Memory: 23592.00 MiB
--------------------------------------------------
=== beamforming CombinedData.mat -> Z:\raw_data\C000000009\VIS-009_SW_data_03-July-2026_09-43-33\output (backend torch, jit None, save_converted=True) ===
    reusing existing converted file CombinedData_buffer3.hdf5
[1m[38;5;36mzea[0m[0m: File saved to [33mZ:\raw_data\C000000009\VIS-009_SW_data_03-July-2026_09-43-33\output\CombinedData_buffer3_iq.hdf5[0m
  buffer 3 (bmode_focused): 26 frames n_tx=73 patches=21 REFoCUS adjoint -> IQ (26, 382, 529, 2) @ 25.4 FPS -> CombinedData_buffer3_iq.hdf5
=== GIFs from 2 IQ file(s) in Z:\raw_data\C000000009\VIS-009_SW_data_03-July-2026_09-43-33\output (real time; adaptive levels, curve gamma2) ===
[1m[38;5;36mzea[0m[0m: [32mSuccessfully saved GIF to -> [33mZ:\raw_data\C000000009\VIS-009_SW_data_03-July-2026_09-43-33\output\CombinedData_buffer3_iq.gif[0m[0m
  CombinedData_buffer3_iq.hdf5: B-mode GIF, 25.4 Hz, 26 frames = 1.02 s -> 1.04 s GIF (real time); 26 frames @ 25 fps -> CombinedData_buffer3_iq.gif
[1m[38;5;36mzea[0m[0m: [32mSuccessfully saved GIF to -> [33mZ:\raw_data\C000000009\VIS-009_SW_data_03-July-2026_09-43-33\output\CombinedData_buffer3_refocus-adjoint_iq.gif[0m[0m
  CombinedData_buffer3_refocus-adjoint_iq.hdf5: B-mode GIF, 25.4 Hz, 26 frames = 1.02 s -> 1.04 s GIF (real time); 26 frames @ 25 fps -> CombinedData_buffer3_refocus-adjoint_iq.gif

==========================================================================================
[9/44] Z:\raw_data\C000000010\vis-006_SW_data_30-June-2026_09-43-28
==========================================================================================
-------------------GPU settings-------------------
7/8 GPUs were disabled
     memory
GPU        
0       23592
Selecting 1 GPU based on available memory.
Selected GPU 0 with Free Memory: 23592.00 MiB
--------------------------------------------------
=== beamforming CombinedData.mat -> Z:\raw_data\C000000010\vis-006_SW_data_30-June-2026_09-43-28\output (backend torch, jit None, save_converted=True) ===
    reusing existing converted file CombinedData_buffer3.hdf5
[1m[38;5;36mzea[0m[0m: File saved to [33mZ:\raw_data\C000000010\vis-006_SW_data_30-June-2026_09-43-28\output\CombinedData_buffer3_iq.hdf5[0m
  buffer 3 (bmode_focused): 26 frames n_tx=73 patches=21 REFoCUS adjoint -> IQ (26, 382, 529, 2) @ 25.4 FPS -> CombinedData_buffer3_iq.hdf5
=== GIFs from 2 IQ file(s) in Z:\raw_data\C000000010\vis-006_SW_data_30-June-2026_09-43-28\output (real time; adaptive levels, curve gamma2) ===
[1m[38;5;36mzea[0m[0m: [32mSuccessfully saved GIF to -> [33mZ:\raw_data\C000000010\vis-006_SW_data_30-June-2026_09-43-28\output\CombinedData_buffer3_iq.gif[0m[0m
  CombinedData_buffer3_iq.hdf5: B-mode GIF, 25.4 Hz, 26 frames = 1.02 s -> 1.04 s GIF (real time); 26 frames @ 25 fps -> CombinedData_buffer3_iq.gif
[1m[38;5;36mzea[0m[0m: [32mSuccessfully saved GIF to -> [33mZ:\raw_data\C000000010\vis-006_SW_data_30-June-2026_09-43-28\output\CombinedData_buffer3_refocus-adjoint_iq.gif[0m[0m
  CombinedData_buffer3_refocus-adjoint_iq.hdf5: B-mode GIF, 25.4 Hz, 26 frames = 1.02 s -> 1.04 s GIF (real time); 26 frames @ 25 fps -> CombinedData_buffer3_refocus-adjoint_iq.gif

==========================================================================================
[10/44] Z:\raw_data\C000000011\VIS-11_SW_data_07-July-2026_08-40-05
==========================================================================================
-------------------GPU settings-------------------
7/8 GPUs were disabled
     memory
GPU        
0       23592
Selecting 1 GPU based on available memory.
Selected GPU 0 with Free Memory: 23592.00 MiB
--------------------------------------------------
=== beamforming CombinedData.mat -> Z:\raw_data\C000000011\VIS-11_SW_data_07-July-2026_08-40-05\output (backend torch, jit None, save_converted=True) ===
    reusing existing converted file CombinedData_buffer3.hdf5
[1m[38;5;36mzea[0m[0m: File saved to [33mZ:\raw_data\C000000011\VIS-11_SW_data_07-July-2026_08-40-05\output\CombinedData_buffer3_iq.hdf5[0m
  buffer 3 (bmode_focused): 32 frames n_tx=73 patches=21 REFoCUS adjoint -> IQ (32, 382, 529, 2) @ 25.4 FPS -> CombinedData_buffer3_iq.hdf5
=== GIFs from 2 IQ file(s) in Z:\raw_data\C000000011\VIS-11_SW_data_07-July-2026_08-40-05\output (real time; adaptive levels, curve gamma2) ===
[1m[38;5;36mzea[0m[0m: [32mSuccessfully saved GIF to -> [33mZ:\raw_data\C000000011\VIS-11_SW_data_07-July-2026_08-40-05\output\CombinedData_buffer3_iq.gif[0m[0m
  CombinedData_buffer3_iq.hdf5: B-mode GIF, 25.4 Hz, 32 frames = 1.26 s -> 1.28 s GIF (real time); 32 frames @ 25 fps -> CombinedData_buffer3_iq.gif
[1m[38;5;36mzea[0m[0m: [32mSuccessfully saved GIF to -> [33mZ:\raw_data\C000000011\VIS-11_SW_data_07-July-2026_08-40-05\output\CombinedData_buffer3_refocus-adjoint_iq.gif[0m[0m
  CombinedData_buffer3_refocus-adjoint_iq.hdf5: B-mode GIF, 25.4 Hz, 32 frames = 1.26 s -> 1.28 s GIF (real time); 32 frames @ 25 fps -> CombinedData_buffer3_refocus-adjoint_iq.gif

==========================================================================================
[11/44] Z:\raw_data\C000000012\VIS-014_SW_data_07-July-2026_11-41-37
==========================================================================================
-------------------GPU settings-------------------
7/8 GPUs were disabled
     memory
GPU        
0       23592
Selecting 1 GPU based on available memory.
Selected GPU 0 with Free Memory: 23592.00 MiB
--------------------------------------------------
=== beamforming CombinedData.mat -> Z:\raw_data\C000000012\VIS-014_SW_data_07-July-2026_11-41-37\output (backend torch, jit None, save_converted=True) ===
    reusing existing converted file CombinedData_buffer3.hdf5
[1m[38;5;36mzea[0m[0m: File saved to [33mZ:\raw_data\C000000012\VIS-014_SW_data_07-July-2026_11-41-37\output\CombinedData_buffer3_iq.hdf5[0m
  buffer 3 (bmode_focused): 32 frames n_tx=73 patches=21 REFoCUS adjoint -> IQ (32, 382, 529, 2) @ 25.4 FPS -> CombinedData_buffer3_iq.hdf5
=== GIFs from 2 IQ file(s) in Z:\raw_data\C000000012\VIS-014_SW_data_07-July-2026_11-41-37\output (real time; adaptive levels, curve gamma2) ===
[1m[38;5;36mzea[0m[0m: [32mSuccessfully saved GIF to -> [33mZ:\raw_data\C000000012\VIS-014_SW_data_07-July-2026_11-41-37\output\CombinedData_buffer3_iq.gif[0m[0m
  CombinedData_buffer3_iq.hdf5: B-mode GIF, 25.4 Hz, 32 frames = 1.26 s -> 1.28 s GIF (real time); 32 frames @ 25 fps -> CombinedData_buffer3_iq.gif
[1m[38;5;36mzea[0m[0m: [32mSuccessfully saved GIF to -> [33mZ:\raw_data\C000000012\VIS-014_SW_data_07-July-2026_11-41-37\output\CombinedData_buffer3_refocus-adjoint_iq.gif[0m[0m
  CombinedData_buffer3_refocus-adjoint_iq.hdf5: B-mode GIF, 25.4 Hz, 32 frames = 1.26 s -> 1.28 s GIF (real time); 32 frames @ 25 fps -> CombinedData_buffer3_refocus-adjoint_iq.gif

==========================================================================================
[12/44] Z:\raw_data\C000000013\VIS-016_SW_data_10-July-2026_10-11-11
==========================================================================================
-------------------GPU settings-------------------
7/8 GPUs were disabled
     memory
GPU        
0       23592
Selecting 1 GPU based on available memory.
Selected GPU 0 with Free Memory: 23592.00 MiB
--------------------------------------------------
=== beamforming CombinedData.mat -> Z:\raw_data\C000000013\VIS-016_SW_data_10-July-2026_10-11-11\output (backend torch, jit None, save_converted=True) ===
    reusing existing converted file CombinedData_buffer3.hdf5
[1m[38;5;36mzea[0m[0m: File saved to [33mZ:\raw_data\C000000013\VIS-016_SW_data_10-July-2026_10-11-11\output\CombinedData_buffer3_iq.hdf5[0m
  buffer 3 (bmode_focused): 32 frames n_tx=73 patches=21 REFoCUS adjoint -> IQ (32, 382, 529, 2) @ 25.4 FPS -> CombinedData_buffer3_iq.hdf5
=== GIFs from 2 IQ file(s) in Z:\raw_data\C000000013\VIS-016_SW_data_10-July-2026_10-11-11\output (real time; adaptive levels, curve gamma2) ===
[1m[38;5;36mzea[0m[0m: [32mSuccessfully saved GIF to -> [33mZ:\raw_data\C000000013\VIS-016_SW_data_10-July-2026_10-11-11\output\CombinedData_buffer3_iq.gif[0m[0m
  CombinedData_buffer3_iq.hdf5: B-mode GIF, 25.4 Hz, 32 frames = 1.26 s -> 1.28 s GIF (real time); 32 frames @ 25 fps -> CombinedData_buffer3_iq.gif
[1m[38;5;36mzea[0m[0m: [32mSuccessfully saved GIF to -> [33mZ:\raw_data\C000000013\VIS-016_SW_data_10-July-2026_10-11-11\output\CombinedData_buffer3_refocus-adjoint_iq.gif[0m[0m
  CombinedData_buffer3_refocus-adjoint_iq.hdf5: B-mode GIF, 25.4 Hz, 32 frames = 1.26 s -> 1.28 s GIF (real time); 32 frames @ 25 fps -> CombinedData_buffer3_refocus-adjoint_iq.gif

==========================================================================================
[13/44] Z:\raw_data\C000000014\VIS-008_SW_data_10-July-2026_08-36-06
==========================================================================================
-------------------GPU settings-------------------
7/8 GPUs were disabled
     memory
GPU        
0       23592
Selecting 1 GPU based on available memory.
Selected GPU 0 with Free Memory: 23592.00 MiB
--------------------------------------------------
=== beamforming CombinedData.mat -> Z:\raw_data\C000000014\VIS-008_SW_data_10-July-2026_08-36-06\output (backend torch, jit None, save_converted=True) ===
    reusing existing converted file CombinedData_buffer3.hdf5
[1m[38;5;36mzea[0m[0m: File saved to [33mZ:\raw_data\C000000014\VIS-008_SW_data_10-July-2026_08-36-06\output\CombinedData_buffer3_iq.hdf5[0m
  buffer 3 (bmode_focused): 32 frames n_tx=73 patches=21 REFoCUS adjoint -> IQ (32, 382, 529, 2) @ 25.4 FPS -> CombinedData_buffer3_iq.hdf5
=== GIFs from 2 IQ file(s) in Z:\raw_data\C000000014\VIS-008_SW_data_10-July-2026_08-36-06\output (real time; adaptive levels, curve gamma2) ===
[1m[38;5;36mzea[0m[0m: [32mSuccessfully saved GIF to -> [33mZ:\raw_data\C000000014\VIS-008_SW_data_10-July-2026_08-36-06\output\CombinedData_buffer3_iq.gif[0m[0m
  CombinedData_buffer3_iq.hdf5: B-mode GIF, 25.4 Hz, 32 frames = 1.26 s -> 1.28 s GIF (real time); 32 frames @ 25 fps -> CombinedData_buffer3_iq.gif
[1m[38;5;36mzea[0m[0m: [32mSuccessfully saved GIF to -> [33mZ:\raw_data\C000000014\VIS-008_SW_data_10-July-2026_08-36-06\output\CombinedData_buffer3_refocus-adjoint_iq.gif[0m[0m
  CombinedData_buffer3_refocus-adjoint_iq.hdf5: B-mode GIF, 25.4 Hz, 32 frames = 1.26 s -> 1.28 s GIF (real time); 32 frames @ 25 fps -> CombinedData_buffer3_refocus-adjoint_iq.gif

==========================================================================================
[14/44] Z:\raw_data\C000000015\VIS-017_SW_data_10-July-2026_10-53-28
==========================================================================================
-------------------GPU settings-------------------
7/8 GPUs were disabled
     memory
GPU        
0       23592
Selecting 1 GPU based on available memory.
Selected GPU 0 with Free Memory: 23592.00 MiB
--------------------------------------------------
=== beamforming CombinedData.mat -> Z:\raw_data\C000000015\VIS-017_SW_data_10-July-2026_10-53-28\output (backend torch, jit None, save_converted=True) ===
    reusing existing converted file CombinedData_buffer3.hdf5
[1m[38;5;36mzea[0m[0m: File saved to [33mZ:\raw_data\C000000015\VIS-017_SW_data_10-July-2026_10-53-28\output\CombinedData_buffer3_iq.hdf5[0m
  buffer 3 (bmode_focused): 32 frames n_tx=73 patches=21 REFoCUS adjoint -> IQ (32, 382, 529, 2) @ 25.4 FPS -> CombinedData_buffer3_iq.hdf5
=== GIFs from 2 IQ file(s) in Z:\raw_data\C000000015\VIS-017_SW_data_10-July-2026_10-53-28\output (real time; adaptive levels, curve gamma2) ===
[1m[38;5;36mzea[0m[0m: [32mSuccessfully saved GIF to -> [33mZ:\raw_data\C000000015\VIS-017_SW_data_10-July-2026_10-53-28\output\CombinedData_buffer3_iq.gif[0m[0m
  CombinedData_buffer3_iq.hdf5: B-mode GIF, 25.4 Hz, 32 frames = 1.26 s -> 1.28 s GIF (real time); 32 frames @ 25 fps -> CombinedData_buffer3_iq.gif
[1m[38;5;36mzea[0m[0m: [32mSuccessfully saved GIF to -> [33mZ:\raw_data\C000000015\VIS-017_SW_data_10-July-2026_10-53-28\output\CombinedData_buffer3_refocus-adjoint_iq.gif[0m[0m
  CombinedData_buffer3_refocus-adjoint_iq.hdf5: B-mode GIF, 25.4 Hz, 32 frames = 1.26 s -> 1.28 s GIF (real time); 32 frames @ 25 fps -> CombinedData_buffer3_refocus-adjoint_iq.gif

==========================================================================================
[15/44] Z:\raw_data\C000000016\VIS-015_SW_data_10-July-2026_09-24-32
==========================================================================================
-------------------GPU settings-------------------
7/8 GPUs were disabled
     memory
GPU        
0       23592
Selecting 1 GPU based on available memory.
Selected GPU 0 with Free Memory: 23592.00 MiB
--------------------------------------------------
=== beamforming CombinedData.mat -> Z:\raw_data\C000000016\VIS-015_SW_data_10-July-2026_09-24-32\output (backend torch, jit None, save_converted=True) ===
    reusing existing converted file CombinedData_buffer3.hdf5
[1m[38;5;36mzea[0m[0m: File saved to [33mZ:\raw_data\C000000016\VIS-015_SW_data_10-July-2026_09-24-32\output\CombinedData_buffer3_iq.hdf5[0m
  buffer 3 (bmode_focused): 32 frames n_tx=73 patches=21 REFoCUS adjoint -> IQ (32, 382, 529, 2) @ 25.4 FPS -> CombinedData_buffer3_iq.hdf5
=== GIFs from 2 IQ file(s) in Z:\raw_data\C000000016\VIS-015_SW_data_10-July-2026_09-24-32\output (real time; adaptive levels, curve gamma2) ===
[1m[38;5;36mzea[0m[0m: [32mSuccessfully saved GIF to -> [33mZ:\raw_data\C000000016\VIS-015_SW_data_10-July-2026_09-24-32\output\CombinedData_buffer3_iq.gif[0m[0m
  CombinedData_buffer3_iq.hdf5: B-mode GIF, 25.4 Hz, 32 frames = 1.26 s -> 1.28 s GIF (real time); 32 frames @ 25 fps -> CombinedData_buffer3_iq.gif
[1m[38;5;36mzea[0m[0m: [32mSuccessfully saved GIF to -> [33mZ:\raw_data\C000000016\VIS-015_SW_data_10-July-2026_09-24-32\output\CombinedData_buffer3_refocus-adjoint_iq.gif[0m[0m
  CombinedData_buffer3_refocus-adjoint_iq.hdf5: B-mode GIF, 25.4 Hz, 32 frames = 1.26 s -> 1.28 s GIF (real time); 32 frames @ 25 fps -> CombinedData_buffer3_refocus-adjoint_iq.gif

==========================================================================================
[16/44] Z:\raw_data\C000000017\VIS-013_SW_data_07-July-2026_10-52-55
==========================================================================================
-------------------GPU settings-------------------
7/8 GPUs were disabled
     memory
GPU        
0       23592
Selecting 1 GPU based on available memory.
Selected GPU 0 with Free Memory: 23592.00 MiB
--------------------------------------------------
=== beamforming CombinedData.mat -> Z:\raw_data\C000000017\VIS-013_SW_data_07-July-2026_10-52-55\output (backend torch, jit None, save_converted=True) ===
    reusing existing converted file CombinedData_buffer3.hdf5
[1m[38;5;36mzea[0m[0m: File saved to [33mZ:\raw_data\C000000017\VIS-013_SW_data_07-July-2026_10-52-55\output\CombinedData_buffer3_iq.hdf5[0m
  buffer 3 (bmode_focused): 32 frames n_tx=73 patches=21 REFoCUS adjoint -> IQ (32, 382, 529, 2) @ 25.4 FPS -> CombinedData_buffer3_iq.hdf5
=== GIFs from 2 IQ file(s) in Z:\raw_data\C000000017\VIS-013_SW_data_07-July-2026_10-52-55\output (real time; adaptive levels, curve gamma2) ===
[1m[38;5;36mzea[0m[0m: [32mSuccessfully saved GIF to -> [33mZ:\raw_data\C000000017\VIS-013_SW_data_07-July-2026_10-52-55\output\CombinedData_buffer3_iq.gif[0m[0m
  CombinedData_buffer3_iq.hdf5: B-mode GIF, 25.4 Hz, 32 frames = 1.26 s -> 1.28 s GIF (real time); 32 frames @ 25 fps -> CombinedData_buffer3_iq.gif
[1m[38;5;36mzea[0m[0m: [32mSuccessfully saved GIF to -> [33mZ:\raw_data\C000000017\VIS-013_SW_data_07-July-2026_10-52-55\output\CombinedData_buffer3_refocus-adjoint_iq.gif[0m[0m
  CombinedData_buffer3_refocus-adjoint_iq.hdf5: B-mode GIF, 25.4 Hz, 32 frames = 1.26 s -> 1.28 s GIF (real time); 32 frames @ 25 fps -> CombinedData_buffer3_refocus-adjoint_iq.gif

==========================================================================================
[17/44] Z:\raw_data\C000000018\VIS-012_SW_data_07-July-2026_09-21-31
==========================================================================================
-------------------GPU settings-------------------
7/8 GPUs were disabled
     memory
GPU        
0       23592
Selecting 1 GPU based on available memory.
Selected GPU 0 with Free Memory: 23592.00 MiB
--------------------------------------------------
=== beamforming CombinedData.mat -> Z:\raw_data\C000000018\VIS-012_SW_data_07-July-2026_09-21-31\output (backend torch, jit None, save_converted=True) ===
    reusing existing converted file CombinedData_buffer3.hdf5
[1m[38;5;36mzea[0m[0m: File saved to [33mZ:\raw_data\C000000018\VIS-012_SW_data_07-July-2026_09-21-31\output\CombinedData_buffer3_iq.hdf5[0m
  buffer 3 (bmode_focused): 32 frames n_tx=73 patches=21 REFoCUS adjoint -> IQ (32, 382, 529, 2) @ 25.4 FPS -> CombinedData_buffer3_iq.hdf5
=== GIFs from 2 IQ file(s) in Z:\raw_data\C000000018\VIS-012_SW_data_07-July-2026_09-21-31\output (real time; adaptive levels, curve gamma2) ===
[1m[38;5;36mzea[0m[0m: [32mSuccessfully saved GIF to -> [33mZ:\raw_data\C000000018\VIS-012_SW_data_07-July-2026_09-21-31\output\CombinedData_buffer3_iq.gif[0m[0m
  CombinedData_buffer3_iq.hdf5: B-mode GIF, 25.4 Hz, 32 frames = 1.26 s -> 1.28 s GIF (real time); 32 frames @ 25 fps -> CombinedData_buffer3_iq.gif
[1m[38;5;36mzea[0m[0m: [32mSuccessfully saved GIF to -> [33mZ:\raw_data\C000000018\VIS-012_SW_data_07-July-2026_09-21-31\output\CombinedData_buffer3_refocus-adjoint_iq.gif[0m[0m
  CombinedData_buffer3_refocus-adjoint_iq.hdf5: B-mode GIF, 25.4 Hz, 32 frames = 1.26 s -> 1.28 s GIF (real time); 32 frames @ 25 fps -> CombinedData_buffer3_refocus-adjoint_iq.gif

==========================================================================================
[18/44] Z:\raw_data\C000000019\VIS-027_SW_data_21-July-2026_11-19-20
==========================================================================================
-------------------GPU settings-------------------
7/8 GPUs were disabled
     memory
GPU        
0       23592
Selecting 1 GPU based on available memory.
Selected GPU 0 with Free Memory: 23592.00 MiB
--------------------------------------------------
=== beamforming CombinedData.mat -> Z:\raw_data\C000000019\VIS-027_SW_data_21-July-2026_11-19-20\output (backend torch, jit None, save_converted=True) ===
    reusing existing converted file CombinedData_buffer3.hdf5
[1m[38;5;36mzea[0m[0m: File saved to [33mZ:\raw_data\C000000019\VIS-027_SW_data_21-July-2026_11-19-20\output\CombinedData_buffer3_iq.hdf5[0m
  buffer 3 (bmode_focused): 32 frames n_tx=73 patches=21 REFoCUS adjoint -> IQ (32, 382, 529, 2) @ 25.4 FPS -> CombinedData_buffer3_iq.hdf5
=== GIFs from 2 IQ file(s) in Z:\raw_data\C000000019\VIS-027_SW_data_21-July-2026_11-19-20\output (real time; adaptive levels, curve gamma2) ===
[1m[38;5;36mzea[0m[0m: [32mSuccessfully saved GIF to -> [33mZ:\raw_data\C000000019\VIS-027_SW_data_21-July-2026_11-19-20\output\CombinedData_buffer3_iq.gif[0m[0m
  CombinedData_buffer3_iq.hdf5: B-mode GIF, 25.4 Hz, 32 frames = 1.26 s -> 1.28 s GIF (real time); 32 frames @ 25 fps -> CombinedData_buffer3_iq.gif
[1m[38;5;36mzea[0m[0m: [32mSuccessfully saved GIF to -> [33mZ:\raw_data\C000000019\VIS-027_SW_data_21-July-2026_11-19-20\output\CombinedData_buffer3_refocus-adjoint_iq.gif[0m[0m
  CombinedData_buffer3_refocus-adjoint_iq.hdf5: B-mode GIF, 25.4 Hz, 32 frames = 1.26 s -> 1.28 s GIF (real time); 32 frames @ 25 fps -> CombinedData_buffer3_refocus-adjoint_iq.gif

==========================================================================================
[19/44] Z:\raw_data\C000000020\VIS-026_SW_data_21-July-2026_10-42-10
==========================================================================================
-------------------GPU settings-------------------
7/8 GPUs were disabled
     memory
GPU        
0       23592
Selecting 1 GPU based on available memory.
Selected GPU 0 with Free Memory: 23592.00 MiB
--------------------------------------------------
=== beamforming CombinedData.mat -> Z:\raw_data\C000000020\VIS-026_SW_data_21-July-2026_10-42-10\output (backend torch, jit None, save_converted=True) ===
    reusing existing converted file CombinedData_buffer3.hdf5
[1m[38;5;36mzea[0m[0m: File saved to [33mZ:\raw_data\C000000020\VIS-026_SW_data_21-July-2026_10-42-10\output\CombinedData_buffer3_iq.hdf5[0m
  buffer 3 (bmode_focused): 32 frames n_tx=73 patches=21 REFoCUS adjoint -> IQ (32, 382, 529, 2) @ 25.4 FPS -> CombinedData_buffer3_iq.hdf5
=== GIFs from 2 IQ file(s) in Z:\raw_data\C000000020\VIS-026_SW_data_21-July-2026_10-42-10\output (real time; adaptive levels, curve gamma2) ===
[1m[38;5;36mzea[0m[0m: [32mSuccessfully saved GIF to -> [33mZ:\raw_data\C000000020\VIS-026_SW_data_21-July-2026_10-42-10\output\CombinedData_buffer3_iq.gif[0m[0m
  CombinedData_buffer3_iq.hdf5: B-mode GIF, 25.4 Hz, 32 frames = 1.26 s -> 1.28 s GIF (real time); 32 frames @ 25 fps -> CombinedData_buffer3_iq.gif
[1m[38;5;36mzea[0m[0m: [32mSuccessfully saved GIF to -> [33mZ:\raw_data\C000000020\VIS-026_SW_data_21-July-2026_10-42-10\output\CombinedData_buffer3_refocus-adjoint_iq.gif[0m[0m
  CombinedData_buffer3_refocus-adjoint_iq.hdf5: B-mode GIF, 25.4 Hz, 32 frames = 1.26 s -> 1.28 s GIF (real time); 32 frames @ 25 fps -> CombinedData_buffer3_refocus-adjoint_iq.gif

==========================================================================================
[20/44] Z:\raw_data\C000000021\VIS-024_SW_data_17-July-2026_09-35-47
==========================================================================================
-------------------GPU settings-------------------
7/8 GPUs were disabled
     memory
GPU        
0       23592
Selecting 1 GPU based on available memory.
Selected GPU 0 with Free Memory: 23592.00 MiB
--------------------------------------------------
=== beamforming CombinedData.mat -> Z:\raw_data\C000000021\VIS-024_SW_data_17-July-2026_09-35-47\output (backend torch, jit None, save_converted=True) ===
    reusing existing converted file CombinedData_buffer3.hdf5
[1m[38;5;36mzea[0m[0m: File saved to [33mZ:\raw_data\C000000021\VIS-024_SW_data_17-July-2026_09-35-47\output\CombinedData_buffer3_iq.hdf5[0m
  buffer 3 (bmode_focused): 32 frames n_tx=73 patches=21 REFoCUS adjoint -> IQ (32, 382, 529, 2) @ 25.4 FPS -> CombinedData_buffer3_iq.hdf5
=== GIFs from 2 IQ file(s) in Z:\raw_data\C000000021\VIS-024_SW_data_17-July-2026_09-35-47\output (real time; adaptive levels, curve gamma2) ===
[1m[38;5;36mzea[0m[0m: [32mSuccessfully saved GIF to -> [33mZ:\raw_data\C000000021\VIS-024_SW_data_17-July-2026_09-35-47\output\CombinedData_buffer3_iq.gif[0m[0m
  CombinedData_buffer3_iq.hdf5: B-mode GIF, 25.4 Hz, 32 frames = 1.26 s -> 1.28 s GIF (real time); 32 frames @ 25 fps -> CombinedData_buffer3_iq.gif
[1m[38;5;36mzea[0m[0m: [32mSuccessfully saved GIF to -> [33mZ:\raw_data\C000000021\VIS-024_SW_data_17-July-2026_09-35-47\output\CombinedData_buffer3_refocus-adjoint_iq.gif[0m[0m
  CombinedData_buffer3_refocus-adjoint_iq.hdf5: B-mode GIF, 25.4 Hz, 32 frames = 1.26 s -> 1.28 s GIF (real time); 32 frames @ 25 fps -> CombinedData_buffer3_refocus-adjoint_iq.gif

==========================================================================================
[21/44] Z:\raw_data\C000000022\VIS-023_SW_data_17-July-2026_08-48-06
==========================================================================================
-------------------GPU settings-------------------
7/8 GPUs were disabled
     memory
GPU        
0       23592
Selecting 1 GPU based on available memory.
Selected GPU 0 with Free Memory: 23592.00 MiB
--------------------------------------------------
=== beamforming CombinedData.mat -> Z:\raw_data\C000000022\VIS-023_SW_data_17-July-2026_08-48-06\output (backend torch, jit None, save_converted=True) ===
    reusing existing converted file CombinedData_buffer3.hdf5
[1m[38;5;36mzea[0m[0m: File saved to [33mZ:\raw_data\C000000022\VIS-023_SW_data_17-July-2026_08-48-06\output\CombinedData_buffer3_iq.hdf5[0m
  buffer 3 (bmode_focused): 32 frames n_tx=73 patches=21 REFoCUS adjoint -> IQ (32, 382, 529, 2) @ 25.4 FPS -> CombinedData_buffer3_iq.hdf5
=== GIFs from 2 IQ file(s) in Z:\raw_data\C000000022\VIS-023_SW_data_17-July-2026_08-48-06\output (real time; adaptive levels, curve gamma2) ===
[1m[38;5;36mzea[0m[0m: [32mSuccessfully saved GIF to -> [33mZ:\raw_data\C000000022\VIS-023_SW_data_17-July-2026_08-48-06\output\CombinedData_buffer3_iq.gif[0m[0m
  CombinedData_buffer3_iq.hdf5: B-mode GIF, 25.4 Hz, 32 frames = 1.26 s -> 1.28 s GIF (real time); 32 frames @ 25 fps -> CombinedData_buffer3_iq.gif
[1m[38;5;36mzea[0m[0m: [32mSuccessfully saved GIF to -> [33mZ:\raw_data\C000000022\VIS-023_SW_data_17-July-2026_08-48-06\output\CombinedData_buffer3_refocus-adjoint_iq.gif[0m[0m
  CombinedData_buffer3_refocus-adjoint_iq.hdf5: B-mode GIF, 25.4 Hz, 32 frames = 1.26 s -> 1.28 s GIF (real time); 32 frames @ 25 fps -> CombinedData_buffer3_refocus-adjoint_iq.gif

==========================================================================================
[22/44] Z:\raw_data\C000000023\VIS-022_SW_data_14-July-2026_11-41-10
==========================================================================================
-------------------GPU settings-------------------
7/8 GPUs were disabled
     memory
GPU        
0       23592
Selecting 1 GPU based on available memory.
Selected GPU 0 with Free Memory: 23592.00 MiB
--------------------------------------------------
=== beamforming CombinedData.mat -> Z:\raw_data\C000000023\VIS-022_SW_data_14-July-2026_11-41-10\output (backend torch, jit None, save_converted=True) ===
    reusing existing converted file CombinedData_buffer3.hdf5
[1m[38;5;36mzea[0m[0m: File saved to [33mZ:\raw_data\C000000023\VIS-022_SW_data_14-July-2026_11-41-10\output\CombinedData_buffer3_iq.hdf5[0m
  buffer 3 (bmode_focused): 32 frames n_tx=73 patches=21 REFoCUS adjoint -> IQ (32, 382, 529, 2) @ 25.4 FPS -> CombinedData_buffer3_iq.hdf5
=== GIFs from 2 IQ file(s) in Z:\raw_data\C000000023\VIS-022_SW_data_14-July-2026_11-41-10\output (real time; adaptive levels, curve gamma2) ===
[1m[38;5;36mzea[0m[0m: [32mSuccessfully saved GIF to -> [33mZ:\raw_data\C000000023\VIS-022_SW_data_14-July-2026_11-41-10\output\CombinedData_buffer3_iq.gif[0m[0m
  CombinedData_buffer3_iq.hdf5: B-mode GIF, 25.4 Hz, 32 frames = 1.26 s -> 1.28 s GIF (real time); 32 frames @ 25 fps -> CombinedData_buffer3_iq.gif
[1m[38;5;36mzea[0m[0m: [32mSuccessfully saved GIF to -> [33mZ:\raw_data\C000000023\VIS-022_SW_data_14-July-2026_11-41-10\output\CombinedData_buffer3_refocus-adjoint_iq.gif[0m[0m
  CombinedData_buffer3_refocus-adjoint_iq.hdf5: B-mode GIF, 25.4 Hz, 32 frames = 1.26 s -> 1.28 s GIF (real time); 32 frames @ 25 fps -> CombinedData_buffer3_refocus-adjoint_iq.gif

==========================================================================================
[23/44] Z:\raw_data\C000000024\VIS-021_SW_data_14-July-2026_10-55-16
==========================================================================================
-------------------GPU settings-------------------
7/8 GPUs were disabled
     memory
GPU        
0       23592
Selecting 1 GPU based on available memory.
Selected GPU 0 with Free Memory: 23592.00 MiB
--------------------------------------------------
=== beamforming CombinedData.mat -> Z:\raw_data\C000000024\VIS-021_SW_data_14-July-2026_10-55-16\output (backend torch, jit None, save_converted=True) ===
    reusing existing converted file CombinedData_buffer3.hdf5
[1m[38;5;36mzea[0m[0m: File saved to [33mZ:\raw_data\C000000024\VIS-021_SW_data_14-July-2026_10-55-16\output\CombinedData_buffer3_iq.hdf5[0m
  buffer 3 (bmode_focused): 32 frames n_tx=73 patches=21 REFoCUS adjoint -> IQ (32, 382, 529, 2) @ 25.4 FPS -> CombinedData_buffer3_iq.hdf5
=== GIFs from 2 IQ file(s) in Z:\raw_data\C000000024\VIS-021_SW_data_14-July-2026_10-55-16\output (real time; adaptive levels, curve gamma2) ===
[1m[38;5;36mzea[0m[0m: [32mSuccessfully saved GIF to -> [33mZ:\raw_data\C000000024\VIS-021_SW_data_14-July-2026_10-55-16\output\CombinedData_buffer3_iq.gif[0m[0m
  CombinedData_buffer3_iq.hdf5: B-mode GIF, 25.4 Hz, 32 frames = 1.26 s -> 1.28 s GIF (real time); 32 frames @ 25 fps -> CombinedData_buffer3_iq.gif
[1m[38;5;36mzea[0m[0m: [32mSuccessfully saved GIF to -> [33mZ:\raw_data\C000000024\VIS-021_SW_data_14-July-2026_10-55-16\output\CombinedData_buffer3_refocus-adjoint_iq.gif[0m[0m
  CombinedData_buffer3_refocus-adjoint_iq.hdf5: B-mode GIF, 25.4 Hz, 32 frames = 1.26 s -> 1.28 s GIF (real time); 32 frames @ 25 fps -> CombinedData_buffer3_refocus-adjoint_iq.gif

==========================================================================================
[24/44] Z:\raw_data\C000000025\VIS-025_SW_data_21-July-2026_09-53-09
==========================================================================================
-------------------GPU settings-------------------
7/8 GPUs were disabled
     memory
GPU        
0       23592
Selecting 1 GPU based on available memory.
Selected GPU 0 with Free Memory: 23592.00 MiB
--------------------------------------------------
=== beamforming CombinedData.mat -> Z:\raw_data\C000000025\VIS-025_SW_data_21-July-2026_09-53-09\output (backend torch, jit None, save_converted=True) ===
    reusing existing converted file CombinedData_buffer3.hdf5
[1m[38;5;36mzea[0m[0m: File saved to [33mZ:\raw_data\C000000025\VIS-025_SW_data_21-July-2026_09-53-09\output\CombinedData_buffer3_iq.hdf5[0m
  buffer 3 (bmode_focused): 32 frames n_tx=73 patches=21 REFoCUS adjoint -> IQ (32, 382, 529, 2) @ 25.4 FPS -> CombinedData_buffer3_iq.hdf5
=== GIFs from 2 IQ file(s) in Z:\raw_data\C000000025\VIS-025_SW_data_21-July-2026_09-53-09\output (real time; adaptive levels, curve gamma2) ===
[1m[38;5;36mzea[0m[0m: [32mSuccessfully saved GIF to -> [33mZ:\raw_data\C000000025\VIS-025_SW_data_21-July-2026_09-53-09\output\CombinedData_buffer3_iq.gif[0m[0m
  CombinedData_buffer3_iq.hdf5: B-mode GIF, 25.4 Hz, 32 frames = 1.26 s -> 1.28 s GIF (real time); 32 frames @ 25 fps -> CombinedData_buffer3_iq.gif
[1m[38;5;36mzea[0m[0m: [32mSuccessfully saved GIF to -> [33mZ:\raw_data\C000000025\VIS-025_SW_data_21-July-2026_09-53-09\output\CombinedData_buffer3_refocus-adjoint_iq.gif[0m[0m
  CombinedData_buffer3_refocus-adjoint_iq.hdf5: B-mode GIF, 25.4 Hz, 32 frames = 1.26 s -> 1.28 s GIF (real time); 32 frames @ 25 fps -> CombinedData_buffer3_refocus-adjoint_iq.gif

==========================================================================================
[25/44] Z:\raw_data\C000000026\VIS-020_SW_data_14-July-2026_10-03-40
==========================================================================================
-------------------GPU settings-------------------
7/8 GPUs were disabled
     memory
GPU        
0       23592
Selecting 1 GPU based on available memory.
Selected GPU 0 with Free Memory: 23592.00 MiB
--------------------------------------------------
=== beamforming CombinedData.mat -> Z:\raw_data\C000000026\VIS-020_SW_data_14-July-2026_10-03-40\output (backend torch, jit None, save_converted=True) ===
    reusing existing converted file CombinedData_buffer3.hdf5
[1m[38;5;36mzea[0m[0m: File saved to [33mZ:\raw_data\C000000026\VIS-020_SW_data_14-July-2026_10-03-40\output\CombinedData_buffer3_iq.hdf5[0m
  buffer 3 (bmode_focused): 32 frames n_tx=73 patches=21 REFoCUS adjoint -> IQ (32, 382, 529, 2) @ 25.4 FPS -> CombinedData_buffer3_iq.hdf5
=== GIFs from 2 IQ file(s) in Z:\raw_data\C000000026\VIS-020_SW_data_14-July-2026_10-03-40\output (real time; adaptive levels, curve gamma2) ===
[1m[38;5;36mzea[0m[0m: [32mSuccessfully saved GIF to -> [33mZ:\raw_data\C000000026\VIS-020_SW_data_14-July-2026_10-03-40\output\CombinedData_buffer3_iq.gif[0m[0m
  CombinedData_buffer3_iq.hdf5: B-mode GIF, 25.4 Hz, 32 frames = 1.26 s -> 1.28 s GIF (real time); 32 frames @ 25 fps -> CombinedData_buffer3_iq.gif
[1m[38;5;36mzea[0m[0m: [32mSuccessfully saved GIF to -> [33mZ:\raw_data\C000000026\VIS-020_SW_data_14-July-2026_10-03-40\output\CombinedData_buffer3_refocus-adjoint_iq.gif[0m[0m
  CombinedData_buffer3_refocus-adjoint_iq.hdf5: B-mode GIF, 25.4 Hz, 32 frames = 1.26 s -> 1.28 s GIF (real time); 32 frames @ 25 fps -> CombinedData_buffer3_refocus-adjoint_iq.gif

==========================================================================================
[26/44] Z:\raw_data\C000000027\VIS-019_SW_data_14-July-2026_09-20-26
==========================================================================================
-------------------GPU settings-------------------
7/8 GPUs were disabled
     memory
GPU        
0       23592
Selecting 1 GPU based on available memory.
Selected GPU 0 with Free Memory: 23592.00 MiB
--------------------------------------------------
=== beamforming CombinedData.mat -> Z:\raw_data\C000000027\VIS-019_SW_data_14-July-2026_09-20-26\output (backend torch, jit None, save_converted=True) ===
    reusing existing converted file CombinedData_buffer3.hdf5
[1m[38;5;36mzea[0m[0m: File saved to [33mZ:\raw_data\C000000027\VIS-019_SW_data_14-July-2026_09-20-26\output\CombinedData_buffer3_iq.hdf5[0m
  buffer 3 (bmode_focused): 32 frames n_tx=73 patches=21 REFoCUS adjoint -> IQ (32, 382, 529, 2) @ 25.4 FPS -> CombinedData_buffer3_iq.hdf5
=== GIFs from 2 IQ file(s) in Z:\raw_data\C000000027\VIS-019_SW_data_14-July-2026_09-20-26\output (real time; adaptive levels, curve gamma2) ===
[1m[38;5;36mzea[0m[0m: [32mSuccessfully saved GIF to -> [33mZ:\raw_data\C000000027\VIS-019_SW_data_14-July-2026_09-20-26\output\CombinedData_buffer3_iq.gif[0m[0m
  CombinedData_buffer3_iq.hdf5: B-mode GIF, 25.4 Hz, 32 frames = 1.26 s -> 1.28 s GIF (real time); 32 frames @ 25 fps -> CombinedData_buffer3_iq.gif
[1m[38;5;36mzea[0m[0m: [32mSuccessfully saved GIF to -> [33mZ:\raw_data\C000000027\VIS-019_SW_data_14-July-2026_09-20-26\output\CombinedData_buffer3_refocus-adjoint_iq.gif[0m[0m
  CombinedData_buffer3_refocus-adjoint_iq.hdf5: B-mode GIF, 25.4 Hz, 32 frames = 1.26 s -> 1.28 s GIF (real time); 32 frames @ 25 fps -> CombinedData_buffer3_refocus-adjoint_iq.gif

==========================================================================================
[27/44] Z:\raw_data\C000000028\VIS-018_SW_data_14-July-2026_08-30-41
==========================================================================================
-------------------GPU settings-------------------
7/8 GPUs were disabled
     memory
GPU        
0       23592
Selecting 1 GPU based on available memory.
Selected GPU 0 with Free Memory: 23592.00 MiB
--------------------------------------------------
=== beamforming CombinedData.mat -> Z:\raw_data\C000000028\VIS-018_SW_data_14-July-2026_08-30-41\output (backend torch, jit None, save_converted=True) ===
    reusing existing converted file CombinedData_buffer3.hdf5
[1m[38;5;36mzea[0m[0m: File saved to [33mZ:\raw_data\C000000028\VIS-018_SW_data_14-July-2026_08-30-41\output\CombinedData_buffer3_iq.hdf5[0m
  buffer 3 (bmode_focused): 32 frames n_tx=73 patches=21 REFoCUS adjoint -> IQ (32, 382, 529, 2) @ 25.4 FPS -> CombinedData_buffer3_iq.hdf5
=== GIFs from 2 IQ file(s) in Z:\raw_data\C000000028\VIS-018_SW_data_14-July-2026_08-30-41\output (real time; adaptive levels, curve gamma2) ===
[1m[38;5;36mzea[0m[0m: [32mSuccessfully saved GIF to -> [33mZ:\raw_data\C000000028\VIS-018_SW_data_14-July-2026_08-30-41\output\CombinedData_buffer3_iq.gif[0m[0m
  CombinedData_buffer3_iq.hdf5: B-mode GIF, 25.4 Hz, 32 frames = 1.26 s -> 1.28 s GIF (real time); 32 frames @ 25 fps -> CombinedData_buffer3_iq.gif
[1m[38;5;36mzea[0m[0m: [32mSuccessfully saved GIF to -> [33mZ:\raw_data\C000000028\VIS-018_SW_data_14-July-2026_08-30-41\output\CombinedData_buffer3_refocus-adjoint_iq.gif[0m[0m
  CombinedData_buffer3_refocus-adjoint_iq.hdf5: B-mode GIF, 25.4 Hz, 32 frames = 1.26 s -> 1.28 s GIF (real time); 32 frames @ 25 fps -> CombinedData_buffer3_refocus-adjoint_iq.gif

==========================================================================================
[28/44] Z:\raw_data\C000000029\VIS-031_SW_data_24-July-2026_11-11-50
==========================================================================================
-------------------GPU settings-------------------
7/8 GPUs were disabled
     memory
GPU        
0       23592
Selecting 1 GPU based on available memory.
Selected GPU 0 with Free Memory: 23592.00 MiB
--------------------------------------------------
=== beamforming CombinedData.mat -> Z:\raw_data\C000000029\VIS-031_SW_data_24-July-2026_11-11-50\output (backend torch, jit None, save_converted=True) ===
    reusing existing converted file CombinedData_buffer3.hdf5
[1m[38;5;36mzea[0m[0m: File saved to [33mZ:\raw_data\C000000029\VIS-031_SW_data_24-July-2026_11-11-50\output\CombinedData_buffer3_iq.hdf5[0m
  buffer 3 (bmode_focused): 32 frames n_tx=73 patches=21 REFoCUS adjoint -> IQ (32, 382, 529, 2) @ 25.4 FPS -> CombinedData_buffer3_iq.hdf5
=== GIFs from 2 IQ file(s) in Z:\raw_data\C000000029\VIS-031_SW_data_24-July-2026_11-11-50\output (real time; adaptive levels, curve gamma2) ===
[1m[38;5;36mzea[0m[0m: [32mSuccessfully saved GIF to -> [33mZ:\raw_data\C000000029\VIS-031_SW_data_24-July-2026_11-11-50\output\CombinedData_buffer3_iq.gif[0m[0m
  CombinedData_buffer3_iq.hdf5: B-mode GIF, 25.4 Hz, 32 frames = 1.26 s -> 1.28 s GIF (real time); 32 frames @ 25 fps -> CombinedData_buffer3_iq.gif
[1m[38;5;36mzea[0m[0m: [32mSuccessfully saved GIF to -> [33mZ:\raw_data\C000000029\VIS-031_SW_data_24-July-2026_11-11-50\output\CombinedData_buffer3_refocus-adjoint_iq.gif[0m[0m
  CombinedData_buffer3_refocus-adjoint_iq.hdf5: B-mode GIF, 25.4 Hz, 32 frames = 1.26 s -> 1.28 s GIF (real time); 32 frames @ 25 fps -> CombinedData_buffer3_refocus-adjoint_iq.gif

==========================================================================================
[29/44] Z:\raw_data\C000000030\VIS-029_SW_data_24-July-2026_09-36-27
==========================================================================================
-------------------GPU settings-------------------
7/8 GPUs were disabled
     memory
GPU        
0       23592
Selecting 1 GPU based on available memory.
Selected GPU 0 with Free Memory: 23592.00 MiB
--------------------------------------------------
=== beamforming CombinedData.mat -> Z:\raw_data\C000000030\VIS-029_SW_data_24-July-2026_09-36-27\output (backend torch, jit None, save_converted=True) ===
    reusing existing converted file CombinedData_buffer3.hdf5
[1m[38;5;36mzea[0m[0m: File saved to [33mZ:\raw_data\C000000030\VIS-029_SW_data_24-July-2026_09-36-27\output\CombinedData_buffer3_iq.hdf5[0m
  buffer 3 (bmode_focused): 32 frames n_tx=73 patches=21 REFoCUS adjoint -> IQ (32, 382, 529, 2) @ 25.4 FPS -> CombinedData_buffer3_iq.hdf5
=== GIFs from 2 IQ file(s) in Z:\raw_data\C000000030\VIS-029_SW_data_24-July-2026_09-36-27\output (real time; adaptive levels, curve gamma2) ===
[1m[38;5;36mzea[0m[0m: [32mSuccessfully saved GIF to -> [33mZ:\raw_data\C000000030\VIS-029_SW_data_24-July-2026_09-36-27\output\CombinedData_buffer3_iq.gif[0m[0m
  CombinedData_buffer3_iq.hdf5: B-mode GIF, 25.4 Hz, 32 frames = 1.26 s -> 1.28 s GIF (real time); 32 frames @ 25 fps -> CombinedData_buffer3_iq.gif
[1m[38;5;36mzea[0m[0m: [32mSuccessfully saved GIF to -> [33mZ:\raw_data\C000000030\VIS-029_SW_data_24-July-2026_09-36-27\output\CombinedData_buffer3_refocus-adjoint_iq.gif[0m[0m
  CombinedData_buffer3_refocus-adjoint_iq.hdf5: B-mode GIF, 25.4 Hz, 32 frames = 1.26 s -> 1.28 s GIF (real time); 32 frames @ 25 fps -> CombinedData_buffer3_refocus-adjoint_iq.gif

==========================================================================================
[30/44] Z:\raw_data\C000000031\VIS-032_SW_data_24-July-2026_11-57-06
==========================================================================================
-------------------GPU settings-------------------
7/8 GPUs were disabled
     memory
GPU        
0       23592
Selecting 1 GPU based on available memory.
Selected GPU 0 with Free Memory: 23592.00 MiB
--------------------------------------------------
=== beamforming CombinedData.mat -> Z:\raw_data\C000000031\VIS-032_SW_data_24-July-2026_11-57-06\output (backend torch, jit None, save_converted=True) ===
    reusing existing converted file CombinedData_buffer3.hdf5
[1m[38;5;36mzea[0m[0m: File saved to [33mZ:\raw_data\C000000031\VIS-032_SW_data_24-July-2026_11-57-06\output\CombinedData_buffer3_iq.hdf5[0m
  buffer 3 (bmode_focused): 32 frames n_tx=73 patches=21 REFoCUS adjoint -> IQ (32, 382, 529, 2) @ 25.4 FPS -> CombinedData_buffer3_iq.hdf5
=== GIFs from 2 IQ file(s) in Z:\raw_data\C000000031\VIS-032_SW_data_24-July-2026_11-57-06\output (real time; adaptive levels, curve gamma2) ===
[1m[38;5;36mzea[0m[0m: [32mSuccessfully saved GIF to -> [33mZ:\raw_data\C000000031\VIS-032_SW_data_24-July-2026_11-57-06\output\CombinedData_buffer3_iq.gif[0m[0m
  CombinedData_buffer3_iq.hdf5: B-mode GIF, 25.4 Hz, 32 frames = 1.26 s -> 1.28 s GIF (real time); 32 frames @ 25 fps -> CombinedData_buffer3_iq.gif
[1m[38;5;36mzea[0m[0m: [32mSuccessfully saved GIF to -> [33mZ:\raw_data\C000000031\VIS-032_SW_data_24-July-2026_11-57-06\output\CombinedData_buffer3_refocus-adjoint_iq.gif[0m[0m
  CombinedData_buffer3_refocus-adjoint_iq.hdf5: B-mode GIF, 25.4 Hz, 32 frames = 1.26 s -> 1.28 s GIF (real time); 32 frames @ 25 fps -> CombinedData_buffer3_refocus-adjoint_iq.gif

==========================================================================================
[31/44] Z:\raw_data\C000000032\VIS-030_SW_data_24-July-2026_10-24-32
==========================================================================================
-------------------GPU settings-------------------
7/8 GPUs were disabled
     memory
GPU        
0       23592
Selecting 1 GPU based on available memory.
Selected GPU 0 with Free Memory: 23592.00 MiB
--------------------------------------------------
=== beamforming CombinedData.mat -> Z:\raw_data\C000000032\VIS-030_SW_data_24-July-2026_10-24-32\output (backend torch, jit None, save_converted=True) ===
    reusing existing converted file CombinedData_buffer3.hdf5
[1m[38;5;36mzea[0m[0m: File saved to [33mZ:\raw_data\C000000032\VIS-030_SW_data_24-July-2026_10-24-32\output\CombinedData_buffer3_iq.hdf5[0m
  buffer 3 (bmode_focused): 32 frames n_tx=73 patches=21 REFoCUS adjoint -> IQ (32, 382, 529, 2) @ 25.4 FPS -> CombinedData_buffer3_iq.hdf5
=== GIFs from 2 IQ file(s) in Z:\raw_data\C000000032\VIS-030_SW_data_24-July-2026_10-24-32\output (real time; adaptive levels, curve gamma2) ===
[1m[38;5;36mzea[0m[0m: [32mSuccessfully saved GIF to -> [33mZ:\raw_data\C000000032\VIS-030_SW_data_24-July-2026_10-24-32\output\CombinedData_buffer3_iq.gif[0m[0m
  CombinedData_buffer3_iq.hdf5: B-mode GIF, 25.4 Hz, 32 frames = 1.26 s -> 1.28 s GIF (real time); 32 frames @ 25 fps -> CombinedData_buffer3_iq.gif
[1m[38;5;36mzea[0m[0m: [32mSuccessfully saved GIF to -> [33mZ:\raw_data\C000000032\VIS-030_SW_data_24-July-2026_10-24-32\output\CombinedData_buffer3_refocus-adjoint_iq.gif[0m[0m
  CombinedData_buffer3_refocus-adjoint_iq.hdf5: B-mode GIF, 25.4 Hz, 32 frames = 1.26 s -> 1.28 s GIF (real time); 32 frames @ 25 fps -> CombinedData_buffer3_refocus-adjoint_iq.gif

==========================================================================================
[32/44] Z:\raw_data\C000000033\VIS-028_SW_data_24-July-2026_08-43-33
==========================================================================================
-------------------GPU settings-------------------
7/8 GPUs were disabled
     memory
GPU        
0       23592
Selecting 1 GPU based on available memory.
Selected GPU 0 with Free Memory: 23592.00 MiB
--------------------------------------------------
=== beamforming CombinedData.mat -> Z:\raw_data\C000000033\VIS-028_SW_data_24-July-2026_08-43-33\output (backend torch, jit None, save_converted=True) ===
    reusing existing converted file CombinedData_buffer3.hdf5
[1m[38;5;36mzea[0m[0m: File saved to [33mZ:\raw_data\C000000033\VIS-028_SW_data_24-July-2026_08-43-33\output\CombinedData_buffer3_iq.hdf5[0m
  buffer 3 (bmode_focused): 32 frames n_tx=73 patches=21 REFoCUS adjoint -> IQ (32, 382, 529, 2) @ 25.4 FPS -> CombinedData_buffer3_iq.hdf5
=== GIFs from 2 IQ file(s) in Z:\raw_data\C000000033\VIS-028_SW_data_24-July-2026_08-43-33\output (real time; adaptive levels, curve gamma2) ===
[1m[38;5;36mzea[0m[0m: [32mSuccessfully saved GIF to -> [33mZ:\raw_data\C000000033\VIS-028_SW_data_24-July-2026_08-43-33\output\CombinedData_buffer3_iq.gif[0m[0m
  CombinedData_buffer3_iq.hdf5: B-mode GIF, 25.4 Hz, 32 frames = 1.26 s -> 1.28 s GIF (real time); 32 frames @ 25 fps -> CombinedData_buffer3_iq.gif
[1m[38;5;36mzea[0m[0m: [32mSuccessfully saved GIF to -> [33mZ:\raw_data\C000000033\VIS-028_SW_data_24-July-2026_08-43-33\output\CombinedData_buffer3_refocus-adjoint_iq.gif[0m[0m
  CombinedData_buffer3_refocus-adjoint_iq.hdf5: B-mode GIF, 25.4 Hz, 32 frames = 1.26 s -> 1.28 s GIF (real time); 32 frames @ 25 fps -> CombinedData_buffer3_refocus-adjoint_iq.gif

==========================================================================================
[33/44] Z:\raw_data\C000000034\VIS-045_SW_data_07-August-2026_11-42-13
==========================================================================================
-------------------GPU settings-------------------
7/8 GPUs were disabled
     memory
GPU        
0       23592
Selecting 1 GPU based on available memory.
Selected GPU 0 with Free Memory: 23592.00 MiB
--------------------------------------------------
=== beamforming CombinedData.mat -> Z:\raw_data\C000000034\VIS-045_SW_data_07-August-2026_11-42-13\output (backend torch, jit None, save_converted=True) ===
    reusing existing converted file CombinedData_buffer3.hdf5
[1m[38;5;36mzea[0m[0m: File saved to [33mZ:\raw_data\C000000034\VIS-045_SW_data_07-August-2026_11-42-13\output\CombinedData_buffer3_iq.hdf5[0m
  buffer 3 (bmode_focused): 32 frames n_tx=73 patches=21 REFoCUS adjoint -> IQ (32, 382, 529, 2) @ 25.4 FPS -> CombinedData_buffer3_iq.hdf5
=== GIFs from 2 IQ file(s) in Z:\raw_data\C000000034\VIS-045_SW_data_07-August-2026_11-42-13\output (real time; adaptive levels, curve gamma2) ===
[1m[38;5;36mzea[0m[0m: [32mSuccessfully saved GIF to -> [33mZ:\raw_data\C000000034\VIS-045_SW_data_07-August-2026_11-42-13\output\CombinedData_buffer3_iq.gif[0m[0m
  CombinedData_buffer3_iq.hdf5: B-mode GIF, 25.4 Hz, 32 frames = 1.26 s -> 1.28 s GIF (real time); 32 frames @ 25 fps -> CombinedData_buffer3_iq.gif
[1m[38;5;36mzea[0m[0m: [32mSuccessfully saved GIF to -> [33mZ:\raw_data\C000000034\VIS-045_SW_data_07-August-2026_11-42-13\output\CombinedData_buffer3_refocus-adjoint_iq.gif[0m[0m
  CombinedData_buffer3_refocus-adjoint_iq.hdf5: B-mode GIF, 25.4 Hz, 32 frames = 1.26 s -> 1.28 s GIF (real time); 32 frames @ 25 fps -> CombinedData_buffer3_refocus-adjoint_iq.gif

==========================================================================================
[34/44] Z:\raw_data\C000000035\VIS-044_SW_data_07-August-2026_10-54-57
==========================================================================================
-------------------GPU settings-------------------
7/8 GPUs were disabled
     memory
GPU        
0       23592
Selecting 1 GPU based on available memory.
Selected GPU 0 with Free Memory: 23592.00 MiB
--------------------------------------------------
=== beamforming CombinedData.mat -> Z:\raw_data\C000000035\VIS-044_SW_data_07-August-2026_10-54-57\output (backend torch, jit None, save_converted=True) ===
    reusing existing converted file CombinedData_buffer3.hdf5
[1m[38;5;36mzea[0m[0m: File saved to [33mZ:\raw_data\C000000035\VIS-044_SW_data_07-August-2026_10-54-57\output\CombinedData_buffer3_iq.hdf5[0m
  buffer 3 (bmode_focused): 32 frames n_tx=73 patches=21 REFoCUS adjoint -> IQ (32, 382, 529, 2) @ 25.4 FPS -> CombinedData_buffer3_iq.hdf5
=== GIFs from 2 IQ file(s) in Z:\raw_data\C000000035\VIS-044_SW_data_07-August-2026_10-54-57\output (real time; adaptive levels, curve gamma2) ===
[1m[38;5;36mzea[0m[0m: [32mSuccessfully saved GIF to -> [33mZ:\raw_data\C000000035\VIS-044_SW_data_07-August-2026_10-54-57\output\CombinedData_buffer3_iq.gif[0m[0m
  CombinedData_buffer3_iq.hdf5: B-mode GIF, 25.4 Hz, 32 frames = 1.26 s -> 1.28 s GIF (real time); 32 frames @ 25 fps -> CombinedData_buffer3_iq.gif
[1m[38;5;36mzea[0m[0m: [32mSuccessfully saved GIF to -> [33mZ:\raw_data\C000000035\VIS-044_SW_data_07-August-2026_10-54-57\output\CombinedData_buffer3_refocus-adjoint_iq.gif[0m[0m
  CombinedData_buffer3_refocus-adjoint_iq.hdf5: B-mode GIF, 25.4 Hz, 32 frames = 1.26 s -> 1.28 s GIF (real time); 32 frames @ 25 fps -> CombinedData_buffer3_refocus-adjoint_iq.gif

==========================================================================================
[35/44] Z:\raw_data\C000000036\VIS-043_SW_data_07-August-2026_10-03-38
==========================================================================================
-------------------GPU settings-------------------
7/8 GPUs were disabled
     memory
GPU        
0       23592
Selecting 1 GPU based on available memory.
Selected GPU 0 with Free Memory: 23592.00 MiB
--------------------------------------------------
=== beamforming CombinedData.mat -> Z:\raw_data\C000000036\VIS-043_SW_data_07-August-2026_10-03-38\output (backend torch, jit None, save_converted=True) ===
    reusing existing converted file CombinedData_buffer3.hdf5
[1m[38;5;36mzea[0m[0m: File saved to [33mZ:\raw_data\C000000036\VIS-043_SW_data_07-August-2026_10-03-38\output\CombinedData_buffer3_iq.hdf5[0m
  buffer 3 (bmode_focused): 32 frames n_tx=73 patches=21 REFoCUS adjoint -> IQ (32, 382, 529, 2) @ 25.4 FPS -> CombinedData_buffer3_iq.hdf5
=== GIFs from 2 IQ file(s) in Z:\raw_data\C000000036\VIS-043_SW_data_07-August-2026_10-03-38\output (real time; adaptive levels, curve gamma2) ===
[1m[38;5;36mzea[0m[0m: [32mSuccessfully saved GIF to -> [33mZ:\raw_data\C000000036\VIS-043_SW_data_07-August-2026_10-03-38\output\CombinedData_buffer3_iq.gif[0m[0m
  CombinedData_buffer3_iq.hdf5: B-mode GIF, 25.4 Hz, 32 frames = 1.26 s -> 1.28 s GIF (real time); 32 frames @ 25 fps -> CombinedData_buffer3_iq.gif
[1m[38;5;36mzea[0m[0m: [32mSuccessfully saved GIF to -> [33mZ:\raw_data\C000000036\VIS-043_SW_data_07-August-2026_10-03-38\output\CombinedData_buffer3_refocus-adjoint_iq.gif[0m[0m
  CombinedData_buffer3_refocus-adjoint_iq.hdf5: B-mode GIF, 25.4 Hz, 32 frames = 1.26 s -> 1.28 s GIF (real time); 32 frames @ 25 fps -> CombinedData_buffer3_refocus-adjoint_iq.gif

==========================================================================================
[36/44] Z:\raw_data\C000000037\VIS-042_SW_data_07-August-2026_08-39-39
==========================================================================================
-------------------GPU settings-------------------
7/8 GPUs were disabled
     memory
GPU        
0       23592
Selecting 1 GPU based on available memory.
Selected GPU 0 with Free Memory: 23592.00 MiB
--------------------------------------------------
=== beamforming CombinedData.mat -> Z:\raw_data\C000000037\VIS-042_SW_data_07-August-2026_08-39-39\output (backend torch, jit None, save_converted=True) ===
    reusing existing converted file CombinedData_buffer3.hdf5
[1m[38;5;36mzea[0m[0m: File saved to [33mZ:\raw_data\C000000037\VIS-042_SW_data_07-August-2026_08-39-39\output\CombinedData_buffer3_iq.hdf5[0m
  buffer 3 (bmode_focused): 32 frames n_tx=73 patches=21 REFoCUS adjoint -> IQ (32, 382, 529, 2) @ 25.4 FPS -> CombinedData_buffer3_iq.hdf5
=== GIFs from 2 IQ file(s) in Z:\raw_data\C000000037\VIS-042_SW_data_07-August-2026_08-39-39\output (real time; adaptive levels, curve gamma2) ===
[1m[38;5;36mzea[0m[0m: [32mSuccessfully saved GIF to -> [33mZ:\raw_data\C000000037\VIS-042_SW_data_07-August-2026_08-39-39\output\CombinedData_buffer3_iq.gif[0m[0m
  CombinedData_buffer3_iq.hdf5: B-mode GIF, 25.4 Hz, 32 frames = 1.26 s -> 1.28 s GIF (real time); 32 frames @ 25 fps -> CombinedData_buffer3_iq.gif
[1m[38;5;36mzea[0m[0m: [32mSuccessfully saved GIF to -> [33mZ:\raw_data\C000000037\VIS-042_SW_data_07-August-2026_08-39-39\output\CombinedData_buffer3_refocus-adjoint_iq.gif[0m[0m
  CombinedData_buffer3_refocus-adjoint_iq.hdf5: B-mode GIF, 25.4 Hz, 32 frames = 1.26 s -> 1.28 s GIF (real time); 32 frames @ 25 fps -> CombinedData_buffer3_refocus-adjoint_iq.gif

==========================================================================================
[37/44] Z:\raw_data\C000000038\VIS-041_SW_data_04-August-2026_12-28-28
==========================================================================================
-------------------GPU settings-------------------
7/8 GPUs were disabled
     memory
GPU        
0       23592
Selecting 1 GPU based on available memory.
Selected GPU 0 with Free Memory: 23592.00 MiB
--------------------------------------------------
=== beamforming CombinedData.mat -> Z:\raw_data\C000000038\VIS-041_SW_data_04-August-2026_12-28-28\output (backend torch, jit None, save_converted=True) ===
    reusing existing converted file CombinedData_buffer3.hdf5
[1m[38;5;36mzea[0m[0m: File saved to [33mZ:\raw_data\C000000038\VIS-041_SW_data_04-August-2026_12-28-28\output\CombinedData_buffer3_iq.hdf5[0m
  buffer 3 (bmode_focused): 32 frames n_tx=73 patches=21 REFoCUS adjoint -> IQ (32, 382, 529, 2) @ 25.4 FPS -> CombinedData_buffer3_iq.hdf5
=== GIFs from 2 IQ file(s) in Z:\raw_data\C000000038\VIS-041_SW_data_04-August-2026_12-28-28\output (real time; adaptive levels, curve gamma2) ===
[1m[38;5;36mzea[0m[0m: [32mSuccessfully saved GIF to -> [33mZ:\raw_data\C000000038\VIS-041_SW_data_04-August-2026_12-28-28\output\CombinedData_buffer3_iq.gif[0m[0m
  CombinedData_buffer3_iq.hdf5: B-mode GIF, 25.4 Hz, 32 frames = 1.26 s -> 1.28 s GIF (real time); 32 frames @ 25 fps -> CombinedData_buffer3_iq.gif
[1m[38;5;36mzea[0m[0m: [32mSuccessfully saved GIF to -> [33mZ:\raw_data\C000000038\VIS-041_SW_data_04-August-2026_12-28-28\output\CombinedData_buffer3_refocus-adjoint_iq.gif[0m[0m
  CombinedData_buffer3_refocus-adjoint_iq.hdf5: B-mode GIF, 25.4 Hz, 32 frames = 1.26 s -> 1.28 s GIF (real time); 32 frames @ 25 fps -> CombinedData_buffer3_refocus-adjoint_iq.gif

==========================================================================================
[38/44] Z:\raw_data\C000000039\VIS-040_SW_data_04-August-2026_11-46-05
==========================================================================================
-------------------GPU settings-------------------
7/8 GPUs were disabled
     memory
GPU        
0       23592
Selecting 1 GPU based on available memory.
Selected GPU 0 with Free Memory: 23592.00 MiB
--------------------------------------------------
=== beamforming CombinedData.mat -> Z:\raw_data\C000000039\VIS-040_SW_data_04-August-2026_11-46-05\output (backend torch, jit None, save_converted=True) ===
    reusing existing converted file CombinedData_buffer3.hdf5
[1m[38;5;36mzea[0m[0m: File saved to [33mZ:\raw_data\C000000039\VIS-040_SW_data_04-August-2026_11-46-05\output\CombinedData_buffer3_iq.hdf5[0m
  buffer 3 (bmode_focused): 32 frames n_tx=73 patches=21 REFoCUS adjoint -> IQ (32, 382, 529, 2) @ 25.4 FPS -> CombinedData_buffer3_iq.hdf5
=== GIFs from 2 IQ file(s) in Z:\raw_data\C000000039\VIS-040_SW_data_04-August-2026_11-46-05\output (real time; adaptive levels, curve gamma2) ===
[1m[38;5;36mzea[0m[0m: [32mSuccessfully saved GIF to -> [33mZ:\raw_data\C000000039\VIS-040_SW_data_04-August-2026_11-46-05\output\CombinedData_buffer3_iq.gif[0m[0m
  CombinedData_buffer3_iq.hdf5: B-mode GIF, 25.4 Hz, 32 frames = 1.26 s -> 1.28 s GIF (real time); 32 frames @ 25 fps -> CombinedData_buffer3_iq.gif
[1m[38;5;36mzea[0m[0m: [32mSuccessfully saved GIF to -> [33mZ:\raw_data\C000000039\VIS-040_SW_data_04-August-2026_11-46-05\output\CombinedData_buffer3_refocus-adjoint_iq.gif[0m[0m
  CombinedData_buffer3_refocus-adjoint_iq.hdf5: B-mode GIF, 25.4 Hz, 32 frames = 1.26 s -> 1.28 s GIF (real time); 32 frames @ 25 fps -> CombinedData_buffer3_refocus-adjoint_iq.gif

==========================================================================================
[39/44] Z:\raw_data\C000000040\VIS-039_SW_data_04-August-2026_10-57-58
==========================================================================================
-------------------GPU settings-------------------
7/8 GPUs were disabled
     memory
GPU        
0       23592
Selecting 1 GPU based on available memory.
Selected GPU 0 with Free Memory: 23592.00 MiB
--------------------------------------------------
=== beamforming CombinedData.mat -> Z:\raw_data\C000000040\VIS-039_SW_data_04-August-2026_10-57-58\output (backend torch, jit None, save_converted=True) ===
    reusing existing converted file CombinedData_buffer3.hdf5
[1m[38;5;36mzea[0m[0m: File saved to [33mZ:\raw_data\C000000040\VIS-039_SW_data_04-August-2026_10-57-58\output\CombinedData_buffer3_iq.hdf5[0m
  buffer 3 (bmode_focused): 32 frames n_tx=73 patches=21 REFoCUS adjoint -> IQ (32, 382, 529, 2) @ 25.4 FPS -> CombinedData_buffer3_iq.hdf5
=== GIFs from 2 IQ file(s) in Z:\raw_data\C000000040\VIS-039_SW_data_04-August-2026_10-57-58\output (real time; adaptive levels, curve gamma2) ===
[1m[38;5;36mzea[0m[0m: [32mSuccessfully saved GIF to -> [33mZ:\raw_data\C000000040\VIS-039_SW_data_04-August-2026_10-57-58\output\CombinedData_buffer3_iq.gif[0m[0m
  CombinedData_buffer3_iq.hdf5: B-mode GIF, 25.4 Hz, 32 frames = 1.26 s -> 1.28 s GIF (real time); 32 frames @ 25 fps -> CombinedData_buffer3_iq.gif
[1m[38;5;36mzea[0m[0m: [32mSuccessfully saved GIF to -> [33mZ:\raw_data\C000000040\VIS-039_SW_data_04-August-2026_10-57-58\output\CombinedData_buffer3_refocus-adjoint_iq.gif[0m[0m
  CombinedData_buffer3_refocus-adjoint_iq.hdf5: B-mode GIF, 25.4 Hz, 32 frames = 1.26 s -> 1.28 s GIF (real time); 32 frames @ 25 fps -> CombinedData_buffer3_refocus-adjoint_iq.gif

==========================================================================================
[40/44] Z:\raw_data\C000000041\VIS-038_SW_data_31-July-2026_09-01-39
==========================================================================================
-------------------GPU settings-------------------
7/8 GPUs were disabled
     memory
GPU        
0       23592
Selecting 1 GPU based on available memory.
Selected GPU 0 with Free Memory: 23592.00 MiB
--------------------------------------------------
=== beamforming CombinedData.mat -> Z:\raw_data\C000000041\VIS-038_SW_data_31-July-2026_09-01-39\output (backend torch, jit None, save_converted=True) ===
    reusing existing converted file CombinedData_buffer3.hdf5
[1m[38;5;36mzea[0m[0m: File saved to [33mZ:\raw_data\C000000041\VIS-038_SW_data_31-July-2026_09-01-39\output\CombinedData_buffer3_iq.hdf5[0m
  buffer 3 (bmode_focused): 32 frames n_tx=73 patches=21 REFoCUS adjoint -> IQ (32, 382, 529, 2) @ 25.4 FPS -> CombinedData_buffer3_iq.hdf5
=== GIFs from 2 IQ file(s) in Z:\raw_data\C000000041\VIS-038_SW_data_31-July-2026_09-01-39\output (real time; adaptive levels, curve gamma2) ===
[1m[38;5;36mzea[0m[0m: [32mSuccessfully saved GIF to -> [33mZ:\raw_data\C000000041\VIS-038_SW_data_31-July-2026_09-01-39\output\CombinedData_buffer3_iq.gif[0m[0m
  CombinedData_buffer3_iq.hdf5: B-mode GIF, 25.4 Hz, 32 frames = 1.26 s -> 1.28 s GIF (real time); 32 frames @ 25 fps -> CombinedData_buffer3_iq.gif
[1m[38;5;36mzea[0m[0m: [32mSuccessfully saved GIF to -> [33mZ:\raw_data\C000000041\VIS-038_SW_data_31-July-2026_09-01-39\output\CombinedData_buffer3_refocus-adjoint_iq.gif[0m[0m
  CombinedData_buffer3_refocus-adjoint_iq.hdf5: B-mode GIF, 25.4 Hz, 32 frames = 1.26 s -> 1.28 s GIF (real time); 32 frames @ 25 fps -> CombinedData_buffer3_refocus-adjoint_iq.gif

==========================================================================================
[41/44] Z:\raw_data\C000000042\VIS-036_SW_data_28-July-2026_14-07-08
==========================================================================================
-------------------GPU settings-------------------
7/8 GPUs were disabled
     memory
GPU        
0       23592
Selecting 1 GPU based on available memory.
Selected GPU 0 with Free Memory: 23592.00 MiB
--------------------------------------------------
=== beamforming CombinedData.mat -> Z:\raw_data\C000000042\VIS-036_SW_data_28-July-2026_14-07-08\output (backend torch, jit None, save_converted=True) ===
    reusing existing converted file CombinedData_buffer3.hdf5
[1m[38;5;36mzea[0m[0m: File saved to [33mZ:\raw_data\C000000042\VIS-036_SW_data_28-July-2026_14-07-08\output\CombinedData_buffer3_iq.hdf5[0m
  buffer 3 (bmode_focused): 32 frames n_tx=73 patches=21 REFoCUS adjoint -> IQ (32, 382, 529, 2) @ 25.4 FPS -> CombinedData_buffer3_iq.hdf5
=== GIFs from 2 IQ file(s) in Z:\raw_data\C000000042\VIS-036_SW_data_28-July-2026_14-07-08\output (real time; adaptive levels, curve gamma2) ===
[1m[38;5;36mzea[0m[0m: [32mSuccessfully saved GIF to -> [33mZ:\raw_data\C000000042\VIS-036_SW_data_28-July-2026_14-07-08\output\CombinedData_buffer3_iq.gif[0m[0m
  CombinedData_buffer3_iq.hdf5: B-mode GIF, 25.4 Hz, 32 frames = 1.26 s -> 1.28 s GIF (real time); 32 frames @ 25 fps -> CombinedData_buffer3_iq.gif
[1m[38;5;36mzea[0m[0m: [32mSuccessfully saved GIF to -> [33mZ:\raw_data\C000000042\VIS-036_SW_data_28-July-2026_14-07-08\output\CombinedData_buffer3_refocus-adjoint_iq.gif[0m[0m
  CombinedData_buffer3_refocus-adjoint_iq.hdf5: B-mode GIF, 25.4 Hz, 32 frames = 1.26 s -> 1.28 s GIF (real time); 32 frames @ 25 fps -> CombinedData_buffer3_refocus-adjoint_iq.gif

==========================================================================================
[42/44] Z:\raw_data\C000000043\VIS-035_SW_data_28-July-2026_12-24-19
==========================================================================================
-------------------GPU settings-------------------
7/8 GPUs were disabled
     memory
GPU        
0       23592
Selecting 1 GPU based on available memory.
Selected GPU 0 with Free Memory: 23592.00 MiB
--------------------------------------------------
=== beamforming CombinedData.mat -> Z:\raw_data\C000000043\VIS-035_SW_data_28-July-2026_12-24-19\output (backend torch, jit None, save_converted=True) ===
    reusing existing converted file CombinedData_buffer3.hdf5
[1m[38;5;36mzea[0m[0m: File saved to [33mZ:\raw_data\C000000043\VIS-035_SW_data_28-July-2026_12-24-19\output\CombinedData_buffer3_iq.hdf5[0m
  buffer 3 (bmode_focused): 32 frames n_tx=73 patches=21 REFoCUS adjoint -> IQ (32, 382, 529, 2) @ 25.4 FPS -> CombinedData_buffer3_iq.hdf5
=== GIFs from 2 IQ file(s) in Z:\raw_data\C000000043\VIS-035_SW_data_28-July-2026_12-24-19\output (real time; adaptive levels, curve gamma2) ===
[1m[38;5;36mzea[0m[0m: [32mSuccessfully saved GIF to -> [33mZ:\raw_data\C000000043\VIS-035_SW_data_28-July-2026_12-24-19\output\CombinedData_buffer3_iq.gif[0m[0m
  CombinedData_buffer3_iq.hdf5: B-mode GIF, 25.4 Hz, 32 frames = 1.26 s -> 1.28 s GIF (real time); 32 frames @ 25 fps -> CombinedData_buffer3_iq.gif
[1m[38;5;36mzea[0m[0m: [32mSuccessfully saved GIF to -> [33mZ:\raw_data\C000000043\VIS-035_SW_data_28-July-2026_12-24-19\output\CombinedData_buffer3_refocus-adjoint_iq.gif[0m[0m
  CombinedData_buffer3_refocus-adjoint_iq.hdf5: B-mode GIF, 25.4 Hz, 32 frames = 1.26 s -> 1.28 s GIF (real time); 32 frames @ 25 fps -> CombinedData_buffer3_refocus-adjoint_iq.gif

==========================================================================================
[43/44] Z:\raw_data\C000000044\VIS-034_SW_data_28-July-2026_11-02-22
==========================================================================================
-------------------GPU settings-------------------
7/8 GPUs were disabled
     memory
GPU        
0       23592
Selecting 1 GPU based on available memory.
Selected GPU 0 with Free Memory: 23592.00 MiB
--------------------------------------------------
=== beamforming CombinedData.mat -> Z:\raw_data\C000000044\VIS-034_SW_data_28-July-2026_11-02-22\output (backend torch, jit None, save_converted=True) ===
    reusing existing converted file CombinedData_buffer3.hdf5
[1m[38;5;36mzea[0m[0m: File saved to [33mZ:\raw_data\C000000044\VIS-034_SW_data_28-July-2026_11-02-22\output\CombinedData_buffer3_iq.hdf5[0m
  buffer 3 (bmode_focused): 32 frames n_tx=73 patches=21 REFoCUS adjoint -> IQ (32, 382, 529, 2) @ 25.4 FPS -> CombinedData_buffer3_iq.hdf5
=== GIFs from 2 IQ file(s) in Z:\raw_data\C000000044\VIS-034_SW_data_28-July-2026_11-02-22\output (real time; adaptive levels, curve gamma2) ===
[1m[38;5;36mzea[0m[0m: [32mSuccessfully saved GIF to -> [33mZ:\raw_data\C000000044\VIS-034_SW_data_28-July-2026_11-02-22\output\CombinedData_buffer3_iq.gif[0m[0m
  CombinedData_buffer3_iq.hdf5: B-mode GIF, 25.4 Hz, 32 frames = 1.26 s -> 1.28 s GIF (real time); 32 frames @ 25 fps -> CombinedData_buffer3_iq.gif
[1m[38;5;36mzea[0m[0m: [32mSuccessfully saved GIF to -> [33mZ:\raw_data\C000000044\VIS-034_SW_data_28-July-2026_11-02-22\output\CombinedData_buffer3_refocus-adjoint_iq.gif[0m[0m
  CombinedData_buffer3_refocus-adjoint_iq.hdf5: B-mode GIF, 25.4 Hz, 32 frames = 1.26 s -> 1.28 s GIF (real time); 32 frames @ 25 fps -> CombinedData_buffer3_refocus-adjoint_iq.gif

==========================================================================================
[44/44] Z:\raw_data\C000000045\VIS-033_SW_data_28-July-2026_09-25-55
==========================================================================================
-------------------GPU settings-------------------
7/8 GPUs were disabled
     memory
GPU        
0       23592
Selecting 1 GPU based on available memory.
Selected GPU 0 with Free Memory: 23592.00 MiB
--------------------------------------------------
=== beamforming CombinedData.mat -> Z:\raw_data\C000000045\VIS-033_SW_data_28-July-2026_09-25-55\output (backend torch, jit None, save_converted=True) ===
    reusing existing converted file CombinedData_buffer3.hdf5
[1m[38;5;36mzea[0m[0m: File saved to [33mZ:\raw_data\C000000045\VIS-033_SW_data_28-July-2026_09-25-55\output\CombinedData_buffer3_iq.hdf5[0m
  buffer 3 (bmode_focused): 32 frames n_tx=73 patches=21 REFoCUS adjoint -> IQ (32, 382, 529, 2) @ 25.4 FPS -> CombinedData_buffer3_iq.hdf5
=== GIFs from 2 IQ file(s) in Z:\raw_data\C000000045\VIS-033_SW_data_28-July-2026_09-25-55\output (real time; adaptive levels, curve gamma2) ===
[1m[38;5;36mzea[0m[0m: [32mSuccessfully saved GIF to -> [33mZ:\raw_data\C000000045\VIS-033_SW_data_28-July-2026_09-25-55\output\CombinedData_buffer3_iq.gif[0m[0m
  CombinedData_buffer3_iq.hdf5: B-mode GIF, 25.4 Hz, 32 frames = 1.26 s -> 1.28 s GIF (real time); 32 frames @ 25 fps -> CombinedData_buffer3_iq.gif
[1m[38;5;36mzea[0m[0m: [32mSuccessfully saved GIF to -> [33mZ:\raw_data\C000000045\VIS-033_SW_data_28-July-2026_09-25-55\output\CombinedData_buffer3_refocus-adjoint_iq.gif[0m[0m
  CombinedData_buffer3_refocus-adjoint_iq.hdf5: B-mode GIF, 25.4 Hz, 32 frames = 1.26 s -> 1.28 s GIF (real time); 32 frames @ 25 fps -> CombinedData_buffer3_refocus-adjoint_iq.gif

==========================================================================================
SUMMARY
==========================================================================================
  ok        1.4 min  Z:\raw_data\C000000001\SWE_01_SW_data_21-April-2026_12-12-54
  ok        1.0 min  Z:\raw_data\C000000002\SWE02_SW_data_28-April-2026_10-09-45
  ok        1.1 min  Z:\raw_data\C000000003\VIS_03_SW_data_16-June-2026_10-09-42
  FAILED    1.0 min  Z:\raw_data\C000000004\VIS_4_SW_data_16-June-2026_10-58-59
                        PermissionError: [WinError 32] The process cannot access the file because it is being used by another process: 'Z:\\raw_data\\C000000004\\VIS_4_SW_data_16-June-2026_10-58-59\\output\\.CombinedData_buffer3_iq.tmp-oopcbstp.hdf5' -> 'Z:\\raw_data\\C000000004\\VIS_4_SW_data_16-June-2026_10-58-59\\output\\CombinedData_buffer3_iq.hdf5'
  ok        1.0 min  Z:\raw_data\C000000005\VIS-005_SW_data_19-June-2026_09-12-20
  ok        1.0 min  Z:\raw_data\C000000007\VIS-007_SW_data_30-June-2026_11-45-50
  ok        1.0 min  Z:\raw_data\C000000008\VIS-010_SW_data_03-July-2026_10-36-33
  ok        1.0 min  Z:\raw_data\C000000009\VIS-009_SW_data_03-July-2026_09-43-33
  ok        1.0 min  Z:\raw_data\C000000010\vis-006_SW_data_30-June-2026_09-43-28
  ok        1.3 min  Z:\raw_data\C000000011\VIS-11_SW_data_07-July-2026_08-40-05
  ok        1.3 min  Z:\raw_data\C000000012\VIS-014_SW_data_07-July-2026_11-41-37
  ok        1.3 min  Z:\raw_data\C000000013\VIS-016_SW_data_10-July-2026_10-11-11
  ok        1.3 min  Z:\raw_data\C000000014\VIS-008_SW_data_10-July-2026_08-36-06
  ok        1.3 min  Z:\raw_data\C000000015\VIS-017_SW_data_10-July-2026_10-53-28
  ok        1.3 min  Z:\raw_data\C000000016\VIS-015_SW_data_10-July-2026_09-24-32
  ok        1.3 min  Z:\raw_data\C000000017\VIS-013_SW_data_07-July-2026_10-52-55
  ok        1.3 min  Z:\raw_data\C000000018\VIS-012_SW_data_07-July-2026_09-21-31
  ok        1.3 min  Z:\raw_data\C000000019\VIS-027_SW_data_21-July-2026_11-19-20
  ok        1.3 min  Z:\raw_data\C000000020\VIS-026_SW_data_21-July-2026_10-42-10
  ok        1.3 min  Z:\raw_data\C000000021\VIS-024_SW_data_17-July-2026_09-35-47
  ok        1.3 min  Z:\raw_data\C000000022\VIS-023_SW_data_17-July-2026_08-48-06
  ok        1.3 min  Z:\raw_data\C000000023\VIS-022_SW_data_14-July-2026_11-41-10
  ok        1.3 min  Z:\raw_data\C000000024\VIS-021_SW_data_14-July-2026_10-55-16
  ok        1.3 min  Z:\raw_data\C000000025\VIS-025_SW_data_21-July-2026_09-53-09
  ok        1.3 min  Z:\raw_data\C000000026\VIS-020_SW_data_14-July-2026_10-03-40
  ok        1.3 min  Z:\raw_data\C000000027\VIS-019_SW_data_14-July-2026_09-20-26
  ok        1.3 min  Z:\raw_data\C000000028\VIS-018_SW_data_14-July-2026_08-30-41
  ok        1.3 min  Z:\raw_data\C000000029\VIS-031_SW_data_24-July-2026_11-11-50
  ok        1.3 min  Z:\raw_data\C000000030\VIS-029_SW_data_24-July-2026_09-36-27
  ok        1.3 min  Z:\raw_data\C000000031\VIS-032_SW_data_24-July-2026_11-57-06
  ok        1.3 min  Z:\raw_data\C000000032\VIS-030_SW_data_24-July-2026_10-24-32
  ok        1.3 min  Z:\raw_data\C000000033\VIS-028_SW_data_24-July-2026_08-43-33
  ok        1.3 min  Z:\raw_data\C000000034\VIS-045_SW_data_07-August-2026_11-42-13
  ok        1.3 min  Z:\raw_data\C000000035\VIS-044_SW_data_07-August-2026_10-54-57
  ok        1.3 min  Z:\raw_data\C000000036\VIS-043_SW_data_07-August-2026_10-03-38
  ok        1.3 min  Z:\raw_data\C000000037\VIS-042_SW_data_07-August-2026_08-39-39
  ok        1.3 min  Z:\raw_data\C000000038\VIS-041_SW_data_04-August-2026_12-28-28
  ok        1.3 min  Z:\raw_data\C000000039\VIS-040_SW_data_04-August-2026_11-46-05
  ok        1.3 min  Z:\raw_data\C000000040\VIS-039_SW_data_04-August-2026_10-57-58
  ok        1.3 min  Z:\raw_data\C000000041\VIS-038_SW_data_31-July-2026_09-01-39
  ok        1.3 min  Z:\raw_data\C000000042\VIS-036_SW_data_28-July-2026_14-07-08
  ok        1.3 min  Z:\raw_data\C000000043\VIS-035_SW_data_28-July-2026_12-24-19
  ok        1.2 min  Z:\raw_data\C000000044\VIS-034_SW_data_28-July-2026_11-02-22
  ok        1.3 min  Z:\raw_data\C000000045\VIS-033_SW_data_28-July-2026_09-25-55

43 ok, 1 failed, 0 skipped
EXIT=1
=== swp batch: 1 measurement folder(s) found, 1 to process, 0 already done ===
  queued       Z:\raw_data\C000000004\VIS_4_SW_data_16-June-2026_10-58-59

==========================================================================================
[1/1] Z:\raw_data\C000000004\VIS_4_SW_data_16-June-2026_10-58-59
==========================================================================================
[1m[38;5;36mzea[0m[0m: Using backend 'torch'
-------------------GPU settings-------------------
     memory
GPU        
0       23848
1       23837
2       23854
3       24115
4       24115
5       24115
6       24115
7        8112
Selecting 1 GPU based on available memory.
Selected GPU 3 with Free Memory: 24115.00 MiB
Hiding GPUs [0, 1, 2, 4, 5, 6, 7] from the system.
--------------------------------------------------
=== beamforming CombinedData.mat -> Z:\raw_data\C000000004\VIS_4_SW_data_16-June-2026_10-58-59\output (backend torch, jit None, save_converted=True) ===
[1m[38;5;36mzea[0m[0m: [38;5;214mWARNING[0m Reading 'Z:\raw_data\C000000004\VIS_4_SW_data_16-June-2026_10-58-59\output\converted\CombinedData_buffer3.hdf5' [2m(/data/raw_data, 1.1 GB)[0m compressed with lzf, which zea cannot decode concurrently — falling back to a serial h5py read (slower). Re-save with the `zea data resave` CLI (or zea.File.create) to read it concurrently, with a progress bar.
D:\Luuk van Knippenberg\envs\zea_latest\Lib\site-packages\keras\src\backend\torch\numpy.py:230: UserWarning: expandable_segments not supported on this platform (Triggered internally at C:\actions-runner\_work\pytorch\pytorch\c10/cuda/CUDAAllocatorConfig.h:40.)
  return torch.ones(size=shape, dtype=dtype, device=get_device())
    reusing existing converted file CombinedData_buffer3.hdf5
    patch budget 6.44e+07 elements (GPU 25.756696576 GB)
[1m[38;5;36mzea[0m[0m: File saved to [33mZ:\raw_data\C000000004\VIS_4_SW_data_16-June-2026_10-58-59\output\CombinedData_buffer3_iq.hdf5[0m
  buffer 3 (bmode_focused): 26 frames n_tx=73 patches=21 REFoCUS adjoint -> IQ (26, 382, 529, 2) @ 25.4 FPS -> CombinedData_buffer3_iq.hdf5
=== GIFs from 2 IQ file(s) in Z:\raw_data\C000000004\VIS_4_SW_data_16-June-2026_10-58-59\output (real time; adaptive levels, curve gamma2) ===
[1m[38;5;36mzea[0m[0m: [38;5;214mWARNING[0m Reading 'Z:\raw_data\C000000004\VIS_4_SW_data_16-June-2026_10-58-59\output\CombinedData_buffer3_iq.hdf5' [2m(/data/beamformed_data/values, 40.1 MB)[0m compressed with lzf, which zea cannot decode concurrently — falling back to a serial h5py read (slower). Re-save with the `zea data resave` CLI (or zea.File.create) to read it concurrently, with a progress bar.
[1m[38;5;36mzea[0m[0m: [38;5;214mWARNING[0m Reading 'Z:\raw_data\C000000004\VIS_4_SW_data_16-June-2026_10-58-59\output\CombinedData_buffer3_iq.hdf5' [2m(/data/beamformed_data/timestamps, 104 B)[0m compressed with lzf, which zea cannot decode concurrently — falling back to a serial h5py read (slower). Re-save with the `zea data resave` CLI (or zea.File.create) to read it concurrently, with a progress bar.
[1m[38;5;36mzea[0m[0m: [32mSuccessfully saved GIF to -> [33mZ:\raw_data\C000000004\VIS_4_SW_data_16-June-2026_10-58-59\output\CombinedData_buffer3_iq.gif[0m[0m
  CombinedData_buffer3_iq.hdf5: B-mode GIF, 25.4 Hz, 26 frames = 1.02 s -> 1.04 s GIF (real time); 26 frames @ 25 fps -> CombinedData_buffer3_iq.gif
[1m[38;5;36mzea[0m[0m: [32mSuccessfully saved GIF to -> [33mZ:\raw_data\C000000004\VIS_4_SW_data_16-June-2026_10-58-59\output\CombinedData_buffer3_refocus-adjoint_iq.gif[0m[0m
  CombinedData_buffer3_refocus-adjoint_iq.hdf5: B-mode GIF, 25.4 Hz, 26 frames = 1.02 s -> 1.04 s GIF (real time); 26 frames @ 25 fps -> CombinedData_buffer3_refocus-adjoint_iq.gif

==========================================================================================
SUMMARY
==========================================================================================
  ok        1.7 min  Z:\raw_data\C000000004\VIS_4_SW_data_16-June-2026_10-58-59

1 ok, 0 failed, 0 skipped
