[1m[38;5;36mzea[0m[0m: Using backend 'torch'
  C001 26 fr trigger  [white]
  C002 26 fr trigger  [white]
  C003 26 fr trigger  [white]
  C004 26 fr trigger  [white]
  C005 26 fr trigger  [white]
  C007 26 fr buffer1  [white]
  C008 26 fr stored (ambiguous)  [red]
  C009 26 fr trigger  [white]
  C010 26 fr buffer1  [white]
  C011 32 fr buffer1  [white]
  C012 32 fr stored (ambiguous)  [red]
  C013 32 fr buffer1  [white]
  C014 32 fr stored (ambiguous)  [red]
  C015 32 fr stored (ambiguous)  [red]
  C016 32 fr buffer1  [white]
  C017 32 fr trigger  [white]
  C018 32 fr buffer1  [white]
  C019 32 fr buffer1  [white]
  C020 32 fr buffer1  [white]
  C021 32 fr buffer1  [white]
  C022 32 fr stored (ambiguous)  [red]
  C023 32 fr buffer1  [white]
  C024 32 fr buffer1  [white]
  C025 32 fr buffer1  [white]
  C026 32 fr buffer1  [white]
  C027 32 fr buffer1  [white]
  C028 32 fr trigger  [white]
  C029 32 fr buffer1  [white]
  C030 32 fr buffer1  [white]
  C031 32 fr trigger  [white]
  C032 32 fr buffer1  [white]
  C033 32 fr buffer1  [white]
  C034 32 fr stored (ambiguous)  [red]
  C035 32 fr buffer1  [white]
  C036 32 fr buffer1  [white]
  C037 32 fr trigger  [white]
  C038 32 fr buffer1  [white]
  C039 32 fr buffer1  [white]
  C040 32 fr buffer1  [white]
  C041 32 fr buffer1  [white]
  C042 32 fr buffer1  [white]
  C043 32 fr buffer1  [white]
  C044 32 fr buffer1  [white]
  C045 32 fr buffer1  [white]
  C046 32 fr buffer1  [white]
  C047 32 fr stored (ambiguous)  [red]
  C048 32 fr stored (ambiguous)  [red]
  C049 32 fr buffer1  [white]
48 tiles, 32 frames -> D:\Luuk van Knippenberg\Github\shearWaveProcessing\study\montages\second_acq\second_acq_buffer3_unwrapped.gif (17.4 MB)
