71 acquisitions under Z:/raw_data
  [1/71] SWE_01_SW_data_21-April-2026_12-14-11: 20 pushes, median push/control 0.94  (41s)
  [2/71] SWE_01_SW_data_21-April-2026_12-16-46: 20 pushes, median push/control 0.83  (42s)
  [3/71] SWE_01_SW_data_21-April-2026_12-14-53: 20 pushes, median push/control 1.12  (42s)
  [4/71] SWE_01_SW_data_21-April-2026_12-12-54: 20 pushes, median push/control 0.95  (43s)
  [5/71] SWE_01_SW_data_21-April-2026_12-15-49: 20 pushes, median push/control 0.95  (45s)
  [6/71] SWE_01_SW_data_21-April-2026_12-17-37: 20 pushes, median push/control 0.89  (77s)
  [7/71] SWE_01_SW_data_21-April-2026_12-19-03: 20 pushes, median push/control 0.83  (77s)
  [8/71] SWE_01_SW_data_21-April-2026_12-19-36: 20 pushes, median push/control 0.81  (79s)
  [9/71] SWE_01_SW_data_21-April-2026_12-18-31: 20 pushes, median push/control 0.85  (80s)
  [10/71] SWE_01_SW_data_21-April-2026_12-20-24: 20 pushes, median push/control 0.76  (81s)
  [11/71] SWE_01_SW_data_21-April-2026_12-21-32: 20 pushes, median push/control 0.91  (110s)
  [12/71] SWE_01_SW_data_21-April-2026_12-22-36: 20 pushes, median push/control 0.92  (112s)
  [13/71] SWE_01_SW_data_21-April-2026_12-23-44: 20 pushes, median push/control 0.86  (115s)
  [14/71] SWE_01_SW_data_21-April-2026_12-24-24: 20 pushes, median push/control 0.93  (116s)
  [15/71] SWE02_SW_data_28-April-2026_10-09-45: 20 pushes, median push/control 0.94  (118s)
  [16/71] SWE02_SW_data_28-April-2026_10-11-53: 20 pushes, median push/control 0.89  (143s)
  [17/71] SWE02_SW_data_28-April-2026_10-12-32: 20 pushes, median push/control 0.88  (146s)
  [18/71] SWE02_SW_data_28-April-2026_10-13-12: 20 pushes, median push/control 0.90  (150s)
  [19/71] SWE02_SW_data_28-April-2026_10-13-45: 20 pushes, median push/control 0.96  (152s)
  [20/71] SWE02_SW_data_28-April-2026_10-14-30: 20 pushes, median push/control 1.00  (153s)
  [21/71] SWE02_SW_data_28-April-2026_10-16-34: 20 pushes, median push/control 0.93  (178s)
  [22/71] SWE02_SW_data_28-April-2026_10-17-52: 20 pushes, median push/control 1.07  (180s)
  [23/71] SWE02_SW_data_28-April-2026_10-18-32: 20 pushes, median push/control 0.98  (186s)
  [24/71] SWE02_SW_data_28-April-2026_10-20-20: 20 pushes, median push/control 0.76  (188s)
  [25/71] SWE02_SW_data_28-April-2026_10-19-37: 20 pushes, median push/control 0.85  (188s)
  [26/71] SWE02_SW_data_28-April-2026_10-21-04: 20 pushes, median push/control 0.89  (211s)
  [27/71] SWE02_SW_data_28-April-2026_10-22-19: 20 pushes, median push/control 0.86  (215s)
  [28/71] SWE02_SW_data_28-April-2026_10-23-21: 20 pushes, median push/control 0.80  (223s)
  [29/71] VIS_03_SW_data_16-June-2026_10-09-42: 20 pushes, median push/control 0.89  (223s)
  [30/71] SWE02_SW_data_28-April-2026_10-24-12: 20 pushes, median push/control 0.86  (224s)
  [31/71] VIS_4_SW_data_16-June-2026_10-58-59: 20 pushes, median push/control 0.87  (243s)
  [32/71] VIS-005_SW_data_19-June-2026_09-12-20: 20 pushes, median push/control 0.89  (249s)
  [33/71] VIS-010_SW_data_03-July-2026_10-36-33: 20 pushes, median push/control 1.11  (259s)
  [34/71] VIS-007_SW_data_30-June-2026_11-45-50: 20 pushes, median push/control 0.76  (260s)
  [35/71] VIS-009_SW_data_03-July-2026_09-43-33: 20 pushes, median push/control 0.81  (262s)
  [36/71] vis-006_SW_data_30-June-2026_09-43-28: 20 pushes, median push/control 0.88  (277s)
  [37/71] VIS-11_SW_data_07-July-2026_08-40-05: 22 pushes, median push/control 0.91  (287s)
  [38/71] VIS-014_SW_data_07-July-2026_11-41-37: 22 pushes, median push/control 0.83  (297s)
  [39/71] VIS-016_SW_data_10-July-2026_10-11-11: 24 pushes, median push/control 1.07  (303s)
  [40/71] VIS-008_SW_data_10-July-2026_08-36-06: 24 pushes, median push/control 0.95  (304s)
  [41/71] VIS-017_SW_data_10-July-2026_10-53-28: 24 pushes, median push/control 0.84  (320s)
  [42/71] VIS-015_SW_data_10-July-2026_09-24-32: 24 pushes, median push/control 0.87  (330s)
  [43/71] VIS-013_SW_data_07-July-2026_10-52-55: 22 pushes, median push/control 0.99  (334s)
  [44/71] VIS-012_SW_data_07-July-2026_09-21-31: 22 pushes, median push/control 0.98  (343s)
  [45/71] VIS-027_SW_data_21-July-2026_11-19-20: 24 pushes, median push/control 0.99  (348s)
  [46/71] VIS-026_SW_data_21-July-2026_10-42-10: 24 pushes, median push/control 0.84  (362s)
  [47/71] VIS-024_SW_data_17-July-2026_09-35-47: 24 pushes, median push/control 0.88  (371s)
  [48/71] VIS-023_SW_data_17-July-2026_08-48-06: 24 pushes, median push/control 0.91  (379s)
  [49/71] VIS-022_SW_data_14-July-2026_11-41-10: 24 pushes, median push/control 0.77  (387s)
  [50/71] VIS-021_SW_data_14-July-2026_10-55-16: 24 pushes, median push/control 0.81  (391s)
  [51/71] VIS-025_SW_data_21-July-2026_09-53-09: 24 pushes, median push/control 0.91  (403s)
  [52/71] VIS-020_SW_data_14-July-2026_10-03-40: 24 pushes, median push/control 0.84  (413s)
  [53/71] VIS-019_SW_data_14-July-2026_09-20-26: 24 pushes, median push/control 0.85  (422s)
  [54/71] VIS-018_SW_data_14-July-2026_08-30-41: 24 pushes, median push/control 0.88  (431s)
  [55/71] VIS-031_SW_data_24-July-2026_11-11-50: 24 pushes, median push/control 0.82  (437s)
  [56/71] VIS-029_SW_data_24-July-2026_09-36-27: 24 pushes, median push/control 0.94  (444s)
  [57/71] VIS-032_SW_data_24-July-2026_11-57-06: 24 pushes, median push/control 0.79  (454s)
  [58/71] VIS-030_SW_data_24-July-2026_10-24-32: 24 pushes, median push/control 0.98  (463s)
  [59/71] VIS-028_SW_data_24-July-2026_08-43-33: 24 pushes, median push/control 0.96  (475s)
  [60/71] VIS-045_SW_data_07-August-2026_11-42-13: 24 pushes, median push/control 0.89  (479s)
  [61/71] VIS-044_SW_data_07-August-2026_10-54-57: 24 pushes, median push/control 0.72  (484s)
  [62/71] VIS-043_SW_data_07-August-2026_10-03-38: 24 pushes, median push/control 0.91  (492s)
  [63/71] VIS-042_SW_data_07-August-2026_08-39-39: 24 pushes, median push/control 0.79  (506s)
  [64/71] VIS-041_SW_data_04-August-2026_12-28-28: 24 pushes, median push/control 0.86  (515s)
  [65/71] VIS-039_SW_data_04-August-2026_10-57-58: 24 pushes, median push/control 0.99  (524s)
  [66/71] VIS-040_SW_data_04-August-2026_11-46-05: 24 pushes, median push/control 0.97  (524s)
  [67/71] VIS-038_SW_data_31-July-2026_09-01-39: 24 pushes, median push/control 0.78  (534s)
  [68/71] VIS-036_SW_data_28-July-2026_14-07-08: 24 pushes, median push/control 0.90  (549s)
  [69/71] VIS-035_SW_data_28-July-2026_12-24-19: 24 pushes, median push/control 0.92  (559s)
  [70/71] VIS-034_SW_data_28-July-2026_11-02-22: 24 pushes, median push/control 0.92  (565s)
  [71/71] VIS-033_SW_data_28-July-2026_09-25-55: 24 pushes, median push/control 0.89  (569s)
wrote D:\Luuk van Knippenberg\Github\shearWaveProcessing\study\logs\study_active_screen.csv
