724 SW folders
[1m[38;5;36mzea[0m[0m: Using backend 'torch'
[1m[38;5;36mzea[0m[0m: Using backend 'torch'
[1m[38;5;36mzea[0m[0m: Using backend 'torch'
[1m[38;5;36mzea[0m[0m: Using backend 'torch'
[1m[38;5;36mzea[0m[0m: Using backend 'torch'
[1m[38;5;36mzea[0m[0m: Using backend 'torch'
[1/724] ok       C000000001__SWE_01_SW_data_21-April-2026_12-12-54.npz  (0.5 min)
[2/724] ok       C000000001__SWE_01_SW_data_21-April-2026_12-18-31.npz  (0.6 min)
[3/724] cached   C000000001__SWE_01_SW_data_21-April-2026_12-14-11.npz  (0.6 min)
[4/724] ok       C000000001__SWE_01_SW_data_21-April-2026_12-19-03.npz  (0.7 min)
[5/724] ok       C000000001__SWE_01_SW_data_21-April-2026_12-20-24.npz  (0.7 min)
[6/724] ok       C000000001__SWE_01_SW_data_21-April-2026_12-15-49.npz  (0.8 min)
[7/724] ok       C000000001__SWE_01_SW_data_21-April-2026_12-19-36.npz  (0.8 min)
[8/724] ok       C000000001__SWE_01_SW_data_21-April-2026_12-21-32.npz  (0.8 min)
[9/724] ok       C000000001__SWE_01_SW_data_21-April-2026_12-16-46.npz  (0.9 min)
[10/724] ok       C000000001__SWE_01_SW_data_21-April-2026_12-14-53.npz  (0.9 min)
[11/724] ok       C000000001__SWE_01_SW_data_21-April-2026_12-17-37.npz  (0.9 min)
[12/724] ok       C000000001__SWE_01_SW_data_21-April-2026_12-24-24.npz  (0.9 min)
[13/724] ok       C000000002__SWE02_SW_data_28-April-2026_10-13-12.npz  (1.0 min)
[14/724] ok       C000000001__SWE_01_SW_data_21-April-2026_12-22-36.npz  (1.0 min)
[15/724] ok       C000000001__SWE_01_SW_data_21-April-2026_12-23-44.npz  (1.1 min)
[16/724] ok       C000000002__SWE02_SW_data_28-April-2026_10-11-53.npz  (1.1 min)
[17/724] ok       C000000002__SWE02_SW_data_28-April-2026_10-09-45.npz  (1.1 min)
[18/724] ok       C000000002__SWE02_SW_data_28-April-2026_10-12-32.npz  (1.1 min)
[19/724] ok       C000000002__SWE02_SW_data_28-April-2026_10-13-45.npz  (1.1 min)
[20/724] ok       C000000002__SWE02_SW_data_28-April-2026_10-20-20.npz  (1.2 min)
[21/724] ok       C000000002__SWE02_SW_data_28-April-2026_10-14-30.npz  (1.3 min)
[22/724] ok       C000000002__SWE02_SW_data_28-April-2026_10-17-52.npz  (1.3 min)
[23/724] ok       C000000002__SWE02_SW_data_28-April-2026_10-18-32.npz  (1.3 min)
[24/724] ok       C000000002__SWE02_SW_data_28-April-2026_10-19-37.npz  (1.3 min)
[25/724] ok       C000000002__SWE02_SW_data_28-April-2026_10-16-34.npz  (1.3 min)
[26/724] ok       C000000002__SWE02_SW_data_28-April-2026_10-21-04.npz  (1.3 min)
[27/724] ok       C000000003__VIS_03_SW_data_16-June-2026_10-12-10.npz  (1.4 min)
[28/724] ok       C000000002__SWE02_SW_data_28-April-2026_10-22-19.npz  (1.5 min)
[29/724] ok       C000000003__VIS_03_SW_data_16-June-2026_10-13-59.npz  (1.5 min)
[30/724] ok       C000000003__VIS_03_SW_data_16-June-2026_10-09-42.npz  (1.5 min)
[31/724] ok       C000000002__SWE02_SW_data_28-April-2026_10-24-12.npz  (1.5 min)
[32/724] ok       C000000003__VIS_03_SW_data_16-June-2026_10-10-39.npz  (1.5 min)
[33/724] ok       C000000002__SWE02_SW_data_28-April-2026_10-23-21.npz  (1.5 min)
[34/724] ok       C000000003__VIS_03_SW_data_16-June-2026_10-15-05.npz  (1.6 min)
[35/724] ok       C000000003__VIS_03_SW_data_16-June-2026_10-14-33.npz  (1.6 min)
[36/724] ok       C000000003__VIS_03_SW_data_16-June-2026_10-16-31.npz  (1.7 min)
[37/724] ok       C000000003__VIS_03_SW_data_16-June-2026_10-18-12.npz  (1.7 min)
[38/724] ok       C000000003__VIS_03_SW_data_16-June-2026_10-17-36.npz  (1.7 min)
[39/724] ok       C000000003__VIS_03_SW_data_16-June-2026_10-18-58.npz  (1.7 min)
[40/724] ok       C000000003__VIS_03_SW_data_16-June-2026_10-19-41.npz  (1.7 min)
[41/724] ok       C000000003__VIS_03_SW_data_16-June-2026_10-20-18.npz  (1.8 min)
[42/724] ok       C000000003__VIS_03_SW_data_16-June-2026_10-21-54.npz  (1.8 min)
[43/724] ok       C000000003__VIS_03_SW_data_16-June-2026_10-23-03.npz  (1.8 min)
[44/724] ok       C000000004__VIS_4_SW_data_16-June-2026_10-58-59.npz  (1.8 min)
[45/724] ok       C000000003__VIS_03_SW_data_16-June-2026_10-23-36.npz  (1.8 min)
[46/724] ok       C000000004__VIS_4_SW_data_16-June-2026_11-00-06.npz  (1.8 min)
[47/724] ok       C000000004__VIS_4_SW_data_16-June-2026_11-04-18.npz  (1.9 min)
[48/724] ok       C000000004__VIS_4_SW_data_16-June-2026_11-00-39.npz  (1.9 min)
[49/724] ok       C000000004__VIS_4_SW_data_16-June-2026_11-01-20.npz  (1.9 min)
[50/724] ok       C000000004__VIS_4_SW_data_16-June-2026_11-01-48.npz  (1.9 min)
[51/724] ok       C000000004__VIS_4_SW_data_16-June-2026_11-03-50.npz  (1.9 min)
[52/724] ok       C000000004__VIS_4_SW_data_16-June-2026_11-02-20.npz  (1.9 min)
[53/724] ok       C000000004__VIS_4_SW_data_16-June-2026_11-04-50.npz  (2.0 min)
[54/724] ok       C000000004__VIS_4_SW_data_16-June-2026_11-05-52.npz  (2.0 min)
[55/724] ok       C000000004__VIS_4_SW_data_16-June-2026_11-06-25.npz  (2.0 min)
[56/724] ok       C000000004__VIS_4_SW_data_16-June-2026_11-07-32.npz  (2.0 min)
[57/724] ok       C000000004__VIS_4_SW_data_16-June-2026_11-08-03.npz  (2.0 min)
[58/724] ok       C000000004__VIS_4_SW_data_16-June-2026_11-08-35.npz  (2.1 min)
[59/724] ok       C000000005__VIS-005_SW_data_19-June-2026_09-12-20.npz  (2.1 min)
[60/724] ok       C000000005__VIS-005_SW_data_19-June-2026_09-12-54.npz  (2.1 min)
[61/724] ok       C000000005__VIS-005_SW_data_19-June-2026_09-14-24.npz  (2.2 min)
[62/724] ok       C000000005__VIS-005_SW_data_19-June-2026_09-18-05.npz  (2.2 min)
[63/724] ok       C000000005__VIS-005_SW_data_19-June-2026_09-16-29.npz  (2.2 min)
[64/724] ok       C000000005__VIS-005_SW_data_19-June-2026_09-17-03.npz  (2.2 min)
[65/724] ok       C000000005__VIS-005_SW_data_19-June-2026_09-15-51.npz  (2.2 min)
[66/724] ok       C000000005__VIS-005_SW_data_19-June-2026_09-20-29.npz  (2.3 min)
[67/724] ok       C000000005__VIS-005_SW_data_19-June-2026_09-18-42.npz  (2.4 min)
[68/724] ok       C000000005__VIS-005_SW_data_19-June-2026_09-28-50.npz  (2.4 min)
[69/724] ok       C000000005__VIS-005_SW_data_19-June-2026_09-19-21.npz  (2.4 min)
[70/724] ok       C000000005__VIS-005_SW_data_19-June-2026_09-21-07.npz  (2.4 min)
[71/724] ok       C000000005__VIS-005_SW_data_19-June-2026_09-27-12.npz  (2.4 min)
[72/724] ok       C000000005__VIS-005_SW_data_19-June-2026_09-27-41.npz  (2.4 min)
[73/724] ok       C000000005__VIS-005_SW_data_19-June-2026_09-30-03.npz  (2.5 min)
[74/724] ok       C000000005__VIS-005_SW_data_19-June-2026_09-29-28.npz  (2.5 min)
[75/724] ok       C000000007__VIS-007_SW_data_30-June-2026_11-45-50.npz  (2.5 min)
[76/724] ok       C000000007__VIS-007_SW_data_30-June-2026_11-47-50.npz  (2.6 min)
[77/724] ok       C000000007__VIS-007_SW_data_30-June-2026_11-49-10.npz  (2.6 min)
[78/724] ok       C000000007__VIS-007_SW_data_30-June-2026_11-50-12.npz  (2.6 min)
[79/724] ok       C000000007__VIS-007_SW_data_30-June-2026_11-50-55.npz  (2.6 min)
[80/724] ok       C000000007__VIS-007_SW_data_30-June-2026_11-51-26.npz  (2.6 min)
[81/724] ok       C000000007__VIS-007_SW_data_30-June-2026_11-53-29.npz  (2.6 min)
[82/724] ok       C000000007__VIS-007_SW_data_30-June-2026_11-54-10.npz  (2.7 min)
[83/724] ok       C000000007__VIS-007_SW_data_30-June-2026_11-58-59.npz  (2.7 min)
[84/724] ok       C000000007__VIS-007_SW_data_30-June-2026_11-57-47.npz  (2.7 min)
[85/724] ok       C000000007__VIS-007_SW_data_30-June-2026_11-58-24.npz  (2.7 min)
[86/724] ok       C000000007__VIS-007_SW_data_30-June-2026_11-59-49.npz  (2.8 min)
[87/724] ok       C000000007__VIS-007_SW_data_30-June-2026_12-00-27.npz  (2.8 min)
[88/724] ok       C000000008__VIS-010_SW_data_03-July-2026_10-36-33.npz  (2.8 min)
[89/724] ok       C000000008__VIS-010_SW_data_03-July-2026_10-37-16.npz  (2.8 min)
[90/724] ok       C000000007__VIS-007_SW_data_30-June-2026_12-01-29.npz  (2.8 min)
[91/724] ok       C000000008__VIS-010_SW_data_03-July-2026_10-37-44.npz  (2.8 min)
[92/724] ok       C000000008__VIS-010_SW_data_03-July-2026_10-38-22.npz  (2.9 min)
[93/724] ok       C000000008__VIS-010_SW_data_03-July-2026_10-39-52.npz  (2.9 min)
[94/724] ok       C000000008__VIS-010_SW_data_03-July-2026_10-39-08.npz  (2.9 min)
[95/724] ok       C000000008__VIS-010_SW_data_03-July-2026_10-40-54.npz  (3.0 min)
[96/724] ok       C000000008__VIS-010_SW_data_03-July-2026_10-41-24.npz  (3.0 min)
[97/724] ok       C000000008__VIS-010_SW_data_03-July-2026_10-41-56.npz  (3.0 min)
[98/724] ok       C000000008__VIS-010_SW_data_03-July-2026_10-43-23.npz  (3.0 min)
[99/724] ok       C000000008__VIS-010_SW_data_03-July-2026_10-42-38.npz  (3.0 min)
[100/724] ok       C000000008__VIS-010_SW_data_03-July-2026_10-43-54.npz  (3.0 min)
[101/724] ok       C000000008__VIS-010_SW_data_03-July-2026_10-44-27.npz  (3.1 min)
[102/724] ok       C000000009__VIS-009_SW_data_03-July-2026_09-45-12.npz  (3.1 min)
[103/724] ok       C000000009__VIS-009_SW_data_03-July-2026_09-43-33.npz  (3.1 min)
[104/724] ok       C000000008__VIS-010_SW_data_03-July-2026_10-44-58.npz  (3.1 min)
[105/724] ok       C000000009__VIS-009_SW_data_03-July-2026_09-45-57.npz  (3.1 min)
[106/724] ok       C000000009__VIS-009_SW_data_03-July-2026_09-47-12.npz  (3.1 min)
[107/724] ok       C000000009__VIS-009_SW_data_03-July-2026_09-48-24.npz  (3.2 min)
[108/724] ok       C000000009__VIS-009_SW_data_03-July-2026_09-47-50.npz  (3.2 min)
[109/724] ok       C000000009__VIS-009_SW_data_03-July-2026_09-49-49.npz  (3.2 min)
[110/724] ok       C000000009__VIS-009_SW_data_03-July-2026_09-50-42.npz  (3.2 min)
[111/724] ok       C000000009__VIS-009_SW_data_03-July-2026_09-51-59.npz  (3.3 min)
[112/724] ok       C000000009__VIS-009_SW_data_03-July-2026_09-54-19.npz  (3.3 min)
[113/724] ok       C000000009__VIS-009_SW_data_03-July-2026_09-55-35.npz  (3.3 min)
[114/724] ok       C000000009__VIS-009_SW_data_03-July-2026_09-56-29.npz  (3.3 min)
[115/724] ok       C000000009__VIS-009_SW_data_03-July-2026_09-57-15.npz  (3.3 min)
[116/724] ok       C000000009__VIS-009_SW_data_03-July-2026_09-57-46.npz  (3.3 min)
[117/724] ok       C000000010__vis-006_SW_data_30-June-2026_09-43-28.npz  (3.4 min)
[118/724] ok       C000000009__VIS-009_SW_data_03-July-2026_09-58-21.npz  (3.4 min)
[119/724] ok       C000000009__VIS-009_SW_data_03-July-2026_10-02-09.npz  (3.4 min)
[120/724] ok       C000000010__vis-006_SW_data_30-June-2026_09-44-14.npz  (3.4 min)
[121/724] ok       C000000010__vis-006_SW_data_30-June-2026_09-44-49.npz  (3.5 min)
[122/724] ok       C000000010__vis-006_SW_data_30-June-2026_09-47-28.npz  (3.5 min)
[123/724] ok       C000000010__vis-006_SW_data_30-June-2026_09-46-57.npz  (3.5 min)
[124/724] ok       C000000010__vis-006_SW_data_30-June-2026_09-48-33.npz  (3.5 min)
[125/724] ok       C000000010__vis-006_SW_data_30-June-2026_09-50-42.npz  (3.5 min)
[126/724] ok       C000000010__vis-006_SW_data_30-June-2026_09-53-44.npz  (3.6 min)
[127/724] ok       C000000010__vis-006_SW_data_30-June-2026_09-51-19.npz  (3.6 min)
[128/724] ok       C000000010__vis-006_SW_data_30-June-2026_09-52-14.npz  (3.6 min)
[129/724] ok       C000000010__vis-006_SW_data_30-June-2026_09-55-00.npz  (3.6 min)
[130/724] ok       C000000010__vis-006_SW_data_30-June-2026_09-56-24.npz  (3.7 min)
[131/724] ok       C000000010__vis-006_SW_data_30-June-2026_09-55-36.npz  (3.7 min)
[132/724] ok       C000000010__vis-006_SW_data_30-June-2026_09-56-54.npz  (3.7 min)
[133/724] ok       C000000011__VIS-11_SW_data_07-July-2026_08-40-05.npz  (3.7 min)
[134/724] ok       C000000011__VIS-11_SW_data_07-July-2026_08-40-50.npz  (3.7 min)
[135/724] ok       C000000011__VIS-11_SW_data_07-July-2026_08-42-03.npz  (3.7 min)
[136/724] ok       C000000011__VIS-11_SW_data_07-July-2026_08-44-19.npz  (3.8 min)
[137/724] ok       C000000011__VIS-11_SW_data_07-July-2026_08-43-46.npz  (3.8 min)
[138/724] ok       C000000011__VIS-11_SW_data_07-July-2026_08-42-55.npz  (3.8 min)
[139/724] ok       C000000011__VIS-11_SW_data_07-July-2026_08-47-07.npz  (3.8 min)
[140/724] ok       C000000011__VIS-11_SW_data_07-July-2026_08-47-48.npz  (3.9 min)
[141/724] ok       C000000011__VIS-11_SW_data_07-July-2026_08-50-02.npz  (3.9 min)
[142/724] ok       C000000011__VIS-11_SW_data_07-July-2026_08-48-43.npz  (3.9 min)
[143/724] ok       C000000011__VIS-11_SW_data_07-July-2026_08-50-39.npz  (3.9 min)
[144/724] ok       C000000011__VIS-11_SW_data_07-July-2026_08-51-19.npz  (3.9 min)
[145/724] ok       C000000011__VIS-11_SW_data_07-July-2026_08-52-16.npz  (4.0 min)
[146/724] ok       C000000011__VIS-11_SW_data_07-July-2026_08-53-32.npz  (4.0 min)
[147/724] ok       C000000011__VIS-11_SW_data_07-July-2026_08-52-47.npz  (4.0 min)
[148/724] ok       C000000012__VIS-014_SW_data_07-July-2026_11-41-37.npz  (4.0 min)
[149/724] ok       C000000012__VIS-014_SW_data_07-July-2026_11-42-46.npz  (4.1 min)
[150/724] ok       C000000012__VIS-014_SW_data_07-July-2026_11-43-19.npz  (4.1 min)
[151/724] ok       C000000012__VIS-014_SW_data_07-July-2026_11-51-16.npz  (4.1 min)
[152/724] ok       C000000012__VIS-014_SW_data_07-July-2026_11-47-54.npz  (4.1 min)
[153/724] ok       C000000012__VIS-014_SW_data_07-July-2026_11-52-00.npz  (4.2 min)
[154/724] ok       C000000012__VIS-014_SW_data_07-July-2026_11-52-35.npz  (4.2 min)
[155/724] ok       C000000012__VIS-014_SW_data_07-July-2026_11-55-56.npz  (4.2 min)
[156/724] ok       C000000012__VIS-014_SW_data_07-July-2026_11-53-20.npz  (4.2 min)
[157/724] ok       C000000012__VIS-014_SW_data_07-July-2026_11-55-12.npz  (4.2 min)
[158/724] ok       C000000012__VIS-014_SW_data_07-July-2026_11-56-44.npz  (4.3 min)
[159/724] ok       C000000012__VIS-014_SW_data_07-July-2026_12-03-49.npz  (4.3 min)
[160/724] ok       C000000012__VIS-014_SW_data_07-July-2026_12-05-09.npz  (4.3 min)
[161/724] ok       C000000012__VIS-014_SW_data_07-July-2026_12-04-31.npz  (4.3 min)
[162/724] ok       C000000012__VIS-014_SW_data_07-July-2026_12-06-10.npz  (4.3 min)
[163/724] ok       C000000012__VIS-014_SW_data_07-July-2026_12-05-40.npz  (4.4 min)
[164/724] ok       C000000013__VIS-016_SW_data_10-July-2026_10-11-11.npz  (4.4 min)
[165/724] ok       C000000013__VIS-016_SW_data_10-July-2026_10-12-47.npz  (4.4 min)
[166/724] ok       C000000013__VIS-016_SW_data_10-July-2026_10-11-53.npz  (4.4 min)
[167/724] ok       C000000013__VIS-016_SW_data_10-July-2026_10-13-38.npz  (4.4 min)
[168/724] ok       C000000013__VIS-016_SW_data_10-July-2026_10-14-12.npz  (4.5 min)
[169/724] ok       C000000013__VIS-016_SW_data_10-July-2026_10-14-46.npz  (4.5 min)
[170/724] ok       C000000013__VIS-016_SW_data_10-July-2026_10-16-57.npz  (4.5 min)
[171/724] ok       C000000013__VIS-016_SW_data_10-July-2026_10-16-00.npz  (4.5 min)
[172/724] ok       C000000013__VIS-016_SW_data_10-July-2026_10-17-32.npz  (4.6 min)
[173/724] ok       C000000013__VIS-016_SW_data_10-July-2026_10-18-26.npz  (4.6 min)
[174/724] ok       C000000013__VIS-016_SW_data_10-July-2026_10-19-06.npz  (4.6 min)
[175/724] ok       C000000013__VIS-016_SW_data_10-July-2026_10-20-33.npz  (4.6 min)
[176/724] ok       C000000013__VIS-016_SW_data_10-July-2026_10-19-58.npz  (4.6 min)
[177/724] ok       C000000013__VIS-016_SW_data_10-July-2026_10-21-05.npz  (4.7 min)
[178/724] ok       C000000013__VIS-016_SW_data_10-July-2026_10-22-00.npz  (4.7 min)
[179/724] ok       C000000014__VIS-008_SW_data_10-July-2026_08-36-06.npz  (4.7 min)
[180/724] ok       C000000014__VIS-008_SW_data_10-July-2026_08-42-17.npz  (4.7 min)
[181/724] ok       C000000014__VIS-008_SW_data_10-July-2026_08-38-51.npz  (4.7 min)
[182/724] ok       C000000014__VIS-008_SW_data_10-July-2026_08-43-45.npz  (4.8 min)
[183/724] ok       C000000014__VIS-008_SW_data_10-July-2026_08-44-48.npz  (4.8 min)
[184/724] ok       C000000014__VIS-008_SW_data_10-July-2026_08-45-21.npz  (4.8 min)
[185/724] ok       C000000014__VIS-008_SW_data_10-July-2026_08-50-21.npz  (4.8 min)
[186/724] ok       C000000014__VIS-008_SW_data_10-July-2026_08-49-37.npz  (4.8 min)
[187/724] ok       C000000014__VIS-008_SW_data_10-July-2026_08-50-58.npz  (4.9 min)
[188/724] ok       C000000014__VIS-008_SW_data_10-July-2026_08-51-48.npz  (4.9 min)
[189/724] ok       C000000014__VIS-008_SW_data_10-July-2026_08-52-22.npz  (4.9 min)
[190/724] ok       C000000014__VIS-008_SW_data_10-July-2026_08-53-46.npz  (4.9 min)
[191/724] ok       C000000014__VIS-008_SW_data_10-July-2026_08-53-00.npz  (4.9 min)
[192/724] ok       C000000014__VIS-008_SW_data_10-July-2026_08-54-18.npz  (5.0 min)
[193/724] ok       C000000014__VIS-008_SW_data_10-July-2026_08-55-26.npz  (5.0 min)
[194/724] ok       C000000015__VIS-017_SW_data_10-July-2026_10-53-28.npz  (5.0 min)
[195/724] ok       C000000015__VIS-017_SW_data_10-July-2026_10-54-09.npz  (5.0 min)
[196/724] ok       C000000015__VIS-017_SW_data_10-July-2026_10-54-55.npz  (5.1 min)
[197/724] ok       C000000015__VIS-017_SW_data_10-July-2026_10-55-41.npz  (5.1 min)
[198/724] ok       C000000015__VIS-017_SW_data_10-July-2026_10-56-30.npz  (5.1 min)
[199/724] ok       C000000015__VIS-017_SW_data_10-July-2026_10-57-02.npz  (5.1 min)
[200/724] ok       C000000015__VIS-017_SW_data_10-July-2026_10-57-56.npz  (5.1 min)
[201/724] ok       C000000015__VIS-017_SW_data_10-July-2026_10-59-04.npz  (5.2 min)
[202/724] ok       C000000015__VIS-017_SW_data_10-July-2026_10-58-33.npz  (5.2 min)
[203/724] ok       C000000015__VIS-017_SW_data_10-July-2026_10-59-53.npz  (5.2 min)
[204/724] ok       C000000015__VIS-017_SW_data_10-July-2026_11-00-50.npz  (5.2 min)
[205/724] ok       C000000016__VIS-015_SW_data_10-July-2026_09-24-32.npz  (5.3 min)
[206/724] ok       C000000015__VIS-017_SW_data_10-July-2026_11-01-40.npz  (5.3 min)
[207/724] ok       C000000015__VIS-017_SW_data_10-July-2026_11-02-36.npz  (5.3 min)
[208/724] ok       C000000016__VIS-015_SW_data_10-July-2026_09-25-23.npz  (5.3 min)
[209/724] ok       C000000016__VIS-015_SW_data_10-July-2026_09-26-07.npz  (5.4 min)
[210/724] ok       C000000016__VIS-015_SW_data_10-July-2026_09-27-06.npz  (5.4 min)
[211/724] ok       C000000016__VIS-015_SW_data_10-July-2026_09-27-54.npz  (5.4 min)
[212/724] ok       C000000016__VIS-015_SW_data_10-July-2026_09-29-55.npz  (5.4 min)
[213/724] ok       C000000016__VIS-015_SW_data_10-July-2026_09-29-08.npz  (5.4 min)
[214/724] ok       C000000016__VIS-015_SW_data_10-July-2026_09-30-28.npz  (5.4 min)
[215/724] ok       C000000016__VIS-015_SW_data_10-July-2026_09-33-05.npz  (5.5 min)
[216/724] ok       C000000016__VIS-015_SW_data_10-July-2026_09-31-11.npz  (5.5 min)
[217/724] ok       C000000016__VIS-015_SW_data_10-July-2026_09-32-03.npz  (5.5 min)
[218/724] ok       C000000016__VIS-015_SW_data_10-July-2026_09-34-55.npz  (5.6 min)
[219/724] ok       C000000016__VIS-015_SW_data_10-July-2026_09-33-53.npz  (5.6 min)
[220/724] ok       C000000016__VIS-015_SW_data_10-July-2026_09-35-44.npz  (5.6 min)
[221/724] ok       C000000016__VIS-015_SW_data_10-July-2026_09-36-21.npz  (5.7 min)
[222/724] ok       C000000016__VIS-015_SW_data_10-July-2026_09-37-04.npz  (5.7 min)
[223/724] ok       C000000016__VIS-015_SW_data_10-July-2026_09-37-46.npz  (5.7 min)
[224/724] ok       C000000017__VIS-013_SW_data_07-July-2026_10-53-54.npz  (5.8 min)
[225/724] ok       C000000017__VIS-013_SW_data_07-July-2026_10-52-55.npz  (5.8 min)
[226/724] ok       C000000017__VIS-013_SW_data_07-July-2026_10-54-33.npz  (5.8 min)
[227/724] ok       C000000017__VIS-013_SW_data_07-July-2026_10-55-21.npz  (5.8 min)
[228/724] ok       C000000017__VIS-013_SW_data_07-July-2026_10-56-23.npz  (5.9 min)
[229/724] ok       C000000017__VIS-013_SW_data_07-July-2026_10-57-19.npz  (5.9 min)
[230/724] ok       C000000017__VIS-013_SW_data_07-July-2026_10-58-36.npz  (6.0 min)
[231/724] ok       C000000017__VIS-013_SW_data_07-July-2026_10-59-19.npz  (6.0 min)
[232/724] ok       C000000017__VIS-013_SW_data_07-July-2026_11-00-34.npz  (6.0 min)
[233/724] ok       C000000017__VIS-013_SW_data_07-July-2026_11-01-20.npz  (6.0 min)
[234/724] ok       C000000017__VIS-013_SW_data_07-July-2026_11-02-03.npz  (6.1 min)
[235/724] ok       C000000017__VIS-013_SW_data_07-July-2026_11-03-32.npz  (6.1 min)
[236/724] ok       C000000017__VIS-013_SW_data_07-July-2026_11-04-32.npz  (6.2 min)
[237/724] ok       C000000018__VIS-012_SW_data_07-July-2026_09-21-31.npz  (6.2 min)
[238/724] ok       C000000017__VIS-013_SW_data_07-July-2026_11-05-11.npz  (6.2 min)
[239/724] ok       C000000017__VIS-013_SW_data_07-July-2026_11-05-54.npz  (6.2 min)
[240/724] ok       C000000018__VIS-012_SW_data_07-July-2026_09-22-43.npz  (6.2 min)
[241/724] ok       C000000018__VIS-012_SW_data_07-July-2026_09-23-42.npz  (6.3 min)
[242/724] ok       C000000018__VIS-012_SW_data_07-July-2026_09-25-14.npz  (6.4 min)
[243/724] ok       C000000018__VIS-012_SW_data_07-July-2026_09-24-36.npz  (6.4 min)
[244/724] ok       C000000018__VIS-012_SW_data_07-July-2026_09-26-12.npz  (6.4 min)
[245/724] ok       C000000018__VIS-012_SW_data_07-July-2026_09-27-30.npz  (6.4 min)
[246/724] ok       C000000018__VIS-012_SW_data_07-July-2026_09-29-07.npz  (6.4 min)
[247/724] ok       C000000018__VIS-012_SW_data_07-July-2026_09-30-37.npz  (6.5 min)
[248/724] ok       C000000018__VIS-012_SW_data_07-July-2026_09-31-30.npz  (6.5 min)
[249/724] ok       C000000018__VIS-012_SW_data_07-July-2026_09-32-10.npz  (6.6 min)
[250/724] ok       C000000018__VIS-012_SW_data_07-July-2026_09-33-06.npz  (6.6 min)
[251/724] ok       C000000018__VIS-012_SW_data_07-July-2026_09-33-48.npz  (6.6 min)
[252/724] ok       C000000018__VIS-012_SW_data_07-July-2026_09-34-29.npz  (6.6 min)
[253/724] ok       C000000019__VIS-027_SW_data_21-July-2026_11-19-20.npz  (6.7 min)
[254/724] ok       C000000018__VIS-012_SW_data_07-July-2026_09-35-02.npz  (6.7 min)
[255/724] ok       C000000019__VIS-027_SW_data_21-July-2026_11-20-11.npz  (6.7 min)
[256/724] ok       C000000019__VIS-027_SW_data_21-July-2026_11-20-48.npz  (6.8 min)
[257/724] ok       C000000019__VIS-027_SW_data_21-July-2026_11-21-41.npz  (6.8 min)
[258/724] ok       C000000019__VIS-027_SW_data_21-July-2026_11-22-43.npz  (6.9 min)
[259/724] ok       C000000019__VIS-027_SW_data_21-July-2026_11-23-45.npz  (6.9 min)
[260/724] ok       C000000019__VIS-027_SW_data_21-July-2026_11-26-55.npz  (6.9 min)
[261/724] ok       C000000019__VIS-027_SW_data_21-July-2026_11-27-33.npz  (7.0 min)
[262/724] ok       C000000019__VIS-027_SW_data_21-July-2026_11-30-06.npz  (7.1 min)
[263/724] ok       C000000019__VIS-027_SW_data_21-July-2026_11-28-12.npz  (7.1 min)
[264/724] ok       C000000019__VIS-027_SW_data_21-July-2026_11-29-29.npz  (7.1 min)
[265/724] ok       C000000019__VIS-027_SW_data_21-July-2026_11-28-51.npz  (7.1 min)
[266/724] ok       C000000019__VIS-027_SW_data_21-July-2026_11-30-54.npz  (7.1 min)
[267/724] ok       C000000019__VIS-027_SW_data_21-July-2026_11-31-34.npz  (7.2 min)
[268/724] ok       C000000019__VIS-027_SW_data_21-July-2026_11-32-16.npz  (7.2 min)
[269/724] ok       C000000020__VIS-026_SW_data_21-July-2026_10-42-10.npz  (7.2 min)
[270/724] ok       C000000020__VIS-026_SW_data_21-July-2026_10-43-19.npz  (7.2 min)
[271/724] ok       C000000020__VIS-026_SW_data_21-July-2026_10-43-57.npz  (7.3 min)
[272/724] ok       C000000020__VIS-026_SW_data_21-July-2026_10-44-45.npz  (7.3 min)
[273/724] ok       C000000020__VIS-026_SW_data_21-July-2026_10-45-56.npz  (7.3 min)
[274/724] ok       C000000020__VIS-026_SW_data_21-July-2026_10-45-21.npz  (7.3 min)
[275/724] ok       C000000020__VIS-026_SW_data_21-July-2026_10-46-45.npz  (7.4 min)
[276/724] ok       C000000020__VIS-026_SW_data_21-July-2026_10-47-20.npz  (7.4 min)
[277/724] ok       C000000020__VIS-026_SW_data_21-July-2026_10-48-19.npz  (7.4 min)
[278/724] ok       C000000020__VIS-026_SW_data_21-July-2026_10-49-46.npz  (7.4 min)
[279/724] ok       C000000020__VIS-026_SW_data_21-July-2026_10-49-00.npz  (7.5 min)
[280/724] ok       C000000020__VIS-026_SW_data_21-July-2026_10-50-25.npz  (7.5 min)
[281/724] ok       C000000020__VIS-026_SW_data_21-July-2026_10-51-26.npz  (7.5 min)
[282/724] ok       C000000020__VIS-026_SW_data_21-July-2026_10-52-18.npz  (7.6 min)
[283/724] ok       C000000020__VIS-026_SW_data_21-July-2026_10-50-55.npz  (7.6 min)
[284/724] ok       C000000020__VIS-026_SW_data_21-July-2026_10-53-50.npz  (7.6 min)
[285/724] ok       C000000020__VIS-026_SW_data_21-July-2026_10-54-19.npz  (7.6 min)
[286/724] ok       C000000021__VIS-024_SW_data_17-July-2026_09-35-47.npz  (7.7 min)
[287/724] ok       C000000021__VIS-024_SW_data_17-July-2026_09-38-39.npz  (7.7 min)
[288/724] ok       C000000021__VIS-024_SW_data_17-July-2026_09-36-34.npz  (7.7 min)
[289/724] ok       C000000021__VIS-024_SW_data_17-July-2026_09-38-05.npz  (7.7 min)
[290/724] ok       C000000021__VIS-024_SW_data_17-July-2026_09-37-09.npz  (7.7 min)
[291/724] ok       C000000021__VIS-024_SW_data_17-July-2026_09-44-15.npz  (7.8 min)
[292/724] ok       C000000021__VIS-024_SW_data_17-July-2026_09-41-11.npz  (7.8 min)
[293/724] ok       C000000021__VIS-024_SW_data_17-July-2026_09-42-45.npz  (7.9 min)
[294/724] ok       C000000021__VIS-024_SW_data_17-July-2026_09-44-51.npz  (7.9 min)
[295/724] ok       C000000021__VIS-024_SW_data_17-July-2026_09-47-05.npz  (7.9 min)
[296/724] ok       C000000021__VIS-024_SW_data_17-July-2026_09-45-19.npz  (7.9 min)
[297/724] ok       C000000021__VIS-024_SW_data_17-July-2026_09-46-29.npz  (7.9 min)
[298/724] ok       C000000021__VIS-024_SW_data_17-July-2026_09-47-39.npz  (8.0 min)
[299/724] ok       C000000021__VIS-024_SW_data_17-July-2026_09-49-14.npz  (8.1 min)
[300/724] ok       C000000021__VIS-024_SW_data_17-July-2026_09-48-12.npz  (8.1 min)
[301/724] ok       C000000022__VIS-023_SW_data_17-July-2026_08-48-06.npz  (8.1 min)
[302/724] ok       C000000021__VIS-024_SW_data_17-July-2026_09-48-42.npz  (8.1 min)
[303/724] ok       C000000022__VIS-023_SW_data_17-July-2026_08-48-50.npz  (8.1 min)
[304/724] ok       C000000022__VIS-023_SW_data_17-July-2026_08-50-35.npz  (8.2 min)
[305/724] ok       C000000022__VIS-023_SW_data_17-July-2026_08-49-31.npz  (8.2 min)
[306/724] ok       C000000022__VIS-023_SW_data_17-July-2026_08-51-14.npz  (8.3 min)
[307/724] ok       C000000022__VIS-023_SW_data_17-July-2026_08-57-01.npz  (8.3 min)
[308/724] ok       C000000022__VIS-023_SW_data_17-July-2026_08-51-55.npz  (8.4 min)
[309/724] ok       C000000022__VIS-023_SW_data_17-July-2026_08-52-58.npz  (8.4 min)
[310/724] ok       C000000022__VIS-023_SW_data_17-July-2026_08-54-08.npz  (8.4 min)
[311/724] ok       C000000022__VIS-023_SW_data_17-July-2026_08-57-53.npz  (8.4 min)
[312/724] ok       C000000022__VIS-023_SW_data_17-July-2026_08-59-39.npz  (8.5 min)
[313/724] ok       C000000022__VIS-023_SW_data_17-July-2026_08-58-40.npz  (8.5 min)
[314/724] ok       C000000022__VIS-023_SW_data_17-July-2026_09-03-07.npz  (8.6 min)
[315/724] ok       C000000022__VIS-023_SW_data_17-July-2026_09-04-50.npz  (8.6 min)
[316/724] ok       C000000022__VIS-023_SW_data_17-July-2026_09-05-59.npz  (8.6 min)
[317/724] ok       C000000022__VIS-023_SW_data_17-July-2026_09-06-37.npz  (8.6 min)
[318/724] ok       C000000022__VIS-023_SW_data_17-July-2026_09-07-26.npz  (8.7 min)
[319/724] ok       C000000023__VIS-022_SW_data_14-July-2026_11-41-10.npz  (8.7 min)
[320/724] ok       C000000023__VIS-022_SW_data_14-July-2026_11-41-58.npz  (8.8 min)
[321/724] ok       C000000023__VIS-022_SW_data_14-July-2026_11-44-18.npz  (8.8 min)
[322/724] ok       C000000023__VIS-022_SW_data_14-July-2026_11-42-34.npz  (8.8 min)
[323/724] ok       C000000023__VIS-022_SW_data_14-July-2026_11-45-09.npz  (8.8 min)
[324/724] ok       C000000023__VIS-022_SW_data_14-July-2026_11-45-57.npz  (8.8 min)
[325/724] ok       C000000023__VIS-022_SW_data_14-July-2026_11-46-25.npz  (8.9 min)
[326/724] ok       C000000023__VIS-022_SW_data_14-July-2026_11-46-53.npz  (9.0 min)
[327/724] ok       C000000023__VIS-022_SW_data_14-July-2026_11-47-49.npz  (9.0 min)
[328/724] ok       C000000023__VIS-022_SW_data_14-July-2026_11-49-20.npz  (9.0 min)
[329/724] ok       C000000023__VIS-022_SW_data_14-July-2026_11-48-18.npz  (9.0 min)
[330/724] ok       C000000023__VIS-022_SW_data_14-July-2026_11-48-46.npz  (9.0 min)
[331/724] ok       C000000023__VIS-022_SW_data_14-July-2026_11-49-49.npz  (9.0 min)
[332/724] ok       C000000023__VIS-022_SW_data_14-July-2026_11-50-19.npz  (9.1 min)
[333/724] ok       C000000024__VIS-021_SW_data_14-July-2026_10-56-18.npz  (9.1 min)
[334/724] ok       C000000024__VIS-021_SW_data_14-July-2026_10-55-16.npz  (9.1 min)
[335/724] ok       C000000024__VIS-021_SW_data_14-July-2026_10-56-55.npz  (9.2 min)
[336/724] ok       C000000024__VIS-021_SW_data_14-July-2026_10-57-50.npz  (9.2 min)
[337/724] ok       C000000024__VIS-021_SW_data_14-July-2026_10-58-27.npz  (9.2 min)
[338/724] ok       C000000024__VIS-021_SW_data_14-July-2026_11-01-58.npz  (9.3 min)
[339/724] ok       C000000024__VIS-021_SW_data_14-July-2026_11-00-39.npz  (9.3 min)
[340/724] ok       C000000024__VIS-021_SW_data_14-July-2026_11-02-31.npz  (9.3 min)
[341/724] ok       C000000024__VIS-021_SW_data_14-July-2026_11-03-09.npz  (9.4 min)
[342/724] ok       C000000024__VIS-021_SW_data_14-July-2026_11-04-05.npz  (9.4 min)
[343/724] ok       C000000024__VIS-021_SW_data_14-July-2026_11-05-06.npz  (9.4 min)
[344/724] ok       C000000024__VIS-021_SW_data_14-July-2026_11-08-01.npz  (9.5 min)
[345/724] ok       C000000025__VIS-025_SW_data_21-July-2026_09-53-09.npz  (9.5 min)
[346/724] ok       C000000024__VIS-021_SW_data_14-July-2026_11-09-07.npz  (9.5 min)
[347/724] ok       C000000025__VIS-025_SW_data_21-July-2026_09-53-59.npz  (9.5 min)
[348/724] ok       C000000025__VIS-025_SW_data_21-July-2026_09-54-43.npz  (9.6 min)
[349/724] ok       C000000025__VIS-025_SW_data_21-July-2026_09-55-24.npz  (9.7 min)
[350/724] ok       C000000025__VIS-025_SW_data_21-July-2026_09-55-57.npz  (9.7 min)
[351/724] ok       C000000025__VIS-025_SW_data_21-July-2026_09-56-31.npz  (9.7 min)
[352/724] ok       C000000025__VIS-025_SW_data_21-July-2026_09-57-31.npz  (9.7 min)
[353/724] ok       C000000025__VIS-025_SW_data_21-July-2026_09-58-27.npz  (9.8 min)
[354/724] ok       C000000025__VIS-025_SW_data_21-July-2026_09-59-00.npz  (9.8 min)
[355/724] ok       C000000025__VIS-025_SW_data_21-July-2026_10-00-25.npz  (9.9 min)
[356/724] ok       C000000025__VIS-025_SW_data_21-July-2026_10-01-26.npz  (9.9 min)
[357/724] ok       C000000025__VIS-025_SW_data_21-July-2026_10-03-03.npz  (10.0 min)
[358/724] ok       C000000025__VIS-025_SW_data_21-July-2026_10-02-24.npz  (10.0 min)
[359/724] ok       C000000025__VIS-025_SW_data_21-July-2026_10-03-36.npz  (10.0 min)
[360/724] ok       C000000025__VIS-025_SW_data_21-July-2026_10-04-09.npz  (10.0 min)
[361/724] ok       C000000026__VIS-020_SW_data_14-July-2026_10-03-40.npz  (10.1 min)
[362/724] ok       C000000026__VIS-020_SW_data_14-July-2026_10-04-27.npz  (10.2 min)
[363/724] ok       C000000026__VIS-020_SW_data_14-July-2026_10-06-14.npz  (10.2 min)
[364/724] ok       C000000026__VIS-020_SW_data_14-July-2026_10-05-15.npz  (10.2 min)
[365/724] ok       C000000026__VIS-020_SW_data_14-July-2026_10-06-51.npz  (10.2 min)
[366/724] ok       C000000026__VIS-020_SW_data_14-July-2026_10-07-28.npz  (10.2 min)
[367/724] ok       C000000026__VIS-020_SW_data_14-July-2026_10-08-20.npz  (10.3 min)
[368/724] ok       C000000026__VIS-020_SW_data_14-July-2026_10-09-33.npz  (10.4 min)
[369/724] ok       C000000026__VIS-020_SW_data_14-July-2026_10-10-10.npz  (10.4 min)
[370/724] ok       C000000026__VIS-020_SW_data_14-July-2026_10-10-49.npz  (10.4 min)
[371/724] ok       C000000026__VIS-020_SW_data_14-July-2026_10-12-12.npz  (10.4 min)
[372/724] ok       C000000026__VIS-020_SW_data_14-July-2026_10-13-08.npz  (10.4 min)
[373/724] ok       C000000026__VIS-020_SW_data_14-July-2026_10-13-43.npz  (10.5 min)
[374/724] ok       C000000026__VIS-020_SW_data_14-July-2026_10-14-20.npz  (10.5 min)
[375/724] ok       C000000027__VIS-019_SW_data_14-July-2026_09-20-26.npz  (10.6 min)
[376/724] ok       C000000027__VIS-019_SW_data_14-July-2026_09-21-01.npz  (10.7 min)
[377/724] ok       C000000027__VIS-019_SW_data_14-July-2026_09-22-29.npz  (10.7 min)
[378/724] ok       C000000027__VIS-019_SW_data_14-July-2026_09-21-40.npz  (10.7 min)
[379/724] ok       C000000027__VIS-019_SW_data_14-July-2026_09-23-05.npz  (10.7 min)
[380/724] ok       C000000027__VIS-019_SW_data_14-July-2026_09-24-01.npz  (10.8 min)
[381/724] ok       C000000027__VIS-019_SW_data_14-July-2026_09-26-08.npz  (10.9 min)
[382/724] ok       C000000027__VIS-019_SW_data_14-July-2026_09-26-53.npz  (10.9 min)
[383/724] ok       C000000027__VIS-019_SW_data_14-July-2026_09-27-24.npz  (10.9 min)
[384/724] ok       C000000027__VIS-019_SW_data_14-July-2026_09-28-34.npz  (10.9 min)
[385/724] ok       C000000027__VIS-019_SW_data_14-July-2026_09-29-07.npz  (10.9 min)
[386/724] ok       C000000027__VIS-019_SW_data_14-July-2026_09-29-48.npz  (10.9 min)
[387/724] ok       C000000027__VIS-019_SW_data_14-July-2026_09-30-41.npz  (11.0 min)
[388/724] ok       C000000028__VIS-018_SW_data_14-July-2026_08-31-36.npz  (11.1 min)
[389/724] ok       C000000028__VIS-018_SW_data_14-July-2026_08-30-41.npz  (11.1 min)
[390/724] ok       C000000027__VIS-019_SW_data_14-July-2026_09-31-35.npz  (11.1 min)
[391/724] ok       C000000028__VIS-018_SW_data_14-July-2026_08-32-28.npz  (11.1 min)
[392/724] ok       C000000028__VIS-018_SW_data_14-July-2026_08-34-06.npz  (11.1 min)
[393/724] ok       C000000028__VIS-018_SW_data_14-July-2026_08-36-24.npz  (11.3 min)
[394/724] ok       C000000028__VIS-018_SW_data_14-July-2026_08-38-55.npz  (11.3 min)
[395/724] ok       C000000028__VIS-018_SW_data_14-July-2026_08-37-36.npz  (11.3 min)
[396/724] ok       C000000028__VIS-018_SW_data_14-July-2026_08-40-35.npz  (11.3 min)
[397/724] ok       C000000028__VIS-018_SW_data_14-July-2026_08-41-28.npz  (11.3 min)
[398/724] ok       C000000028__VIS-018_SW_data_14-July-2026_08-42-20.npz  (11.3 min)
[399/724] ok       C000000028__VIS-018_SW_data_14-July-2026_08-43-02.npz  (11.5 min)
[400/724] ok       C000000028__VIS-018_SW_data_14-July-2026_08-46-32.npz  (11.5 min)
[401/724] ok       C000000028__VIS-018_SW_data_14-July-2026_08-45-18.npz  (11.5 min)
[402/724] ok       C000000028__VIS-018_SW_data_14-July-2026_08-44-25.npz  (11.5 min)
[403/724] ok       C000000028__VIS-018_SW_data_14-July-2026_08-47-38.npz  (11.5 min)
[404/724] ok       C000000028__VIS-018_SW_data_14-July-2026_08-47-04.npz  (11.5 min)
[405/724] ok       C000000029__VIS-031_SW_data_24-July-2026_11-11-50.npz  (11.6 min)
[406/724] ok       C000000029__VIS-031_SW_data_24-July-2026_11-17-56.npz  (11.6 min)
[407/724] ok       C000000029__VIS-031_SW_data_24-July-2026_11-13-37.npz  (11.7 min)
[408/724] ok       C000000029__VIS-031_SW_data_24-July-2026_11-16-52.npz  (11.7 min)
[409/724] ok       C000000029__VIS-031_SW_data_24-July-2026_11-15-26.npz  (11.7 min)
[410/724] ok       C000000029__VIS-031_SW_data_24-July-2026_11-19-14.npz  (11.7 min)
[411/724] ok       C000000029__VIS-031_SW_data_24-July-2026_11-20-40.npz  (11.8 min)
[412/724] ok       C000000029__VIS-031_SW_data_24-July-2026_11-19-50.npz  (11.8 min)
[413/724] ok       C000000029__VIS-031_SW_data_24-July-2026_11-21-17.npz  (11.8 min)
[414/724] ok       C000000029__VIS-031_SW_data_24-July-2026_11-23-20.npz  (11.9 min)
[415/724] ok       C000000029__VIS-031_SW_data_24-July-2026_11-24-40.npz  (11.9 min)
[416/724] ok       C000000029__VIS-031_SW_data_24-July-2026_11-25-22.npz  (11.9 min)
[417/724] ok       C000000029__VIS-031_SW_data_24-July-2026_11-26-20.npz  (12.0 min)
[418/724] ok       C000000029__VIS-031_SW_data_24-July-2026_11-27-04.npz  (12.0 min)
[419/724] ok       C000000030__VIS-029_SW_data_24-July-2026_09-36-27.npz  (12.1 min)
[420/724] ok       C000000030__VIS-029_SW_data_24-July-2026_09-37-10.npz  (12.1 min)
[421/724] ok       C000000030__VIS-029_SW_data_24-July-2026_09-38-43.npz  (12.1 min)
[422/724] ok       C000000030__VIS-029_SW_data_24-July-2026_09-39-32.npz  (12.1 min)
[423/724] ok       C000000030__VIS-029_SW_data_24-July-2026_09-40-03.npz  (12.2 min)
[424/724] ok       C000000030__VIS-029_SW_data_24-July-2026_09-40-37.npz  (12.3 min)
[425/724] ok       C000000030__VIS-029_SW_data_24-July-2026_09-41-15.npz  (12.3 min)
[426/724] ok       C000000030__VIS-029_SW_data_24-July-2026_09-44-24.npz  (12.3 min)
[427/724] ok       C000000030__VIS-029_SW_data_24-July-2026_09-46-58.npz  (12.3 min)
[428/724] ok       C000000030__VIS-029_SW_data_24-July-2026_09-48-09.npz  (12.3 min)
[429/724] ok       C000000030__VIS-029_SW_data_24-July-2026_09-49-09.npz  (12.5 min)
[430/724] ok       C000000030__VIS-029_SW_data_24-July-2026_09-50-11.npz  (12.5 min)
[431/724] ok       C000000030__VIS-029_SW_data_24-July-2026_09-50-57.npz  (12.5 min)
[432/724] ok       C000000030__VIS-029_SW_data_24-July-2026_09-51-29.npz  (12.5 min)
[433/724] ok       C000000030__VIS-029_SW_data_24-July-2026_09-52-03.npz  (12.5 min)
[434/724] ok       C000000030__VIS-029_SW_data_24-July-2026_09-52-38.npz  (12.5 min)
[435/724] ok       C000000030__VIS-029_SW_data_24-July-2026_09-53-18.npz  (12.7 min)
[436/724] ok       C000000031__VIS-032_SW_data_24-July-2026_11-57-06.npz  (12.7 min)
[437/724] ok       C000000031__VIS-032_SW_data_24-July-2026_11-58-23.npz  (12.7 min)
[438/724] ok       C000000031__VIS-032_SW_data_24-July-2026_11-59-33.npz  (12.7 min)
[439/724] ok       C000000031__VIS-032_SW_data_24-July-2026_12-02-02.npz  (12.7 min)
[440/724] ok       C000000031__VIS-032_SW_data_24-July-2026_12-04-14.npz  (12.7 min)
[441/724] ok       C000000031__VIS-032_SW_data_24-July-2026_12-04-54.npz  (12.8 min)
[442/724] ok       C000000031__VIS-032_SW_data_24-July-2026_12-07-02.npz  (12.8 min)
[443/724] ok       C000000031__VIS-032_SW_data_24-July-2026_12-06-09.npz  (12.8 min)
[444/724] ok       C000000031__VIS-032_SW_data_24-July-2026_12-07-40.npz  (12.8 min)
[445/724] ok       C000000031__VIS-032_SW_data_24-July-2026_12-09-14.npz  (12.9 min)
[446/724] ok       C000000031__VIS-032_SW_data_24-July-2026_12-08-42.npz  (12.9 min)
[447/724] ok       C000000031__VIS-032_SW_data_24-July-2026_12-09-49.npz  (12.9 min)
[448/724] ok       C000000031__VIS-032_SW_data_24-July-2026_12-10-22.npz  (13.0 min)
[449/724] ok       C000000031__VIS-032_SW_data_24-July-2026_12-11-00.npz  (13.0 min)
[450/724] ok       C000000031__VIS-032_SW_data_24-July-2026_12-11-35.npz  (13.0 min)
[451/724] ok       C000000032__VIS-030_SW_data_24-July-2026_10-24-32.npz  (13.0 min)
[452/724] ok       C000000032__VIS-030_SW_data_24-July-2026_10-27-00.npz  (13.1 min)
[453/724] ok       C000000032__VIS-030_SW_data_24-July-2026_10-29-36.npz  (13.1 min)
[454/724] ok       C000000032__VIS-030_SW_data_24-July-2026_10-31-56.npz  (13.2 min)
[455/724] ok       C000000032__VIS-030_SW_data_24-July-2026_10-32-50.npz  (13.2 min)
[456/724] ok       C000000032__VIS-030_SW_data_24-July-2026_10-33-56.npz  (13.2 min)
[457/724] ok       C000000032__VIS-030_SW_data_24-July-2026_10-36-31.npz  (13.2 min)
[458/724] ok       C000000032__VIS-030_SW_data_24-July-2026_10-37-09.npz  (13.2 min)
[459/724] ok       C000000032__VIS-030_SW_data_24-July-2026_10-37-38.npz  (13.3 min)
[460/724] ok       C000000032__VIS-030_SW_data_24-July-2026_10-38-12.npz  (13.4 min)
[461/724] ok       C000000032__VIS-030_SW_data_24-July-2026_10-39-16.npz  (13.4 min)
[462/724] ok       C000000032__VIS-030_SW_data_24-July-2026_10-38-47.npz  (13.4 min)
[463/724] ok       C000000032__VIS-030_SW_data_24-July-2026_10-41-17.npz  (13.4 min)
[464/724] ok       C000000032__VIS-030_SW_data_24-July-2026_10-39-58.npz  (13.4 min)
[465/724] ok       C000000032__VIS-030_SW_data_24-July-2026_10-40-31.npz  (13.4 min)
[466/724] ok       C000000033__VIS-028_SW_data_24-July-2026_08-45-58.npz  (13.5 min)
[467/724] ok       C000000033__VIS-028_SW_data_24-July-2026_08-45-28.npz  (13.5 min)
[468/724] ok       C000000033__VIS-028_SW_data_24-July-2026_08-43-33.npz  (13.5 min)
[469/724] ok       C000000032__VIS-030_SW_data_24-July-2026_10-41-45.npz  (13.5 min)
[470/724] ok       C000000033__VIS-028_SW_data_24-July-2026_08-46-47.npz  (13.5 min)
[471/724] ok       C000000033__VIS-028_SW_data_24-July-2026_08-47-28.npz  (13.6 min)
[472/724] ok       C000000033__VIS-028_SW_data_24-July-2026_08-48-22.npz  (13.7 min)
[473/724] ok       C000000033__VIS-028_SW_data_24-July-2026_08-48-57.npz  (13.7 min)
[474/724] ok       C000000033__VIS-028_SW_data_24-July-2026_08-50-00.npz  (13.7 min)
[475/724] ok       C000000033__VIS-028_SW_data_24-July-2026_08-50-33.npz  (13.7 min)
[476/724] ok       C000000033__VIS-028_SW_data_24-July-2026_08-51-05.npz  (13.7 min)
[477/724] ok       C000000033__VIS-028_SW_data_24-July-2026_08-51-37.npz  (13.7 min)
[478/724] ok       C000000033__VIS-028_SW_data_24-July-2026_08-52-16.npz  (13.8 min)
[479/724] ok       C000000033__VIS-028_SW_data_24-July-2026_08-52-53.npz  (13.9 min)
[480/724] ok       C000000033__VIS-028_SW_data_24-July-2026_08-53-24.npz  (13.9 min)
[481/724] ok       C000000033__VIS-028_SW_data_24-July-2026_08-54-29.npz  (13.9 min)
[482/724] ok       C000000033__VIS-028_SW_data_24-July-2026_08-53-58.npz  (13.9 min)
[483/724] ok       C000000033__VIS-028_SW_data_24-July-2026_08-55-00.npz  (13.9 min)
[484/724] ok       C000000034__VIS-045_SW_data_07-August-2026_11-42-13.npz  (14.0 min)
[485/724] ok       C000000034__VIS-045_SW_data_07-August-2026_11-42-57.npz  (14.0 min)
[486/724] ok       C000000034__VIS-045_SW_data_07-August-2026_11-43-35.npz  (14.0 min)
[487/724] ok       C000000034__VIS-045_SW_data_07-August-2026_11-47-02.npz  (14.0 min)
[488/724] ok       C000000034__VIS-045_SW_data_07-August-2026_11-45-17.npz  (14.0 min)
[489/724] ok       C000000034__VIS-045_SW_data_07-August-2026_11-44-37.npz  (14.0 min)
[490/724] ok       C000000034__VIS-045_SW_data_07-August-2026_11-47-37.npz  (14.1 min)
[491/724] ok       C000000034__VIS-045_SW_data_07-August-2026_11-48-26.npz  (14.2 min)
[492/724] ok       C000000034__VIS-045_SW_data_07-August-2026_11-50-06.npz  (14.2 min)
[493/724] ok       C000000034__VIS-045_SW_data_07-August-2026_11-52-19.npz  (14.2 min)
[494/724] ok       C000000034__VIS-045_SW_data_07-August-2026_11-51-45.npz  (14.2 min)
[495/724] ok       C000000034__VIS-045_SW_data_07-August-2026_11-51-08.npz  (14.2 min)
[496/724] ok       C000000034__VIS-045_SW_data_07-August-2026_11-53-10.npz  (14.3 min)
[497/724] ok       C000000035__VIS-044_SW_data_07-August-2026_10-54-57.npz  (14.4 min)
[498/724] ok       C000000035__VIS-044_SW_data_07-August-2026_10-55-40.npz  (14.4 min)
[499/724] ok       C000000034__VIS-045_SW_data_07-August-2026_11-53-50.npz  (14.4 min)
[500/724] ok       C000000035__VIS-044_SW_data_07-August-2026_10-57-54.npz  (14.4 min)
[501/724] ok       C000000035__VIS-044_SW_data_07-August-2026_10-56-15.npz  (14.4 min)
[502/724] ok       C000000035__VIS-044_SW_data_07-August-2026_10-58-42.npz  (14.5 min)
[503/724] ok       C000000035__VIS-044_SW_data_07-August-2026_11-05-46.npz  (14.6 min)
[504/724] ok       C000000035__VIS-044_SW_data_07-August-2026_10-59-23.npz  (14.7 min)
[505/724] ok       C000000035__VIS-044_SW_data_07-August-2026_11-00-32.npz  (14.7 min)
[506/724] ok       C000000035__VIS-044_SW_data_07-August-2026_11-01-12.npz  (14.7 min)
[507/724] ok       C000000035__VIS-044_SW_data_07-August-2026_11-03-27.npz  (14.7 min)
[508/724] ok       C000000035__VIS-044_SW_data_07-August-2026_11-02-38.npz  (14.7 min)
[509/724] ok       C000000035__VIS-044_SW_data_07-August-2026_11-06-26.npz  (14.8 min)
[510/724] ok       C000000035__VIS-044_SW_data_07-August-2026_11-07-01.npz  (14.9 min)
[511/724] ok       C000000036__VIS-043_SW_data_07-August-2026_10-03-38.npz  (14.9 min)
[512/724] ok       C000000035__VIS-044_SW_data_07-August-2026_11-07-37.npz  (14.9 min)
[513/724] ok       C000000036__VIS-043_SW_data_07-August-2026_10-04-23.npz  (14.9 min)
[514/724] ok       C000000036__VIS-043_SW_data_07-August-2026_10-05-09.npz  (14.9 min)
[515/724] ok       C000000036__VIS-043_SW_data_07-August-2026_10-06-37.npz  (15.0 min)
[516/724] ok       C000000036__VIS-043_SW_data_07-August-2026_10-09-01.npz  (15.0 min)
[517/724] ok       C000000036__VIS-043_SW_data_07-August-2026_10-12-02.npz  (15.1 min)
[518/724] ok       C000000036__VIS-043_SW_data_07-August-2026_10-09-35.npz  (15.1 min)
[519/724] ok       C000000036__VIS-043_SW_data_07-August-2026_10-10-13.npz  (15.1 min)
[520/724] ok       C000000036__VIS-043_SW_data_07-August-2026_10-12-48.npz  (15.1 min)
[521/724] ok       C000000036__VIS-043_SW_data_07-August-2026_10-14-49.npz  (15.1 min)
[522/724] ok       C000000036__VIS-043_SW_data_07-August-2026_10-15-37.npz  (15.2 min)
[523/724] ok       C000000036__VIS-043_SW_data_07-August-2026_10-16-28.npz  (15.2 min)
[524/724] ok       C000000036__VIS-043_SW_data_07-August-2026_10-17-40.npz  (15.2 min)
[525/724] ok       C000000036__VIS-043_SW_data_07-August-2026_10-17-06.npz  (15.2 min)
[526/724] ok       C000000036__VIS-043_SW_data_07-August-2026_10-18-17.npz  (15.2 min)
[527/724] ok       C000000036__VIS-043_SW_data_07-August-2026_10-19-00.npz  (15.2 min)
[528/724] ok       C000000037__VIS-042_SW_data_07-August-2026_08-39-39.npz  (15.4 min)
[529/724] ok       C000000037__VIS-042_SW_data_07-August-2026_08-40-25.npz  (15.4 min)
[530/724] ok       C000000037__VIS-042_SW_data_07-August-2026_08-41-13.npz  (15.4 min)
[531/724] ok       C000000037__VIS-042_SW_data_07-August-2026_08-43-07.npz  (15.4 min)
[532/724] ok       C000000037__VIS-042_SW_data_07-August-2026_08-42-03.npz  (15.4 min)
[533/724] ok       C000000037__VIS-042_SW_data_07-August-2026_08-42-34.npz  (15.4 min)
[534/724] ok       C000000037__VIS-042_SW_data_07-August-2026_08-45-29.npz  (15.6 min)
[535/724] ok       C000000037__VIS-042_SW_data_07-August-2026_08-47-33.npz  (15.6 min)
[536/724] ok       C000000037__VIS-042_SW_data_07-August-2026_08-49-49.npz  (15.6 min)
[537/724] ok       C000000037__VIS-042_SW_data_07-August-2026_08-48-43.npz  (15.6 min)
[538/724] ok       C000000037__VIS-042_SW_data_07-August-2026_08-51-24.npz  (15.6 min)
[539/724] ok       C000000037__VIS-042_SW_data_07-August-2026_08-50-50.npz  (15.6 min)
[540/724] ok       C000000037__VIS-042_SW_data_07-August-2026_08-53-41.npz  (15.7 min)
[541/724] ok       C000000037__VIS-042_SW_data_07-August-2026_08-54-43.npz  (15.7 min)
[542/724] ok       C000000037__VIS-042_SW_data_07-August-2026_08-52-28.npz  (15.7 min)
[543/724] ok       C000000037__VIS-042_SW_data_07-August-2026_08-56-11.npz  (15.7 min)
[544/724] ok       C000000037__VIS-042_SW_data_07-August-2026_08-57-51.npz  (15.7 min)
[545/724] ok       C000000037__VIS-042_SW_data_07-August-2026_08-58-54.npz  (15.7 min)
[546/724] ok       C000000037__VIS-042_SW_data_07-August-2026_09-00-06.npz  (16.0 min)
[547/724] ok       C000000037__VIS-042_SW_data_07-August-2026_08-59-32.npz  (16.0 min)
[548/724] ok       C000000038__VIS-041_SW_data_04-August-2026_12-28-28.npz  (16.0 min)
[549/724] ok       C000000038__VIS-041_SW_data_04-August-2026_12-29-03.npz  (16.0 min)
[550/724] ok       C000000038__VIS-041_SW_data_04-August-2026_12-29-40.npz  (16.0 min)
[551/724] ok       C000000038__VIS-041_SW_data_04-August-2026_12-30-31.npz  (16.0 min)
[552/724] ok       C000000038__VIS-041_SW_data_04-August-2026_12-31-04.npz  (16.1 min)
[553/724] ok       C000000038__VIS-041_SW_data_04-August-2026_12-31-47.npz  (16.2 min)
[554/724] ok       C000000038__VIS-041_SW_data_04-August-2026_12-42-06.npz  (16.2 min)
[555/724] ok       C000000038__VIS-041_SW_data_04-August-2026_12-42-56.npz  (16.2 min)
[556/724] ok       C000000038__VIS-041_SW_data_04-August-2026_12-43-38.npz  (16.2 min)
[557/724] ok       C000000038__VIS-041_SW_data_04-August-2026_12-44-12.npz  (16.2 min)
[558/724] ok       C000000039__VIS-040_SW_data_04-August-2026_11-46-05.npz  (16.3 min)
[559/724] ok       C000000039__VIS-040_SW_data_04-August-2026_11-50-50.npz  (16.4 min)
[560/724] ok       C000000039__VIS-040_SW_data_04-August-2026_11-53-08.npz  (16.4 min)
[561/724] ok       C000000039__VIS-040_SW_data_04-August-2026_11-53-57.npz  (16.4 min)
[562/724] ok       C000000039__VIS-040_SW_data_04-August-2026_11-54-42.npz  (16.4 min)
[563/724] ok       C000000039__VIS-040_SW_data_04-August-2026_11-55-30.npz  (16.4 min)
[564/724] ok       C000000039__VIS-040_SW_data_04-August-2026_11-56-23.npz  (16.5 min)
[565/724] ok       C000000039__VIS-040_SW_data_04-August-2026_11-57-05.npz  (16.6 min)
[566/724] ok       C000000039__VIS-040_SW_data_04-August-2026_11-57-49.npz  (16.6 min)
[567/724] ok       C000000039__VIS-040_SW_data_04-August-2026_11-58-46.npz  (16.6 min)
[568/724] ok       C000000039__VIS-040_SW_data_04-August-2026_11-59-19.npz  (16.6 min)
[569/724] ok       C000000039__VIS-040_SW_data_04-August-2026_11-59-50.npz  (16.6 min)
[570/724] ok       C000000039__VIS-040_SW_data_04-August-2026_12-13-36.npz  (16.7 min)
[571/724] ok       C000000040__VIS-039_SW_data_04-August-2026_10-57-58.npz  (16.8 min)
[572/724] ok       C000000040__VIS-039_SW_data_04-August-2026_10-58-42.npz  (16.8 min)
[573/724] ok       C000000040__VIS-039_SW_data_04-August-2026_11-00-43.npz  (16.8 min)
[574/724] ok       C000000040__VIS-039_SW_data_04-August-2026_11-01-25.npz  (16.8 min)
[575/724] ok       C000000040__VIS-039_SW_data_04-August-2026_11-02-21.npz  (16.9 min)
[576/724] ok       C000000040__VIS-039_SW_data_04-August-2026_11-02-54.npz  (16.9 min)
[577/724] ok       C000000040__VIS-039_SW_data_04-August-2026_11-03-35.npz  (17.0 min)
[578/724] ok       C000000040__VIS-039_SW_data_04-August-2026_11-04-47.npz  (17.0 min)
[579/724] ok       C000000040__VIS-039_SW_data_04-August-2026_11-05-21.npz  (17.0 min)
[580/724] ok       C000000040__VIS-039_SW_data_04-August-2026_11-06-02.npz  (17.1 min)
[581/724] ok       C000000040__VIS-039_SW_data_04-August-2026_11-07-27.npz  (17.1 min)
[582/724] ok       C000000040__VIS-039_SW_data_04-August-2026_11-08-40.npz  (17.1 min)
[583/724] ok       C000000040__VIS-039_SW_data_04-August-2026_11-09-14.npz  (17.2 min)
[584/724] ok       C000000040__VIS-039_SW_data_04-August-2026_11-09-58.npz  (17.2 min)
[585/724] ok       C000000040__VIS-039_SW_data_04-August-2026_11-10-36.npz  (17.2 min)
[586/724] ok       C000000041__VIS-038_SW_data_31-July-2026_09-02-26.npz  (17.2 min)
[587/724] ok       C000000041__VIS-038_SW_data_31-July-2026_09-01-39.npz  (17.2 min)
[588/724] ok       C000000040__VIS-039_SW_data_04-August-2026_11-11-33.npz  (17.2 min)
[589/724] ok       C000000041__VIS-038_SW_data_31-July-2026_09-04-19.npz  (17.4 min)
[590/724] ok       C000000041__VIS-038_SW_data_31-July-2026_09-03-27.npz  (17.4 min)
[591/724] ok       C000000041__VIS-038_SW_data_31-July-2026_09-07-11.npz  (17.4 min)
[592/724] ok       C000000041__VIS-038_SW_data_31-July-2026_09-05-19.npz  (17.4 min)
[593/724] ok       C000000041__VIS-038_SW_data_31-July-2026_09-08-18.npz  (17.4 min)
[594/724] ok       C000000041__VIS-038_SW_data_31-July-2026_09-09-57.npz  (17.4 min)
[595/724] ok       C000000041__VIS-038_SW_data_31-July-2026_09-12-12.npz  (17.6 min)
[596/724] ok       C000000041__VIS-038_SW_data_31-July-2026_09-10-33.npz  (17.6 min)
[597/724] ok       C000000041__VIS-038_SW_data_31-July-2026_09-11-11.npz  (17.6 min)
[598/724] ok       C000000041__VIS-038_SW_data_31-July-2026_09-13-11.npz  (17.6 min)
[599/724] ok       C000000041__VIS-038_SW_data_31-July-2026_09-15-11.npz  (17.6 min)
[600/724] ok       C000000041__VIS-038_SW_data_31-July-2026_09-14-12.npz  (17.6 min)
[601/724] ok       C000000041__VIS-038_SW_data_31-July-2026_09-16-02.npz  (17.8 min)
[602/724] ok       C000000042__VIS-036_SW_data_28-July-2026_14-07-08.npz  (17.8 min)
[603/724] ok       C000000042__VIS-036_SW_data_28-July-2026_14-08-15.npz  (17.8 min)
[604/724] ok       C000000042__VIS-036_SW_data_28-July-2026_14-11-12.npz  (17.8 min)
[605/724] ok       C000000042__VIS-036_SW_data_28-July-2026_14-12-06.npz  (17.8 min)
[606/724] ok       C000000042__VIS-036_SW_data_28-July-2026_14-09-16.npz  (17.8 min)
[607/724] ok       C000000042__VIS-036_SW_data_28-July-2026_14-14-03.npz  (18.0 min)
[608/724] ok       C000000042__VIS-036_SW_data_28-July-2026_14-16-15.npz  (18.0 min)
[609/724] ok       C000000042__VIS-036_SW_data_28-July-2026_14-14-48.npz  (18.0 min)
[610/724] ok       C000000042__VIS-036_SW_data_28-July-2026_14-18-46.npz  (18.1 min)
[611/724] ok       C000000042__VIS-036_SW_data_28-July-2026_14-17-15.npz  (18.1 min)
[612/724] ok       C000000042__VIS-036_SW_data_28-July-2026_14-17-53.npz  (18.1 min)
[613/724] ok       C000000042__VIS-036_SW_data_28-July-2026_14-19-31.npz  (18.2 min)
[614/724] ok       C000000042__VIS-036_SW_data_28-July-2026_14-20-14.npz  (18.2 min)
[615/724] ok       C000000042__VIS-036_SW_data_28-July-2026_14-20-59.npz  (18.2 min)
[616/724] ok       C000000042__VIS-036_SW_data_28-July-2026_14-21-56.npz  (18.2 min)
[617/724] ok       C000000042__VIS-036_SW_data_28-July-2026_14-25-49.npz  (18.2 min)
[618/724] ok       C000000042__VIS-036_SW_data_28-July-2026_14-22-48.npz  (18.2 min)
[619/724] ok       C000000042__VIS-036_SW_data_28-July-2026_14-26-36.npz  (18.4 min)
[620/724] ok       C000000043__VIS-035_SW_data_28-July-2026_12-24-19.npz  (18.4 min)
[621/724] ok       C000000043__VIS-035_SW_data_28-July-2026_12-25-18.npz  (18.4 min)
[622/724] ok       C000000043__VIS-035_SW_data_28-July-2026_12-26-15.npz  (18.4 min)
[623/724] ok       C000000043__VIS-035_SW_data_28-July-2026_12-28-24.npz  (18.4 min)
[624/724] ok       C000000043__VIS-035_SW_data_28-July-2026_12-27-05.npz  (18.4 min)
[625/724] ok       C000000043__VIS-035_SW_data_28-July-2026_12-30-03.npz  (18.5 min)
[626/724] ok       C000000043__VIS-035_SW_data_28-July-2026_12-30-50.npz  (18.6 min)
[627/724] ok       C000000043__VIS-035_SW_data_28-July-2026_12-31-34.npz  (18.6 min)
[628/724] ok       C000000043__VIS-035_SW_data_28-July-2026_12-32-32.npz  (18.6 min)
[629/724] ok       C000000043__VIS-035_SW_data_28-July-2026_12-33-22.npz  (18.6 min)
[630/724] ok       C000000043__VIS-035_SW_data_28-July-2026_12-34-07.npz  (18.6 min)
[631/724] ok       C000000043__VIS-035_SW_data_28-July-2026_12-35-12.npz  (18.7 min)
[632/724] ok       C000000043__VIS-035_SW_data_28-July-2026_12-36-33.npz  (18.8 min)
[633/724] ok       C000000044__VIS-034_SW_data_28-July-2026_11-03-14.npz  (18.8 min)
[634/724] ok       C000000044__VIS-034_SW_data_28-July-2026_11-02-22.npz  (18.8 min)
[635/724] ok       C000000043__VIS-035_SW_data_28-July-2026_12-37-54.npz  (18.8 min)
[636/724] ok       C000000044__VIS-034_SW_data_28-July-2026_11-05-42.npz  (18.8 min)
[637/724] ok       C000000044__VIS-034_SW_data_28-July-2026_11-03-53.npz  (18.8 min)
[638/724] ok       C000000044__VIS-034_SW_data_28-July-2026_11-10-28.npz  (19.0 min)
[639/724] ok       C000000044__VIS-034_SW_data_28-July-2026_11-06-30.npz  (19.0 min)
[640/724] ok       C000000044__VIS-034_SW_data_28-July-2026_11-07-15.npz  (19.0 min)
[641/724] ok       C000000044__VIS-034_SW_data_28-July-2026_11-09-20.npz  (19.0 min)
[642/724] ok       C000000044__VIS-034_SW_data_28-July-2026_11-08-14.npz  (19.0 min)
[643/724] ok       C000000044__VIS-034_SW_data_28-July-2026_11-11-00.npz  (19.0 min)
[644/724] ok       C000000044__VIS-034_SW_data_28-July-2026_11-11-43.npz  (19.2 min)
[645/724] ok       C000000044__VIS-034_SW_data_28-July-2026_11-12-23.npz  (19.2 min)
[646/724] ok       C000000044__VIS-034_SW_data_28-July-2026_11-13-20.npz  (19.3 min)
[647/724] ok       C000000045__VIS-033_SW_data_28-July-2026_09-25-55.npz  (19.3 min)
[648/724] ok       C000000044__VIS-034_SW_data_28-July-2026_11-14-37.npz  (19.3 min)
[649/724] ok       C000000044__VIS-034_SW_data_28-July-2026_11-13-49.npz  (19.3 min)
[650/724] ok       C000000045__VIS-033_SW_data_28-July-2026_09-26-33.npz  (19.4 min)
[651/724] ok       C000000045__VIS-033_SW_data_28-July-2026_09-27-15.npz  (19.4 min)
[652/724] ok       C000000045__VIS-033_SW_data_28-July-2026_09-28-41.npz  (19.5 min)
[653/724] ok       C000000045__VIS-033_SW_data_28-July-2026_09-31-11.npz  (19.5 min)
[654/724] ok       C000000045__VIS-033_SW_data_28-July-2026_09-33-03.npz  (19.5 min)
[655/724] ok       C000000045__VIS-033_SW_data_28-July-2026_09-29-30.npz  (19.5 min)
[656/724] ok       C000000045__VIS-033_SW_data_28-July-2026_09-33-56.npz  (19.6 min)
[657/724] ok       C000000045__VIS-033_SW_data_28-July-2026_09-34-26.npz  (19.6 min)
[658/724] ok       C000000045__VIS-033_SW_data_28-July-2026_09-36-04.npz  (19.7 min)
[659/724] ok       C000000045__VIS-033_SW_data_28-July-2026_09-37-13.npz  (19.7 min)
[660/724] ok       C000000045__VIS-033_SW_data_28-July-2026_09-35-31.npz  (19.7 min)
[661/724] ok       C000000045__VIS-033_SW_data_28-July-2026_09-36-34.npz  (19.7 min)
[662/724] ok       C000000045__VIS-033_SW_data_28-July-2026_09-38-08.npz  (19.7 min)
[663/724] ok       C000000045__VIS-033_SW_data_28-July-2026_09-39-38.npz  (19.8 min)
[664/724] ok       C000000046__VIS-049_SW_data_04-September-2026_09-34-47.npz  (19.8 min)
[665/724] ok       C000000046__VIS-049_SW_data_04-September-2026_09-35-23.npz  (19.9 min)
[666/724] ok       C000000046__VIS-049_SW_data_04-September-2026_09-36-50.npz  (19.9 min)
[667/724] ok       C000000046__VIS-049_SW_data_04-September-2026_09-33-53.npz  (19.9 min)
[668/724] ok       C000000046__VIS-049_SW_data_04-September-2026_09-36-21.npz  (19.9 min)
[669/724] ok       C000000046__VIS-049_SW_data_04-September-2026_09-37-50.npz  (20.0 min)
[670/724] ok       C000000046__VIS-049_SW_data_04-September-2026_09-42-22.npz  (20.0 min)
[671/724] ok       C000000046__VIS-049_SW_data_04-September-2026_09-39-02.npz  (20.0 min)
[672/724] ok       C000000046__VIS-049_SW_data_04-September-2026_09-40-58.npz  (20.0 min)
[673/724] ok       C000000046__VIS-049_SW_data_04-September-2026_09-42-55.npz  (20.0 min)
[674/724] ok       C000000046__VIS-049_SW_data_04-September-2026_09-43-37.npz  (20.0 min)
[675/724] ok       C000000046__VIS-049_SW_data_04-September-2026_09-44-09.npz  (20.2 min)
[676/724] ok       C000000046__VIS-049_SW_data_04-September-2026_09-44-38.npz  (20.3 min)
[677/724] ok       C000000046__VIS-049_SW_data_04-September-2026_09-45-15.npz  (20.3 min)
[678/724] ok       C000000046__VIS-049_SW_data_04-September-2026_09-46-14.npz  (20.3 min)
[679/724] ok       C000000046__VIS-049_SW_data_04-September-2026_09-46-52.npz  (20.4 min)
[680/724] ok       C000000046__VIS-049_SW_data_04-September-2026_09-47-24.npz  (20.4 min)
[681/724] ok       C000000047__VIS-048_SW_data_04-September-2026_08-51-34.npz  (20.4 min)
[682/724] ok       C000000047__VIS-048_SW_data_04-September-2026_08-52-20.npz  (20.5 min)
[683/724] ok       C000000047__VIS-048_SW_data_04-September-2026_08-52-56.npz  (20.5 min)
[684/724] ok       C000000047__VIS-048_SW_data_04-September-2026_08-54-05.npz  (20.5 min)
[685/724] ok       C000000047__VIS-048_SW_data_04-September-2026_08-54-35.npz  (20.6 min)
[686/724] ok       C000000047__VIS-048_SW_data_04-September-2026_08-55-10.npz  (20.6 min)
[687/724] ok       C000000047__VIS-048_SW_data_04-September-2026_08-56-31.npz  (20.6 min)
[688/724] ok       C000000047__VIS-048_SW_data_04-September-2026_08-57-16.npz  (20.7 min)
[689/724] ok       C000000047__VIS-048_SW_data_04-September-2026_08-58-32.npz  (20.7 min)
[690/724] ok       C000000047__VIS-048_SW_data_04-September-2026_08-59-07.npz  (20.8 min)
[691/724] ok       C000000047__VIS-048_SW_data_04-September-2026_09-00-23.npz  (20.8 min)
[692/724] ok       C000000047__VIS-048_SW_data_04-September-2026_09-03-55.npz  (20.8 min)
[693/724] ok       C000000048__VIS-047_SW_data_28-August-2026_10-12-35.npz  (20.9 min)
[694/724] ok       C000000048__VIS-047_SW_data_28-August-2026_10-13-27.npz  (20.9 min)
[695/724] ok       C000000048__VIS-047_SW_data_28-August-2026_10-14-15.npz  (21.0 min)
[696/724] ok       C000000048__VIS-047_SW_data_28-August-2026_10-14-52.npz  (21.0 min)
[697/724] ok       C000000048__VIS-047_SW_data_28-August-2026_10-15-37.npz  (21.0 min)
[698/724] ok       C000000048__VIS-047_SW_data_28-August-2026_10-16-16.npz  (21.0 min)
[699/724] ok       C000000048__VIS-047_SW_data_28-August-2026_10-17-13.npz  (21.1 min)
[700/724] ok       C000000048__VIS-047_SW_data_28-August-2026_10-18-16.npz  (21.1 min)
[701/724] ok       C000000048__VIS-047_SW_data_28-August-2026_10-19-24.npz  (21.2 min)
[702/724] ok       C000000048__VIS-047_SW_data_28-August-2026_10-21-52.npz  (21.3 min)
[703/724] ok       C000000048__VIS-047_SW_data_28-August-2026_10-20-08.npz  (21.3 min)
[704/724] ok       C000000048__VIS-047_SW_data_28-August-2026_10-21-12.npz  (21.3 min)
[705/724] ok       C000000048__VIS-047_SW_data_28-August-2026_10-23-18.npz  (21.3 min)
[706/724] ok       C000000048__VIS-047_SW_data_28-August-2026_10-22-40.npz  (21.3 min)
[707/724] ok       C000000048__VIS-047_SW_data_28-August-2026_10-23-48.npz  (21.5 min)
[708/724] ok       C000000049__VIS-046_SW_data_28-August-2026_08-47-17.npz  (21.5 min)
[709/724] ok       C000000049__VIS-046_SW_data_28-August-2026_08-46-35.npz  (21.5 min)
[710/724] ok       C000000048__VIS-047_SW_data_28-August-2026_10-25-21.npz  (21.5 min)
[711/724] ok       C000000048__VIS-047_SW_data_28-August-2026_10-24-44.npz  (21.5 min)
[712/724] ok       C000000049__VIS-046_SW_data_28-August-2026_08-48-05.npz  (21.5 min)
[713/724] ok       C000000049__VIS-046_SW_data_28-August-2026_08-48-41.npz  (21.9 min)
[714/724] ok       C000000049__VIS-046_SW_data_28-August-2026_08-49-26.npz  (21.9 min)
[715/724] ok       C000000049__VIS-046_SW_data_28-August-2026_08-49-57.npz  (21.9 min)
[716/724] ok       C000000049__VIS-046_SW_data_28-August-2026_08-52-49.npz  (21.9 min)
[717/724] ok       C000000049__VIS-046_SW_data_28-August-2026_08-51-53.npz  (21.9 min)
[718/724] ok       C000000049__VIS-046_SW_data_28-August-2026_08-53-39.npz  (21.9 min)
[719/724] ok       C000000049__VIS-046_SW_data_28-August-2026_08-55-37.npz  (22.2 min)
[720/724] ok       C000000049__VIS-046_SW_data_28-August-2026_08-54-13.npz  (22.2 min)
[721/724] ok       C000000049__VIS-046_SW_data_28-August-2026_08-56-11.npz  (22.3 min)
[722/724] ok       C000000049__VIS-046_SW_data_28-August-2026_08-58-00.npz  (22.3 min)
[723/724] ok       C000000049__VIS-046_SW_data_28-August-2026_08-57-27.npz  (22.3 min)
[724/724] ok       C000000049__VIS-046_SW_data_28-August-2026_08-56-44.npz  (22.3 min)
{'ok': 723, 'cached': 1}
