synthetic: 724 buffer-1 clips, subsampled to 26-31 frames, random known shift

[A] exact: continuity 0.662, trajectory 0.593
              n  continuity  trajectory
bin                                    
(0, 50]      46        0.61        0.57
(50, 100]    67        0.36        0.48
(100, 200]  134        0.49        0.47
(200, 300]  179        0.62        0.55
(300, 600]  298        0.84        0.70
  cont exact by margin quintile (low->high): [0.34, 0.53, 0.64, 0.89, 0.9]
  traj exact by margin quintile (low->high): [0.34, 0.48, 0.58, 0.75, 0.81]

[Ld] exact: continuity 0.729, trajectory 0.645
              n  continuity  trajectory
bin                                    
(0, 50]      46        0.37        0.28
(50, 100]    67        0.33        0.39
(100, 200]  134        0.53        0.49
(200, 300]  179        0.75        0.64
(300, 600]  298        0.95        0.83
  cont exact by margin quintile (low->high): [0.29, 0.5, 0.85, 1.0, 1.0]
  traj exact by margin quintile (low->high): [0.3, 0.47, 0.67, 0.87, 0.92]
