[1m[38;5;36mzea[0m[0m: Using backend 'torch'
-------------------GPU settings-------------------
7/8 GPUs were disabled
     memory
GPU        
0       17892
Selecting 1 GPU based on available memory.
Selected GPU 0 with Free Memory: 17892.00 MiB
--------------------------------------------------
=== beamforming CombinedData.mat -> Z:\raw_data\C000000001\SWE_01_SW_data_21-April-2026_12-12-54\output (backend torch, jit None, save_converted=True) ===
[1m[38;5;36mzea[0m[0m: [38;5;214mWARNING[0m Reading 'Z:\raw_data\C000000001\SWE_01_SW_data_21-April-2026_12-12-54\output\converted\CombinedData_buffer1.hdf5' [2m(/data/raw_data, 1.1 GB)[0m compressed with lzf, which zea cannot decode concurrently — falling back to a serial h5py read (slower). Re-save with the `zea data resave` CLI (or zea.File.create) to read it concurrently, with a progress bar.
    reusing existing converted file CombinedData_buffer1.hdf5
D:\Luuk van Knippenberg\envs\zea_latest\Lib\site-packages\keras\src\backend\torch\numpy.py:230: UserWarning: expandable_segments not supported on this platform (Triggered internally at C:\actions-runner\_work\pytorch\pytorch\c10/cuda/CUDAAllocatorConfig.h:40.)
  return torch.ones(size=shape, dtype=dtype, device=get_device())
    patch budget 6.44e+07 elements (GPU 25.756696576 GB)
[1m[38;5;36mzea[0m[0m: File saved to [33mZ:\raw_data\C000000001\SWE_01_SW_data_21-April-2026_12-12-54\output\CombinedData_buffer1_iq.hdf5[0m
  buffer 1 (bmode_widebeam): 90 frames n_tx=21 patches=6 -> IQ (90, 382, 509, 2) @ 88.2 FPS -> CombinedData_buffer1_iq.hdf5
    reusing existing converted file CombinedData_buffer2.hdf5
  buffer 2 (active_sw): 20 measurement(s), reference 39 + tracking 59 frames @ 3704 Hz [sliding]
[1m[38;5;36mzea[0m[0m: File saved to [33mZ:\raw_data\C000000001\SWE_01_SW_data_21-April-2026_12-12-54\output\CombinedData_buffer2_meas0_iq.hdf5[0m
[1m[38;5;36mzea[0m[0m: File saved to [33mZ:\raw_data\C000000001\SWE_01_SW_data_21-April-2026_12-12-54\output\CombinedData_buffer2_meas1_iq.hdf5[0m
[1m[38;5;36mzea[0m[0m: File saved to [33mZ:\raw_data\C000000001\SWE_01_SW_data_21-April-2026_12-12-54\output\CombinedData_buffer2_meas2_iq.hdf5[0m
[1m[38;5;36mzea[0m[0m: File saved to [33mZ:\raw_data\C000000001\SWE_01_SW_data_21-April-2026_12-12-54\output\CombinedData_buffer2_meas3_iq.hdf5[0m
[1m[38;5;36mzea[0m[0m: File saved to [33mZ:\raw_data\C000000001\SWE_01_SW_data_21-April-2026_12-12-54\output\CombinedData_buffer2_meas4_iq.hdf5[0m
[1m[38;5;36mzea[0m[0m: File saved to [33mZ:\raw_data\C000000001\SWE_01_SW_data_21-April-2026_12-12-54\output\CombinedData_buffer2_meas5_iq.hdf5[0m
[1m[38;5;36mzea[0m[0m: File saved to [33mZ:\raw_data\C000000001\SWE_01_SW_data_21-April-2026_12-12-54\output\CombinedData_buffer2_meas6_iq.hdf5[0m
[1m[38;5;36mzea[0m[0m: File saved to [33mZ:\raw_data\C000000001\SWE_01_SW_data_21-April-2026_12-12-54\output\CombinedData_buffer2_meas7_iq.hdf5[0m
[1m[38;5;36mzea[0m[0m: File saved to [33mZ:\raw_data\C000000001\SWE_01_SW_data_21-April-2026_12-12-54\output\CombinedData_buffer2_meas8_iq.hdf5[0m
[1m[38;5;36mzea[0m[0m: File saved to [33mZ:\raw_data\C000000001\SWE_01_SW_data_21-April-2026_12-12-54\output\CombinedData_buffer2_meas9_iq.hdf5[0m
[1m[38;5;36mzea[0m[0m: File saved to [33mZ:\raw_data\C000000001\SWE_01_SW_data_21-April-2026_12-12-54\output\CombinedData_buffer2_meas10_iq.hdf5[0m
Traceback (most recent call last):
  File "D:\Luuk van Knippenberg\Github\shearWaveProcessing\run.py", line 352, in <module>
    main()
  File "D:\Luuk van Knippenberg\Github\shearWaveProcessing\run.py", line 337, in main
    stage_beamform(a.folder, make_gifs=not a.no_gifs, overwrite=a.overwrite,
  File "D:\Luuk van Knippenberg\Github\shearWaveProcessing\run.py", line 51, in stage_beamform
    return process_folder(folder, make_gifs=make_gifs, overwrite=overwrite,
           ^^^^^^^^^^^^^^^^^^^^^^^^^^^^^^^^^^^^^^^^^^^^^^^^^^^^^^^^^^^^^^^^
  File "D:\Luuk van Knippenberg\Github\shearWaveProcessing\src\swp\acquisition\beamform.py", line 659, in process_folder
    written = run(mat_path, output_dir=output_dir, pi_mode=pi_mode, compression=compression,
              ^^^^^^^^^^^^^^^^^^^^^^^^^^^^^^^^^^^^^^^^^^^^^^^^^^^^^^^^^^^^^^^^^^^^^^^^^^^^^^
  File "D:\Luuk van Knippenberg\Github\shearWaveProcessing\src\swp\acquisition\beamform.py", line 546, in run
    res = process_active_buffer(vf, spec, output_dir, grid,
          ^^^^^^^^^^^^^^^^^^^^^^^^^^^^^^^^^^^^^^^^^^^^^^^^^
  File "D:\Luuk van Knippenberg\Github\shearWaveProcessing\src\swp\acquisition\beamform.py", line 478, in process_active_buffer
    _save_beamformed(
  File "D:\Luuk van Knippenberg\Github\shearWaveProcessing\src\swp\acquisition\beamform.py", line 391, in _save_beamformed
    File.create(
  File "D:\Luuk van Knippenberg\Github\zea\zea\data\file.py", line 1611, in create
    spec.save(
  File "D:\Luuk van Knippenberg\Github\zea\zea\data\spec.py", line 2779, in save
    os.replace(tmp_path, _path)
PermissionError: [WinError 32] The process cannot access the file because it is being used by another process: 'Z:\\raw_data\\C000000001\\SWE_01_SW_data_21-April-2026_12-12-54\\output\\.CombinedData_buffer2_meas11_iq.tmp-8t51smui.hdf5' -> 'Z:\\raw_data\\C000000001\\SWE_01_SW_data_21-April-2026_12-12-54\\output\\CombinedData_buffer2_meas11_iq.hdf5'
EXIT=1
